pid=62395 ppid=62368 AE_TMUX_SERVER=<unset> AE_TMUX_SERVER_KIND=<unset> argc=3 <has-session> <-t> <p1>
pid=62428 ppid=62368 AE_TMUX_SERVER=<unset> AE_TMUX_SERVER_KIND=<unset> argc=6 <new-session> <-d> <-s> <p1> <-c> </private/tmp/aelx/L-DISCRIM/D1-parent-tuple-recorded-not-reread/w>
pid=62442 ppid=62368 AE_TMUX_SERVER=<unset> AE_TMUX_SERVER_KIND=<unset> argc=5 <set-environment> <-t> <p1> <-u> <CLAUDECODE>
pid=62450 ppid=62368 AE_TMUX_SERVER=<unset> AE_TMUX_SERVER_KIND=<unset> argc=5 <set-environment> <-t> <p1> <-u> <CLAUDE_CODE_SESSION>
pid=62457 ppid=62368 AE_TMUX_SERVER=<unset> AE_TMUX_SERVER_KIND=<unset> argc=5 <set-environment> <-t> <p1> <AE_SESSION> <1>
pid=62464 ppid=62368 AE_TMUX_SERVER=<unset> AE_TMUX_SERVER_KIND=<unset> argc=5 <set-environment> <-t> <p1> <AE_ORIGIN> </private/tmp/aelx/L-DISCRIM/D1-parent-tuple-recorded-not-reread/w>
pid=62472 ppid=62368 AE_TMUX_SERVER=<unset> AE_TMUX_SERVER_KIND=<unset> argc=5 <set-environment> <-t> <p1> <AE_DIR> </private/tmp/aelx/L-DISCRIM/D1-parent-tuple-recorded-not-reread/w>
pid=62480 ppid=62368 AE_TMUX_SERVER=<unset> AE_TMUX_SERVER_KIND=<unset> argc=5 <set-environment> <-t> <p1> <AE_MODE> <local>
pid=62487 ppid=62368 AE_TMUX_SERVER=<unset> AE_TMUX_SERVER_KIND=<unset> argc=5 <set-environment> <-t> <p1> <AE_HOME> </tmp/aelx/L-DISCRIM/D1-parent-tuple-recorded-not-reread/h/.ae>
pid=62507 ppid=62368 AE_TMUX_SERVER=<unset> AE_TMUX_SERVER_KIND=<unset> argc=5 <set-option> <-t> <p1> <mouse> <on>
pid=62516 ppid=62368 AE_TMUX_SERVER=<unset> AE_TMUX_SERVER_KIND=<unset> argc=5 <set-option> <-t> <p1> <focus-events> <on>
pid=62526 ppid=62368 AE_TMUX_SERVER=<unset> AE_TMUX_SERVER_KIND=<unset> argc=5 <set-option> <-t> <p1> <history-limit> <50000>
pid=62534 ppid=62368 AE_TMUX_SERVER=<unset> AE_TMUX_SERVER_KIND=<unset> argc=5 <set-option> <-t> <p1> <pane-border-status> <top>
pid=62544 ppid=62368 AE_TMUX_SERVER=<unset> AE_TMUX_SERVER_KIND=<unset> argc=5 <set-option> <-t> <p1> <pane-border-format> < #{@ae_agent} >
pid=62554 ppid=62368 AE_TMUX_SERVER=<unset> AE_TMUX_SERVER_KIND=<unset> argc=3 <has-session> <-t> <p1>
pid=62565 ppid=62563 AE_TMUX_SERVER=<unset> AE_TMUX_SERVER_KIND=<unset> argc=3 <list-sessions> <-F> <#{session_id} #{session_name}>
pid=62585 ppid=62368 AE_TMUX_SERVER=<unset> AE_TMUX_SERVER_KIND=<unset> argc=5 <set-option> <-t> <$0> <status-left> <[ae p1] >
pid=62594 ppid=62368 AE_TMUX_SERVER=<unset> AE_TMUX_SERVER_KIND=<unset> argc=5 <set-option> <-t> <$0> <status-left-length> <40>
pid=62602 ppid=62368 AE_TMUX_SERVER=<unset> AE_TMUX_SERVER_KIND=<unset> argc=5 <set-option> <-t> <$0> <status-right> <[…M/D1-parent-tuple-recorded-not-reread/w#{@ae_branch_status}] #{@ae_watchdog_status}>
pid=62609 ppid=62368 AE_TMUX_SERVER=<unset> AE_TMUX_SERVER_KIND=<unset> argc=5 <set-option> <-t> <$0> <status-right-length> <100>
pid=62623 ppid=62368 AE_TMUX_SERVER=<unset> AE_TMUX_SERVER_KIND=<unset> argc=5 <set-option> <-t> <$0> <status-interval> <5>
pid=62650 ppid=62368 AE_TMUX_SERVER=<unset> AE_TMUX_SERVER_KIND=<unset> argc=5 <set-option> <-t> <$0> <status> <2>
pid=62652 ppid=62651 AE_TMUX_SERVER=<unset> AE_TMUX_SERVER_KIND=<unset> argc=3 <show-options> <-gv> <status-format[0]>
pid=62653 ppid=62368 AE_TMUX_SERVER=<unset> AE_TMUX_SERVER_KIND=<unset> argc=5 <set-option> <-t> <$0> <status-format[0]> <#[align=left range=left #{E:status-left-style}]#[push-default]#{T;=/#{status-left-length}:status-left}#[pop-default]#[norange default]#[list=on align=#{status-justify}]#[list=left-marker]<#[list=right-marker]>#[list=on]#{W:#[range=window|#{window_index} #{E:window-status-style}#{?#{&&:#{window_last_flag},#{!=:#{E:window-status-last-style},default}}, #{E:window-status-last-style},}#{?#{&&:#{window_bell_flag},#{!=:#{E:window-status-bell-style},default}}, #{E:window-status-bell-style},#{?#{&&:#{||:#{window_activity_flag},#{window_silence_flag}},#{!=:#{E:window-status-activity-style},default}}, #{E:window-status-activity-style},}}]#[push-default]#{T:window-status-format}#[pop-default]#[norange default]#{?loop_last_flag,,#{E:window-status-separator}},#[range=window|#{window_index} list=focus #{?#{!=:#{E:window-status-current-style},default},#{E:window-status-current-style},#{E:window-status-style}}#{?#{&&:#{window_last_flag},#{!=:#{E:window-status-last-style},default}}, #{E:window-status-last-style},}#{?#{&&:#{window_bell_flag},#{!=:#{E:window-status-bell-style},default}}, #{E:window-status-bell-style},#{?#{&&:#{||:#{window_activity_flag},#{window_silence_flag}},#{!=:#{E:window-status-activity-style},default}}, #{E:window-status-activity-style},}}]#[push-default]#{T:window-status-current-format}#[pop-default]#[norange list=on default]#{?loop_last_flag,,#{E:window-status-separator}}}#[nolist align=right range=right #{E:status-right-style}]#[push-default]#{T;=/#{status-right-length}:status-right}#[pop-default]#[norange default]>
pid=62654 ppid=62368 AE_TMUX_SERVER=<unset> AE_TMUX_SERVER_KIND=<unset> argc=5 <set-option> <-t> <$0> <status-format[1]> <#[align=left] #{@ae_agent}#[align=right]#{@ae_agents_status} >
pid=62655 ppid=62368 AE_TMUX_SERVER=<unset> AE_TMUX_SERVER_KIND=<unset> argc=5 <set-option> <-t> <$0> <window-status-format> <#I:#W#{@ae_window_status}#F>
pid=62656 ppid=62368 AE_TMUX_SERVER=<unset> AE_TMUX_SERVER_KIND=<unset> argc=5 <set-option> <-t> <$0> <window-status-current-format> <#I:#W#{@ae_window_status}#F>
pid=62657 ppid=62368 AE_TMUX_SERVER=<unset> AE_TMUX_SERVER_KIND=<unset> argc=5 <set-option> <-t> <p1> <automatic-rename> <off>
pid=62659 ppid=62368 AE_TMUX_SERVER=<unset> AE_TMUX_SERVER_KIND=<unset> argc=4 <rename-window> <-t> <p1> <p1>
pid=62660 ppid=62368 AE_TMUX_SERVER=<unset> AE_TMUX_SERVER_KIND=<unset> argc=5 <display-message> <-t> <p1> <-p> <#{pane_id}>
pid=62661 ppid=62368 AE_TMUX_SERVER=<unset> AE_TMUX_SERVER_KIND=<unset> argc=5 <select-pane> <-t> <%0> <-T> <ae:grok:grok>
pid=62662 ppid=62368 AE_TMUX_SERVER=<unset> AE_TMUX_SERVER_KIND=<unset> argc=6 <set-option> <-p> <-t> <%0> <@ae_agent> <grok:grok>
pid=62663 ppid=62368 AE_TMUX_SERVER=<unset> AE_TMUX_SERVER_KIND=<unset> argc=6 <set-option> <-p> <-t> <%0> <@ae_slot> <main>
pid=62681 ppid=62680 AE_TMUX_SERVER=<unset> AE_TMUX_SERVER_KIND=<unset> argc=3 <display-message> <-p> <#{socket_path}>
pid=62779 ppid=62368 AE_TMUX_SERVER=<unset> AE_TMUX_SERVER_KIND=<unset> argc=6 <list-panes> <-s> <-t> <p1> <-F> <#{pane_id}	#{@ae_agent}>
pid=62800 ppid=62799 AE_TMUX_SERVER=<unset> AE_TMUX_SERVER_KIND=<unset> argc=8 <-S> </private/tmp/aelx/L-DISCRIM/D1-parent-tuple-recorded-not-reread/t/tmux-501/default> <list-panes> <-s> <-t> <p1> <-F> <#{pane_id}|#{@ae_slot}|#{@ae_agent}>
pid=62888 ppid=62887 AE_TMUX_SERVER=<unset> AE_TMUX_SERVER_KIND=<unset> argc=5 <display-message> <-p> <-t> <%0> <#{pane_current_command}>
pid=62890 ppid=62368 AE_TMUX_SERVER=<unset> AE_TMUX_SERVER_KIND=<unset> argc=4 <load-buffer> <-b> <ae-ps-62368-%0> <->
pid=62891 ppid=62368 AE_TMUX_SERVER=<unset> AE_TMUX_SERVER_KIND=<unset> argc=6 <paste-buffer> <-d> <-b> <ae-ps-62368-%0> <-t> <%0>
pid=62905 ppid=62368 AE_TMUX_SERVER=<unset> AE_TMUX_SERVER_KIND=<unset> argc=4 <send-keys> <-t> <%0> <Enter>
pid=62981 ppid=62979 AE_TMUX_SERVER=<unset> AE_TMUX_SERVER_KIND=<unset> argc=8 <-S> </private/tmp/aelx/L-DISCRIM/D1-parent-tuple-recorded-not-reread/t/tmux-501/default> <list-panes> <-s> <-t> <p1> <-F> <#{pane_id} #{@ae_agent}>
pid=62983 ppid=62982 AE_TMUX_SERVER=<unset> AE_TMUX_SERVER_KIND=<unset> argc=12 <-S> </private/tmp/aelx/L-DISCRIM/D1-parent-tuple-recorded-not-reread/t/tmux-501/default> <new-window> <-d> <-t> <p1:99> <-n> <ae-monitor> <-P> <-F> <#{pane_id}> </tmp/aelx/L-DISCRIM/D1-parent-tuple-recorded-not-reread/h/.ae/sessions/p1/events-tail>
pid=62985 ppid=62939 AE_TMUX_SERVER=<unset> AE_TMUX_SERVER_KIND=<unset> argc=8 <-S> </private/tmp/aelx/L-DISCRIM/D1-parent-tuple-recorded-not-reread/t/tmux-501/default> <set-option> <-p> <-t> <%1> <@ae_agent> <_events>
pid=62986 ppid=62939 AE_TMUX_SERVER=<unset> AE_TMUX_SERVER_KIND=<unset> argc=7 <-S> </private/tmp/aelx/L-DISCRIM/D1-parent-tuple-recorded-not-reread/t/tmux-501/default> <select-pane> <-t> <%1> <-T> <ae events>
pid=62987 ppid=62939 AE_TMUX_SERVER=<unset> AE_TMUX_SERVER_KIND=<unset> argc=7 <-S> </private/tmp/aelx/L-DISCRIM/D1-parent-tuple-recorded-not-reread/t/tmux-501/default> <set-window-option> <-t> <p1:ae-monitor> <pane-border-status> <top>
pid=62988 ppid=62939 AE_TMUX_SERVER=<unset> AE_TMUX_SERVER_KIND=<unset> argc=6 <-S> </private/tmp/aelx/L-DISCRIM/D1-parent-tuple-recorded-not-reread/t/tmux-501/default> <select-pane> <-t> <%1> <-d>
pid=63022 ppid=63020 AE_TMUX_SERVER=<unset> AE_TMUX_SERVER_KIND=<unset> argc=8 <-S> </private/tmp/aelx/L-DISCRIM/D1-parent-tuple-recorded-not-reread/t/tmux-501/default> <list-panes> <-s> <-t> <p1> <-F> <#{pane_id} #{@ae_agent}>
pid=63027 ppid=63025 AE_TMUX_SERVER=<unset> AE_TMUX_SERVER_KIND=<unset> argc=8 <-S> </private/tmp/aelx/L-DISCRIM/D1-parent-tuple-recorded-not-reread/t/tmux-501/default> <list-panes> <-s> <-t> <p1> <-F> <#{pane_id} #{@ae_agent}>
pid=63035 ppid=63033 AE_TMUX_SERVER=<unset> AE_TMUX_SERVER_KIND=<unset> argc=8 <-S> </private/tmp/aelx/L-DISCRIM/D1-parent-tuple-recorded-not-reread/t/tmux-501/default> <list-panes> <-s> <-t> <p1> <-F> <#{pane_id} #{@ae_agent}>
pid=63037 ppid=63036 AE_TMUX_SERVER=<unset> AE_TMUX_SERVER_KIND=<unset> argc=11 <-S> </private/tmp/aelx/L-DISCRIM/D1-parent-tuple-recorded-not-reread/t/tmux-501/default> <split-window> <-v> <-b> <-t> <%1> <-P> <-F> <#{pane_id}> </tmp/aelx/L-DISCRIM/D1-parent-tuple-recorded-not-reread/h/.ae/sessions/p1/watchdog _run>
pid=63039 ppid=62995 AE_TMUX_SERVER=<unset> AE_TMUX_SERVER_KIND=<unset> argc=8 <-S> </private/tmp/aelx/L-DISCRIM/D1-parent-tuple-recorded-not-reread/t/tmux-501/default> <set-option> <-p> <-t> <%2> <@ae_agent> <_watchdog>
pid=63040 ppid=62995 AE_TMUX_SERVER=<unset> AE_TMUX_SERVER_KIND=<unset> argc=7 <-S> </private/tmp/aelx/L-DISCRIM/D1-parent-tuple-recorded-not-reread/t/tmux-501/default> <select-pane> <-t> <%2> <-T> <ae watchdog>
pid=63049 ppid=62995 AE_TMUX_SERVER=<unset> AE_TMUX_SERVER_KIND=<unset> argc=6 <-S> </private/tmp/aelx/L-DISCRIM/D1-parent-tuple-recorded-not-reread/t/tmux-501/default> <select-pane> <-t> <%2> <-d>
pid=63071 ppid=62368 AE_TMUX_SERVER=<unset> AE_TMUX_SERVER_KIND=<unset> argc=3 <select-pane> <-t> <%0>
pid=63075 ppid=63073 AE_TMUX_SERVER=<unset> AE_TMUX_SERVER_KIND=<unset> argc=5 <-S> </private/tmp/aelx/L-DISCRIM/D1-parent-tuple-recorded-not-reread/t/tmux-501/default> <list-sessions> <-F> <#{session_id} #{session_name}>
pid=62368 ppid=62321 AE_TMUX_SERVER=<unset> AE_TMUX_SERVER_KIND=<unset> argc=3 <attach-session> <-t> <p1>
pid=63076 ppid=63038 AE_TMUX_SERVER=<unset> AE_TMUX_SERVER_KIND=<unset> argc=7 <-S> </private/tmp/aelx/L-DISCRIM/D1-parent-tuple-recorded-not-reread/t/tmux-501/default> <set-option> <-t> <$0> <@ae_watchdog_status> <[watch ◌ starting]>
pid=63090 ppid=63088 AE_TMUX_SERVER=<unset> AE_TMUX_SERVER_KIND=<unset> argc=5 <-S> </private/tmp/aelx/L-DISCRIM/D1-parent-tuple-recorded-not-reread/t/tmux-501/default> <list-sessions> <-F> <#{session_id} #{session_name}>
pid=63091 ppid=63078 AE_TMUX_SERVER=<unset> AE_TMUX_SERVER_KIND=<unset> argc=7 <-S> </private/tmp/aelx/L-DISCRIM/D1-parent-tuple-recorded-not-reread/t/tmux-501/default> <set-option> <-t> <$0> <@ae_branch_name> <main>
pid=63099 ppid=63097 AE_TMUX_SERVER=<unset> AE_TMUX_SERVER_KIND=<unset> argc=5 <-S> </private/tmp/aelx/L-DISCRIM/D1-parent-tuple-recorded-not-reread/t/tmux-501/default> <list-sessions> <-F> <#{session_id} #{session_name}>
pid=63100 ppid=63038 AE_TMUX_SERVER=<unset> AE_TMUX_SERVER_KIND=<unset> argc=7 <-S> </private/tmp/aelx/L-DISCRIM/D1-parent-tuple-recorded-not-reread/t/tmux-501/default> <set-option> <-t> <$0> <@ae_branch_status> < main>
pid=63101 ppid=63038 AE_TMUX_SERVER=<unset> AE_TMUX_SERVER_KIND=<unset> argc=5 <-S> </private/tmp/aelx/L-DISCRIM/D1-parent-tuple-recorded-not-reread/t/tmux-501/default> <has-session> <-t> <p1>
pid=63108 ppid=63038 AE_TMUX_SERVER=<unset> AE_TMUX_SERVER_KIND=<unset> argc=8 <-S> </private/tmp/aelx/L-DISCRIM/D1-parent-tuple-recorded-not-reread/t/tmux-501/default> <list-panes> <-s> <-t> <p1> <-F> <#{pane_id}|#{@ae_agent}|#{pane_current_command}|#{pane_pid}>
pid=63112 ppid=63111 AE_TMUX_SERVER=<unset> AE_TMUX_SERVER_KIND=<unset> argc=7 <-S> </private/tmp/aelx/L-DISCRIM/D1-parent-tuple-recorded-not-reread/t/tmux-501/default> <display-message> <-p> <-t> <%0> <#{@ae_slot}>
pid=63115 ppid=63114 AE_TMUX_SERVER=<unset> AE_TMUX_SERVER_KIND=<unset> argc=11 <-S> </private/tmp/aelx/L-DISCRIM/D1-parent-tuple-recorded-not-reread/t/tmux-501/default> <capture-pane> <-p> <-J> <-S> <-40> <-E> <-> <-t> <%0>
pid=63163 ppid=63161 AE_TMUX_SERVER=<unset> AE_TMUX_SERVER_KIND=<unset> argc=5 <-S> </private/tmp/aelx/L-DISCRIM/D1-parent-tuple-recorded-not-reread/t/tmux-501/default> <list-sessions> <-F> <#{session_id} #{session_name}>
pid=63164 ppid=63038 AE_TMUX_SERVER=<unset> AE_TMUX_SERVER_KIND=<unset> argc=7 <-S> </private/tmp/aelx/L-DISCRIM/D1-parent-tuple-recorded-not-reread/t/tmux-501/default> <set-option> <-t> <$0> <@ae_watchdog_status> <[watch ● 1/1]>
pid=63178 ppid=63176 AE_TMUX_SERVER=<unset> AE_TMUX_SERVER_KIND=<unset> argc=5 <-S> </private/tmp/aelx/L-DISCRIM/D1-parent-tuple-recorded-not-reread/t/tmux-501/default> <list-sessions> <-F> <#{session_id} #{session_name}>
pid=63181 ppid=63165 AE_TMUX_SERVER=<unset> AE_TMUX_SERVER_KIND=<unset> argc=7 <-S> </private/tmp/aelx/L-DISCRIM/D1-parent-tuple-recorded-not-reread/t/tmux-501/default> <set-option> <-t> <$0> <@ae_branch_name> <main>
pid=63192 ppid=63190 AE_TMUX_SERVER=<unset> AE_TMUX_SERVER_KIND=<unset> argc=5 <-S> </private/tmp/aelx/L-DISCRIM/D1-parent-tuple-recorded-not-reread/t/tmux-501/default> <list-sessions> <-F> <#{session_id} #{session_name}>
pid=63193 ppid=63038 AE_TMUX_SERVER=<unset> AE_TMUX_SERVER_KIND=<unset> argc=7 <-S> </private/tmp/aelx/L-DISCRIM/D1-parent-tuple-recorded-not-reread/t/tmux-501/default> <set-option> <-t> <$0> <@ae_branch_status> < main>
pid=63204 ppid=63202 AE_TMUX_SERVER=<unset> AE_TMUX_SERVER_KIND=<unset> argc=5 <-S> </private/tmp/aelx/L-DISCRIM/D1-parent-tuple-recorded-not-reread/t/tmux-501/default> <list-sessions> <-F> <#{session_id} #{session_name}>
pid=63205 ppid=63038 AE_TMUX_SERVER=<unset> AE_TMUX_SERVER_KIND=<unset> argc=7 <-S> </private/tmp/aelx/L-DISCRIM/D1-parent-tuple-recorded-not-reread/t/tmux-501/default> <set-option> <-t> <$0> <@ae_agents_status> <grok●>
pid=63210 ppid=63209 AE_TMUX_SERVER=<unset> AE_TMUX_SERVER_KIND=<unset> argc=8 <-S> </private/tmp/aelx/L-DISCRIM/D1-parent-tuple-recorded-not-reread/t/tmux-501/default> <list-panes> <-s> <-t> <p1> <-F> <#{pane_id}|#{window_id}|#{@ae_agent}>
pid=63212 ppid=63038 AE_TMUX_SERVER=<unset> AE_TMUX_SERVER_KIND=<unset> argc=8 <-S> </private/tmp/aelx/L-DISCRIM/D1-parent-tuple-recorded-not-reread/t/tmux-501/default> <set-option> <-w> <-t> <@0> <@ae_window_status> <●>
pid=63213 ppid=63038 AE_TMUX_SERVER=<unset> AE_TMUX_SERVER_KIND=<unset> argc=8 <-S> </private/tmp/aelx/L-DISCRIM/D1-parent-tuple-recorded-not-reread/t/tmux-501/default> <set-option> <-w> <-t> <@1> <@ae_window_status> <>
pid=64957 ppid=64948 AE_TMUX_SERVER=<unset> AE_TMUX_SERVER_KIND=<unset> argc=5 <-S> </private/tmp/aelx/L-DISCRIM/D1-parent-tuple-recorded-not-reread/t/tmux-501/default> <list-sessions> <-F> <#{session_id} #{session_name}>
pid=64976 ppid=64967 AE_TMUX_SERVER=<unset> AE_TMUX_SERVER_KIND=<unset> argc=5 <-S> </private/tmp/aelx/L-DISCRIM/D1-parent-tuple-recorded-not-reread/t/tmux-501/default> <list-sessions> <-F> <#{session_id} #{session_name}>
pid=64987 ppid=64978 AE_TMUX_SERVER=<unset> AE_TMUX_SERVER_KIND=<unset> argc=6 <-S> </private/tmp/aelx/L-DISCRIM/D1-parent-tuple-recorded-not-reread/t/tmux-501/default> <show-environment> <-t> <$0> <AE_MODE>
pid=64998 ppid=64989 AE_TMUX_SERVER=<unset> AE_TMUX_SERVER_KIND=<unset> argc=6 <-S> </private/tmp/aelx/L-DISCRIM/D1-parent-tuple-recorded-not-reread/t/tmux-501/default> <show-environment> <-t> <$0> <AE_ORIGIN>
pid=65010 ppid=65001 AE_TMUX_SERVER=<unset> AE_TMUX_SERVER_KIND=<unset> argc=5 <-S> </private/tmp/aelx/L-DISCRIM/D1-parent-tuple-recorded-not-reread/t/tmux-501/default> <list-sessions> <-F> <#{session_id} #{session_name}>
pid=65021 ppid=65012 AE_TMUX_SERVER=<unset> AE_TMUX_SERVER_KIND=<unset> argc=6 <-S> </private/tmp/aelx/L-DISCRIM/D1-parent-tuple-recorded-not-reread/t/tmux-501/default> <show-environment> <-t> <$0> <AE_DIR>
pid=65043 ppid=64939 AE_TMUX_SERVER=<unset> AE_TMUX_SERVER_KIND=<unset> argc=5 <-S> </private/tmp/aelx/L-DISCRIM/D1-parent-tuple-recorded-not-reread/t/tmux-501/default> <kill-session> <-t> <$0>
pid=65055 ppid=65045 AE_TMUX_SERVER=<unset> AE_TMUX_SERVER_KIND=<unset> argc=5 <-S> </private/tmp/aelx/L-DISCRIM/D1-parent-tuple-recorded-not-reread/t/tmux-501/default> <list-sessions> <-F> <#{session_name}>
pid=65059 ppid=65057 AE_TMUX_SERVER=<unset> AE_TMUX_SERVER_KIND=<unset> argc=5 <-S> </private/tmp/aelx/L-DISCRIM/D1-parent-tuple-recorded-not-reread/t/tmux-501/default> <list-sessions> <-F> <#{session_id} #{session_name}>
pid=67818 ppid=67227 AE_TMUX_SERVER=<unset> AE_TMUX_SERVER_KIND=<unset> argc=3 <has-session> <-t> <child>
pid=67819 ppid=67227 AE_TMUX_SERVER=<unset> AE_TMUX_SERVER_KIND=<unset> argc=3 <has-session> <-t> <child>
pid=67837 ppid=67227 AE_TMUX_SERVER=<unset> AE_TMUX_SERVER_KIND=<unset> argc=6 <new-session> <-d> <-s> <child> <-c> </private/tmp/aelx/L-DISCRIM/D1-parent-tuple-recorded-not-reread/w>
pid=67843 ppid=67227 AE_TMUX_SERVER=<unset> AE_TMUX_SERVER_KIND=<unset> argc=5 <set-environment> <-t> <child> <-u> <CLAUDECODE>
pid=67845 ppid=67227 AE_TMUX_SERVER=<unset> AE_TMUX_SERVER_KIND=<unset> argc=5 <set-environment> <-t> <child> <-u> <CLAUDE_CODE_SESSION>
pid=67846 ppid=67227 AE_TMUX_SERVER=<unset> AE_TMUX_SERVER_KIND=<unset> argc=5 <set-environment> <-t> <child> <AE_SESSION> <1>
pid=67847 ppid=67227 AE_TMUX_SERVER=<unset> AE_TMUX_SERVER_KIND=<unset> argc=5 <set-environment> <-t> <child> <AE_ORIGIN> </private/tmp/aelx/L-DISCRIM/D1-parent-tuple-recorded-not-reread/w>
pid=67848 ppid=67227 AE_TMUX_SERVER=<unset> AE_TMUX_SERVER_KIND=<unset> argc=5 <set-environment> <-t> <child> <AE_DIR> </private/tmp/aelx/L-DISCRIM/D1-parent-tuple-recorded-not-reread/w>
pid=67849 ppid=67227 AE_TMUX_SERVER=<unset> AE_TMUX_SERVER_KIND=<unset> argc=5 <set-environment> <-t> <child> <AE_MODE> <local>
pid=67850 ppid=67227 AE_TMUX_SERVER=<unset> AE_TMUX_SERVER_KIND=<unset> argc=5 <set-environment> <-t> <child> <AE_HOME> </tmp/aelx/L-DISCRIM/D1-parent-tuple-recorded-not-reread/h/.ae>
pid=67851 ppid=67227 AE_TMUX_SERVER=<unset> AE_TMUX_SERVER_KIND=<unset> argc=5 <set-option> <-t> <child> <mouse> <on>
pid=67852 ppid=67227 AE_TMUX_SERVER=<unset> AE_TMUX_SERVER_KIND=<unset> argc=5 <set-option> <-t> <child> <focus-events> <on>
pid=67853 ppid=67227 AE_TMUX_SERVER=<unset> AE_TMUX_SERVER_KIND=<unset> argc=5 <set-option> <-t> <child> <history-limit> <50000>
pid=67855 ppid=67227 AE_TMUX_SERVER=<unset> AE_TMUX_SERVER_KIND=<unset> argc=5 <set-option> <-t> <child> <pane-border-status> <top>
pid=67857 ppid=67227 AE_TMUX_SERVER=<unset> AE_TMUX_SERVER_KIND=<unset> argc=5 <set-option> <-t> <child> <pane-border-format> < #{@ae_agent} >
pid=67858 ppid=67227 AE_TMUX_SERVER=<unset> AE_TMUX_SERVER_KIND=<unset> argc=3 <has-session> <-t> <child>
pid=67860 ppid=67859 AE_TMUX_SERVER=<unset> AE_TMUX_SERVER_KIND=<unset> argc=3 <list-sessions> <-F> <#{session_id} #{session_name}>
pid=67869 ppid=67227 AE_TMUX_SERVER=<unset> AE_TMUX_SERVER_KIND=<unset> argc=5 <set-option> <-t> <$0> <status-left> <[ae child] >
pid=67870 ppid=67227 AE_TMUX_SERVER=<unset> AE_TMUX_SERVER_KIND=<unset> argc=5 <set-option> <-t> <$0> <status-left-length> <40>
pid=67871 ppid=67227 AE_TMUX_SERVER=<unset> AE_TMUX_SERVER_KIND=<unset> argc=5 <set-option> <-t> <$0> <status-right> <[…M/D1-parent-tuple-recorded-not-reread/w#{@ae_branch_status}] #{@ae_watchdog_status}>
pid=67872 ppid=67227 AE_TMUX_SERVER=<unset> AE_TMUX_SERVER_KIND=<unset> argc=5 <set-option> <-t> <$0> <status-right-length> <100>
pid=67873 ppid=67227 AE_TMUX_SERVER=<unset> AE_TMUX_SERVER_KIND=<unset> argc=5 <set-option> <-t> <$0> <status-interval> <5>
pid=67874 ppid=67227 AE_TMUX_SERVER=<unset> AE_TMUX_SERVER_KIND=<unset> argc=5 <set-option> <-t> <$0> <status> <2>
pid=67876 ppid=67875 AE_TMUX_SERVER=<unset> AE_TMUX_SERVER_KIND=<unset> argc=3 <show-options> <-gv> <status-format[0]>
pid=67879 ppid=67227 AE_TMUX_SERVER=<unset> AE_TMUX_SERVER_KIND=<unset> argc=5 <set-option> <-t> <$0> <status-format[0]> <#[align=left range=left #{E:status-left-style}]#[push-default]#{T;=/#{status-left-length}:status-left}#[pop-default]#[norange default]#[list=on align=#{status-justify}]#[list=left-marker]<#[list=right-marker]>#[list=on]#{W:#[range=window|#{window_index} #{E:window-status-style}#{?#{&&:#{window_last_flag},#{!=:#{E:window-status-last-style},default}}, #{E:window-status-last-style},}#{?#{&&:#{window_bell_flag},#{!=:#{E:window-status-bell-style},default}}, #{E:window-status-bell-style},#{?#{&&:#{||:#{window_activity_flag},#{window_silence_flag}},#{!=:#{E:window-status-activity-style},default}}, #{E:window-status-activity-style},}}]#[push-default]#{T:window-status-format}#[pop-default]#[norange default]#{?loop_last_flag,,#{E:window-status-separator}},#[range=window|#{window_index} list=focus #{?#{!=:#{E:window-status-current-style},default},#{E:window-status-current-style},#{E:window-status-style}}#{?#{&&:#{window_last_flag},#{!=:#{E:window-status-last-style},default}}, #{E:window-status-last-style},}#{?#{&&:#{window_bell_flag},#{!=:#{E:window-status-bell-style},default}}, #{E:window-status-bell-style},#{?#{&&:#{||:#{window_activity_flag},#{window_silence_flag}},#{!=:#{E:window-status-activity-style},default}}, #{E:window-status-activity-style},}}]#[push-default]#{T:window-status-current-format}#[pop-default]#[norange list=on default]#{?loop_last_flag,,#{E:window-status-separator}}}#[nolist align=right range=right #{E:status-right-style}]#[push-default]#{T;=/#{status-right-length}:status-right}#[pop-default]#[norange default]>
pid=67880 ppid=67227 AE_TMUX_SERVER=<unset> AE_TMUX_SERVER_KIND=<unset> argc=5 <set-option> <-t> <$0> <status-format[1]> <#[align=left] #{@ae_agent}#[align=right]#{@ae_agents_status} >
pid=67881 ppid=67227 AE_TMUX_SERVER=<unset> AE_TMUX_SERVER_KIND=<unset> argc=5 <set-option> <-t> <$0> <window-status-format> <#I:#W#{@ae_window_status}#F>
pid=67882 ppid=67227 AE_TMUX_SERVER=<unset> AE_TMUX_SERVER_KIND=<unset> argc=5 <set-option> <-t> <$0> <window-status-current-format> <#I:#W#{@ae_window_status}#F>
pid=67883 ppid=67227 AE_TMUX_SERVER=<unset> AE_TMUX_SERVER_KIND=<unset> argc=5 <set-option> <-t> <child> <automatic-rename> <off>
pid=67885 ppid=67227 AE_TMUX_SERVER=<unset> AE_TMUX_SERVER_KIND=<unset> argc=4 <rename-window> <-t> <child> <child>
pid=67886 ppid=67227 AE_TMUX_SERVER=<unset> AE_TMUX_SERVER_KIND=<unset> argc=5 <display-message> <-t> <child> <-p> <#{pane_id}>
pid=67887 ppid=67227 AE_TMUX_SERVER=<unset> AE_TMUX_SERVER_KIND=<unset> argc=5 <select-pane> <-t> <%0> <-T> <ae:grok:grok>
pid=67888 ppid=67227 AE_TMUX_SERVER=<unset> AE_TMUX_SERVER_KIND=<unset> argc=6 <set-option> <-p> <-t> <%0> <@ae_agent> <grok:grok>
pid=67889 ppid=67227 AE_TMUX_SERVER=<unset> AE_TMUX_SERVER_KIND=<unset> argc=6 <set-option> <-p> <-t> <%0> <@ae_slot> <main>
pid=67910 ppid=67909 AE_TMUX_SERVER=<unset> AE_TMUX_SERVER_KIND=<unset> argc=3 <display-message> <-p> <#{socket_path}>
pid=68194 ppid=67227 AE_TMUX_SERVER=<unset> AE_TMUX_SERVER_KIND=<unset> argc=6 <list-panes> <-s> <-t> <child> <-F> <#{pane_id}	#{@ae_agent}>
pid=68248 ppid=68247 AE_TMUX_SERVER=<unset> AE_TMUX_SERVER_KIND=<unset> argc=8 <-S> </private/tmp/aelx/L-DISCRIM/D1-parent-tuple-recorded-not-reread/t/tmux-501/default> <list-panes> <-s> <-t> <child> <-F> <#{pane_id}|#{@ae_slot}|#{@ae_agent}>
pid=68476 ppid=68475 AE_TMUX_SERVER=<unset> AE_TMUX_SERVER_KIND=<unset> argc=5 <display-message> <-p> <-t> <%0> <#{pane_current_command}>
pid=68480 ppid=67227 AE_TMUX_SERVER=<unset> AE_TMUX_SERVER_KIND=<unset> argc=4 <load-buffer> <-b> <ae-ps-67227-%0> <->
pid=68481 ppid=67227 AE_TMUX_SERVER=<unset> AE_TMUX_SERVER_KIND=<unset> argc=6 <paste-buffer> <-d> <-b> <ae-ps-67227-%0> <-t> <%0>
pid=68489 ppid=67227 AE_TMUX_SERVER=<unset> AE_TMUX_SERVER_KIND=<unset> argc=4 <send-keys> <-t> <%0> <Enter>
pid=68543 ppid=68541 AE_TMUX_SERVER=<unset> AE_TMUX_SERVER_KIND=<unset> argc=8 <-S> </private/tmp/aelx/L-DISCRIM/D1-parent-tuple-recorded-not-reread/t/tmux-501/default> <list-panes> <-s> <-t> <child> <-F> <#{pane_id} #{@ae_agent}>
pid=68545 ppid=68544 AE_TMUX_SERVER=<unset> AE_TMUX_SERVER_KIND=<unset> argc=12 <-S> </private/tmp/aelx/L-DISCRIM/D1-parent-tuple-recorded-not-reread/t/tmux-501/default> <new-window> <-d> <-t> <child:99> <-n> <ae-monitor> <-P> <-F> <#{pane_id}> </tmp/aelx/L-DISCRIM/D1-parent-tuple-recorded-not-reread/h/.ae/sessions/child/events-tail>
pid=68547 ppid=68512 AE_TMUX_SERVER=<unset> AE_TMUX_SERVER_KIND=<unset> argc=8 <-S> </private/tmp/aelx/L-DISCRIM/D1-parent-tuple-recorded-not-reread/t/tmux-501/default> <set-option> <-p> <-t> <%1> <@ae_agent> <_events>
pid=68548 ppid=68512 AE_TMUX_SERVER=<unset> AE_TMUX_SERVER_KIND=<unset> argc=7 <-S> </private/tmp/aelx/L-DISCRIM/D1-parent-tuple-recorded-not-reread/t/tmux-501/default> <select-pane> <-t> <%1> <-T> <ae events>
pid=68549 ppid=68512 AE_TMUX_SERVER=<unset> AE_TMUX_SERVER_KIND=<unset> argc=7 <-S> </private/tmp/aelx/L-DISCRIM/D1-parent-tuple-recorded-not-reread/t/tmux-501/default> <set-window-option> <-t> <child:ae-monitor> <pane-border-status> <top>
pid=68550 ppid=68512 AE_TMUX_SERVER=<unset> AE_TMUX_SERVER_KIND=<unset> argc=6 <-S> </private/tmp/aelx/L-DISCRIM/D1-parent-tuple-recorded-not-reread/t/tmux-501/default> <select-pane> <-t> <%1> <-d>
pid=68585 ppid=68583 AE_TMUX_SERVER=<unset> AE_TMUX_SERVER_KIND=<unset> argc=8 <-S> </private/tmp/aelx/L-DISCRIM/D1-parent-tuple-recorded-not-reread/t/tmux-501/default> <list-panes> <-s> <-t> <child> <-F> <#{pane_id} #{@ae_agent}>
pid=68591 ppid=68589 AE_TMUX_SERVER=<unset> AE_TMUX_SERVER_KIND=<unset> argc=8 <-S> </private/tmp/aelx/L-DISCRIM/D1-parent-tuple-recorded-not-reread/t/tmux-501/default> <list-panes> <-s> <-t> <child> <-F> <#{pane_id} #{@ae_agent}>
pid=68596 ppid=68594 AE_TMUX_SERVER=<unset> AE_TMUX_SERVER_KIND=<unset> argc=8 <-S> </private/tmp/aelx/L-DISCRIM/D1-parent-tuple-recorded-not-reread/t/tmux-501/default> <list-panes> <-s> <-t> <child> <-F> <#{pane_id} #{@ae_agent}>
pid=68601 ppid=68600 AE_TMUX_SERVER=<unset> AE_TMUX_SERVER_KIND=<unset> argc=11 <-S> </private/tmp/aelx/L-DISCRIM/D1-parent-tuple-recorded-not-reread/t/tmux-501/default> <split-window> <-v> <-b> <-t> <%1> <-P> <-F> <#{pane_id}> </tmp/aelx/L-DISCRIM/D1-parent-tuple-recorded-not-reread/h/.ae/sessions/child/watchdog _run>
pid=68603 ppid=68557 AE_TMUX_SERVER=<unset> AE_TMUX_SERVER_KIND=<unset> argc=8 <-S> </private/tmp/aelx/L-DISCRIM/D1-parent-tuple-recorded-not-reread/t/tmux-501/default> <set-option> <-p> <-t> <%2> <@ae_agent> <_watchdog>
pid=68604 ppid=68557 AE_TMUX_SERVER=<unset> AE_TMUX_SERVER_KIND=<unset> argc=7 <-S> </private/tmp/aelx/L-DISCRIM/D1-parent-tuple-recorded-not-reread/t/tmux-501/default> <select-pane> <-t> <%2> <-T> <ae watchdog>
pid=68613 ppid=68557 AE_TMUX_SERVER=<unset> AE_TMUX_SERVER_KIND=<unset> argc=6 <-S> </private/tmp/aelx/L-DISCRIM/D1-parent-tuple-recorded-not-reread/t/tmux-501/default> <select-pane> <-t> <%2> <-d>
pid=68635 ppid=67227 AE_TMUX_SERVER=<unset> AE_TMUX_SERVER_KIND=<unset> argc=3 <select-pane> <-t> <%0>
pid=68639 ppid=68637 AE_TMUX_SERVER=<unset> AE_TMUX_SERVER_KIND=<unset> argc=5 <-S> </private/tmp/aelx/L-DISCRIM/D1-parent-tuple-recorded-not-reread/t/tmux-501/default> <list-sessions> <-F> <#{session_id} #{session_name}>
pid=67227 ppid=62321 AE_TMUX_SERVER=<unset> AE_TMUX_SERVER_KIND=<unset> argc=3 <attach-session> <-t> <child>
pid=68642 ppid=68602 AE_TMUX_SERVER=<unset> AE_TMUX_SERVER_KIND=<unset> argc=7 <-S> </private/tmp/aelx/L-DISCRIM/D1-parent-tuple-recorded-not-reread/t/tmux-501/default> <set-option> <-t> <$0> <@ae_watchdog_status> <[watch ◌ starting]>
pid=68655 ppid=68653 AE_TMUX_SERVER=<unset> AE_TMUX_SERVER_KIND=<unset> argc=5 <-S> </private/tmp/aelx/L-DISCRIM/D1-parent-tuple-recorded-not-reread/t/tmux-501/default> <list-sessions> <-F> <#{session_id} #{session_name}>
pid=68656 ppid=68643 AE_TMUX_SERVER=<unset> AE_TMUX_SERVER_KIND=<unset> argc=7 <-S> </private/tmp/aelx/L-DISCRIM/D1-parent-tuple-recorded-not-reread/t/tmux-501/default> <set-option> <-t> <$0> <@ae_branch_name> <main>
pid=68664 ppid=68662 AE_TMUX_SERVER=<unset> AE_TMUX_SERVER_KIND=<unset> argc=5 <-S> </private/tmp/aelx/L-DISCRIM/D1-parent-tuple-recorded-not-reread/t/tmux-501/default> <list-sessions> <-F> <#{session_id} #{session_name}>
pid=68665 ppid=68602 AE_TMUX_SERVER=<unset> AE_TMUX_SERVER_KIND=<unset> argc=7 <-S> </private/tmp/aelx/L-DISCRIM/D1-parent-tuple-recorded-not-reread/t/tmux-501/default> <set-option> <-t> <$0> <@ae_branch_status> < main>
pid=68666 ppid=68602 AE_TMUX_SERVER=<unset> AE_TMUX_SERVER_KIND=<unset> argc=5 <-S> </private/tmp/aelx/L-DISCRIM/D1-parent-tuple-recorded-not-reread/t/tmux-501/default> <has-session> <-t> <child>
pid=68672 ppid=68602 AE_TMUX_SERVER=<unset> AE_TMUX_SERVER_KIND=<unset> argc=8 <-S> </private/tmp/aelx/L-DISCRIM/D1-parent-tuple-recorded-not-reread/t/tmux-501/default> <list-panes> <-s> <-t> <child> <-F> <#{pane_id}|#{@ae_agent}|#{pane_current_command}|#{pane_pid}>
pid=68675 ppid=68674 AE_TMUX_SERVER=<unset> AE_TMUX_SERVER_KIND=<unset> argc=7 <-S> </private/tmp/aelx/L-DISCRIM/D1-parent-tuple-recorded-not-reread/t/tmux-501/default> <display-message> <-p> <-t> <%0> <#{@ae_slot}>
pid=68678 ppid=68677 AE_TMUX_SERVER=<unset> AE_TMUX_SERVER_KIND=<unset> argc=11 <-S> </private/tmp/aelx/L-DISCRIM/D1-parent-tuple-recorded-not-reread/t/tmux-501/default> <capture-pane> <-p> <-J> <-S> <-40> <-E> <-> <-t> <%0>
pid=68709 ppid=68707 AE_TMUX_SERVER=<unset> AE_TMUX_SERVER_KIND=<unset> argc=5 <-S> </private/tmp/aelx/L-DISCRIM/D1-parent-tuple-recorded-not-reread/t/tmux-501/default> <list-sessions> <-F> <#{session_id} #{session_name}>
pid=68710 ppid=68602 AE_TMUX_SERVER=<unset> AE_TMUX_SERVER_KIND=<unset> argc=7 <-S> </private/tmp/aelx/L-DISCRIM/D1-parent-tuple-recorded-not-reread/t/tmux-501/default> <set-option> <-t> <$0> <@ae_watchdog_status> <[watch ● 1/1]>
pid=68723 ppid=68721 AE_TMUX_SERVER=<unset> AE_TMUX_SERVER_KIND=<unset> argc=5 <-S> </private/tmp/aelx/L-DISCRIM/D1-parent-tuple-recorded-not-reread/t/tmux-501/default> <list-sessions> <-F> <#{session_id} #{session_name}>
pid=68724 ppid=68711 AE_TMUX_SERVER=<unset> AE_TMUX_SERVER_KIND=<unset> argc=7 <-S> </private/tmp/aelx/L-DISCRIM/D1-parent-tuple-recorded-not-reread/t/tmux-501/default> <set-option> <-t> <$0> <@ae_branch_name> <main>
pid=68732 ppid=68730 AE_TMUX_SERVER=<unset> AE_TMUX_SERVER_KIND=<unset> argc=5 <-S> </private/tmp/aelx/L-DISCRIM/D1-parent-tuple-recorded-not-reread/t/tmux-501/default> <list-sessions> <-F> <#{session_id} #{session_name}>
pid=68733 ppid=68602 AE_TMUX_SERVER=<unset> AE_TMUX_SERVER_KIND=<unset> argc=7 <-S> </private/tmp/aelx/L-DISCRIM/D1-parent-tuple-recorded-not-reread/t/tmux-501/default> <set-option> <-t> <$0> <@ae_branch_status> < main>
pid=68744 ppid=68742 AE_TMUX_SERVER=<unset> AE_TMUX_SERVER_KIND=<unset> argc=5 <-S> </private/tmp/aelx/L-DISCRIM/D1-parent-tuple-recorded-not-reread/t/tmux-501/default> <list-sessions> <-F> <#{session_id} #{session_name}>
pid=68745 ppid=68602 AE_TMUX_SERVER=<unset> AE_TMUX_SERVER_KIND=<unset> argc=7 <-S> </private/tmp/aelx/L-DISCRIM/D1-parent-tuple-recorded-not-reread/t/tmux-501/default> <set-option> <-t> <$0> <@ae_agents_status> <grok●>
pid=68750 ppid=68749 AE_TMUX_SERVER=<unset> AE_TMUX_SERVER_KIND=<unset> argc=8 <-S> </private/tmp/aelx/L-DISCRIM/D1-parent-tuple-recorded-not-reread/t/tmux-501/default> <list-panes> <-s> <-t> <child> <-F> <#{pane_id}|#{window_id}|#{@ae_agent}>
pid=68752 ppid=68602 AE_TMUX_SERVER=<unset> AE_TMUX_SERVER_KIND=<unset> argc=8 <-S> </private/tmp/aelx/L-DISCRIM/D1-parent-tuple-recorded-not-reread/t/tmux-501/default> <set-option> <-w> <-t> <@0> <@ae_window_status> <●>
pid=68753 ppid=68602 AE_TMUX_SERVER=<unset> AE_TMUX_SERVER_KIND=<unset> argc=8 <-S> </private/tmp/aelx/L-DISCRIM/D1-parent-tuple-recorded-not-reread/t/tmux-501/default> <set-option> <-w> <-t> <@1> <@ae_window_status> <>
pid=70536 ppid=70533 AE_TMUX_SERVER=<unset> AE_TMUX_SERVER_KIND=<unset> argc=5 <-S> </private/tmp/aelx/L-DISCRIM/D1-parent-tuple-recorded-not-reread/t/tmux-501/default> <list-sessions> <-F> <#{session_id} #{session_name}>
