pid=26302 ppid=26240 AE_TMUX_SERVER=<unset> AE_TMUX_SERVER_KIND=<unset> argc=3 <has-session> <-t> <p1>
pid=26320 ppid=26240 AE_TMUX_SERVER=<unset> AE_TMUX_SERVER_KIND=<unset> argc=6 <new-session> <-d> <-s> <p1> <-c> </private/tmp/aelx/L-DISCRIM/D1b-parent-id-recorded-or-reread/w>
pid=26324 ppid=26240 AE_TMUX_SERVER=<unset> AE_TMUX_SERVER_KIND=<unset> argc=5 <set-environment> <-t> <p1> <-u> <CLAUDECODE>
pid=26325 ppid=26240 AE_TMUX_SERVER=<unset> AE_TMUX_SERVER_KIND=<unset> argc=5 <set-environment> <-t> <p1> <-u> <CLAUDE_CODE_SESSION>
pid=26327 ppid=26240 AE_TMUX_SERVER=<unset> AE_TMUX_SERVER_KIND=<unset> argc=5 <set-environment> <-t> <p1> <AE_SESSION> <1>
pid=26328 ppid=26240 AE_TMUX_SERVER=<unset> AE_TMUX_SERVER_KIND=<unset> argc=5 <set-environment> <-t> <p1> <AE_ORIGIN> </private/tmp/aelx/L-DISCRIM/D1b-parent-id-recorded-or-reread/w>
pid=26329 ppid=26240 AE_TMUX_SERVER=<unset> AE_TMUX_SERVER_KIND=<unset> argc=5 <set-environment> <-t> <p1> <AE_DIR> </private/tmp/aelx/L-DISCRIM/D1b-parent-id-recorded-or-reread/w>
pid=26330 ppid=26240 AE_TMUX_SERVER=<unset> AE_TMUX_SERVER_KIND=<unset> argc=5 <set-environment> <-t> <p1> <AE_MODE> <local>
pid=26331 ppid=26240 AE_TMUX_SERVER=<unset> AE_TMUX_SERVER_KIND=<unset> argc=5 <set-environment> <-t> <p1> <AE_HOME> </tmp/aelx/L-DISCRIM/D1b-parent-id-recorded-or-reread/h/.ae>
pid=26332 ppid=26240 AE_TMUX_SERVER=<unset> AE_TMUX_SERVER_KIND=<unset> argc=5 <set-option> <-t> <p1> <mouse> <on>
pid=26333 ppid=26240 AE_TMUX_SERVER=<unset> AE_TMUX_SERVER_KIND=<unset> argc=5 <set-option> <-t> <p1> <focus-events> <on>
pid=26334 ppid=26240 AE_TMUX_SERVER=<unset> AE_TMUX_SERVER_KIND=<unset> argc=5 <set-option> <-t> <p1> <history-limit> <50000>
pid=26335 ppid=26240 AE_TMUX_SERVER=<unset> AE_TMUX_SERVER_KIND=<unset> argc=5 <set-option> <-t> <p1> <pane-border-status> <top>
pid=26336 ppid=26240 AE_TMUX_SERVER=<unset> AE_TMUX_SERVER_KIND=<unset> argc=5 <set-option> <-t> <p1> <pane-border-format> < #{@ae_agent} >
pid=26337 ppid=26240 AE_TMUX_SERVER=<unset> AE_TMUX_SERVER_KIND=<unset> argc=3 <has-session> <-t> <p1>
pid=26339 ppid=26338 AE_TMUX_SERVER=<unset> AE_TMUX_SERVER_KIND=<unset> argc=3 <list-sessions> <-F> <#{session_id} #{session_name}>
pid=26348 ppid=26240 AE_TMUX_SERVER=<unset> AE_TMUX_SERVER_KIND=<unset> argc=5 <set-option> <-t> <$0> <status-left> <[ae p1] >
pid=26349 ppid=26240 AE_TMUX_SERVER=<unset> AE_TMUX_SERVER_KIND=<unset> argc=5 <set-option> <-t> <$0> <status-left-length> <40>
pid=26350 ppid=26240 AE_TMUX_SERVER=<unset> AE_TMUX_SERVER_KIND=<unset> argc=5 <set-option> <-t> <$0> <status-right> <[…CRIM/D1b-parent-id-recorded-or-reread/w#{@ae_branch_status}] #{@ae_watchdog_status}>
pid=26361 ppid=26240 AE_TMUX_SERVER=<unset> AE_TMUX_SERVER_KIND=<unset> argc=5 <set-option> <-t> <$0> <status-right-length> <100>
pid=26373 ppid=26240 AE_TMUX_SERVER=<unset> AE_TMUX_SERVER_KIND=<unset> argc=5 <set-option> <-t> <$0> <status-interval> <5>
pid=26390 ppid=26240 AE_TMUX_SERVER=<unset> AE_TMUX_SERVER_KIND=<unset> argc=5 <set-option> <-t> <$0> <status> <2>
pid=26408 ppid=26405 AE_TMUX_SERVER=<unset> AE_TMUX_SERVER_KIND=<unset> argc=3 <show-options> <-gv> <status-format[0]>
pid=26422 ppid=26240 AE_TMUX_SERVER=<unset> AE_TMUX_SERVER_KIND=<unset> argc=5 <set-option> <-t> <$0> <status-format[0]> <#[align=left range=left #{E:status-left-style}]#[push-default]#{T;=/#{status-left-length}:status-left}#[pop-default]#[norange default]#[list=on align=#{status-justify}]#[list=left-marker]<#[list=right-marker]>#[list=on]#{W:#[range=window|#{window_index} #{E:window-status-style}#{?#{&&:#{window_last_flag},#{!=:#{E:window-status-last-style},default}}, #{E:window-status-last-style},}#{?#{&&:#{window_bell_flag},#{!=:#{E:window-status-bell-style},default}}, #{E:window-status-bell-style},#{?#{&&:#{||:#{window_activity_flag},#{window_silence_flag}},#{!=:#{E:window-status-activity-style},default}}, #{E:window-status-activity-style},}}]#[push-default]#{T:window-status-format}#[pop-default]#[norange default]#{?loop_last_flag,,#{E:window-status-separator}},#[range=window|#{window_index} list=focus #{?#{!=:#{E:window-status-current-style},default},#{E:window-status-current-style},#{E:window-status-style}}#{?#{&&:#{window_last_flag},#{!=:#{E:window-status-last-style},default}}, #{E:window-status-last-style},}#{?#{&&:#{window_bell_flag},#{!=:#{E:window-status-bell-style},default}}, #{E:window-status-bell-style},#{?#{&&:#{||:#{window_activity_flag},#{window_silence_flag}},#{!=:#{E:window-status-activity-style},default}}, #{E:window-status-activity-style},}}]#[push-default]#{T:window-status-current-format}#[pop-default]#[norange list=on default]#{?loop_last_flag,,#{E:window-status-separator}}}#[nolist align=right range=right #{E:status-right-style}]#[push-default]#{T;=/#{status-right-length}:status-right}#[pop-default]#[norange default]>
pid=26439 ppid=26240 AE_TMUX_SERVER=<unset> AE_TMUX_SERVER_KIND=<unset> argc=5 <set-option> <-t> <$0> <status-format[1]> <#[align=left] #{@ae_agent}#[align=right]#{@ae_agents_status} >
pid=26455 ppid=26240 AE_TMUX_SERVER=<unset> AE_TMUX_SERVER_KIND=<unset> argc=5 <set-option> <-t> <$0> <window-status-format> <#I:#W#{@ae_window_status}#F>
pid=26471 ppid=26240 AE_TMUX_SERVER=<unset> AE_TMUX_SERVER_KIND=<unset> argc=5 <set-option> <-t> <$0> <window-status-current-format> <#I:#W#{@ae_window_status}#F>
pid=26480 ppid=26240 AE_TMUX_SERVER=<unset> AE_TMUX_SERVER_KIND=<unset> argc=5 <set-option> <-t> <p1> <automatic-rename> <off>
pid=26491 ppid=26240 AE_TMUX_SERVER=<unset> AE_TMUX_SERVER_KIND=<unset> argc=4 <rename-window> <-t> <p1> <p1>
pid=26499 ppid=26240 AE_TMUX_SERVER=<unset> AE_TMUX_SERVER_KIND=<unset> argc=5 <display-message> <-t> <p1> <-p> <#{pane_id}>
pid=26509 ppid=26240 AE_TMUX_SERVER=<unset> AE_TMUX_SERVER_KIND=<unset> argc=5 <select-pane> <-t> <%0> <-T> <ae:grok:grok>
pid=26519 ppid=26240 AE_TMUX_SERVER=<unset> AE_TMUX_SERVER_KIND=<unset> argc=6 <set-option> <-p> <-t> <%0> <@ae_agent> <grok:grok>
pid=26533 ppid=26240 AE_TMUX_SERVER=<unset> AE_TMUX_SERVER_KIND=<unset> argc=6 <set-option> <-p> <-t> <%0> <@ae_slot> <main>
pid=26581 ppid=26579 AE_TMUX_SERVER=<unset> AE_TMUX_SERVER_KIND=<unset> argc=3 <display-message> <-p> <#{socket_path}>
pid=26789 ppid=26240 AE_TMUX_SERVER=<unset> AE_TMUX_SERVER_KIND=<unset> argc=6 <list-panes> <-s> <-t> <p1> <-F> <#{pane_id}	#{@ae_agent}>
pid=26811 ppid=26810 AE_TMUX_SERVER=<unset> AE_TMUX_SERVER_KIND=<unset> argc=8 <-S> </private/tmp/aelx/L-DISCRIM/D1b-parent-id-recorded-or-reread/t/tmux-501/default> <list-panes> <-s> <-t> <p1> <-F> <#{pane_id}|#{@ae_slot}|#{@ae_agent}>
pid=26880 ppid=26879 AE_TMUX_SERVER=<unset> AE_TMUX_SERVER_KIND=<unset> argc=5 <display-message> <-p> <-t> <%0> <#{pane_current_command}>
pid=26882 ppid=26240 AE_TMUX_SERVER=<unset> AE_TMUX_SERVER_KIND=<unset> argc=4 <load-buffer> <-b> <ae-ps-26240-%0> <->
pid=26883 ppid=26240 AE_TMUX_SERVER=<unset> AE_TMUX_SERVER_KIND=<unset> argc=6 <paste-buffer> <-d> <-b> <ae-ps-26240-%0> <-t> <%0>
pid=26885 ppid=26240 AE_TMUX_SERVER=<unset> AE_TMUX_SERVER_KIND=<unset> argc=4 <send-keys> <-t> <%0> <Enter>
pid=27082 ppid=27080 AE_TMUX_SERVER=<unset> AE_TMUX_SERVER_KIND=<unset> argc=8 <-S> </private/tmp/aelx/L-DISCRIM/D1b-parent-id-recorded-or-reread/t/tmux-501/default> <list-panes> <-s> <-t> <p1> <-F> <#{pane_id} #{@ae_agent}>
pid=27091 ppid=27089 AE_TMUX_SERVER=<unset> AE_TMUX_SERVER_KIND=<unset> argc=12 <-S> </private/tmp/aelx/L-DISCRIM/D1b-parent-id-recorded-or-reread/t/tmux-501/default> <new-window> <-d> <-t> <p1:99> <-n> <ae-monitor> <-P> <-F> <#{pane_id}> </tmp/aelx/L-DISCRIM/D1b-parent-id-recorded-or-reread/h/.ae/sessions/p1/events-tail>
pid=27102 ppid=26902 AE_TMUX_SERVER=<unset> AE_TMUX_SERVER_KIND=<unset> argc=8 <-S> </private/tmp/aelx/L-DISCRIM/D1b-parent-id-recorded-or-reread/t/tmux-501/default> <set-option> <-p> <-t> <%1> <@ae_agent> <_events>
pid=27111 ppid=26902 AE_TMUX_SERVER=<unset> AE_TMUX_SERVER_KIND=<unset> argc=7 <-S> </private/tmp/aelx/L-DISCRIM/D1b-parent-id-recorded-or-reread/t/tmux-501/default> <select-pane> <-t> <%1> <-T> <ae events>
pid=27120 ppid=26902 AE_TMUX_SERVER=<unset> AE_TMUX_SERVER_KIND=<unset> argc=7 <-S> </private/tmp/aelx/L-DISCRIM/D1b-parent-id-recorded-or-reread/t/tmux-501/default> <set-window-option> <-t> <p1:ae-monitor> <pane-border-status> <top>
pid=27128 ppid=26902 AE_TMUX_SERVER=<unset> AE_TMUX_SERVER_KIND=<unset> argc=6 <-S> </private/tmp/aelx/L-DISCRIM/D1b-parent-id-recorded-or-reread/t/tmux-501/default> <select-pane> <-t> <%1> <-d>
pid=27198 ppid=27196 AE_TMUX_SERVER=<unset> AE_TMUX_SERVER_KIND=<unset> argc=8 <-S> </private/tmp/aelx/L-DISCRIM/D1b-parent-id-recorded-or-reread/t/tmux-501/default> <list-panes> <-s> <-t> <p1> <-F> <#{pane_id} #{@ae_agent}>
pid=27214 ppid=27212 AE_TMUX_SERVER=<unset> AE_TMUX_SERVER_KIND=<unset> argc=8 <-S> </private/tmp/aelx/L-DISCRIM/D1b-parent-id-recorded-or-reread/t/tmux-501/default> <list-panes> <-s> <-t> <p1> <-F> <#{pane_id} #{@ae_agent}>
pid=27229 ppid=27227 AE_TMUX_SERVER=<unset> AE_TMUX_SERVER_KIND=<unset> argc=8 <-S> </private/tmp/aelx/L-DISCRIM/D1b-parent-id-recorded-or-reread/t/tmux-501/default> <list-panes> <-s> <-t> <p1> <-F> <#{pane_id} #{@ae_agent}>
pid=27240 ppid=27238 AE_TMUX_SERVER=<unset> AE_TMUX_SERVER_KIND=<unset> argc=11 <-S> </private/tmp/aelx/L-DISCRIM/D1b-parent-id-recorded-or-reread/t/tmux-501/default> <split-window> <-v> <-b> <-t> <%1> <-P> <-F> <#{pane_id}> </tmp/aelx/L-DISCRIM/D1b-parent-id-recorded-or-reread/h/.ae/sessions/p1/watchdog _run>
pid=27253 ppid=27148 AE_TMUX_SERVER=<unset> AE_TMUX_SERVER_KIND=<unset> argc=8 <-S> </private/tmp/aelx/L-DISCRIM/D1b-parent-id-recorded-or-reread/t/tmux-501/default> <set-option> <-p> <-t> <%2> <@ae_agent> <_watchdog>
pid=27277 ppid=27148 AE_TMUX_SERVER=<unset> AE_TMUX_SERVER_KIND=<unset> argc=7 <-S> </private/tmp/aelx/L-DISCRIM/D1b-parent-id-recorded-or-reread/t/tmux-501/default> <select-pane> <-t> <%2> <-T> <ae watchdog>
pid=27313 ppid=27311 AE_TMUX_SERVER=<unset> AE_TMUX_SERVER_KIND=<unset> argc=5pid=27294 ppid=27148 AE_TMUX_SERVER=<unset> AE_TMUX_SERVER_KIND=<unset> argc=6 <-S> </private/tmp/aelx/L-DISCRIM/D1b-parent-id-recorded-or-reread/t/tmux-501/default> <-S> <list-sessions> </private/tmp/aelx/L-DISCRIM/D1b-parent-id-recorded-or-reread/t/tmux-501/default> <-F> <select-pane> <#{session_id} #{session_name}> <-t>
 <%2> <-d>
pid=27342 ppid=27250 AE_TMUX_SERVER=<unset> AE_TMUX_SERVER_KIND=<unset> argc=7 <-S>pid=27348 ppid=26240 AE_TMUX_SERVER=<unset> AE_TMUX_SERVER_KIND=<unset> argc=3 </private/tmp/aelx/L-DISCRIM/D1b-parent-id-recorded-or-reread/t/tmux-501/default> <set-option> <select-pane> <-t> <-t> <$0> <%0> <@ae_watchdog_status>
 <[watch ◌ starting]>
pid=26240 ppid=26081 AE_TMUX_SERVER=<unset> AE_TMUX_SERVER_KIND=<unset> argc=3 <attach-session> <-t> <p1>
pid=27390 ppid=27388 AE_TMUX_SERVER=<unset> AE_TMUX_SERVER_KIND=<unset> argc=5 <-S> </private/tmp/aelx/L-DISCRIM/D1b-parent-id-recorded-or-reread/t/tmux-501/default> <list-sessions> <-F> <#{session_id} #{session_name}>
pid=27416 ppid=27359 AE_TMUX_SERVER=<unset> AE_TMUX_SERVER_KIND=<unset> argc=7 <-S> </private/tmp/aelx/L-DISCRIM/D1b-parent-id-recorded-or-reread/t/tmux-501/default> <set-option> <-t> <$0> <@ae_branch_name> <main>
pid=27428 ppid=27426 AE_TMUX_SERVER=<unset> AE_TMUX_SERVER_KIND=<unset> argc=5 <-S> </private/tmp/aelx/L-DISCRIM/D1b-parent-id-recorded-or-reread/t/tmux-501/default> <list-sessions> <-F> <#{session_id} #{session_name}>
pid=27435 ppid=27250 AE_TMUX_SERVER=<unset> AE_TMUX_SERVER_KIND=<unset> argc=7 <-S> </private/tmp/aelx/L-DISCRIM/D1b-parent-id-recorded-or-reread/t/tmux-501/default> <set-option> <-t> <$0> <@ae_branch_status> < main>
pid=27448 ppid=27250 AE_TMUX_SERVER=<unset> AE_TMUX_SERVER_KIND=<unset> argc=5 <-S> </private/tmp/aelx/L-DISCRIM/D1b-parent-id-recorded-or-reread/t/tmux-501/default> <has-session> <-t> <p1>
pid=27471 ppid=27250 AE_TMUX_SERVER=<unset> AE_TMUX_SERVER_KIND=<unset> argc=8 <-S> </private/tmp/aelx/L-DISCRIM/D1b-parent-id-recorded-or-reread/t/tmux-501/default> <list-panes> <-s> <-t> <p1> <-F> <#{pane_id}|#{@ae_agent}|#{pane_current_command}|#{pane_pid}>
pid=27473 ppid=27472 AE_TMUX_SERVER=<unset> AE_TMUX_SERVER_KIND=<unset> argc=7 <-S> </private/tmp/aelx/L-DISCRIM/D1b-parent-id-recorded-or-reread/t/tmux-501/default> <display-message> <-p> <-t> <%0> <#{@ae_slot}>
pid=27484 ppid=27482 AE_TMUX_SERVER=<unset> AE_TMUX_SERVER_KIND=<unset> argc=11 <-S> </private/tmp/aelx/L-DISCRIM/D1b-parent-id-recorded-or-reread/t/tmux-501/default> <capture-pane> <-p> <-J> <-S> <-40> <-E> <-> <-t> <%0>
pid=27560 ppid=27558 AE_TMUX_SERVER=<unset> AE_TMUX_SERVER_KIND=<unset> argc=5 <-S> </private/tmp/aelx/L-DISCRIM/D1b-parent-id-recorded-or-reread/t/tmux-501/default> <list-sessions> <-F> <#{session_id} #{session_name}>
pid=27566 ppid=27250 AE_TMUX_SERVER=<unset> AE_TMUX_SERVER_KIND=<unset> argc=7 <-S> </private/tmp/aelx/L-DISCRIM/D1b-parent-id-recorded-or-reread/t/tmux-501/default> <set-option> <-t> <$0> <@ae_watchdog_status> <[watch ● 1/1]>
pid=27582 ppid=27580 AE_TMUX_SERVER=<unset> AE_TMUX_SERVER_KIND=<unset> argc=5 <-S> </private/tmp/aelx/L-DISCRIM/D1b-parent-id-recorded-or-reread/t/tmux-501/default> <list-sessions> <-F> <#{session_id} #{session_name}>
pid=27583 ppid=27568 AE_TMUX_SERVER=<unset> AE_TMUX_SERVER_KIND=<unset> argc=7 <-S> </private/tmp/aelx/L-DISCRIM/D1b-parent-id-recorded-or-reread/t/tmux-501/default> <set-option> <-t> <$0> <@ae_branch_name> <main>
pid=27591 ppid=27589 AE_TMUX_SERVER=<unset> AE_TMUX_SERVER_KIND=<unset> argc=5 <-S> </private/tmp/aelx/L-DISCRIM/D1b-parent-id-recorded-or-reread/t/tmux-501/default> <list-sessions> <-F> <#{session_id} #{session_name}>
pid=27592 ppid=27250 AE_TMUX_SERVER=<unset> AE_TMUX_SERVER_KIND=<unset> argc=7 <-S> </private/tmp/aelx/L-DISCRIM/D1b-parent-id-recorded-or-reread/t/tmux-501/default> <set-option> <-t> <$0> <@ae_branch_status> < main>
pid=27603 ppid=27601 AE_TMUX_SERVER=<unset> AE_TMUX_SERVER_KIND=<unset> argc=5 <-S> </private/tmp/aelx/L-DISCRIM/D1b-parent-id-recorded-or-reread/t/tmux-501/default> <list-sessions> <-F> <#{session_id} #{session_name}>
pid=27604 ppid=27250 AE_TMUX_SERVER=<unset> AE_TMUX_SERVER_KIND=<unset> argc=7 <-S> </private/tmp/aelx/L-DISCRIM/D1b-parent-id-recorded-or-reread/t/tmux-501/default> <set-option> <-t> <$0> <@ae_agents_status> <grok●>
pid=27609 ppid=27608 AE_TMUX_SERVER=<unset> AE_TMUX_SERVER_KIND=<unset> argc=8 <-S> </private/tmp/aelx/L-DISCRIM/D1b-parent-id-recorded-or-reread/t/tmux-501/default> <list-panes> <-s> <-t> <p1> <-F> <#{pane_id}|#{window_id}|#{@ae_agent}>
pid=27611 ppid=27250 AE_TMUX_SERVER=<unset> AE_TMUX_SERVER_KIND=<unset> argc=8 <-S> </private/tmp/aelx/L-DISCRIM/D1b-parent-id-recorded-or-reread/t/tmux-501/default> <set-option> <-w> <-t> <@0> <@ae_window_status> <●>
pid=27612 ppid=27250 AE_TMUX_SERVER=<unset> AE_TMUX_SERVER_KIND=<unset> argc=8 <-S> </private/tmp/aelx/L-DISCRIM/D1b-parent-id-recorded-or-reread/t/tmux-501/default> <set-option> <-w> <-t> <@1> <@ae_window_status> <>
pid=29350 ppid=29341 AE_TMUX_SERVER=<unset> AE_TMUX_SERVER_KIND=<unset> argc=5 <-S> </private/tmp/aelx/L-DISCRIM/D1b-parent-id-recorded-or-reread/t/tmux-501/default> <list-sessions> <-F> <#{session_id} #{session_name}>
pid=29369 ppid=29360 AE_TMUX_SERVER=<unset> AE_TMUX_SERVER_KIND=<unset> argc=5 <-S> </private/tmp/aelx/L-DISCRIM/D1b-parent-id-recorded-or-reread/t/tmux-501/default> <list-sessions> <-F> <#{session_id} #{session_name}>
pid=29380 ppid=29371 AE_TMUX_SERVER=<unset> AE_TMUX_SERVER_KIND=<unset> argc=6 <-S> </private/tmp/aelx/L-DISCRIM/D1b-parent-id-recorded-or-reread/t/tmux-501/default> <show-environment> <-t> <$0> <AE_MODE>
pid=29391 ppid=29382 AE_TMUX_SERVER=<unset> AE_TMUX_SERVER_KIND=<unset> argc=6 <-S> </private/tmp/aelx/L-DISCRIM/D1b-parent-id-recorded-or-reread/t/tmux-501/default> <show-environment> <-t> <$0> <AE_ORIGIN>
pid=29403 ppid=29394 AE_TMUX_SERVER=<unset> AE_TMUX_SERVER_KIND=<unset> argc=5 <-S> </private/tmp/aelx/L-DISCRIM/D1b-parent-id-recorded-or-reread/t/tmux-501/default> <list-sessions> <-F> <#{session_id} #{session_name}>
pid=29414 ppid=29405 AE_TMUX_SERVER=<unset> AE_TMUX_SERVER_KIND=<unset> argc=6 <-S> </private/tmp/aelx/L-DISCRIM/D1b-parent-id-recorded-or-reread/t/tmux-501/default> <show-environment> <-t> <$0> <AE_DIR>
pid=29436 ppid=29332 AE_TMUX_SERVER=<unset> AE_TMUX_SERVER_KIND=<unset> argc=5 <-S> </private/tmp/aelx/L-DISCRIM/D1b-parent-id-recorded-or-reread/t/tmux-501/default> <kill-session> <-t> <$0>
pid=29452 ppid=29450 AE_TMUX_SERVER=<unset> AE_TMUX_SERVER_KIND=<unset> argc=5pid=29449 ppid=29438 AE_TMUX_SERVER=<unset> AE_TMUX_SERVER_KIND=<unset> argc=5 <-S> </private/tmp/aelx/L-DISCRIM/D1b-parent-id-recorded-or-reread/t/tmux-501/default> <-S> <list-sessions> </private/tmp/aelx/L-DISCRIM/D1b-parent-id-recorded-or-reread/t/tmux-501/default> <-F> <list-sessions> <#{session_id} #{session_name}> <-F>
 <#{session_name}>
pid=32149 ppid=31724 AE_TMUX_SERVER=<unset> AE_TMUX_SERVER_KIND=<unset> argc=3 <has-session> <-t> <child>
pid=32150 ppid=31724 AE_TMUX_SERVER=<unset> AE_TMUX_SERVER_KIND=<unset> argc=3 <has-session> <-t> <child>
pid=32168 ppid=31724 AE_TMUX_SERVER=<unset> AE_TMUX_SERVER_KIND=<unset> argc=6 <new-session> <-d> <-s> <child> <-c> </private/tmp/aelx/L-DISCRIM/D1b-parent-id-recorded-or-reread/w>
pid=32172 ppid=31724 AE_TMUX_SERVER=<unset> AE_TMUX_SERVER_KIND=<unset> argc=5 <set-environment> <-t> <child> <-u> <CLAUDECODE>
pid=32174 ppid=31724 AE_TMUX_SERVER=<unset> AE_TMUX_SERVER_KIND=<unset> argc=5 <set-environment> <-t> <child> <-u> <CLAUDE_CODE_SESSION>
pid=32175 ppid=31724 AE_TMUX_SERVER=<unset> AE_TMUX_SERVER_KIND=<unset> argc=5 <set-environment> <-t> <child> <AE_SESSION> <1>
pid=32176 ppid=31724 AE_TMUX_SERVER=<unset> AE_TMUX_SERVER_KIND=<unset> argc=5 <set-environment> <-t> <child> <AE_ORIGIN> </private/tmp/aelx/L-DISCRIM/D1b-parent-id-recorded-or-reread/w>
pid=32177 ppid=31724 AE_TMUX_SERVER=<unset> AE_TMUX_SERVER_KIND=<unset> argc=5 <set-environment> <-t> <child> <AE_DIR> </private/tmp/aelx/L-DISCRIM/D1b-parent-id-recorded-or-reread/w>
pid=32180 ppid=31724 AE_TMUX_SERVER=<unset> AE_TMUX_SERVER_KIND=<unset> argc=5 <set-environment> <-t> <child> <AE_MODE> <local>
pid=32181 ppid=31724 AE_TMUX_SERVER=<unset> AE_TMUX_SERVER_KIND=<unset> argc=5 <set-environment> <-t> <child> <AE_HOME> </tmp/aelx/L-DISCRIM/D1b-parent-id-recorded-or-reread/h/.ae>
pid=32182 ppid=31724 AE_TMUX_SERVER=<unset> AE_TMUX_SERVER_KIND=<unset> argc=5 <set-option> <-t> <child> <mouse> <on>
pid=32183 ppid=31724 AE_TMUX_SERVER=<unset> AE_TMUX_SERVER_KIND=<unset> argc=5 <set-option> <-t> <child> <focus-events> <on>
pid=32184 ppid=31724 AE_TMUX_SERVER=<unset> AE_TMUX_SERVER_KIND=<unset> argc=5 <set-option> <-t> <child> <history-limit> <50000>
pid=32185 ppid=31724 AE_TMUX_SERVER=<unset> AE_TMUX_SERVER_KIND=<unset> argc=5 <set-option> <-t> <child> <pane-border-status> <top>
pid=32186 ppid=31724 AE_TMUX_SERVER=<unset> AE_TMUX_SERVER_KIND=<unset> argc=5 <set-option> <-t> <child> <pane-border-format> < #{@ae_agent} >
pid=32187 ppid=31724 AE_TMUX_SERVER=<unset> AE_TMUX_SERVER_KIND=<unset> argc=3 <has-session> <-t> <child>
pid=32189 ppid=32188 AE_TMUX_SERVER=<unset> AE_TMUX_SERVER_KIND=<unset> argc=3 <list-sessions> <-F> <#{session_id} #{session_name}>
pid=32198 ppid=31724 AE_TMUX_SERVER=<unset> AE_TMUX_SERVER_KIND=<unset> argc=5 <set-option> <-t> <$0> <status-left> <[ae child] >
pid=32199 ppid=31724 AE_TMUX_SERVER=<unset> AE_TMUX_SERVER_KIND=<unset> argc=5 <set-option> <-t> <$0> <status-left-length> <40>
pid=32202 ppid=31724 AE_TMUX_SERVER=<unset> AE_TMUX_SERVER_KIND=<unset> argc=5 <set-option> <-t> <$0> <status-right> <[…CRIM/D1b-parent-id-recorded-or-reread/w#{@ae_branch_status}] #{@ae_watchdog_status}>
pid=32203 ppid=31724 AE_TMUX_SERVER=<unset> AE_TMUX_SERVER_KIND=<unset> argc=5 <set-option> <-t> <$0> <status-right-length> <100>
pid=32204 ppid=31724 AE_TMUX_SERVER=<unset> AE_TMUX_SERVER_KIND=<unset> argc=5 <set-option> <-t> <$0> <status-interval> <5>
pid=32205 ppid=31724 AE_TMUX_SERVER=<unset> AE_TMUX_SERVER_KIND=<unset> argc=5 <set-option> <-t> <$0> <status> <2>
pid=32207 ppid=32206 AE_TMUX_SERVER=<unset> AE_TMUX_SERVER_KIND=<unset> argc=3 <show-options> <-gv> <status-format[0]>
pid=32208 ppid=31724 AE_TMUX_SERVER=<unset> AE_TMUX_SERVER_KIND=<unset> argc=5 <set-option> <-t> <$0> <status-format[0]> <#[align=left range=left #{E:status-left-style}]#[push-default]#{T;=/#{status-left-length}:status-left}#[pop-default]#[norange default]#[list=on align=#{status-justify}]#[list=left-marker]<#[list=right-marker]>#[list=on]#{W:#[range=window|#{window_index} #{E:window-status-style}#{?#{&&:#{window_last_flag},#{!=:#{E:window-status-last-style},default}}, #{E:window-status-last-style},}#{?#{&&:#{window_bell_flag},#{!=:#{E:window-status-bell-style},default}}, #{E:window-status-bell-style},#{?#{&&:#{||:#{window_activity_flag},#{window_silence_flag}},#{!=:#{E:window-status-activity-style},default}}, #{E:window-status-activity-style},}}]#[push-default]#{T:window-status-format}#[pop-default]#[norange default]#{?loop_last_flag,,#{E:window-status-separator}},#[range=window|#{window_index} list=focus #{?#{!=:#{E:window-status-current-style},default},#{E:window-status-current-style},#{E:window-status-style}}#{?#{&&:#{window_last_flag},#{!=:#{E:window-status-last-style},default}}, #{E:window-status-last-style},}#{?#{&&:#{window_bell_flag},#{!=:#{E:window-status-bell-style},default}}, #{E:window-status-bell-style},#{?#{&&:#{||:#{window_activity_flag},#{window_silence_flag}},#{!=:#{E:window-status-activity-style},default}}, #{E:window-status-activity-style},}}]#[push-default]#{T:window-status-current-format}#[pop-default]#[norange list=on default]#{?loop_last_flag,,#{E:window-status-separator}}}#[nolist align=right range=right #{E:status-right-style}]#[push-default]#{T;=/#{status-right-length}:status-right}#[pop-default]#[norange default]>
pid=32209 ppid=31724 AE_TMUX_SERVER=<unset> AE_TMUX_SERVER_KIND=<unset> argc=5 <set-option> <-t> <$0> <status-format[1]> <#[align=left] #{@ae_agent}#[align=right]#{@ae_agents_status} >
pid=32210 ppid=31724 AE_TMUX_SERVER=<unset> AE_TMUX_SERVER_KIND=<unset> argc=5 <set-option> <-t> <$0> <window-status-format> <#I:#W#{@ae_window_status}#F>
pid=32211 ppid=31724 AE_TMUX_SERVER=<unset> AE_TMUX_SERVER_KIND=<unset> argc=5 <set-option> <-t> <$0> <window-status-current-format> <#I:#W#{@ae_window_status}#F>
pid=32212 ppid=31724 AE_TMUX_SERVER=<unset> AE_TMUX_SERVER_KIND=<unset> argc=5 <set-option> <-t> <child> <automatic-rename> <off>
pid=32214 ppid=31724 AE_TMUX_SERVER=<unset> AE_TMUX_SERVER_KIND=<unset> argc=4 <rename-window> <-t> <child> <child>
pid=32215 ppid=31724 AE_TMUX_SERVER=<unset> AE_TMUX_SERVER_KIND=<unset> argc=5 <display-message> <-t> <child> <-p> <#{pane_id}>
pid=32218 ppid=31724 AE_TMUX_SERVER=<unset> AE_TMUX_SERVER_KIND=<unset> argc=5 <select-pane> <-t> <%0> <-T> <ae:grok:grok>
pid=32219 ppid=31724 AE_TMUX_SERVER=<unset> AE_TMUX_SERVER_KIND=<unset> argc=6 <set-option> <-p> <-t> <%0> <@ae_agent> <grok:grok>
pid=32220 ppid=31724 AE_TMUX_SERVER=<unset> AE_TMUX_SERVER_KIND=<unset> argc=6 <set-option> <-p> <-t> <%0> <@ae_slot> <main>
pid=32239 ppid=32238 AE_TMUX_SERVER=<unset> AE_TMUX_SERVER_KIND=<unset> argc=3 <display-message> <-p> <#{socket_path}>
pid=32251 ppid=31724 AE_TMUX_SERVER=<unset> AE_TMUX_SERVER_KIND=<unset> argc=3 <kill-session> <-t> <child>
