pid=86048 ppid=86047 AE_TMUX_SERVER=<unset> AE_TMUX_SERVER_KIND=<unset> argc=3 <has-session> <-t> <proj>
pid=86066 ppid=86047 AE_TMUX_SERVER=<unset> AE_TMUX_SERVER_KIND=<unset> argc=6 <new-session> <-d> <-s> <proj> <-c> </private/tmp/aelx/L-832C/cut-entry-consumer-status/w>
pid=86070 ppid=86047 AE_TMUX_SERVER=<unset> AE_TMUX_SERVER_KIND=<unset> argc=5 <set-environment> <-t> <proj> <-u> <CLAUDECODE>
pid=86072 ppid=86047 AE_TMUX_SERVER=<unset> AE_TMUX_SERVER_KIND=<unset> argc=5 <set-environment> <-t> <proj> <-u> <CLAUDE_CODE_SESSION>
pid=86073 ppid=86047 AE_TMUX_SERVER=<unset> AE_TMUX_SERVER_KIND=<unset> argc=5 <set-environment> <-t> <proj> <AE_SESSION> <1>
pid=86074 ppid=86047 AE_TMUX_SERVER=<unset> AE_TMUX_SERVER_KIND=<unset> argc=5 <set-environment> <-t> <proj> <AE_ORIGIN> </private/tmp/aelx/L-832C/cut-entry-consumer-status/w>
pid=86079 ppid=86047 AE_TMUX_SERVER=<unset> AE_TMUX_SERVER_KIND=<unset> argc=5 <set-environment> <-t> <proj> <AE_DIR> </private/tmp/aelx/L-832C/cut-entry-consumer-status/w>
pid=86087 ppid=86047 AE_TMUX_SERVER=<unset> AE_TMUX_SERVER_KIND=<unset> argc=5 <set-environment> <-t> <proj> <AE_MODE> <local>
pid=86095 ppid=86047 AE_TMUX_SERVER=<unset> AE_TMUX_SERVER_KIND=<unset> argc=5 <set-environment> <-t> <proj> <AE_HOME> </tmp/aelx/L-832C/cut-entry-consumer-status/h/.ae>
pid=86123 ppid=86047 AE_TMUX_SERVER=<unset> AE_TMUX_SERVER_KIND=<unset> argc=5 <set-option> <-t> <proj> <mouse> <on>
pid=86130 ppid=86047 AE_TMUX_SERVER=<unset> AE_TMUX_SERVER_KIND=<unset> argc=5 <set-option> <-t> <proj> <focus-events> <on>
pid=86137 ppid=86047 AE_TMUX_SERVER=<unset> AE_TMUX_SERVER_KIND=<unset> argc=5 <set-option> <-t> <proj> <history-limit> <50000>
pid=86144 ppid=86047 AE_TMUX_SERVER=<unset> AE_TMUX_SERVER_KIND=<unset> argc=5 <set-option> <-t> <proj> <pane-border-status> <top>
pid=86151 ppid=86047 AE_TMUX_SERVER=<unset> AE_TMUX_SERVER_KIND=<unset> argc=5 <set-option> <-t> <proj> <pane-border-format> < #{@ae_agent} >
pid=86159 ppid=86047 AE_TMUX_SERVER=<unset> AE_TMUX_SERVER_KIND=<unset> argc=3 <has-session> <-t> <proj>
pid=86168 ppid=86166 AE_TMUX_SERVER=<unset> AE_TMUX_SERVER_KIND=<unset> argc=3 <list-sessions> <-F> <#{session_id} #{session_name}>
pid=86201 ppid=86047 AE_TMUX_SERVER=<unset> AE_TMUX_SERVER_KIND=<unset> argc=5 <set-option> <-t> <$0> <status-left> <[ae proj] >
pid=86208 ppid=86047 AE_TMUX_SERVER=<unset> AE_TMUX_SERVER_KIND=<unset> argc=5 <set-option> <-t> <$0> <status-left-length> <40>
pid=86215 ppid=86047 AE_TMUX_SERVER=<unset> AE_TMUX_SERVER_KIND=<unset> argc=5 <set-option> <-t> <$0> <status-right> <[…aelx/L-832C/cut-entry-consumer-status/w#{@ae_branch_status}] #{@ae_watchdog_status}>
pid=86222 ppid=86047 AE_TMUX_SERVER=<unset> AE_TMUX_SERVER_KIND=<unset> argc=5 <set-option> <-t> <$0> <status-right-length> <100>
pid=86229 ppid=86047 AE_TMUX_SERVER=<unset> AE_TMUX_SERVER_KIND=<unset> argc=5 <set-option> <-t> <$0> <status-interval> <5>
pid=86259 ppid=86047 AE_TMUX_SERVER=<unset> AE_TMUX_SERVER_KIND=<unset> argc=5 <set-option> <-t> <$0> <status> <2>
pid=86266 ppid=86264 AE_TMUX_SERVER=<unset> AE_TMUX_SERVER_KIND=<unset> argc=3 <show-options> <-gv> <status-format[0]>
pid=86282 ppid=86047 AE_TMUX_SERVER=<unset> AE_TMUX_SERVER_KIND=<unset> argc=5 <set-option> <-t> <$0> <status-format[0]> <#[align=left range=left #{E:status-left-style}]#[push-default]#{T;=/#{status-left-length}:status-left}#[pop-default]#[norange default]#[list=on align=#{status-justify}]#[list=left-marker]<#[list=right-marker]>#[list=on]#{W:#[range=window|#{window_index} #{E:window-status-style}#{?#{&&:#{window_last_flag},#{!=:#{E:window-status-last-style},default}}, #{E:window-status-last-style},}#{?#{&&:#{window_bell_flag},#{!=:#{E:window-status-bell-style},default}}, #{E:window-status-bell-style},#{?#{&&:#{||:#{window_activity_flag},#{window_silence_flag}},#{!=:#{E:window-status-activity-style},default}}, #{E:window-status-activity-style},}}]#[push-default]#{T:window-status-format}#[pop-default]#[norange default]#{?loop_last_flag,,#{E:window-status-separator}},#[range=window|#{window_index} list=focus #{?#{!=:#{E:window-status-current-style},default},#{E:window-status-current-style},#{E:window-status-style}}#{?#{&&:#{window_last_flag},#{!=:#{E:window-status-last-style},default}}, #{E:window-status-last-style},}#{?#{&&:#{window_bell_flag},#{!=:#{E:window-status-bell-style},default}}, #{E:window-status-bell-style},#{?#{&&:#{||:#{window_activity_flag},#{window_silence_flag}},#{!=:#{E:window-status-activity-style},default}}, #{E:window-status-activity-style},}}]#[push-default]#{T:window-status-current-format}#[pop-default]#[norange list=on default]#{?loop_last_flag,,#{E:window-status-separator}}}#[nolist align=right range=right #{E:status-right-style}]#[push-default]#{T;=/#{status-right-length}:status-right}#[pop-default]#[norange default]>
pid=86288 ppid=86047 AE_TMUX_SERVER=<unset> AE_TMUX_SERVER_KIND=<unset> argc=5 <set-option> <-t> <$0> <status-format[1]> <#[align=left] #{@ae_agent}#[align=right]#{@ae_agents_status} >
pid=86296 ppid=86047 AE_TMUX_SERVER=<unset> AE_TMUX_SERVER_KIND=<unset> argc=5 <set-option> <-t> <$0> <window-status-format> <#I:#W#{@ae_window_status}#F>
pid=86297 ppid=86047 AE_TMUX_SERVER=<unset> AE_TMUX_SERVER_KIND=<unset> argc=5 <set-option> <-t> <$0> <window-status-current-format> <#I:#W#{@ae_window_status}#F>
pid=86298 ppid=86047 AE_TMUX_SERVER=<unset> AE_TMUX_SERVER_KIND=<unset> argc=5 <set-option> <-t> <proj> <automatic-rename> <off>
pid=86300 ppid=86047 AE_TMUX_SERVER=<unset> AE_TMUX_SERVER_KIND=<unset> argc=4 <rename-window> <-t> <proj> <proj>
pid=86301 ppid=86047 AE_TMUX_SERVER=<unset> AE_TMUX_SERVER_KIND=<unset> argc=5 <display-message> <-t> <proj> <-p> <#{pane_id}>
pid=86302 ppid=86047 AE_TMUX_SERVER=<unset> AE_TMUX_SERVER_KIND=<unset> argc=5 <select-pane> <-t> <%0> <-T> <ae:grok:grok>
pid=86303 ppid=86047 AE_TMUX_SERVER=<unset> AE_TMUX_SERVER_KIND=<unset> argc=6 <set-option> <-p> <-t> <%0> <@ae_agent> <grok:grok>
pid=86304 ppid=86047 AE_TMUX_SERVER=<unset> AE_TMUX_SERVER_KIND=<unset> argc=6 <set-option> <-p> <-t> <%0> <@ae_slot> <main>
pid=86322 ppid=86321 AE_TMUX_SERVER=<unset> AE_TMUX_SERVER_KIND=<unset> argc=3 <display-message> <-p> <#{socket_path}>
pid=86408 ppid=86047 AE_TMUX_SERVER=<unset> AE_TMUX_SERVER_KIND=<unset> argc=6 <list-panes> <-s> <-t> <proj> <-F> <#{pane_id}	#{@ae_agent}>
pid=86429 ppid=86428 AE_TMUX_SERVER=<unset> AE_TMUX_SERVER_KIND=<unset> argc=8 <-S> </private/tmp/aelx/L-832C/cut-entry-consumer-status/t/tmux-501/default> <list-panes> <-s> <-t> <proj> <-F> <#{pane_id}|#{@ae_slot}|#{@ae_agent}>
pid=86491 ppid=86490 AE_TMUX_SERVER=<unset> AE_TMUX_SERVER_KIND=<unset> argc=5 <display-message> <-p> <-t> <%0> <#{pane_current_command}>
pid=86493 ppid=86047 AE_TMUX_SERVER=<unset> AE_TMUX_SERVER_KIND=<unset> argc=4 <load-buffer> <-b> <ae-ps-86047-%0> <->
pid=86494 ppid=86047 AE_TMUX_SERVER=<unset> AE_TMUX_SERVER_KIND=<unset> argc=6 <paste-buffer> <-d> <-b> <ae-ps-86047-%0> <-t> <%0>
pid=86496 ppid=86047 AE_TMUX_SERVER=<unset> AE_TMUX_SERVER_KIND=<unset> argc=4 <send-keys> <-t> <%0> <Enter>
pid=86541 ppid=86539 AE_TMUX_SERVER=<unset> AE_TMUX_SERVER_KIND=<unset> argc=8 <-S> </private/tmp/aelx/L-832C/cut-entry-consumer-status/t/tmux-501/default> <list-panes> <-s> <-t> <proj> <-F> <#{pane_id} #{@ae_agent}>
pid=86543 ppid=86542 AE_TMUX_SERVER=<unset> AE_TMUX_SERVER_KIND=<unset> argc=12 <-S> </private/tmp/aelx/L-832C/cut-entry-consumer-status/t/tmux-501/default> <new-window> <-d> <-t> <proj:99> <-n> <ae-monitor> <-P> <-F> <#{pane_id}> </tmp/aelx/L-832C/cut-entry-consumer-status/h/.ae/sessions/proj/events-tail>
pid=86545 ppid=86505 AE_TMUX_SERVER=<unset> AE_TMUX_SERVER_KIND=<unset> argc=8 <-S> </private/tmp/aelx/L-832C/cut-entry-consumer-status/t/tmux-501/default> <set-option> <-p> <-t> <%1> <@ae_agent> <_events>
pid=86547 ppid=86505 AE_TMUX_SERVER=<unset> AE_TMUX_SERVER_KIND=<unset> argc=7 <-S> </private/tmp/aelx/L-832C/cut-entry-consumer-status/t/tmux-501/default> <select-pane> <-t> <%1> <-T> <ae events>
pid=86548 ppid=86505 AE_TMUX_SERVER=<unset> AE_TMUX_SERVER_KIND=<unset> argc=7 <-S> </private/tmp/aelx/L-832C/cut-entry-consumer-status/t/tmux-501/default> <set-window-option> <-t> <proj:ae-monitor> <pane-border-status> <top>
pid=86550 ppid=86505 AE_TMUX_SERVER=<unset> AE_TMUX_SERVER_KIND=<unset> argc=6 <-S> </private/tmp/aelx/L-832C/cut-entry-consumer-status/t/tmux-501/default> <select-pane> <-t> <%1> <-d>
pid=86588 ppid=86586 AE_TMUX_SERVER=<unset> AE_TMUX_SERVER_KIND=<unset> argc=8 <-S> </private/tmp/aelx/L-832C/cut-entry-consumer-status/t/tmux-501/default> <list-panes> <-s> <-t> <proj> <-F> <#{pane_id} #{@ae_agent}>
pid=86593 ppid=86591 AE_TMUX_SERVER=<unset> AE_TMUX_SERVER_KIND=<unset> argc=8 <-S> </private/tmp/aelx/L-832C/cut-entry-consumer-status/t/tmux-501/default> <list-panes> <-s> <-t> <proj> <-F> <#{pane_id} #{@ae_agent}>
pid=86598 ppid=86596 AE_TMUX_SERVER=<unset> AE_TMUX_SERVER_KIND=<unset> argc=8 <-S> </private/tmp/aelx/L-832C/cut-entry-consumer-status/t/tmux-501/default> <list-panes> <-s> <-t> <proj> <-F> <#{pane_id} #{@ae_agent}>
pid=86603 ppid=86602 AE_TMUX_SERVER=<unset> AE_TMUX_SERVER_KIND=<unset> argc=11 <-S> </private/tmp/aelx/L-832C/cut-entry-consumer-status/t/tmux-501/default> <split-window> <-v> <-b> <-t> <%1> <-P> <-F> <#{pane_id}> </tmp/aelx/L-832C/cut-entry-consumer-status/h/.ae/sessions/proj/watchdog _run>
pid=86605 ppid=86560 AE_TMUX_SERVER=<unset> AE_TMUX_SERVER_KIND=<unset> argc=8 <-S> </private/tmp/aelx/L-832C/cut-entry-consumer-status/t/tmux-501/default> <set-option> <-p> <-t> <%2> <@ae_agent> <_watchdog>
pid=86607 ppid=86560 AE_TMUX_SERVER=<unset> AE_TMUX_SERVER_KIND=<unset> argc=7 <-S> </private/tmp/aelx/L-832C/cut-entry-consumer-status/t/tmux-501/default> <select-pane> <-t> <%2> <-T> <ae watchdog>
pid=86617 ppid=86560 AE_TMUX_SERVER=<unset> AE_TMUX_SERVER_KIND=<unset> argc=6 <-S> </private/tmp/aelx/L-832C/cut-entry-consumer-status/t/tmux-501/default> <select-pane> <-t> <%2> <-d>
pid=86637 ppid=86047 AE_TMUX_SERVER=<unset> AE_TMUX_SERVER_KIND=<unset> argc=3 <select-pane> <-t> <%0>
pid=86641 ppid=86639 AE_TMUX_SERVER=<unset> AE_TMUX_SERVER_KIND=<unset> argc=5 <-S> </private/tmp/aelx/L-832C/cut-entry-consumer-status/t/tmux-501/default> <list-sessions> <-F> <#{session_id} #{session_name}>
pid=86047 ppid=78737 AE_TMUX_SERVER=<unset> AE_TMUX_SERVER_KIND=<unset> argc=3 <attach-session> <-t> <proj>
pid=86642 ppid=86604 AE_TMUX_SERVER=<unset> AE_TMUX_SERVER_KIND=<unset> argc=7 <-S> </private/tmp/aelx/L-832C/cut-entry-consumer-status/t/tmux-501/default> <set-option> <-t> <$0> <@ae_watchdog_status> <[watch ◌ starting]>
pid=86656 ppid=86654 AE_TMUX_SERVER=<unset> AE_TMUX_SERVER_KIND=<unset> argc=5 <-S> </private/tmp/aelx/L-832C/cut-entry-consumer-status/t/tmux-501/default> <list-sessions> <-F> <#{session_id} #{session_name}>
pid=86657 ppid=86644 AE_TMUX_SERVER=<unset> AE_TMUX_SERVER_KIND=<unset> argc=7 <-S> </private/tmp/aelx/L-832C/cut-entry-consumer-status/t/tmux-501/default> <set-option> <-t> <$0> <@ae_branch_name> <main>
pid=86665 ppid=86663 AE_TMUX_SERVER=<unset> AE_TMUX_SERVER_KIND=<unset> argc=5 <-S> </private/tmp/aelx/L-832C/cut-entry-consumer-status/t/tmux-501/default> <list-sessions> <-F> <#{session_id} #{session_name}>
pid=86666 ppid=86604 AE_TMUX_SERVER=<unset> AE_TMUX_SERVER_KIND=<unset> argc=7 <-S> </private/tmp/aelx/L-832C/cut-entry-consumer-status/t/tmux-501/default> <set-option> <-t> <$0> <@ae_branch_status> < main>
pid=86667 ppid=86604 AE_TMUX_SERVER=<unset> AE_TMUX_SERVER_KIND=<unset> argc=5 <-S> </private/tmp/aelx/L-832C/cut-entry-consumer-status/t/tmux-501/default> <has-session> <-t> <proj>
pid=86673 ppid=86604 AE_TMUX_SERVER=<unset> AE_TMUX_SERVER_KIND=<unset> argc=8 <-S> </private/tmp/aelx/L-832C/cut-entry-consumer-status/t/tmux-501/default> <list-panes> <-s> <-t> <proj> <-F> <#{pane_id}|#{@ae_agent}|#{pane_current_command}|#{pane_pid}>
pid=86675 ppid=86674 AE_TMUX_SERVER=<unset> AE_TMUX_SERVER_KIND=<unset> argc=7 <-S> </private/tmp/aelx/L-832C/cut-entry-consumer-status/t/tmux-501/default> <display-message> <-p> <-t> <%0> <#{@ae_slot}>
pid=86678 ppid=86677 AE_TMUX_SERVER=<unset> AE_TMUX_SERVER_KIND=<unset> argc=11 <-S> </private/tmp/aelx/L-832C/cut-entry-consumer-status/t/tmux-501/default> <capture-pane> <-p> <-J> <-S> <-40> <-E> <-> <-t> <%0>
pid=86709 ppid=86707 AE_TMUX_SERVER=<unset> AE_TMUX_SERVER_KIND=<unset> argc=5 <-S> </private/tmp/aelx/L-832C/cut-entry-consumer-status/t/tmux-501/default> <list-sessions> <-F> <#{session_id} #{session_name}>
pid=86710 ppid=86604 AE_TMUX_SERVER=<unset> AE_TMUX_SERVER_KIND=<unset> argc=7 <-S> </private/tmp/aelx/L-832C/cut-entry-consumer-status/t/tmux-501/default> <set-option> <-t> <$0> <@ae_watchdog_status> <[watch ● 1/1]>
pid=86723 ppid=86721 AE_TMUX_SERVER=<unset> AE_TMUX_SERVER_KIND=<unset> argc=5 <-S> </private/tmp/aelx/L-832C/cut-entry-consumer-status/t/tmux-501/default> <list-sessions> <-F> <#{session_id} #{session_name}>
pid=86724 ppid=86711 AE_TMUX_SERVER=<unset> AE_TMUX_SERVER_KIND=<unset> argc=7 <-S> </private/tmp/aelx/L-832C/cut-entry-consumer-status/t/tmux-501/default> <set-option> <-t> <$0> <@ae_branch_name> <main>
pid=86732 ppid=86730 AE_TMUX_SERVER=<unset> AE_TMUX_SERVER_KIND=<unset> argc=5 <-S> </private/tmp/aelx/L-832C/cut-entry-consumer-status/t/tmux-501/default> <list-sessions> <-F> <#{session_id} #{session_name}>
pid=86733 ppid=86604 AE_TMUX_SERVER=<unset> AE_TMUX_SERVER_KIND=<unset> argc=7 <-S> </private/tmp/aelx/L-832C/cut-entry-consumer-status/t/tmux-501/default> <set-option> <-t> <$0> <@ae_branch_status> < main>
pid=86744 ppid=86742 AE_TMUX_SERVER=<unset> AE_TMUX_SERVER_KIND=<unset> argc=5 <-S> </private/tmp/aelx/L-832C/cut-entry-consumer-status/t/tmux-501/default> <list-sessions> <-F> <#{session_id} #{session_name}>
pid=86745 ppid=86604 AE_TMUX_SERVER=<unset> AE_TMUX_SERVER_KIND=<unset> argc=7 <-S> </private/tmp/aelx/L-832C/cut-entry-consumer-status/t/tmux-501/default> <set-option> <-t> <$0> <@ae_agents_status> <grok●>
pid=86750 ppid=86749 AE_TMUX_SERVER=<unset> AE_TMUX_SERVER_KIND=<unset> argc=8 <-S> </private/tmp/aelx/L-832C/cut-entry-consumer-status/t/tmux-501/default> <list-panes> <-s> <-t> <proj> <-F> <#{pane_id}|#{window_id}|#{@ae_agent}>
pid=86752 ppid=86604 AE_TMUX_SERVER=<unset> AE_TMUX_SERVER_KIND=<unset> argc=8 <-S> </private/tmp/aelx/L-832C/cut-entry-consumer-status/t/tmux-501/default> <set-option> <-w> <-t> <@0> <@ae_window_status> <●>
pid=86753 ppid=86604 AE_TMUX_SERVER=<unset> AE_TMUX_SERVER_KIND=<unset> argc=8 <-S> </private/tmp/aelx/L-832C/cut-entry-consumer-status/t/tmux-501/default> <set-option> <-w> <-t> <@1> <@ae_window_status> <>
pid=87342 ppid=87330 AE_TMUX_SERVER=<unset> AE_TMUX_SERVER_KIND=<unset> argc=3 <has-session> <-t> <projx>
pid=87369 ppid=87330 AE_TMUX_SERVER=<unset> AE_TMUX_SERVER_KIND=<unset> argc=6 <new-session> <-d> <-s> <projx> <-c> </private/tmp/aelx/L-832C/cut-entry-consumer-status/w>
pid=87371 ppid=87330 AE_TMUX_SERVER=<unset> AE_TMUX_SERVER_KIND=<unset> argc=5 <set-environment> <-t> <projx> <-u> <CLAUDECODE>
pid=87373 ppid=87330 AE_TMUX_SERVER=<unset> AE_TMUX_SERVER_KIND=<unset> argc=5 <set-environment> <-t> <projx> <-u> <CLAUDE_CODE_SESSION>
pid=87374 ppid=87330 AE_TMUX_SERVER=<unset> AE_TMUX_SERVER_KIND=<unset> argc=5 <set-environment> <-t> <projx> <AE_SESSION> <1>
pid=87375 ppid=87330 AE_TMUX_SERVER=<unset> AE_TMUX_SERVER_KIND=<unset> argc=5 <set-environment> <-t> <projx> <AE_ORIGIN> </private/tmp/aelx/L-832C/cut-entry-consumer-status/w>
pid=87376 ppid=87330 AE_TMUX_SERVER=<unset> AE_TMUX_SERVER_KIND=<unset> argc=5 <set-environment> <-t> <projx> <AE_DIR> </private/tmp/aelx/L-832C/cut-entry-consumer-status/w>
pid=87377 ppid=87330 AE_TMUX_SERVER=<unset> AE_TMUX_SERVER_KIND=<unset> argc=5 <set-environment> <-t> <projx> <AE_MODE> <local>
pid=87378 ppid=87330 AE_TMUX_SERVER=<unset> AE_TMUX_SERVER_KIND=<unset> argc=5 <set-environment> <-t> <projx> <AE_HOME> </tmp/aelx/L-832C/cut-entry-consumer-status/h/.ae>
pid=87379 ppid=87330 AE_TMUX_SERVER=<unset> AE_TMUX_SERVER_KIND=<unset> argc=5 <set-option> <-t> <projx> <mouse> <on>
pid=87380 ppid=87330 AE_TMUX_SERVER=<unset> AE_TMUX_SERVER_KIND=<unset> argc=5 <set-option> <-t> <projx> <focus-events> <on>
pid=87381 ppid=87330 AE_TMUX_SERVER=<unset> AE_TMUX_SERVER_KIND=<unset> argc=5 <set-option> <-t> <projx> <history-limit> <50000>
pid=87382 ppid=87330 AE_TMUX_SERVER=<unset> AE_TMUX_SERVER_KIND=<unset> argc=5 <set-option> <-t> <projx> <pane-border-status> <top>
pid=87383 ppid=87330 AE_TMUX_SERVER=<unset> AE_TMUX_SERVER_KIND=<unset> argc=5 <set-option> <-t> <projx> <pane-border-format> < #{@ae_agent} >
pid=87384 ppid=87330 AE_TMUX_SERVER=<unset> AE_TMUX_SERVER_KIND=<unset> argc=3 <has-session> <-t> <projx>
pid=87386 ppid=87385 AE_TMUX_SERVER=<unset> AE_TMUX_SERVER_KIND=<unset> argc=3 <list-sessions> <-F> <#{session_id} #{session_name}>
pid=87395 ppid=87330 AE_TMUX_SERVER=<unset> AE_TMUX_SERVER_KIND=<unset> argc=5 <set-option> <-t> <$1> <status-left> <[ae projx] >
pid=87396 ppid=87330 AE_TMUX_SERVER=<unset> AE_TMUX_SERVER_KIND=<unset> argc=5 <set-option> <-t> <$1> <status-left-length> <40>
pid=87397 ppid=87330 AE_TMUX_SERVER=<unset> AE_TMUX_SERVER_KIND=<unset> argc=5 <set-option> <-t> <$1> <status-right> <[…aelx/L-832C/cut-entry-consumer-status/w#{@ae_branch_status}] #{@ae_watchdog_status}>
pid=87398 ppid=87330 AE_TMUX_SERVER=<unset> AE_TMUX_SERVER_KIND=<unset> argc=5 <set-option> <-t> <$1> <status-right-length> <100>
pid=87399 ppid=87330 AE_TMUX_SERVER=<unset> AE_TMUX_SERVER_KIND=<unset> argc=5 <set-option> <-t> <$1> <status-interval> <5>
pid=87400 ppid=87330 AE_TMUX_SERVER=<unset> AE_TMUX_SERVER_KIND=<unset> argc=5 <set-option> <-t> <$1> <status> <2>
pid=87402 ppid=87401 AE_TMUX_SERVER=<unset> AE_TMUX_SERVER_KIND=<unset> argc=3 <show-options> <-gv> <status-format[0]>
pid=87403 ppid=87330 AE_TMUX_SERVER=<unset> AE_TMUX_SERVER_KIND=<unset> argc=5 <set-option> <-t> <$1> <status-format[0]> <#[align=left range=left #{E:status-left-style}]#[push-default]#{T;=/#{status-left-length}:status-left}#[pop-default]#[norange default]#[list=on align=#{status-justify}]#[list=left-marker]<#[list=right-marker]>#[list=on]#{W:#[range=window|#{window_index} #{E:window-status-style}#{?#{&&:#{window_last_flag},#{!=:#{E:window-status-last-style},default}}, #{E:window-status-last-style},}#{?#{&&:#{window_bell_flag},#{!=:#{E:window-status-bell-style},default}}, #{E:window-status-bell-style},#{?#{&&:#{||:#{window_activity_flag},#{window_silence_flag}},#{!=:#{E:window-status-activity-style},default}}, #{E:window-status-activity-style},}}]#[push-default]#{T:window-status-format}#[pop-default]#[norange default]#{?loop_last_flag,,#{E:window-status-separator}},#[range=window|#{window_index} list=focus #{?#{!=:#{E:window-status-current-style},default},#{E:window-status-current-style},#{E:window-status-style}}#{?#{&&:#{window_last_flag},#{!=:#{E:window-status-last-style},default}}, #{E:window-status-last-style},}#{?#{&&:#{window_bell_flag},#{!=:#{E:window-status-bell-style},default}}, #{E:window-status-bell-style},#{?#{&&:#{||:#{window_activity_flag},#{window_silence_flag}},#{!=:#{E:window-status-activity-style},default}}, #{E:window-status-activity-style},}}]#[push-default]#{T:window-status-current-format}#[pop-default]#[norange list=on default]#{?loop_last_flag,,#{E:window-status-separator}}}#[nolist align=right range=right #{E:status-right-style}]#[push-default]#{T;=/#{status-right-length}:status-right}#[pop-default]#[norange default]>
pid=87404 ppid=87330 AE_TMUX_SERVER=<unset> AE_TMUX_SERVER_KIND=<unset> argc=5 <set-option> <-t> <$1> <status-format[1]> <#[align=left] #{@ae_agent}#[align=right]#{@ae_agents_status} >
pid=87405 ppid=87330 AE_TMUX_SERVER=<unset> AE_TMUX_SERVER_KIND=<unset> argc=5 <set-option> <-t> <$1> <window-status-format> <#I:#W#{@ae_window_status}#F>
pid=87406 ppid=87330 AE_TMUX_SERVER=<unset> AE_TMUX_SERVER_KIND=<unset> argc=5 <set-option> <-t> <$1> <window-status-current-format> <#I:#W#{@ae_window_status}#F>
pid=87407 ppid=87330 AE_TMUX_SERVER=<unset> AE_TMUX_SERVER_KIND=<unset> argc=5 <set-option> <-t> <projx> <automatic-rename> <off>
pid=87409 ppid=87330 AE_TMUX_SERVER=<unset> AE_TMUX_SERVER_KIND=<unset> argc=4 <rename-window> <-t> <projx> <projx>
pid=87410 ppid=87330 AE_TMUX_SERVER=<unset> AE_TMUX_SERVER_KIND=<unset> argc=5 <display-message> <-t> <projx> <-p> <#{pane_id}>
pid=87411 ppid=87330 AE_TMUX_SERVER=<unset> AE_TMUX_SERVER_KIND=<unset> argc=5 <select-pane> <-t> <%3> <-T> <ae:grok:grok>
pid=87412 ppid=87330 AE_TMUX_SERVER=<unset> AE_TMUX_SERVER_KIND=<unset> argc=6 <set-option> <-p> <-t> <%3> <@ae_agent> <grok:grok>
pid=87413 ppid=87330 AE_TMUX_SERVER=<unset> AE_TMUX_SERVER_KIND=<unset> argc=6 <set-option> <-p> <-t> <%3> <@ae_slot> <main>
pid=87431 ppid=87430 AE_TMUX_SERVER=<unset> AE_TMUX_SERVER_KIND=<unset> argc=3 <display-message> <-p> <#{socket_path}>
pid=87537 ppid=87330 AE_TMUX_SERVER=<unset> AE_TMUX_SERVER_KIND=<unset> argc=6 <list-panes> <-s> <-t> <projx> <-F> <#{pane_id}	#{@ae_agent}>
pid=87566 ppid=87565 AE_TMUX_SERVER=<unset> AE_TMUX_SERVER_KIND=<unset> argc=8 <-S> </private/tmp/aelx/L-832C/cut-entry-consumer-status/t/tmux-501/default> <list-panes> <-s> <-t> <projx> <-F> <#{pane_id}|#{@ae_slot}|#{@ae_agent}>
pid=87667 ppid=87665 AE_TMUX_SERVER=<unset> AE_TMUX_SERVER_KIND=<unset> argc=5 <display-message> <-p> <-t> <%3> <#{pane_current_command}>
pid=87669 ppid=87330 AE_TMUX_SERVER=<unset> AE_TMUX_SERVER_KIND=<unset> argc=4 <load-buffer> <-b> <ae-ps-87330-%3> <->
pid=87671 ppid=87330 AE_TMUX_SERVER=<unset> AE_TMUX_SERVER_KIND=<unset> argc=6 <paste-buffer> <-d> <-b> <ae-ps-87330-%3> <-t> <%3>
pid=87673 ppid=87330 AE_TMUX_SERVER=<unset> AE_TMUX_SERVER_KIND=<unset> argc=4 <send-keys> <-t> <%3> <Enter>
pid=87717 ppid=87715 AE_TMUX_SERVER=<unset> AE_TMUX_SERVER_KIND=<unset> argc=8 <-S> </private/tmp/aelx/L-832C/cut-entry-consumer-status/t/tmux-501/default> <list-panes> <-s> <-t> <projx> <-F> <#{pane_id} #{@ae_agent}>
pid=87719 ppid=87718 AE_TMUX_SERVER=<unset> AE_TMUX_SERVER_KIND=<unset> argc=12 <-S> </private/tmp/aelx/L-832C/cut-entry-consumer-status/t/tmux-501/default> <new-window> <-d> <-t> <projx:99> <-n> <ae-monitor> <-P> <-F> <#{pane_id}> </tmp/aelx/L-832C/cut-entry-consumer-status/h/.ae/sessions/projx/events-tail>
pid=87721 ppid=87690 AE_TMUX_SERVER=<unset> AE_TMUX_SERVER_KIND=<unset> argc=8 <-S> </private/tmp/aelx/L-832C/cut-entry-consumer-status/t/tmux-501/default> <set-option> <-p> <-t> <%4> <@ae_agent> <_events>
pid=87723 ppid=87690 AE_TMUX_SERVER=<unset> AE_TMUX_SERVER_KIND=<unset> argc=7 <-S> </private/tmp/aelx/L-832C/cut-entry-consumer-status/t/tmux-501/default> <select-pane> <-t> <%4> <-T> <ae events>
pid=87736 ppid=87690 AE_TMUX_SERVER=<unset> AE_TMUX_SERVER_KIND=<unset> argc=7 <-S> </private/tmp/aelx/L-832C/cut-entry-consumer-status/t/tmux-501/default> <set-window-option> <-t> <projx:ae-monitor> <pane-border-status> <top>
pid=87749 ppid=87690 AE_TMUX_SERVER=<unset> AE_TMUX_SERVER_KIND=<unset> argc=6 <-S> </private/tmp/aelx/L-832C/cut-entry-consumer-status/t/tmux-501/default> <select-pane> <-t> <%4> <-d>
pid=87845 ppid=87842 AE_TMUX_SERVER=<unset> AE_TMUX_SERVER_KIND=<unset> argc=8 <-S> </private/tmp/aelx/L-832C/cut-entry-consumer-status/t/tmux-501/default> <list-panes> <-s> <-t> <projx> <-F> <#{pane_id} #{@ae_agent}>
pid=87868 ppid=87866 AE_TMUX_SERVER=<unset> AE_TMUX_SERVER_KIND=<unset> argc=8 <-S> </private/tmp/aelx/L-832C/cut-entry-consumer-status/t/tmux-501/default> <list-panes> <-s> <-t> <projx> <-F> <#{pane_id} #{@ae_agent}>
pid=87887 ppid=87885 AE_TMUX_SERVER=<unset> AE_TMUX_SERVER_KIND=<unset> argc=8 <-S> </private/tmp/aelx/L-832C/cut-entry-consumer-status/t/tmux-501/default> <list-panes> <-s> <-t> <projx> <-F> <#{pane_id} #{@ae_agent}>
pid=87899 ppid=87897 AE_TMUX_SERVER=<unset> AE_TMUX_SERVER_KIND=<unset> argc=11 <-S> </private/tmp/aelx/L-832C/cut-entry-consumer-status/t/tmux-501/default> <split-window> <-v> <-b> <-t> <%4> <-P> <-F> <#{pane_id}> </tmp/aelx/L-832C/cut-entry-consumer-status/h/.ae/sessions/projx/watchdog _run>
pid=87909 ppid=87776 AE_TMUX_SERVER=<unset> AE_TMUX_SERVER_KIND=<unset> argc=8 <-S> </private/tmp/aelx/L-832C/cut-entry-consumer-status/t/tmux-501/default> <set-option> <-p> <-t> <%5> <@ae_agent> <_watchdog>
pid=87920 ppid=87776 AE_TMUX_SERVER=<unset> AE_TMUX_SERVER_KIND=<unset> argc=7 <-S> </private/tmp/aelx/L-832C/cut-entry-consumer-status/t/tmux-501/default> <select-pane> <-t> <%5> <-T> <ae watchdog>
pid=87941 ppid=87776 AE_TMUX_SERVER=<unset> AE_TMUX_SERVER_KIND=<unset> argc=6 <-S> </private/tmp/aelx/L-832C/cut-entry-consumer-status/t/tmux-501/default> <select-pane> <-t> <%5> <-d>
pid=87965 ppid=87962 AE_TMUX_SERVER=<unset> AE_TMUX_SERVER_KIND=<unset> argc=5 <-S> </private/tmp/aelx/L-832C/cut-entry-consumer-status/t/tmux-501/default> <list-sessions> <-F> <#{session_id} #{session_name}>
pid=87977 ppid=87330 AE_TMUX_SERVER=<unset> AE_TMUX_SERVER_KIND=<unset> argc=3 <select-pane> <-t> <%3>
pid=87981 ppid=87907 AE_TMUX_SERVER=<unset> AE_TMUX_SERVER_KIND=<unset> argc=7 <-S> </private/tmp/aelx/L-832C/cut-entry-consumer-status/t/tmux-501/default> <set-option> <-t> <$1> <@ae_watchdog_status> <[watch ◌ starting]>
pid=87330 ppid=78737 AE_TMUX_SERVER=<unset> AE_TMUX_SERVER_KIND=<unset> argc=3 <attach-session> <-t> <projx>
pid=88018 ppid=88016 AE_TMUX_SERVER=<unset> AE_TMUX_SERVER_KIND=<unset> argc=5 <-S> </private/tmp/aelx/L-832C/cut-entry-consumer-status/t/tmux-501/default> <list-sessions> <-F> <#{session_id} #{session_name}>
pid=88028 ppid=87991 AE_TMUX_SERVER=<unset> AE_TMUX_SERVER_KIND=<unset> argc=7 <-S> </private/tmp/aelx/L-832C/cut-entry-consumer-status/t/tmux-501/default> <set-option> <-t> <$1> <@ae_branch_name> <main>
pid=88052 ppid=88049 AE_TMUX_SERVER=<unset> AE_TMUX_SERVER_KIND=<unset> argc=5 <-S> </private/tmp/aelx/L-832C/cut-entry-consumer-status/t/tmux-501/default> <list-sessions> <-F> <#{session_id} #{session_name}>
pid=88062 ppid=87907 AE_TMUX_SERVER=<unset> AE_TMUX_SERVER_KIND=<unset> argc=7 <-S> </private/tmp/aelx/L-832C/cut-entry-consumer-status/t/tmux-501/default> <set-option> <-t> <$1> <@ae_branch_status> < main>
pid=88072 ppid=87907 AE_TMUX_SERVER=<unset> AE_TMUX_SERVER_KIND=<unset> argc=5 <-S> </private/tmp/aelx/L-832C/cut-entry-consumer-status/t/tmux-501/default> <has-session> <-t> <projx>
pid=88091 ppid=87907 AE_TMUX_SERVER=<unset> AE_TMUX_SERVER_KIND=<unset> argc=8 <-S> </private/tmp/aelx/L-832C/cut-entry-consumer-status/t/tmux-501/default> <list-panes> <-s> <-t> <projx> <-F> <#{pane_id}|#{@ae_agent}|#{pane_current_command}|#{pane_pid}>
pid=88102 ppid=88101 AE_TMUX_SERVER=<unset> AE_TMUX_SERVER_KIND=<unset> argc=7 <-S> </private/tmp/aelx/L-832C/cut-entry-consumer-status/t/tmux-501/default> <display-message> <-p> <-t> <%3> <#{@ae_slot}>
pid=88115 ppid=88114 AE_TMUX_SERVER=<unset> AE_TMUX_SERVER_KIND=<unset> argc=11 <-S> </private/tmp/aelx/L-832C/cut-entry-consumer-status/t/tmux-501/default> <capture-pane> <-p> <-J> <-S> <-40> <-E> <-> <-t> <%3>
pid=88176 ppid=88174 AE_TMUX_SERVER=<unset> AE_TMUX_SERVER_KIND=<unset> argc=5 <-S> </private/tmp/aelx/L-832C/cut-entry-consumer-status/t/tmux-501/default> <list-sessions> <-F> <#{session_id} #{session_name}>
pid=88177 ppid=87907 AE_TMUX_SERVER=<unset> AE_TMUX_SERVER_KIND=<unset> argc=7 <-S> </private/tmp/aelx/L-832C/cut-entry-consumer-status/t/tmux-501/default> <set-option> <-t> <$1> <@ae_watchdog_status> <[watch ● 1/1]>
pid=88190 ppid=88188 AE_TMUX_SERVER=<unset> AE_TMUX_SERVER_KIND=<unset> argc=5 <-S> </private/tmp/aelx/L-832C/cut-entry-consumer-status/t/tmux-501/default> <list-sessions> <-F> <#{session_id} #{session_name}>
pid=88191 ppid=88178 AE_TMUX_SERVER=<unset> AE_TMUX_SERVER_KIND=<unset> argc=7 <-S> </private/tmp/aelx/L-832C/cut-entry-consumer-status/t/tmux-501/default> <set-option> <-t> <$1> <@ae_branch_name> <main>
pid=88199 ppid=88197 AE_TMUX_SERVER=<unset> AE_TMUX_SERVER_KIND=<unset> argc=5 <-S> </private/tmp/aelx/L-832C/cut-entry-consumer-status/t/tmux-501/default> <list-sessions> <-F> <#{session_id} #{session_name}>
pid=88200 ppid=87907 AE_TMUX_SERVER=<unset> AE_TMUX_SERVER_KIND=<unset> argc=7 <-S> </private/tmp/aelx/L-832C/cut-entry-consumer-status/t/tmux-501/default> <set-option> <-t> <$1> <@ae_branch_status> < main>
pid=88211 ppid=88209 AE_TMUX_SERVER=<unset> AE_TMUX_SERVER_KIND=<unset> argc=5 <-S> </private/tmp/aelx/L-832C/cut-entry-consumer-status/t/tmux-501/default> <list-sessions> <-F> <#{session_id} #{session_name}>
pid=88212 ppid=87907 AE_TMUX_SERVER=<unset> AE_TMUX_SERVER_KIND=<unset> argc=7 <-S> </private/tmp/aelx/L-832C/cut-entry-consumer-status/t/tmux-501/default> <set-option> <-t> <$1> <@ae_agents_status> <grok●>
pid=88217 ppid=88216 AE_TMUX_SERVER=<unset> AE_TMUX_SERVER_KIND=<unset> argc=8 <-S> </private/tmp/aelx/L-832C/cut-entry-consumer-status/t/tmux-501/default> <list-panes> <-s> <-t> <projx> <-F> <#{pane_id}|#{window_id}|#{@ae_agent}>
pid=88219 ppid=87907 AE_TMUX_SERVER=<unset> AE_TMUX_SERVER_KIND=<unset> argc=8 <-S> </private/tmp/aelx/L-832C/cut-entry-consumer-status/t/tmux-501/default> <set-option> <-w> <-t> <@2> <@ae_window_status> <●>
pid=88220 ppid=87907 AE_TMUX_SERVER=<unset> AE_TMUX_SERVER_KIND=<unset> argc=8 <-S> </private/tmp/aelx/L-832C/cut-entry-consumer-status/t/tmux-501/default> <set-option> <-w> <-t> <@3> <@ae_window_status> <>
pid=94438 ppid=94434 AE_TMUX_SERVER=<unset> AE_TMUX_SERVER_KIND=<unset> argc=5pid=94437 ppid=94433 AE_TMUX_SERVER=<unset> AE_TMUX_SERVER_KIND=<unset> argc=5 <-S> <-S> </private/tmp/aelx/L-832C/cut-entry-consumer-status/t/tmux-501/default> </private/tmp/aelx/L-832C/cut-entry-consumer-status/t/tmux-501/default> <list-sessions> <list-sessions> <-F> <-F> <#{session_id} #{session_name}> <#{session_id} #{session_name}>

