2026-08-20T02:00:00Z daemon started — include=send,ask,review,reply,done,alert,throttled,chat exclude=<none> inbound=off (no allowed_user_ids)
2026-08-20T02:00:00Z daemon exiting (rc=129, signal=SIGHUP)
2026-08-20T02:00:00Z daemon started — include=send,ask,review,reply,done,alert,throttled,chat exclude=<none> inbound=off (no allowed_user_ids)
2026-08-20T02:00:00Z send_message failed (rc=7): 
2026-08-20T02:00:00Z send failed for 565af20b-a9ad-4de9-8266-896fffce4bcc — will retry from offset 206
2026-08-20T02:00:00Z send_message failed (rc=7): 
2026-08-20T02:00:00Z send failed for 565af20b-a9ad-4de9-8266-896fffce4bcc — will retry from offset 206
2026-08-20T02:00:00Z send_message failed (rc=7): 
2026-08-20T02:00:00Z send failed for 565af20b-a9ad-4de9-8266-896fffce4bcc — will retry from offset 206
2026-08-20T02:00:00Z send_message failed (rc=7): 
2026-08-20T02:00:00Z send failed for 565af20b-a9ad-4de9-8266-896fffce4bcc — will retry from offset 206
2026-08-20T02:00:00Z send_message failed (rc=7): 
2026-08-20T02:00:00Z send failed for 565af20b-a9ad-4de9-8266-896fffce4bcc — will retry from offset 206
2026-08-20T02:00:00Z send_message failed (rc=7): 
2026-08-20T02:00:00Z send failed for 565af20b-a9ad-4de9-8266-896fffce4bcc — will retry from offset 206
2026-08-20T02:00:00Z send_message failed (rc=7): 
2026-08-20T02:00:00Z send failed for 565af20b-a9ad-4de9-8266-896fffce4bcc — will retry from offset 206
2026-08-20T02:00:00Z send_message failed (rc=7): 
2026-08-20T02:00:00Z send failed for 565af20b-a9ad-4de9-8266-896fffce4bcc — will retry from offset 206
2026-08-20T02:00:00Z send_message failed (rc=7): 
2026-08-20T02:00:00Z send failed for 565af20b-a9ad-4de9-8266-896fffce4bcc — will retry from offset 206
2026-08-20T02:00:00Z send_message failed (rc=7): 
2026-08-20T02:00:00Z send failed for 565af20b-a9ad-4de9-8266-896fffce4bcc — will retry from offset 206
2026-08-20T02:00:00Z send_message failed (rc=7): 
2026-08-20T02:00:00Z send failed for 565af20b-a9ad-4de9-8266-896fffce4bcc — will retry from offset 206
2026-08-20T02:00:00Z send_message failed (rc=7): 
2026-08-20T02:00:00Z send failed for 565af20b-a9ad-4de9-8266-896fffce4bcc — will retry from offset 206
2026-08-20T02:00:00Z send_message failed (rc=7): 
2026-08-20T02:00:00Z send failed for 565af20b-a9ad-4de9-8266-896fffce4bcc — will retry from offset 206
2026-08-20T02:00:00Z send_message failed (rc=7): 
2026-08-20T02:00:00Z send failed for 565af20b-a9ad-4de9-8266-896fffce4bcc — will retry from offset 206
2026-08-20T02:00:00Z send_message failed (rc=7): 
2026-08-20T02:00:00Z send failed for 565af20b-a9ad-4de9-8266-896fffce4bcc — will retry from offset 206
2026-08-20T02:00:00Z send_message failed (rc=7): 
2026-08-20T02:00:00Z send failed for 565af20b-a9ad-4de9-8266-896fffce4bcc — will retry from offset 206
2026-08-20T02:00:00Z send_message failed (rc=7): 
2026-08-20T02:00:00Z send failed for 565af20b-a9ad-4de9-8266-896fffce4bcc — will retry from offset 206
2026-08-20T02:00:00Z send_message failed (rc=7): 
2026-08-20T02:00:00Z send failed for 565af20b-a9ad-4de9-8266-896fffce4bcc — will retry from offset 206
2026-08-20T02:00:00Z send_message failed (rc=7): 
2026-08-20T02:00:00Z send failed for 565af20b-a9ad-4de9-8266-896fffce4bcc — will retry from offset 206
2026-08-20T02:00:00Z send_message failed (rc=7): 
2026-08-20T02:00:00Z send failed for 565af20b-a9ad-4de9-8266-896fffce4bcc — will retry from offset 206
2026-08-20T02:00:00Z send_message failed (rc=7): 
2026-08-20T02:00:00Z send failed for 565af20b-a9ad-4de9-8266-896fffce4bcc — will retry from offset 206
2026-08-20T02:00:00Z send_message failed (rc=7): 
2026-08-20T02:00:00Z send failed for 565af20b-a9ad-4de9-8266-896fffce4bcc — will retry from offset 206
2026-08-20T02:00:00Z send_message failed (rc=7): 
2026-08-20T02:00:00Z send failed for 565af20b-a9ad-4de9-8266-896fffce4bcc — will retry from offset 206
2026-08-20T02:00:00Z send_message failed (rc=7): 
2026-08-20T02:00:00Z send failed for 565af20b-a9ad-4de9-8266-896fffce4bcc — will retry from offset 206
2026-08-20T02:00:00Z send_message failed (rc=7): 
2026-08-20T02:00:00Z send failed for 565af20b-a9ad-4de9-8266-896fffce4bcc — will retry from offset 206
2026-08-20T02:00:00Z send_message failed (rc=7): 
2026-08-20T02:00:00Z send failed for 565af20b-a9ad-4de9-8266-896fffce4bcc — will retry from offset 206
2026-08-20T02:00:00Z send_message failed (rc=7): 
2026-08-20T02:00:00Z send failed for 565af20b-a9ad-4de9-8266-896fffce4bcc — will retry from offset 206
2026-08-20T02:00:00Z send_message failed (rc=7): 
2026-08-20T02:00:00Z send failed for 565af20b-a9ad-4de9-8266-896fffce4bcc — will retry from offset 206
2026-08-20T02:00:00Z send_message failed (rc=7): 
2026-08-20T02:00:00Z send failed for 565af20b-a9ad-4de9-8266-896fffce4bcc — will retry from offset 206
2026-08-20T02:00:00Z send_message failed (rc=7): 
2026-08-20T02:00:00Z send failed for 565af20b-a9ad-4de9-8266-896fffce4bcc — will retry from offset 206
2026-08-20T02:00:00Z send_message failed (rc=7): 
2026-08-20T02:00:00Z send failed for 565af20b-a9ad-4de9-8266-896fffce4bcc — will retry from offset 206
2026-08-20T02:00:00Z send_message failed (rc=7): 
2026-08-20T02:00:00Z send failed for 565af20b-a9ad-4de9-8266-896fffce4bcc — will retry from offset 206
2026-08-20T02:00:00Z send_message failed (rc=7): 
2026-08-20T02:00:00Z send failed for 565af20b-a9ad-4de9-8266-896fffce4bcc — will retry from offset 206
2026-08-20T02:00:00Z send_message failed (rc=7): 
2026-08-20T02:00:00Z send failed for 565af20b-a9ad-4de9-8266-896fffce4bcc — will retry from offset 206
2026-08-20T02:00:00Z send_message failed (rc=7): 
2026-08-20T02:00:00Z send failed for 565af20b-a9ad-4de9-8266-896fffce4bcc — will retry from offset 206
2026-08-20T02:00:00Z send_message failed (rc=7): 
2026-08-20T02:00:00Z send failed for 565af20b-a9ad-4de9-8266-896fffce4bcc — will retry from offset 206
2026-08-20T02:00:00Z send_message failed (rc=7): 
2026-08-20T02:00:00Z send failed for 565af20b-a9ad-4de9-8266-896fffce4bcc — will retry from offset 206
2026-08-20T02:00:00Z send_message failed (rc=7): 
2026-08-20T02:00:00Z send failed for 565af20b-a9ad-4de9-8266-896fffce4bcc — will retry from offset 206
2026-08-20T02:00:00Z send_message failed (rc=7): 
2026-08-20T02:00:00Z send failed for 565af20b-a9ad-4de9-8266-896fffce4bcc — will retry from offset 206
2026-08-20T02:00:00Z send_message failed (rc=7): 
2026-08-20T02:00:00Z send failed for 565af20b-a9ad-4de9-8266-896fffce4bcc — will retry from offset 206
2026-08-20T02:00:00Z send_message failed (rc=7): 
2026-08-20T02:00:00Z send failed for 565af20b-a9ad-4de9-8266-896fffce4bcc — will retry from offset 206
2026-08-20T02:00:00Z send_message failed (rc=7): 
2026-08-20T02:00:00Z send failed for 565af20b-a9ad-4de9-8266-896fffce4bcc — will retry from offset 206
2026-08-20T02:00:00Z send_message failed (rc=7): 
2026-08-20T02:00:00Z send failed for 565af20b-a9ad-4de9-8266-896fffce4bcc — will retry from offset 206
2026-08-20T02:00:00Z daemon exiting (rc=143, signal=SIGTERM)
