pid=92328 ppid=92306 AE_TMUX_SERVER=<unset> AE_TMUX_SERVER_KIND=<unset> argc=3 <has-session> <-t> <cpdfl>
pid=92482 ppid=92306 AE_TMUX_SERVER=<unset> AE_TMUX_SERVER_KIND=<unset> argc=6 <new-session> <-d> <-s> <cpdfl> <-c> </private/tmp/aelx/L-DISCRIM/D4-sigpipe-ability-to-fail/w>
pid=92498 ppid=92306 AE_TMUX_SERVER=<unset> AE_TMUX_SERVER_KIND=<unset> argc=5 <set-environment> <-t> <cpdfl> <-u> <CLAUDECODE>
pid=92507 ppid=92306 AE_TMUX_SERVER=<unset> AE_TMUX_SERVER_KIND=<unset> argc=5 <set-environment> <-t> <cpdfl> <-u> <CLAUDE_CODE_SESSION>
pid=92516 ppid=92306 AE_TMUX_SERVER=<unset> AE_TMUX_SERVER_KIND=<unset> argc=5 <set-environment> <-t> <cpdfl> <AE_SESSION> <1>
pid=92524 ppid=92306 AE_TMUX_SERVER=<unset> AE_TMUX_SERVER_KIND=<unset> argc=5 <set-environment> <-t> <cpdfl> <AE_ORIGIN> </private/tmp/aelx/L-DISCRIM/D4-sigpipe-ability-to-fail/w>
pid=92534 ppid=92306 AE_TMUX_SERVER=<unset> AE_TMUX_SERVER_KIND=<unset> argc=5 <set-environment> <-t> <cpdfl> <AE_DIR> </private/tmp/aelx/L-DISCRIM/D4-sigpipe-ability-to-fail/w>
pid=92543 ppid=92306 AE_TMUX_SERVER=<unset> AE_TMUX_SERVER_KIND=<unset> argc=5 <set-environment> <-t> <cpdfl> <AE_MODE> <local>
pid=92553 ppid=92306 AE_TMUX_SERVER=<unset> AE_TMUX_SERVER_KIND=<unset> argc=5 <set-environment> <-t> <cpdfl> <AE_HOME> </tmp/aelx/L-DISCRIM/D4-sigpipe-ability-to-fail/h/.ae>
pid=92562 ppid=92306 AE_TMUX_SERVER=<unset> AE_TMUX_SERVER_KIND=<unset> argc=5 <set-option> <-t> <cpdfl> <mouse> <on>
pid=92571 ppid=92306 AE_TMUX_SERVER=<unset> AE_TMUX_SERVER_KIND=<unset> argc=5 <set-option> <-t> <cpdfl> <focus-events> <on>
pid=92581 ppid=92306 AE_TMUX_SERVER=<unset> AE_TMUX_SERVER_KIND=<unset> argc=5 <set-option> <-t> <cpdfl> <history-limit> <50000>
pid=92590 ppid=92306 AE_TMUX_SERVER=<unset> AE_TMUX_SERVER_KIND=<unset> argc=5 <set-option> <-t> <cpdfl> <pane-border-status> <top>
pid=92600 ppid=92306 AE_TMUX_SERVER=<unset> AE_TMUX_SERVER_KIND=<unset> argc=5 <set-option> <-t> <cpdfl> <pane-border-format> < #{@ae_agent} >
pid=92609 ppid=92306 AE_TMUX_SERVER=<unset> AE_TMUX_SERVER_KIND=<unset> argc=3 <has-session> <-t> <cpdfl>
pid=92619 ppid=92618 AE_TMUX_SERVER=<unset> AE_TMUX_SERVER_KIND=<unset> argc=3 <list-sessions> <-F> <#{session_id} #{session_name}>
pid=92640 ppid=92306 AE_TMUX_SERVER=<unset> AE_TMUX_SERVER_KIND=<unset> argc=5 <set-option> <-t> <$0> <status-left> <[ae cpdfl] >
pid=92647 ppid=92306 AE_TMUX_SERVER=<unset> AE_TMUX_SERVER_KIND=<unset> argc=5 <set-option> <-t> <$0> <status-left-length> <40>
pid=92654 ppid=92306 AE_TMUX_SERVER=<unset> AE_TMUX_SERVER_KIND=<unset> argc=5 <set-option> <-t> <$0> <status-right> <[…/L-DISCRIM/D4-sigpipe-ability-to-fail/w#{@ae_branch_status}] #{@ae_watchdog_status}>
pid=92661 ppid=92306 AE_TMUX_SERVER=<unset> AE_TMUX_SERVER_KIND=<unset> argc=5 <set-option> <-t> <$0> <status-right-length> <100>
pid=92668 ppid=92306 AE_TMUX_SERVER=<unset> AE_TMUX_SERVER_KIND=<unset> argc=5 <set-option> <-t> <$0> <status-interval> <5>
pid=92675 ppid=92306 AE_TMUX_SERVER=<unset> AE_TMUX_SERVER_KIND=<unset> argc=5 <set-option> <-t> <$0> <status> <2>
pid=92678 ppid=92677 AE_TMUX_SERVER=<unset> AE_TMUX_SERVER_KIND=<unset> argc=3 <show-options> <-gv> <status-format[0]>
pid=92679 ppid=92306 AE_TMUX_SERVER=<unset> AE_TMUX_SERVER_KIND=<unset> argc=5 <set-option> <-t> <$0> <status-format[0]> <#[align=left range=left #{E:status-left-style}]#[push-default]#{T;=/#{status-left-length}:status-left}#[pop-default]#[norange default]#[list=on align=#{status-justify}]#[list=left-marker]<#[list=right-marker]>#[list=on]#{W:#[range=window|#{window_index} #{E:window-status-style}#{?#{&&:#{window_last_flag},#{!=:#{E:window-status-last-style},default}}, #{E:window-status-last-style},}#{?#{&&:#{window_bell_flag},#{!=:#{E:window-status-bell-style},default}}, #{E:window-status-bell-style},#{?#{&&:#{||:#{window_activity_flag},#{window_silence_flag}},#{!=:#{E:window-status-activity-style},default}}, #{E:window-status-activity-style},}}]#[push-default]#{T:window-status-format}#[pop-default]#[norange default]#{?loop_last_flag,,#{E:window-status-separator}},#[range=window|#{window_index} list=focus #{?#{!=:#{E:window-status-current-style},default},#{E:window-status-current-style},#{E:window-status-style}}#{?#{&&:#{window_last_flag},#{!=:#{E:window-status-last-style},default}}, #{E:window-status-last-style},}#{?#{&&:#{window_bell_flag},#{!=:#{E:window-status-bell-style},default}}, #{E:window-status-bell-style},#{?#{&&:#{||:#{window_activity_flag},#{window_silence_flag}},#{!=:#{E:window-status-activity-style},default}}, #{E:window-status-activity-style},}}]#[push-default]#{T:window-status-current-format}#[pop-default]#[norange list=on default]#{?loop_last_flag,,#{E:window-status-separator}}}#[nolist align=right range=right #{E:status-right-style}]#[push-default]#{T;=/#{status-right-length}:status-right}#[pop-default]#[norange default]>
pid=92680 ppid=92306 AE_TMUX_SERVER=<unset> AE_TMUX_SERVER_KIND=<unset> argc=5 <set-option> <-t> <$0> <status-format[1]> <#[align=left] #{@ae_agent}#[align=right]#{@ae_agents_status} >
pid=92681 ppid=92306 AE_TMUX_SERVER=<unset> AE_TMUX_SERVER_KIND=<unset> argc=5 <set-option> <-t> <$0> <window-status-format> <#I:#W#{@ae_window_status}#F>
pid=92682 ppid=92306 AE_TMUX_SERVER=<unset> AE_TMUX_SERVER_KIND=<unset> argc=5 <set-option> <-t> <$0> <window-status-current-format> <#I:#W#{@ae_window_status}#F>
pid=92683 ppid=92306 AE_TMUX_SERVER=<unset> AE_TMUX_SERVER_KIND=<unset> argc=5 <set-option> <-t> <cpdfl> <automatic-rename> <off>
pid=92690 ppid=92306 AE_TMUX_SERVER=<unset> AE_TMUX_SERVER_KIND=<unset> argc=4 <rename-window> <-t> <cpdfl> <cpdfl>
pid=92693 ppid=92306 AE_TMUX_SERVER=<unset> AE_TMUX_SERVER_KIND=<unset> argc=5 <display-message> <-t> <cpdfl> <-p> <#{pane_id}>
pid=92694 ppid=92306 AE_TMUX_SERVER=<unset> AE_TMUX_SERVER_KIND=<unset> argc=5 <select-pane> <-t> <%0> <-T> <ae:grok:grok>
pid=92695 ppid=92306 AE_TMUX_SERVER=<unset> AE_TMUX_SERVER_KIND=<unset> argc=6 <set-option> <-p> <-t> <%0> <@ae_agent> <grok:grok>
pid=92696 ppid=92306 AE_TMUX_SERVER=<unset> AE_TMUX_SERVER_KIND=<unset> argc=6 <set-option> <-p> <-t> <%0> <@ae_slot> <main>
pid=92714 ppid=92713 AE_TMUX_SERVER=<unset> AE_TMUX_SERVER_KIND=<unset> argc=3 <display-message> <-p> <#{socket_path}>
pid=92801 ppid=92306 AE_TMUX_SERVER=<unset> AE_TMUX_SERVER_KIND=<unset> argc=6 <list-panes> <-s> <-t> <cpdfl> <-F> <#{pane_id}	#{@ae_agent}>
pid=92822 ppid=92821 AE_TMUX_SERVER=<unset> AE_TMUX_SERVER_KIND=<unset> argc=8 <-S> </private/tmp/aelx/L-DISCRIM/D4-sigpipe-ability-to-fail/t/tmux-501/default> <list-panes> <-s> <-t> <cpdfl> <-F> <#{pane_id}|#{@ae_slot}|#{@ae_agent}>
pid=92891 ppid=92890 AE_TMUX_SERVER=<unset> AE_TMUX_SERVER_KIND=<unset> argc=5 <display-message> <-p> <-t> <%0> <#{pane_current_command}>
pid=92893 ppid=92306 AE_TMUX_SERVER=<unset> AE_TMUX_SERVER_KIND=<unset> argc=4 <load-buffer> <-b> <ae-ps-92306-%0> <->
pid=92895 ppid=92306 AE_TMUX_SERVER=<unset> AE_TMUX_SERVER_KIND=<unset> argc=6 <paste-buffer> <-d> <-b> <ae-ps-92306-%0> <-t> <%0>
pid=93020 ppid=92306 AE_TMUX_SERVER=<unset> AE_TMUX_SERVER_KIND=<unset> argc=4 <send-keys> <-t> <%0> <Enter>
pid=93416 ppid=93414 AE_TMUX_SERVER=<unset> AE_TMUX_SERVER_KIND=<unset> argc=8 <-S> </private/tmp/aelx/L-DISCRIM/D4-sigpipe-ability-to-fail/t/tmux-501/default> <list-panes> <-s> <-t> <cpdfl> <-F> <#{pane_id} #{@ae_agent}>
pid=93418 ppid=93417 AE_TMUX_SERVER=<unset> AE_TMUX_SERVER_KIND=<unset> argc=12 <-S> </private/tmp/aelx/L-DISCRIM/D4-sigpipe-ability-to-fail/t/tmux-501/default> <new-window> <-d> <-t> <cpdfl:99> <-n> <ae-monitor> <-P> <-F> <#{pane_id}> </tmp/aelx/L-DISCRIM/D4-sigpipe-ability-to-fail/h/.ae/sessions/cpdfl/events-tail>
pid=93420 ppid=93369 AE_TMUX_SERVER=<unset> AE_TMUX_SERVER_KIND=<unset> argc=8 <-S> </private/tmp/aelx/L-DISCRIM/D4-sigpipe-ability-to-fail/t/tmux-501/default> <set-option> <-p> <-t> <%1> <@ae_agent> <_events>
pid=93421 ppid=93369 AE_TMUX_SERVER=<unset> AE_TMUX_SERVER_KIND=<unset> argc=7 <-S> </private/tmp/aelx/L-DISCRIM/D4-sigpipe-ability-to-fail/t/tmux-501/default> <select-pane> <-t> <%1> <-T> <ae events>
pid=93422 ppid=93369 AE_TMUX_SERVER=<unset> AE_TMUX_SERVER_KIND=<unset> argc=7 <-S> </private/tmp/aelx/L-DISCRIM/D4-sigpipe-ability-to-fail/t/tmux-501/default> <set-window-option> <-t> <cpdfl:ae-monitor> <pane-border-status> <top>
pid=93423 ppid=93369 AE_TMUX_SERVER=<unset> AE_TMUX_SERVER_KIND=<unset> argc=6 <-S> </private/tmp/aelx/L-DISCRIM/D4-sigpipe-ability-to-fail/t/tmux-501/default> <select-pane> <-t> <%1> <-d>
pid=93457 ppid=93455 AE_TMUX_SERVER=<unset> AE_TMUX_SERVER_KIND=<unset> argc=8 <-S> </private/tmp/aelx/L-DISCRIM/D4-sigpipe-ability-to-fail/t/tmux-501/default> <list-panes> <-s> <-t> <cpdfl> <-F> <#{pane_id} #{@ae_agent}>
pid=93462 ppid=93460 AE_TMUX_SERVER=<unset> AE_TMUX_SERVER_KIND=<unset> argc=8 <-S> </private/tmp/aelx/L-DISCRIM/D4-sigpipe-ability-to-fail/t/tmux-501/default> <list-panes> <-s> <-t> <cpdfl> <-F> <#{pane_id} #{@ae_agent}>
pid=93470 ppid=93468 AE_TMUX_SERVER=<unset> AE_TMUX_SERVER_KIND=<unset> argc=8 <-S> </private/tmp/aelx/L-DISCRIM/D4-sigpipe-ability-to-fail/t/tmux-501/default> <list-panes> <-s> <-t> <cpdfl> <-F> <#{pane_id} #{@ae_agent}>
pid=93472 ppid=93471 AE_TMUX_SERVER=<unset> AE_TMUX_SERVER_KIND=<unset> argc=11 <-S> </private/tmp/aelx/L-DISCRIM/D4-sigpipe-ability-to-fail/t/tmux-501/default> <split-window> <-v> <-b> <-t> <%1> <-P> <-F> <#{pane_id}> </tmp/aelx/L-DISCRIM/D4-sigpipe-ability-to-fail/h/.ae/sessions/cpdfl/watchdog _run>
pid=93474 ppid=93430 AE_TMUX_SERVER=<unset> AE_TMUX_SERVER_KIND=<unset> argc=8 <-S> </private/tmp/aelx/L-DISCRIM/D4-sigpipe-ability-to-fail/t/tmux-501/default> <set-option> <-p> <-t> <%2> <@ae_agent> <_watchdog>
pid=93477 ppid=93430 AE_TMUX_SERVER=<unset> AE_TMUX_SERVER_KIND=<unset> argc=7 <-S> </private/tmp/aelx/L-DISCRIM/D4-sigpipe-ability-to-fail/t/tmux-501/default> <select-pane> <-t> <%2> <-T> <ae watchdog>
pid=93490 ppid=93430 AE_TMUX_SERVER=<unset> AE_TMUX_SERVER_KIND=<unset> argc=6 <-S> </private/tmp/aelx/L-DISCRIM/D4-sigpipe-ability-to-fail/t/tmux-501/default> <select-pane> <-t> <%2> <-d>
pid=93504 ppid=93502 AE_TMUX_SERVER=<unset> AE_TMUX_SERVER_KIND=<unset> argc=5 <-S> </private/tmp/aelx/L-DISCRIM/D4-sigpipe-ability-to-fail/t/tmux-501/default> <list-sessions> <-F> <#{session_id} #{session_name}>
pid=93510 ppid=92306 AE_TMUX_SERVER=<unset> AE_TMUX_SERVER_KIND=<unset> argc=3 <select-pane> <-t> <%0>
pid=93511 ppid=93473 AE_TMUX_SERVER=<unset> AE_TMUX_SERVER_KIND=<unset> argc=7 <-S> </private/tmp/aelx/L-DISCRIM/D4-sigpipe-ability-to-fail/t/tmux-501/default> <set-option> <-t> <$0> <@ae_watchdog_status> <[watch ◌ starting]>
pid=92306 ppid=92260 AE_TMUX_SERVER=<unset> AE_TMUX_SERVER_KIND=<unset> argc=3 <attach-session> <-t> <cpdfl>
pid=93525 ppid=93523 AE_TMUX_SERVER=<unset> AE_TMUX_SERVER_KIND=<unset> argc=5 <-S> </private/tmp/aelx/L-DISCRIM/D4-sigpipe-ability-to-fail/t/tmux-501/default> <list-sessions> <-F> <#{session_id} #{session_name}>
pid=93526 ppid=93512 AE_TMUX_SERVER=<unset> AE_TMUX_SERVER_KIND=<unset> argc=7 <-S> </private/tmp/aelx/L-DISCRIM/D4-sigpipe-ability-to-fail/t/tmux-501/default> <set-option> <-t> <$0> <@ae_branch_name> <main>
pid=93534 ppid=93532 AE_TMUX_SERVER=<unset> AE_TMUX_SERVER_KIND=<unset> argc=5 <-S> </private/tmp/aelx/L-DISCRIM/D4-sigpipe-ability-to-fail/t/tmux-501/default> <list-sessions> <-F> <#{session_id} #{session_name}>
pid=93535 ppid=93473 AE_TMUX_SERVER=<unset> AE_TMUX_SERVER_KIND=<unset> argc=7 <-S> </private/tmp/aelx/L-DISCRIM/D4-sigpipe-ability-to-fail/t/tmux-501/default> <set-option> <-t> <$0> <@ae_branch_status> < main>
pid=93536 ppid=93473 AE_TMUX_SERVER=<unset> AE_TMUX_SERVER_KIND=<unset> argc=5 <-S> </private/tmp/aelx/L-DISCRIM/D4-sigpipe-ability-to-fail/t/tmux-501/default> <has-session> <-t> <cpdfl>
pid=93542 ppid=93473 AE_TMUX_SERVER=<unset> AE_TMUX_SERVER_KIND=<unset> argc=8 <-S> </private/tmp/aelx/L-DISCRIM/D4-sigpipe-ability-to-fail/t/tmux-501/default> <list-panes> <-s> <-t> <cpdfl> <-F> <#{pane_id}|#{@ae_agent}|#{pane_current_command}|#{pane_pid}>
pid=93544 ppid=93543 AE_TMUX_SERVER=<unset> AE_TMUX_SERVER_KIND=<unset> argc=7 <-S> </private/tmp/aelx/L-DISCRIM/D4-sigpipe-ability-to-fail/t/tmux-501/default> <display-message> <-p> <-t> <%0> <#{@ae_slot}>
pid=93547 ppid=93546 AE_TMUX_SERVER=<unset> AE_TMUX_SERVER_KIND=<unset> argc=11 <-S> </private/tmp/aelx/L-DISCRIM/D4-sigpipe-ability-to-fail/t/tmux-501/default> <capture-pane> <-p> <-J> <-S> <-40> <-E> <-> <-t> <%0>
pid=93578 ppid=93576 AE_TMUX_SERVER=<unset> AE_TMUX_SERVER_KIND=<unset> argc=5 <-S> </private/tmp/aelx/L-DISCRIM/D4-sigpipe-ability-to-fail/t/tmux-501/default> <list-sessions> <-F> <#{session_id} #{session_name}>
pid=93579 ppid=93473 AE_TMUX_SERVER=<unset> AE_TMUX_SERVER_KIND=<unset> argc=7 <-S> </private/tmp/aelx/L-DISCRIM/D4-sigpipe-ability-to-fail/t/tmux-501/default> <set-option> <-t> <$0> <@ae_watchdog_status> <[watch ● 1/1]>
pid=93592 ppid=93590 AE_TMUX_SERVER=<unset> AE_TMUX_SERVER_KIND=<unset> argc=5 <-S> </private/tmp/aelx/L-DISCRIM/D4-sigpipe-ability-to-fail/t/tmux-501/default> <list-sessions> <-F> <#{session_id} #{session_name}>
pid=93593 ppid=93580 AE_TMUX_SERVER=<unset> AE_TMUX_SERVER_KIND=<unset> argc=7 <-S> </private/tmp/aelx/L-DISCRIM/D4-sigpipe-ability-to-fail/t/tmux-501/default> <set-option> <-t> <$0> <@ae_branch_name> <main>
pid=93601 ppid=93599 AE_TMUX_SERVER=<unset> AE_TMUX_SERVER_KIND=<unset> argc=5 <-S> </private/tmp/aelx/L-DISCRIM/D4-sigpipe-ability-to-fail/t/tmux-501/default> <list-sessions> <-F> <#{session_id} #{session_name}>
pid=93602 ppid=93473 AE_TMUX_SERVER=<unset> AE_TMUX_SERVER_KIND=<unset> argc=7 <-S> </private/tmp/aelx/L-DISCRIM/D4-sigpipe-ability-to-fail/t/tmux-501/default> <set-option> <-t> <$0> <@ae_branch_status> < main>
pid=93613 ppid=93611 AE_TMUX_SERVER=<unset> AE_TMUX_SERVER_KIND=<unset> argc=5 <-S> </private/tmp/aelx/L-DISCRIM/D4-sigpipe-ability-to-fail/t/tmux-501/default> <list-sessions> <-F> <#{session_id} #{session_name}>
pid=93614 ppid=93473 AE_TMUX_SERVER=<unset> AE_TMUX_SERVER_KIND=<unset> argc=7 <-S> </private/tmp/aelx/L-DISCRIM/D4-sigpipe-ability-to-fail/t/tmux-501/default> <set-option> <-t> <$0> <@ae_agents_status> <grok●>
pid=93619 ppid=93618 AE_TMUX_SERVER=<unset> AE_TMUX_SERVER_KIND=<unset> argc=8 <-S> </private/tmp/aelx/L-DISCRIM/D4-sigpipe-ability-to-fail/t/tmux-501/default> <list-panes> <-s> <-t> <cpdfl> <-F> <#{pane_id}|#{window_id}|#{@ae_agent}>
pid=93621 ppid=93473 AE_TMUX_SERVER=<unset> AE_TMUX_SERVER_KIND=<unset> argc=8 <-S> </private/tmp/aelx/L-DISCRIM/D4-sigpipe-ability-to-fail/t/tmux-501/default> <set-option> <-w> <-t> <@0> <@ae_window_status> <●>
pid=93622 ppid=93473 AE_TMUX_SERVER=<unset> AE_TMUX_SERVER_KIND=<unset> argc=8 <-S> </private/tmp/aelx/L-DISCRIM/D4-sigpipe-ability-to-fail/t/tmux-501/default> <set-option> <-w> <-t> <@1> <@ae_window_status> <>
pid=94185 ppid=94176 AE_TMUX_SERVER=<unset> AE_TMUX_SERVER_KIND=<unset> argc=5 <-S> </private/tmp/aelx/L-DISCRIM/D4-sigpipe-ability-to-fail/t/tmux-501/default> <list-sessions> <-F> <#{session_id} #{session_name}>
pid=94196 ppid=94187 AE_TMUX_SERVER=<unset> AE_TMUX_SERVER_KIND=<unset> argc=6 <-S> </private/tmp/aelx/L-DISCRIM/D4-sigpipe-ability-to-fail/t/tmux-501/default> <show-environment> <-t> <$0> <AE_MODE>
pid=94207 ppid=94198 AE_TMUX_SERVER=<unset> AE_TMUX_SERVER_KIND=<unset> argc=6 <-S> </private/tmp/aelx/L-DISCRIM/D4-sigpipe-ability-to-fail/t/tmux-501/default> <show-environment> <-t> <$0> <AE_ORIGIN>
pid=94219 ppid=94210 AE_TMUX_SERVER=<unset> AE_TMUX_SERVER_KIND=<unset> argc=5 <-S> </private/tmp/aelx/L-DISCRIM/D4-sigpipe-ability-to-fail/t/tmux-501/default> <list-sessions> <-F> <#{session_id} #{session_name}>
pid=94230 ppid=94221 AE_TMUX_SERVER=<unset> AE_TMUX_SERVER_KIND=<unset> argc=6 <-S> </private/tmp/aelx/L-DISCRIM/D4-sigpipe-ability-to-fail/t/tmux-501/default> <show-environment> <-t> <$0> <AE_DIR>
pid=94249 ppid=94027 AE_TMUX_SERVER=<unset> AE_TMUX_SERVER_KIND=<unset> argc=5 <-S> </private/tmp/aelx/L-DISCRIM/D4-sigpipe-ability-to-fail/t/tmux-501/default> <kill-session> <-t> <$0>
pid=94265 ppid=94263 AE_TMUX_SERVER=<unset> AE_TMUX_SERVER_KIND=<unset> argc=5pid=94261 ppid=94251 AE_TMUX_SERVER=<unset> AE_TMUX_SERVER_KIND=<unset> argc=5 <-S> <-S> </private/tmp/aelx/L-DISCRIM/D4-sigpipe-ability-to-fail/t/tmux-501/default> </private/tmp/aelx/L-DISCRIM/D4-sigpipe-ability-to-fail/t/tmux-501/default> <list-sessions> <list-sessions> <-F> <-F> <#{session_id} #{session_name}> <#{session_name}>

pid=94642 ppid=94027 AE_TMUX_SERVER=<unset> AE_TMUX_SERVER_KIND=<unset> argc=3 <has-session> <-t> <cpdfl>
pid=94643 ppid=94027 AE_TMUX_SERVER=<unset> AE_TMUX_SERVER_KIND=<unset> argc=3 <has-session> <-t> <cpdfl>
pid=94659 ppid=94027 AE_TMUX_SERVER=<unset> AE_TMUX_SERVER_KIND=<unset> argc=6 <new-session> <-d> <-s> <cpdfl> <-c> </private/tmp/aelx/L-DISCRIM/D4-sigpipe-ability-to-fail/w>
pid=94663 ppid=94027 AE_TMUX_SERVER=<unset> AE_TMUX_SERVER_KIND=<unset> argc=5 <set-environment> <-t> <cpdfl> <-u> <CLAUDECODE>
pid=94665 ppid=94027 AE_TMUX_SERVER=<unset> AE_TMUX_SERVER_KIND=<unset> argc=5 <set-environment> <-t> <cpdfl> <-u> <CLAUDE_CODE_SESSION>
pid=94666 ppid=94027 AE_TMUX_SERVER=<unset> AE_TMUX_SERVER_KIND=<unset> argc=5 <set-environment> <-t> <cpdfl> <AE_SESSION> <1>
pid=94667 ppid=94027 AE_TMUX_SERVER=<unset> AE_TMUX_SERVER_KIND=<unset> argc=5 <set-environment> <-t> <cpdfl> <AE_ORIGIN> </private/tmp/aelx/L-DISCRIM/D4-sigpipe-ability-to-fail/w>
pid=94668 ppid=94027 AE_TMUX_SERVER=<unset> AE_TMUX_SERVER_KIND=<unset> argc=5 <set-environment> <-t> <cpdfl> <AE_DIR> </private/tmp/aelx/L-DISCRIM/D4-sigpipe-ability-to-fail/w>
pid=94669 ppid=94027 AE_TMUX_SERVER=<unset> AE_TMUX_SERVER_KIND=<unset> argc=5 <set-environment> <-t> <cpdfl> <AE_MODE> <local>
pid=94670 ppid=94027 AE_TMUX_SERVER=<unset> AE_TMUX_SERVER_KIND=<unset> argc=5 <set-environment> <-t> <cpdfl> <AE_HOME> </tmp/aelx/L-DISCRIM/D4-sigpipe-ability-to-fail/h/.ae>
pid=94671 ppid=94027 AE_TMUX_SERVER=<unset> AE_TMUX_SERVER_KIND=<unset> argc=5 <set-option> <-t> <cpdfl> <mouse> <on>
pid=94672 ppid=94027 AE_TMUX_SERVER=<unset> AE_TMUX_SERVER_KIND=<unset> argc=5 <set-option> <-t> <cpdfl> <focus-events> <on>
pid=94673 ppid=94027 AE_TMUX_SERVER=<unset> AE_TMUX_SERVER_KIND=<unset> argc=5 <set-option> <-t> <cpdfl> <history-limit> <50000>
pid=94674 ppid=94027 AE_TMUX_SERVER=<unset> AE_TMUX_SERVER_KIND=<unset> argc=5 <set-option> <-t> <cpdfl> <pane-border-status> <top>
pid=94675 ppid=94027 AE_TMUX_SERVER=<unset> AE_TMUX_SERVER_KIND=<unset> argc=5 <set-option> <-t> <cpdfl> <pane-border-format> < #{@ae_agent} >
pid=94676 ppid=94027 AE_TMUX_SERVER=<unset> AE_TMUX_SERVER_KIND=<unset> argc=3 <has-session> <-t> <cpdfl>
pid=94678 ppid=94677 AE_TMUX_SERVER=<unset> AE_TMUX_SERVER_KIND=<unset> argc=3 <list-sessions> <-F> <#{session_id} #{session_name}>
pid=94687 ppid=94027 AE_TMUX_SERVER=<unset> AE_TMUX_SERVER_KIND=<unset> argc=5 <set-option> <-t> <$0> <status-left> <[ae cpdfl] >
pid=94688 ppid=94027 AE_TMUX_SERVER=<unset> AE_TMUX_SERVER_KIND=<unset> argc=5 <set-option> <-t> <$0> <status-left-length> <40>
pid=94689 ppid=94027 AE_TMUX_SERVER=<unset> AE_TMUX_SERVER_KIND=<unset> argc=5 <set-option> <-t> <$0> <status-right> <[…/L-DISCRIM/D4-sigpipe-ability-to-fail/w#{@ae_branch_status}] #{@ae_watchdog_status}>
pid=94690 ppid=94027 AE_TMUX_SERVER=<unset> AE_TMUX_SERVER_KIND=<unset> argc=5 <set-option> <-t> <$0> <status-right-length> <100>
pid=94691 ppid=94027 AE_TMUX_SERVER=<unset> AE_TMUX_SERVER_KIND=<unset> argc=5 <set-option> <-t> <$0> <status-interval> <5>
pid=94692 ppid=94027 AE_TMUX_SERVER=<unset> AE_TMUX_SERVER_KIND=<unset> argc=5 <set-option> <-t> <$0> <status> <2>
pid=94694 ppid=94693 AE_TMUX_SERVER=<unset> AE_TMUX_SERVER_KIND=<unset> argc=3 <show-options> <-gv> <status-format[0]>
pid=94695 ppid=94027 AE_TMUX_SERVER=<unset> AE_TMUX_SERVER_KIND=<unset> argc=5 <set-option> <-t> <$0> <status-format[0]> <#[align=left range=left #{E:status-left-style}]#[push-default]#{T;=/#{status-left-length}:status-left}#[pop-default]#[norange default]#[list=on align=#{status-justify}]#[list=left-marker]<#[list=right-marker]>#[list=on]#{W:#[range=window|#{window_index} #{E:window-status-style}#{?#{&&:#{window_last_flag},#{!=:#{E:window-status-last-style},default}}, #{E:window-status-last-style},}#{?#{&&:#{window_bell_flag},#{!=:#{E:window-status-bell-style},default}}, #{E:window-status-bell-style},#{?#{&&:#{||:#{window_activity_flag},#{window_silence_flag}},#{!=:#{E:window-status-activity-style},default}}, #{E:window-status-activity-style},}}]#[push-default]#{T:window-status-format}#[pop-default]#[norange default]#{?loop_last_flag,,#{E:window-status-separator}},#[range=window|#{window_index} list=focus #{?#{!=:#{E:window-status-current-style},default},#{E:window-status-current-style},#{E:window-status-style}}#{?#{&&:#{window_last_flag},#{!=:#{E:window-status-last-style},default}}, #{E:window-status-last-style},}#{?#{&&:#{window_bell_flag},#{!=:#{E:window-status-bell-style},default}}, #{E:window-status-bell-style},#{?#{&&:#{||:#{window_activity_flag},#{window_silence_flag}},#{!=:#{E:window-status-activity-style},default}}, #{E:window-status-activity-style},}}]#[push-default]#{T:window-status-current-format}#[pop-default]#[norange list=on default]#{?loop_last_flag,,#{E:window-status-separator}}}#[nolist align=right range=right #{E:status-right-style}]#[push-default]#{T;=/#{status-right-length}:status-right}#[pop-default]#[norange default]>
pid=94696 ppid=94027 AE_TMUX_SERVER=<unset> AE_TMUX_SERVER_KIND=<unset> argc=5 <set-option> <-t> <$0> <status-format[1]> <#[align=left] #{@ae_agent}#[align=right]#{@ae_agents_status} >
pid=94697 ppid=94027 AE_TMUX_SERVER=<unset> AE_TMUX_SERVER_KIND=<unset> argc=5 <set-option> <-t> <$0> <window-status-format> <#I:#W#{@ae_window_status}#F>
pid=94698 ppid=94027 AE_TMUX_SERVER=<unset> AE_TMUX_SERVER_KIND=<unset> argc=5 <set-option> <-t> <$0> <window-status-current-format> <#I:#W#{@ae_window_status}#F>
pid=94699 ppid=94027 AE_TMUX_SERVER=<unset> AE_TMUX_SERVER_KIND=<unset> argc=5 <set-option> <-t> <cpdfl> <automatic-rename> <off>
pid=94701 ppid=94027 AE_TMUX_SERVER=<unset> AE_TMUX_SERVER_KIND=<unset> argc=4 <rename-window> <-t> <cpdfl> <cpdfl>
pid=94702 ppid=94027 AE_TMUX_SERVER=<unset> AE_TMUX_SERVER_KIND=<unset> argc=5 <display-message> <-t> <cpdfl> <-p> <#{pane_id}>
pid=94703 ppid=94027 AE_TMUX_SERVER=<unset> AE_TMUX_SERVER_KIND=<unset> argc=5 <select-pane> <-t> <%0> <-T> <ae:grok:grok>
pid=94704 ppid=94027 AE_TMUX_SERVER=<unset> AE_TMUX_SERVER_KIND=<unset> argc=6 <set-option> <-p> <-t> <%0> <@ae_agent> <grok:grok>
pid=94705 ppid=94027 AE_TMUX_SERVER=<unset> AE_TMUX_SERVER_KIND=<unset> argc=6 <set-option> <-p> <-t> <%0> <@ae_slot> <main>
pid=94724 ppid=94723 AE_TMUX_SERVER=<unset> AE_TMUX_SERVER_KIND=<unset> argc=3 <display-message> <-p> <#{socket_path}>
pid=95073 ppid=94027 AE_TMUX_SERVER=<unset> AE_TMUX_SERVER_KIND=<unset> argc=6 <list-panes> <-s> <-t> <cpdfl> <-F> <#{pane_id}	#{@ae_agent}>
pid=95127 ppid=95125 AE_TMUX_SERVER=<unset> AE_TMUX_SERVER_KIND=<unset> argc=8 <-S> </private/tmp/aelx/L-DISCRIM/D4-sigpipe-ability-to-fail/t/tmux-501/default> <list-panes> <-s> <-t> <cpdfl> <-F> <#{pane_id}|#{@ae_slot}|#{@ae_agent}>
pid=95270 ppid=95269 AE_TMUX_SERVER=<unset> AE_TMUX_SERVER_KIND=<unset> argc=5 <display-message> <-p> <-t> <%0> <#{pane_current_command}>
pid=95272 ppid=94027 AE_TMUX_SERVER=<unset> AE_TMUX_SERVER_KIND=<unset> argc=4 <load-buffer> <-b> <ae-ps-94027-%0> <->
pid=95273 ppid=94027 AE_TMUX_SERVER=<unset> AE_TMUX_SERVER_KIND=<unset> argc=6 <paste-buffer> <-d> <-b> <ae-ps-94027-%0> <-t> <%0>
pid=95276 ppid=94027 AE_TMUX_SERVER=<unset> AE_TMUX_SERVER_KIND=<unset> argc=4 <send-keys> <-t> <%0> <Enter>
pid=95320 ppid=95318 AE_TMUX_SERVER=<unset> AE_TMUX_SERVER_KIND=<unset> argc=8 <-S> </private/tmp/aelx/L-DISCRIM/D4-sigpipe-ability-to-fail/t/tmux-501/default> <list-panes> <-s> <-t> <cpdfl> <-F> <#{pane_id} #{@ae_agent}>
pid=95322 ppid=95321 AE_TMUX_SERVER=<unset> AE_TMUX_SERVER_KIND=<unset> argc=12 <-S> </private/tmp/aelx/L-DISCRIM/D4-sigpipe-ability-to-fail/t/tmux-501/default> <new-window> <-d> <-t> <cpdfl:99> <-n> <ae-monitor> <-P> <-F> <#{pane_id}> </tmp/aelx/L-DISCRIM/D4-sigpipe-ability-to-fail/h/.ae/sessions/cpdfl/events-tail>
pid=95324 ppid=95293 AE_TMUX_SERVER=<unset> AE_TMUX_SERVER_KIND=<unset> argc=8 <-S> </private/tmp/aelx/L-DISCRIM/D4-sigpipe-ability-to-fail/t/tmux-501/default> <set-option> <-p> <-t> <%1> <@ae_agent> <_events>
pid=95325 ppid=95293 AE_TMUX_SERVER=<unset> AE_TMUX_SERVER_KIND=<unset> argc=7 <-S> </private/tmp/aelx/L-DISCRIM/D4-sigpipe-ability-to-fail/t/tmux-501/default> <select-pane> <-t> <%1> <-T> <ae events>
pid=95326 ppid=95293 AE_TMUX_SERVER=<unset> AE_TMUX_SERVER_KIND=<unset> argc=7 <-S> </private/tmp/aelx/L-DISCRIM/D4-sigpipe-ability-to-fail/t/tmux-501/default> <set-window-option> <-t> <cpdfl:ae-monitor> <pane-border-status> <top>
pid=95327 ppid=95293 AE_TMUX_SERVER=<unset> AE_TMUX_SERVER_KIND=<unset> argc=6 <-S> </private/tmp/aelx/L-DISCRIM/D4-sigpipe-ability-to-fail/t/tmux-501/default> <select-pane> <-t> <%1> <-d>
pid=95362 ppid=95360 AE_TMUX_SERVER=<unset> AE_TMUX_SERVER_KIND=<unset> argc=8 <-S> </private/tmp/aelx/L-DISCRIM/D4-sigpipe-ability-to-fail/t/tmux-501/default> <list-panes> <-s> <-t> <cpdfl> <-F> <#{pane_id} #{@ae_agent}>
pid=95367 ppid=95365 AE_TMUX_SERVER=<unset> AE_TMUX_SERVER_KIND=<unset> argc=8 <-S> </private/tmp/aelx/L-DISCRIM/D4-sigpipe-ability-to-fail/t/tmux-501/default> <list-panes> <-s> <-t> <cpdfl> <-F> <#{pane_id} #{@ae_agent}>
pid=95375 ppid=95373 AE_TMUX_SERVER=<unset> AE_TMUX_SERVER_KIND=<unset> argc=8 <-S> </private/tmp/aelx/L-DISCRIM/D4-sigpipe-ability-to-fail/t/tmux-501/default> <list-panes> <-s> <-t> <cpdfl> <-F> <#{pane_id} #{@ae_agent}>
pid=95377 ppid=95376 AE_TMUX_SERVER=<unset> AE_TMUX_SERVER_KIND=<unset> argc=11 <-S> </private/tmp/aelx/L-DISCRIM/D4-sigpipe-ability-to-fail/t/tmux-501/default> <split-window> <-v> <-b> <-t> <%1> <-P> <-F> <#{pane_id}> </tmp/aelx/L-DISCRIM/D4-sigpipe-ability-to-fail/h/.ae/sessions/cpdfl/watchdog _run>
pid=95379 ppid=95334 AE_TMUX_SERVER=<unset> AE_TMUX_SERVER_KIND=<unset> argc=8 <-S> </private/tmp/aelx/L-DISCRIM/D4-sigpipe-ability-to-fail/t/tmux-501/default> <set-option> <-p> <-t> <%2> <@ae_agent> <_watchdog>
pid=95380 ppid=95334 AE_TMUX_SERVER=<unset> AE_TMUX_SERVER_KIND=<unset> argc=7 <-S> </private/tmp/aelx/L-DISCRIM/D4-sigpipe-ability-to-fail/t/tmux-501/default> <select-pane> <-t> <%2> <-T> <ae watchdog>
pid=95391 ppid=95334 AE_TMUX_SERVER=<unset> AE_TMUX_SERVER_KIND=<unset> argc=6 <-S> </private/tmp/aelx/L-DISCRIM/D4-sigpipe-ability-to-fail/t/tmux-501/default> <select-pane> <-t> <%2> <-d>
pid=95412 ppid=95410 AE_TMUX_SERVER=<unset> AE_TMUX_SERVER_KIND=<unset> argc=5 <-S> </private/tmp/aelx/L-DISCRIM/D4-sigpipe-ability-to-fail/t/tmux-501/default> <list-sessions> <-F> <#{session_id} #{session_name}>
pid=95413 ppid=95378 AE_TMUX_SERVER=<unset> AE_TMUX_SERVER_KIND=<unset> argc=7 <-S> </private/tmp/aelx/L-DISCRIM/D4-sigpipe-ability-to-fail/t/tmux-501/default> <set-option> <-t> <$0> <@ae_watchdog_status> <[watch ◌ starting]>
pid=95426 ppid=95424 AE_TMUX_SERVER=<unset> AE_TMUX_SERVER_KIND=<unset> argc=5 <-S> </private/tmp/aelx/L-DISCRIM/D4-sigpipe-ability-to-fail/t/tmux-501/default> <list-sessions> <-F> <#{session_id} #{session_name}>
pid=95427 ppid=95414 AE_TMUX_SERVER=<unset> AE_TMUX_SERVER_KIND=<unset> argc=7 <-S> </private/tmp/aelx/L-DISCRIM/D4-sigpipe-ability-to-fail/t/tmux-501/default> <set-option> <-t> <$0> <@ae_branch_name> <main>
pid=95436 ppid=95434 AE_TMUX_SERVER=<unset> AE_TMUX_SERVER_KIND=<unset> argc=5 <-S> </private/tmp/aelx/L-DISCRIM/D4-sigpipe-ability-to-fail/t/tmux-501/default> <list-sessions> <-F> <#{session_id} #{session_name}>
pid=95437 ppid=95378 AE_TMUX_SERVER=<unset> AE_TMUX_SERVER_KIND=<unset> argc=7 <-S> </private/tmp/aelx/L-DISCRIM/D4-sigpipe-ability-to-fail/t/tmux-501/default> <set-option> <-t> <$0> <@ae_branch_status> < main>
pid=95438 ppid=95378 AE_TMUX_SERVER=<unset> AE_TMUX_SERVER_KIND=<unset> argc=5 <-S> </private/tmp/aelx/L-DISCRIM/D4-sigpipe-ability-to-fail/t/tmux-501/default> <has-session> <-t> <cpdfl>
pid=95445 ppid=95378 AE_TMUX_SERVER=<unset> AE_TMUX_SERVER_KIND=<unset> argc=8 <-S> </private/tmp/aelx/L-DISCRIM/D4-sigpipe-ability-to-fail/t/tmux-501/default> <list-panes> <-s> <-t> <cpdfl> <-F> <#{pane_id}|#{@ae_agent}|#{pane_current_command}|#{pane_pid}>
pid=95449 ppid=95447 AE_TMUX_SERVER=<unset> AE_TMUX_SERVER_KIND=<unset> argc=7 <-S> </private/tmp/aelx/L-DISCRIM/D4-sigpipe-ability-to-fail/t/tmux-501/default> <display-message> <-p> <-t> <%0> <#{@ae_slot}>
pid=95455 ppid=95454 AE_TMUX_SERVER=<unset> AE_TMUX_SERVER_KIND=<unset> argc=11 <-S> </private/tmp/aelx/L-DISCRIM/D4-sigpipe-ability-to-fail/t/tmux-501/default> <capture-pane> <-p> <-J> <-S> <-40> <-E> <-> <-t> <%0>
pid=95486 ppid=95484 AE_TMUX_SERVER=<unset> AE_TMUX_SERVER_KIND=<unset> argc=5 <-S> </private/tmp/aelx/L-DISCRIM/D4-sigpipe-ability-to-fail/t/tmux-501/default> <list-sessions> <-F> <#{session_id} #{session_name}>
pid=95487 ppid=95378 AE_TMUX_SERVER=<unset> AE_TMUX_SERVER_KIND=<unset> argc=7 <-S> </private/tmp/aelx/L-DISCRIM/D4-sigpipe-ability-to-fail/t/tmux-501/default> <set-option> <-t> <$0> <@ae_watchdog_status> <[watch ● 1/1]>
pid=95500 ppid=95498 AE_TMUX_SERVER=<unset> AE_TMUX_SERVER_KIND=<unset> argc=5 <-S> </private/tmp/aelx/L-DISCRIM/D4-sigpipe-ability-to-fail/t/tmux-501/default> <list-sessions> <-F> <#{session_id} #{session_name}>
pid=95501 ppid=95488 AE_TMUX_SERVER=<unset> AE_TMUX_SERVER_KIND=<unset> argc=7 <-S> </private/tmp/aelx/L-DISCRIM/D4-sigpipe-ability-to-fail/t/tmux-501/default> <set-option> <-t> <$0> <@ae_branch_name> <main>
pid=95510 ppid=95508 AE_TMUX_SERVER=<unset> AE_TMUX_SERVER_KIND=<unset> argc=5 <-S> </private/tmp/aelx/L-DISCRIM/D4-sigpipe-ability-to-fail/t/tmux-501/default> <list-sessions> <-F> <#{session_id} #{session_name}>
pid=95511 ppid=95378 AE_TMUX_SERVER=<unset> AE_TMUX_SERVER_KIND=<unset> argc=7 <-S> </private/tmp/aelx/L-DISCRIM/D4-sigpipe-ability-to-fail/t/tmux-501/default> <set-option> <-t> <$0> <@ae_branch_status> < main>
pid=95522 ppid=95520 AE_TMUX_SERVER=<unset> AE_TMUX_SERVER_KIND=<unset> argc=5 <-S> </private/tmp/aelx/L-DISCRIM/D4-sigpipe-ability-to-fail/t/tmux-501/default> <list-sessions> <-F> <#{session_id} #{session_name}>
pid=95523 ppid=95378 AE_TMUX_SERVER=<unset> AE_TMUX_SERVER_KIND=<unset> argc=7 <-S> </private/tmp/aelx/L-DISCRIM/D4-sigpipe-ability-to-fail/t/tmux-501/default> <set-option> <-t> <$0> <@ae_agents_status> <grok●>
pid=95528 ppid=95527 AE_TMUX_SERVER=<unset> AE_TMUX_SERVER_KIND=<unset> argc=8 <-S> </private/tmp/aelx/L-DISCRIM/D4-sigpipe-ability-to-fail/t/tmux-501/default> <list-panes> <-s> <-t> <cpdfl> <-F> <#{pane_id}|#{window_id}|#{@ae_agent}>
pid=95530 ppid=95378 AE_TMUX_SERVER=<unset> AE_TMUX_SERVER_KIND=<unset> argc=8 <-S> </private/tmp/aelx/L-DISCRIM/D4-sigpipe-ability-to-fail/t/tmux-501/default> <set-option> <-w> <-t> <@0> <@ae_window_status> <●>
pid=95531 ppid=95378 AE_TMUX_SERVER=<unset> AE_TMUX_SERVER_KIND=<unset> argc=8 <-S> </private/tmp/aelx/L-DISCRIM/D4-sigpipe-ability-to-fail/t/tmux-501/default> <set-option> <-w> <-t> <@1> <@ae_window_status> <>
pid=95728 ppid=95712 AE_TMUX_SERVER=<unset> AE_TMUX_SERVER_KIND=<unset> argc=3 <has-session> <-t> <cpign>
pid=95766 ppid=95712 AE_TMUX_SERVER=<unset> AE_TMUX_SERVER_KIND=<unset> argc=6 <new-session> <-d> <-s> <cpign> <-c> </private/tmp/aelx/L-DISCRIM/D4-sigpipe-ability-to-fail/w>
pid=95777 ppid=95712 AE_TMUX_SERVER=<unset> AE_TMUX_SERVER_KIND=<unset> argc=5 <set-environment> <-t> <cpign> <-u> <CLAUDECODE>
pid=95787 ppid=95712 AE_TMUX_SERVER=<unset> AE_TMUX_SERVER_KIND=<unset> argc=5 <set-environment> <-t> <cpign> <-u> <CLAUDE_CODE_SESSION>
pid=95796 ppid=95712 AE_TMUX_SERVER=<unset> AE_TMUX_SERVER_KIND=<unset> argc=5 <set-environment> <-t> <cpign> <AE_SESSION> <1>
pid=95809 ppid=95712 AE_TMUX_SERVER=<unset> AE_TMUX_SERVER_KIND=<unset> argc=5 <set-environment> <-t> <cpign> <AE_ORIGIN> </private/tmp/aelx/L-DISCRIM/D4-sigpipe-ability-to-fail/w>
pid=95819 ppid=95712 AE_TMUX_SERVER=<unset> AE_TMUX_SERVER_KIND=<unset> argc=5 <set-environment> <-t> <cpign> <AE_DIR> </private/tmp/aelx/L-DISCRIM/D4-sigpipe-ability-to-fail/w>
pid=95828 ppid=95712 AE_TMUX_SERVER=<unset> AE_TMUX_SERVER_KIND=<unset> argc=5 <set-environment> <-t> <cpign> <AE_MODE> <local>
pid=95838 ppid=95712 AE_TMUX_SERVER=<unset> AE_TMUX_SERVER_KIND=<unset> argc=5 <set-environment> <-t> <cpign> <AE_HOME> </tmp/aelx/L-DISCRIM/D4-sigpipe-ability-to-fail/h/.ae>
pid=95846 ppid=95712 AE_TMUX_SERVER=<unset> AE_TMUX_SERVER_KIND=<unset> argc=5 <set-option> <-t> <cpign> <mouse> <on>
pid=95856 ppid=95712 AE_TMUX_SERVER=<unset> AE_TMUX_SERVER_KIND=<unset> argc=5 <set-option> <-t> <cpign> <focus-events> <on>
pid=95863 ppid=95712 AE_TMUX_SERVER=<unset> AE_TMUX_SERVER_KIND=<unset> argc=5 <set-option> <-t> <cpign> <history-limit> <50000>
pid=95871 ppid=95712 AE_TMUX_SERVER=<unset> AE_TMUX_SERVER_KIND=<unset> argc=5 <set-option> <-t> <cpign> <pane-border-status> <top>
pid=95878 ppid=95712 AE_TMUX_SERVER=<unset> AE_TMUX_SERVER_KIND=<unset> argc=5 <set-option> <-t> <cpign> <pane-border-format> < #{@ae_agent} >
pid=95885 ppid=95712 AE_TMUX_SERVER=<unset> AE_TMUX_SERVER_KIND=<unset> argc=3 <has-session> <-t> <cpign>
pid=95896 ppid=95895 AE_TMUX_SERVER=<unset> AE_TMUX_SERVER_KIND=<unset> argc=3 <list-sessions> <-F> <#{session_id} #{session_name}>
pid=95905 ppid=95712 AE_TMUX_SERVER=<unset> AE_TMUX_SERVER_KIND=<unset> argc=5 <set-option> <-t> <$1> <status-left> <[ae cpign] >
pid=95906 ppid=95712 AE_TMUX_SERVER=<unset> AE_TMUX_SERVER_KIND=<unset> argc=5 <set-option> <-t> <$1> <status-left-length> <40>
pid=95907 ppid=95712 AE_TMUX_SERVER=<unset> AE_TMUX_SERVER_KIND=<unset> argc=5 <set-option> <-t> <$1> <status-right> <[…/L-DISCRIM/D4-sigpipe-ability-to-fail/w#{@ae_branch_status}] #{@ae_watchdog_status}>
pid=95908 ppid=95712 AE_TMUX_SERVER=<unset> AE_TMUX_SERVER_KIND=<unset> argc=5 <set-option> <-t> <$1> <status-right-length> <100>
pid=95912 ppid=95712 AE_TMUX_SERVER=<unset> AE_TMUX_SERVER_KIND=<unset> argc=5 <set-option> <-t> <$1> <status-interval> <5>
pid=95917 ppid=95712 AE_TMUX_SERVER=<unset> AE_TMUX_SERVER_KIND=<unset> argc=5 <set-option> <-t> <$1> <status> <2>
pid=95919 ppid=95918 AE_TMUX_SERVER=<unset> AE_TMUX_SERVER_KIND=<unset> argc=3 <show-options> <-gv> <status-format[0]>
pid=95920 ppid=95712 AE_TMUX_SERVER=<unset> AE_TMUX_SERVER_KIND=<unset> argc=5 <set-option> <-t> <$1> <status-format[0]> <#[align=left range=left #{E:status-left-style}]#[push-default]#{T;=/#{status-left-length}:status-left}#[pop-default]#[norange default]#[list=on align=#{status-justify}]#[list=left-marker]<#[list=right-marker]>#[list=on]#{W:#[range=window|#{window_index} #{E:window-status-style}#{?#{&&:#{window_last_flag},#{!=:#{E:window-status-last-style},default}}, #{E:window-status-last-style},}#{?#{&&:#{window_bell_flag},#{!=:#{E:window-status-bell-style},default}}, #{E:window-status-bell-style},#{?#{&&:#{||:#{window_activity_flag},#{window_silence_flag}},#{!=:#{E:window-status-activity-style},default}}, #{E:window-status-activity-style},}}]#[push-default]#{T:window-status-format}#[pop-default]#[norange default]#{?loop_last_flag,,#{E:window-status-separator}},#[range=window|#{window_index} list=focus #{?#{!=:#{E:window-status-current-style},default},#{E:window-status-current-style},#{E:window-status-style}}#{?#{&&:#{window_last_flag},#{!=:#{E:window-status-last-style},default}}, #{E:window-status-last-style},}#{?#{&&:#{window_bell_flag},#{!=:#{E:window-status-bell-style},default}}, #{E:window-status-bell-style},#{?#{&&:#{||:#{window_activity_flag},#{window_silence_flag}},#{!=:#{E:window-status-activity-style},default}}, #{E:window-status-activity-style},}}]#[push-default]#{T:window-status-current-format}#[pop-default]#[norange list=on default]#{?loop_last_flag,,#{E:window-status-separator}}}#[nolist align=right range=right #{E:status-right-style}]#[push-default]#{T;=/#{status-right-length}:status-right}#[pop-default]#[norange default]>
pid=95921 ppid=95712 AE_TMUX_SERVER=<unset> AE_TMUX_SERVER_KIND=<unset> argc=5 <set-option> <-t> <$1> <status-format[1]> <#[align=left] #{@ae_agent}#[align=right]#{@ae_agents_status} >
pid=95922 ppid=95712 AE_TMUX_SERVER=<unset> AE_TMUX_SERVER_KIND=<unset> argc=5 <set-option> <-t> <$1> <window-status-format> <#I:#W#{@ae_window_status}#F>
pid=95923 ppid=95712 AE_TMUX_SERVER=<unset> AE_TMUX_SERVER_KIND=<unset> argc=5 <set-option> <-t> <$1> <window-status-current-format> <#I:#W#{@ae_window_status}#F>
pid=95924 ppid=95712 AE_TMUX_SERVER=<unset> AE_TMUX_SERVER_KIND=<unset> argc=5 <set-option> <-t> <cpign> <automatic-rename> <off>
pid=95926 ppid=95712 AE_TMUX_SERVER=<unset> AE_TMUX_SERVER_KIND=<unset> argc=4 <rename-window> <-t> <cpign> <cpign>
pid=95927 ppid=95712 AE_TMUX_SERVER=<unset> AE_TMUX_SERVER_KIND=<unset> argc=5 <display-message> <-t> <cpign> <-p> <#{pane_id}>
pid=95928 ppid=95712 AE_TMUX_SERVER=<unset> AE_TMUX_SERVER_KIND=<unset> argc=5 <select-pane> <-t> <%3> <-T> <ae:grok:grok>
pid=95929 ppid=95712 AE_TMUX_SERVER=<unset> AE_TMUX_SERVER_KIND=<unset> argc=6 <set-option> <-p> <-t> <%3> <@ae_agent> <grok:grok>
pid=95930 ppid=95712 AE_TMUX_SERVER=<unset> AE_TMUX_SERVER_KIND=<unset> argc=6 <set-option> <-p> <-t> <%3> <@ae_slot> <main>
pid=95948 ppid=95947 AE_TMUX_SERVER=<unset> AE_TMUX_SERVER_KIND=<unset> argc=3 <display-message> <-p> <#{socket_path}>
pid=96034 ppid=95712 AE_TMUX_SERVER=<unset> AE_TMUX_SERVER_KIND=<unset> argc=6 <list-panes> <-s> <-t> <cpign> <-F> <#{pane_id}	#{@ae_agent}>
pid=96055 ppid=96054 AE_TMUX_SERVER=<unset> AE_TMUX_SERVER_KIND=<unset> argc=8 <-S> </private/tmp/aelx/L-DISCRIM/D4-sigpipe-ability-to-fail/t/tmux-501/default> <list-panes> <-s> <-t> <cpign> <-F> <#{pane_id}|#{@ae_slot}|#{@ae_agent}>
pid=96118 ppid=96117 AE_TMUX_SERVER=<unset> AE_TMUX_SERVER_KIND=<unset> argc=5 <display-message> <-p> <-t> <%3> <#{pane_current_command}>
pid=96120 ppid=95712 AE_TMUX_SERVER=<unset> AE_TMUX_SERVER_KIND=<unset> argc=4 <load-buffer> <-b> <ae-ps-95712-%3> <->
pid=96121 ppid=95712 AE_TMUX_SERVER=<unset> AE_TMUX_SERVER_KIND=<unset> argc=6 <paste-buffer> <-d> <-b> <ae-ps-95712-%3> <-t> <%3>
pid=96262 ppid=95712 AE_TMUX_SERVER=<unset> AE_TMUX_SERVER_KIND=<unset> argc=4 <send-keys> <-t> <%3> <Enter>
pid=96577 ppid=96575 AE_TMUX_SERVER=<unset> AE_TMUX_SERVER_KIND=<unset> argc=8 <-S> </private/tmp/aelx/L-DISCRIM/D4-sigpipe-ability-to-fail/t/tmux-501/default> <list-panes> <-s> <-t> <cpign> <-F> <#{pane_id} #{@ae_agent}>
pid=96579 ppid=96578 AE_TMUX_SERVER=<unset> AE_TMUX_SERVER_KIND=<unset> argc=12 <-S> </private/tmp/aelx/L-DISCRIM/D4-sigpipe-ability-to-fail/t/tmux-501/default> <new-window> <-d> <-t> <cpign:99> <-n> <ae-monitor> <-P> <-F> <#{pane_id}> </tmp/aelx/L-DISCRIM/D4-sigpipe-ability-to-fail/h/.ae/sessions/cpign/events-tail>
pid=96582 ppid=96550 AE_TMUX_SERVER=<unset> AE_TMUX_SERVER_KIND=<unset> argc=8 <-S> </private/tmp/aelx/L-DISCRIM/D4-sigpipe-ability-to-fail/t/tmux-501/default> <set-option> <-p> <-t> <%4> <@ae_agent> <_events>
pid=96583 ppid=96550 AE_TMUX_SERVER=<unset> AE_TMUX_SERVER_KIND=<unset> argc=7 <-S> </private/tmp/aelx/L-DISCRIM/D4-sigpipe-ability-to-fail/t/tmux-501/default> <select-pane> <-t> <%4> <-T> <ae events>
pid=96584 ppid=96550 AE_TMUX_SERVER=<unset> AE_TMUX_SERVER_KIND=<unset> argc=7 <-S> </private/tmp/aelx/L-DISCRIM/D4-sigpipe-ability-to-fail/t/tmux-501/default> <set-window-option> <-t> <cpign:ae-monitor> <pane-border-status> <top>
pid=96585 ppid=96550 AE_TMUX_SERVER=<unset> AE_TMUX_SERVER_KIND=<unset> argc=6 <-S> </private/tmp/aelx/L-DISCRIM/D4-sigpipe-ability-to-fail/t/tmux-501/default> <select-pane> <-t> <%4> <-d>
pid=96619 ppid=96617 AE_TMUX_SERVER=<unset> AE_TMUX_SERVER_KIND=<unset> argc=8 <-S> </private/tmp/aelx/L-DISCRIM/D4-sigpipe-ability-to-fail/t/tmux-501/default> <list-panes> <-s> <-t> <cpign> <-F> <#{pane_id} #{@ae_agent}>
pid=96624 ppid=96622 AE_TMUX_SERVER=<unset> AE_TMUX_SERVER_KIND=<unset> argc=8 <-S> </private/tmp/aelx/L-DISCRIM/D4-sigpipe-ability-to-fail/t/tmux-501/default> <list-panes> <-s> <-t> <cpign> <-F> <#{pane_id} #{@ae_agent}>
pid=96629 ppid=96627 AE_TMUX_SERVER=<unset> AE_TMUX_SERVER_KIND=<unset> argc=8 <-S> </private/tmp/aelx/L-DISCRIM/D4-sigpipe-ability-to-fail/t/tmux-501/default> <list-panes> <-s> <-t> <cpign> <-F> <#{pane_id} #{@ae_agent}>
pid=96634 ppid=96633 AE_TMUX_SERVER=<unset> AE_TMUX_SERVER_KIND=<unset> argc=11 <-S> </private/tmp/aelx/L-DISCRIM/D4-sigpipe-ability-to-fail/t/tmux-501/default> <split-window> <-v> <-b> <-t> <%4> <-P> <-F> <#{pane_id}> </tmp/aelx/L-DISCRIM/D4-sigpipe-ability-to-fail/h/.ae/sessions/cpign/watchdog _run>
pid=96636 ppid=96592 AE_TMUX_SERVER=<unset> AE_TMUX_SERVER_KIND=<unset> argc=8 <-S> </private/tmp/aelx/L-DISCRIM/D4-sigpipe-ability-to-fail/t/tmux-501/default> <set-option> <-p> <-t> <%5> <@ae_agent> <_watchdog>
pid=96637 ppid=96592 AE_TMUX_SERVER=<unset> AE_TMUX_SERVER_KIND=<unset> argc=7 <-S> </private/tmp/aelx/L-DISCRIM/D4-sigpipe-ability-to-fail/t/tmux-501/default> <select-pane> <-t> <%5> <-T> <ae watchdog>
pid=96648 ppid=96592 AE_TMUX_SERVER=<unset> AE_TMUX_SERVER_KIND=<unset> argc=6 <-S> </private/tmp/aelx/L-DISCRIM/D4-sigpipe-ability-to-fail/t/tmux-501/default> <select-pane> <-t> <%5> <-d>
pid=96668 ppid=95712 AE_TMUX_SERVER=<unset> AE_TMUX_SERVER_KIND=<unset> argc=3 <select-pane> <-t> <%3>
pid=96672 ppid=96670 AE_TMUX_SERVER=<unset> AE_TMUX_SERVER_KIND=<unset> argc=5 <-S> </private/tmp/aelx/L-DISCRIM/D4-sigpipe-ability-to-fail/t/tmux-501/default> <list-sessions> <-F> <#{session_id} #{session_name}>
pid=95712 ppid=92260 AE_TMUX_SERVER=<unset> AE_TMUX_SERVER_KIND=<unset> argc=3 <attach-session> <-t> <cpign>
pid=96673 ppid=96635 AE_TMUX_SERVER=<unset> AE_TMUX_SERVER_KIND=<unset> argc=7 <-S> </private/tmp/aelx/L-DISCRIM/D4-sigpipe-ability-to-fail/t/tmux-501/default> <set-option> <-t> <$1> <@ae_watchdog_status> <[watch ◌ starting]>
pid=96687 ppid=96685 AE_TMUX_SERVER=<unset> AE_TMUX_SERVER_KIND=<unset> argc=5 <-S> </private/tmp/aelx/L-DISCRIM/D4-sigpipe-ability-to-fail/t/tmux-501/default> <list-sessions> <-F> <#{session_id} #{session_name}>
pid=96688 ppid=96675 AE_TMUX_SERVER=<unset> AE_TMUX_SERVER_KIND=<unset> argc=7 <-S> </private/tmp/aelx/L-DISCRIM/D4-sigpipe-ability-to-fail/t/tmux-501/default> <set-option> <-t> <$1> <@ae_branch_name> <main>
pid=96696 ppid=96694 AE_TMUX_SERVER=<unset> AE_TMUX_SERVER_KIND=<unset> argc=5 <-S> </private/tmp/aelx/L-DISCRIM/D4-sigpipe-ability-to-fail/t/tmux-501/default> <list-sessions> <-F> <#{session_id} #{session_name}>
pid=96697 ppid=96635 AE_TMUX_SERVER=<unset> AE_TMUX_SERVER_KIND=<unset> argc=7 <-S> </private/tmp/aelx/L-DISCRIM/D4-sigpipe-ability-to-fail/t/tmux-501/default> <set-option> <-t> <$1> <@ae_branch_status> < main>
pid=96698 ppid=96635 AE_TMUX_SERVER=<unset> AE_TMUX_SERVER_KIND=<unset> argc=5 <-S> </private/tmp/aelx/L-DISCRIM/D4-sigpipe-ability-to-fail/t/tmux-501/default> <has-session> <-t> <cpign>
pid=96704 ppid=96635 AE_TMUX_SERVER=<unset> AE_TMUX_SERVER_KIND=<unset> argc=8 <-S> </private/tmp/aelx/L-DISCRIM/D4-sigpipe-ability-to-fail/t/tmux-501/default> <list-panes> <-s> <-t> <cpign> <-F> <#{pane_id}|#{@ae_agent}|#{pane_current_command}|#{pane_pid}>
pid=96706 ppid=96705 AE_TMUX_SERVER=<unset> AE_TMUX_SERVER_KIND=<unset> argc=7 <-S> </private/tmp/aelx/L-DISCRIM/D4-sigpipe-ability-to-fail/t/tmux-501/default> <display-message> <-p> <-t> <%3> <#{@ae_slot}>
pid=96709 ppid=96708 AE_TMUX_SERVER=<unset> AE_TMUX_SERVER_KIND=<unset> argc=11 <-S> </private/tmp/aelx/L-DISCRIM/D4-sigpipe-ability-to-fail/t/tmux-501/default> <capture-pane> <-p> <-J> <-S> <-40> <-E> <-> <-t> <%3>
pid=96740 ppid=96738 AE_TMUX_SERVER=<unset> AE_TMUX_SERVER_KIND=<unset> argc=5 <-S> </private/tmp/aelx/L-DISCRIM/D4-sigpipe-ability-to-fail/t/tmux-501/default> <list-sessions> <-F> <#{session_id} #{session_name}>
pid=96741 ppid=96635 AE_TMUX_SERVER=<unset> AE_TMUX_SERVER_KIND=<unset> argc=7 <-S> </private/tmp/aelx/L-DISCRIM/D4-sigpipe-ability-to-fail/t/tmux-501/default> <set-option> <-t> <$1> <@ae_watchdog_status> <[watch ● 1/1]>
pid=96754 ppid=96752 AE_TMUX_SERVER=<unset> AE_TMUX_SERVER_KIND=<unset> argc=5 <-S> </private/tmp/aelx/L-DISCRIM/D4-sigpipe-ability-to-fail/t/tmux-501/default> <list-sessions> <-F> <#{session_id} #{session_name}>
pid=96755 ppid=96742 AE_TMUX_SERVER=<unset> AE_TMUX_SERVER_KIND=<unset> argc=7 <-S> </private/tmp/aelx/L-DISCRIM/D4-sigpipe-ability-to-fail/t/tmux-501/default> <set-option> <-t> <$1> <@ae_branch_name> <main>
pid=96763 ppid=96761 AE_TMUX_SERVER=<unset> AE_TMUX_SERVER_KIND=<unset> argc=5 <-S> </private/tmp/aelx/L-DISCRIM/D4-sigpipe-ability-to-fail/t/tmux-501/default> <list-sessions> <-F> <#{session_id} #{session_name}>
pid=96764 ppid=96635 AE_TMUX_SERVER=<unset> AE_TMUX_SERVER_KIND=<unset> argc=7 <-S> </private/tmp/aelx/L-DISCRIM/D4-sigpipe-ability-to-fail/t/tmux-501/default> <set-option> <-t> <$1> <@ae_branch_status> < main>
pid=96775 ppid=96773 AE_TMUX_SERVER=<unset> AE_TMUX_SERVER_KIND=<unset> argc=5 <-S> </private/tmp/aelx/L-DISCRIM/D4-sigpipe-ability-to-fail/t/tmux-501/default> <list-sessions> <-F> <#{session_id} #{session_name}>
pid=96776 ppid=96635 AE_TMUX_SERVER=<unset> AE_TMUX_SERVER_KIND=<unset> argc=7 <-S> </private/tmp/aelx/L-DISCRIM/D4-sigpipe-ability-to-fail/t/tmux-501/default> <set-option> <-t> <$1> <@ae_agents_status> <grok●>
pid=96781 ppid=96780 AE_TMUX_SERVER=<unset> AE_TMUX_SERVER_KIND=<unset> argc=8 <-S> </private/tmp/aelx/L-DISCRIM/D4-sigpipe-ability-to-fail/t/tmux-501/default> <list-panes> <-s> <-t> <cpign> <-F> <#{pane_id}|#{window_id}|#{@ae_agent}>
pid=96783 ppid=96635 AE_TMUX_SERVER=<unset> AE_TMUX_SERVER_KIND=<unset> argc=8 <-S> </private/tmp/aelx/L-DISCRIM/D4-sigpipe-ability-to-fail/t/tmux-501/default> <set-option> <-w> <-t> <@2> <@ae_window_status> <●>
pid=96784 ppid=96635 AE_TMUX_SERVER=<unset> AE_TMUX_SERVER_KIND=<unset> argc=8 <-S> </private/tmp/aelx/L-DISCRIM/D4-sigpipe-ability-to-fail/t/tmux-501/default> <set-option> <-w> <-t> <@3> <@ae_window_status> <>
pid=97610 ppid=97601 AE_TMUX_SERVER=<unset> AE_TMUX_SERVER_KIND=<unset> argc=5 <-S> </private/tmp/aelx/L-DISCRIM/D4-sigpipe-ability-to-fail/t/tmux-501/default> <list-sessions> <-F> <#{session_id} #{session_name}>
pid=97624 ppid=97613 AE_TMUX_SERVER=<unset> AE_TMUX_SERVER_KIND=<unset> argc=6 <-S> </private/tmp/aelx/L-DISCRIM/D4-sigpipe-ability-to-fail/t/tmux-501/default> <show-environment> <-t> <$1> <AE_MODE>
pid=97657 ppid=97636 AE_TMUX_SERVER=<unset> AE_TMUX_SERVER_KIND=<unset> argc=6 <-S> </private/tmp/aelx/L-DISCRIM/D4-sigpipe-ability-to-fail/t/tmux-501/default> <show-environment> <-t> <$1> <AE_ORIGIN>
pid=97695 ppid=97677 AE_TMUX_SERVER=<unset> AE_TMUX_SERVER_KIND=<unset> argc=5 <-S> </private/tmp/aelx/L-DISCRIM/D4-sigpipe-ability-to-fail/t/tmux-501/default> <list-sessions> <-F> <#{session_id} #{session_name}>
pid=97728 ppid=97713 AE_TMUX_SERVER=<unset> AE_TMUX_SERVER_KIND=<unset> argc=6 <-S> </private/tmp/aelx/L-DISCRIM/D4-sigpipe-ability-to-fail/t/tmux-501/default> <show-environment> <-t> <$1> <AE_DIR>
pid=97763 ppid=97462 AE_TMUX_SERVER=<unset> AE_TMUX_SERVER_KIND=<unset> argc=5 <-S> </private/tmp/aelx/L-DISCRIM/D4-sigpipe-ability-to-fail/t/tmux-501/default> <kill-session> <-t> <$1>
pid=97779 ppid=97777 AE_TMUX_SERVER=<unset> AE_TMUX_SERVER_KIND=<unset> argc=5pid=97776 ppid=97765 AE_TMUX_SERVER=<unset> AE_TMUX_SERVER_KIND=<unset> argc=5 <-S> <-S> </private/tmp/aelx/L-DISCRIM/D4-sigpipe-ability-to-fail/t/tmux-501/default> </private/tmp/aelx/L-DISCRIM/D4-sigpipe-ability-to-fail/t/tmux-501/default> <list-sessions> <list-sessions> <-F> <-F> <#{session_id} #{session_name}> <#{session_name}>

pid=98181 ppid=97462 AE_TMUX_SERVER=<unset> AE_TMUX_SERVER_KIND=<unset> argc=3 <has-session> <-t> <cpign>
pid=98182 ppid=97462 AE_TMUX_SERVER=<unset> AE_TMUX_SERVER_KIND=<unset> argc=3 <has-session> <-t> <cpign>
pid=98199 ppid=97462 AE_TMUX_SERVER=<unset> AE_TMUX_SERVER_KIND=<unset> argc=6 <new-session> <-d> <-s> <cpign> <-c> </private/tmp/aelx/L-DISCRIM/D4-sigpipe-ability-to-fail/w>
pid=98203 ppid=97462 AE_TMUX_SERVER=<unset> AE_TMUX_SERVER_KIND=<unset> argc=5 <set-environment> <-t> <cpign> <-u> <CLAUDECODE>
pid=98214 ppid=97462 AE_TMUX_SERVER=<unset> AE_TMUX_SERVER_KIND=<unset> argc=5 <set-environment> <-t> <cpign> <-u> <CLAUDE_CODE_SESSION>
pid=98223 ppid=97462 AE_TMUX_SERVER=<unset> AE_TMUX_SERVER_KIND=<unset> argc=5 <set-environment> <-t> <cpign> <AE_SESSION> <1>
pid=98224 ppid=97462 AE_TMUX_SERVER=<unset> AE_TMUX_SERVER_KIND=<unset> argc=5 <set-environment> <-t> <cpign> <AE_ORIGIN> </private/tmp/aelx/L-DISCRIM/D4-sigpipe-ability-to-fail/w>
pid=98225 ppid=97462 AE_TMUX_SERVER=<unset> AE_TMUX_SERVER_KIND=<unset> argc=5 <set-environment> <-t> <cpign> <AE_DIR> </private/tmp/aelx/L-DISCRIM/D4-sigpipe-ability-to-fail/w>
pid=98226 ppid=97462 AE_TMUX_SERVER=<unset> AE_TMUX_SERVER_KIND=<unset> argc=5 <set-environment> <-t> <cpign> <AE_MODE> <local>
pid=98227 ppid=97462 AE_TMUX_SERVER=<unset> AE_TMUX_SERVER_KIND=<unset> argc=5 <set-environment> <-t> <cpign> <AE_HOME> </tmp/aelx/L-DISCRIM/D4-sigpipe-ability-to-fail/h/.ae>
pid=98229 ppid=97462 AE_TMUX_SERVER=<unset> AE_TMUX_SERVER_KIND=<unset> argc=5 <set-option> <-t> <cpign> <mouse> <on>
pid=98230 ppid=97462 AE_TMUX_SERVER=<unset> AE_TMUX_SERVER_KIND=<unset> argc=5 <set-option> <-t> <cpign> <focus-events> <on>
pid=98231 ppid=97462 AE_TMUX_SERVER=<unset> AE_TMUX_SERVER_KIND=<unset> argc=5 <set-option> <-t> <cpign> <history-limit> <50000>
pid=98232 ppid=97462 AE_TMUX_SERVER=<unset> AE_TMUX_SERVER_KIND=<unset> argc=5 <set-option> <-t> <cpign> <pane-border-status> <top>
pid=98233 ppid=97462 AE_TMUX_SERVER=<unset> AE_TMUX_SERVER_KIND=<unset> argc=5 <set-option> <-t> <cpign> <pane-border-format> < #{@ae_agent} >
pid=98234 ppid=97462 AE_TMUX_SERVER=<unset> AE_TMUX_SERVER_KIND=<unset> argc=3 <has-session> <-t> <cpign>
pid=98236 ppid=98235 AE_TMUX_SERVER=<unset> AE_TMUX_SERVER_KIND=<unset> argc=3 <list-sessions> <-F> <#{session_id} #{session_name}>
pid=98245 ppid=97462 AE_TMUX_SERVER=<unset> AE_TMUX_SERVER_KIND=<unset> argc=5 <set-option> <-t> <$2> <status-left> <[ae cpign] >
pid=98246 ppid=97462 AE_TMUX_SERVER=<unset> AE_TMUX_SERVER_KIND=<unset> argc=5 <set-option> <-t> <$2> <status-left-length> <40>
pid=98247 ppid=97462 AE_TMUX_SERVER=<unset> AE_TMUX_SERVER_KIND=<unset> argc=5 <set-option> <-t> <$2> <status-right> <[…/L-DISCRIM/D4-sigpipe-ability-to-fail/w#{@ae_branch_status}] #{@ae_watchdog_status}>
pid=98248 ppid=97462 AE_TMUX_SERVER=<unset> AE_TMUX_SERVER_KIND=<unset> argc=5 <set-option> <-t> <$2> <status-right-length> <100>
pid=98249 ppid=97462 AE_TMUX_SERVER=<unset> AE_TMUX_SERVER_KIND=<unset> argc=5 <set-option> <-t> <$2> <status-interval> <5>
pid=98250 ppid=97462 AE_TMUX_SERVER=<unset> AE_TMUX_SERVER_KIND=<unset> argc=5 <set-option> <-t> <$2> <status> <2>
pid=98252 ppid=98251 AE_TMUX_SERVER=<unset> AE_TMUX_SERVER_KIND=<unset> argc=3 <show-options> <-gv> <status-format[0]>
pid=98253 ppid=97462 AE_TMUX_SERVER=<unset> AE_TMUX_SERVER_KIND=<unset> argc=5 <set-option> <-t> <$2> <status-format[0]> <#[align=left range=left #{E:status-left-style}]#[push-default]#{T;=/#{status-left-length}:status-left}#[pop-default]#[norange default]#[list=on align=#{status-justify}]#[list=left-marker]<#[list=right-marker]>#[list=on]#{W:#[range=window|#{window_index} #{E:window-status-style}#{?#{&&:#{window_last_flag},#{!=:#{E:window-status-last-style},default}}, #{E:window-status-last-style},}#{?#{&&:#{window_bell_flag},#{!=:#{E:window-status-bell-style},default}}, #{E:window-status-bell-style},#{?#{&&:#{||:#{window_activity_flag},#{window_silence_flag}},#{!=:#{E:window-status-activity-style},default}}, #{E:window-status-activity-style},}}]#[push-default]#{T:window-status-format}#[pop-default]#[norange default]#{?loop_last_flag,,#{E:window-status-separator}},#[range=window|#{window_index} list=focus #{?#{!=:#{E:window-status-current-style},default},#{E:window-status-current-style},#{E:window-status-style}}#{?#{&&:#{window_last_flag},#{!=:#{E:window-status-last-style},default}}, #{E:window-status-last-style},}#{?#{&&:#{window_bell_flag},#{!=:#{E:window-status-bell-style},default}}, #{E:window-status-bell-style},#{?#{&&:#{||:#{window_activity_flag},#{window_silence_flag}},#{!=:#{E:window-status-activity-style},default}}, #{E:window-status-activity-style},}}]#[push-default]#{T:window-status-current-format}#[pop-default]#[norange list=on default]#{?loop_last_flag,,#{E:window-status-separator}}}#[nolist align=right range=right #{E:status-right-style}]#[push-default]#{T;=/#{status-right-length}:status-right}#[pop-default]#[norange default]>
pid=98254 ppid=97462 AE_TMUX_SERVER=<unset> AE_TMUX_SERVER_KIND=<unset> argc=5 <set-option> <-t> <$2> <status-format[1]> <#[align=left] #{@ae_agent}#[align=right]#{@ae_agents_status} >
pid=98255 ppid=97462 AE_TMUX_SERVER=<unset> AE_TMUX_SERVER_KIND=<unset> argc=5 <set-option> <-t> <$2> <window-status-format> <#I:#W#{@ae_window_status}#F>
pid=98260 ppid=97462 AE_TMUX_SERVER=<unset> AE_TMUX_SERVER_KIND=<unset> argc=5 <set-option> <-t> <$2> <window-status-current-format> <#I:#W#{@ae_window_status}#F>
pid=98270 ppid=97462 AE_TMUX_SERVER=<unset> AE_TMUX_SERVER_KIND=<unset> argc=5 <set-option> <-t> <cpign> <automatic-rename> <off>
pid=98278 ppid=97462 AE_TMUX_SERVER=<unset> AE_TMUX_SERVER_KIND=<unset> argc=4 <rename-window> <-t> <cpign> <cpign>
pid=98289 ppid=97462 AE_TMUX_SERVER=<unset> AE_TMUX_SERVER_KIND=<unset> argc=5 <display-message> <-t> <cpign> <-p> <#{pane_id}>
pid=98293 ppid=97462 AE_TMUX_SERVER=<unset> AE_TMUX_SERVER_KIND=<unset> argc=5 <select-pane> <-t> <%6> <-T> <ae:grok:grok>
pid=98297 ppid=97462 AE_TMUX_SERVER=<unset> AE_TMUX_SERVER_KIND=<unset> argc=6 <set-option> <-p> <-t> <%6> <@ae_agent> <grok:grok>
pid=98305 ppid=97462 AE_TMUX_SERVER=<unset> AE_TMUX_SERVER_KIND=<unset> argc=6 <set-option> <-p> <-t> <%6> <@ae_slot> <main>
pid=98333 ppid=98332 AE_TMUX_SERVER=<unset> AE_TMUX_SERVER_KIND=<unset> argc=3 <display-message> <-p> <#{socket_path}>
pid=98626 ppid=97462 AE_TMUX_SERVER=<unset> AE_TMUX_SERVER_KIND=<unset> argc=6 <list-panes> <-s> <-t> <cpign> <-F> <#{pane_id}	#{@ae_agent}>
pid=98695 ppid=98692 AE_TMUX_SERVER=<unset> AE_TMUX_SERVER_KIND=<unset> argc=8 <-S> </private/tmp/aelx/L-DISCRIM/D4-sigpipe-ability-to-fail/t/tmux-501/default> <list-panes> <-s> <-t> <cpign> <-F> <#{pane_id}|#{@ae_slot}|#{@ae_agent}>
pid=99042 ppid=99040 AE_TMUX_SERVER=<unset> AE_TMUX_SERVER_KIND=<unset> argc=5 <display-message> <-p> <-t> <%6> <#{pane_current_command}>
pid=99047 ppid=97462 AE_TMUX_SERVER=<unset> AE_TMUX_SERVER_KIND=<unset> argc=4 <load-buffer> <-b> <ae-ps-97462-%6> <->
pid=99053 ppid=97462 AE_TMUX_SERVER=<unset> AE_TMUX_SERVER_KIND=<unset> argc=6 <paste-buffer> <-d> <-b> <ae-ps-97462-%6> <-t> <%6>
pid=99170 ppid=97462 AE_TMUX_SERVER=<unset> AE_TMUX_SERVER_KIND=<unset> argc=4 <send-keys> <-t> <%6> <Enter>
pid=99436 ppid=99434 AE_TMUX_SERVER=<unset> AE_TMUX_SERVER_KIND=<unset> argc=8 <-S> </private/tmp/aelx/L-DISCRIM/D4-sigpipe-ability-to-fail/t/tmux-501/default> <list-panes> <-s> <-t> <cpign> <-F> <#{pane_id} #{@ae_agent}>
pid=99448 ppid=99446 AE_TMUX_SERVER=<unset> AE_TMUX_SERVER_KIND=<unset> argc=12 <-S> </private/tmp/aelx/L-DISCRIM/D4-sigpipe-ability-to-fail/t/tmux-501/default> <new-window> <-d> <-t> <cpign:99> <-n> <ae-monitor> <-P> <-F> <#{pane_id}> </tmp/aelx/L-DISCRIM/D4-sigpipe-ability-to-fail/h/.ae/sessions/cpign/events-tail>
pid=99464 ppid=99320 AE_TMUX_SERVER=<unset> AE_TMUX_SERVER_KIND=<unset> argc=8 <-S> </private/tmp/aelx/L-DISCRIM/D4-sigpipe-ability-to-fail/t/tmux-501/default> <set-option> <-p> <-t> <%7> <@ae_agent> <_events>
pid=99477 ppid=99320 AE_TMUX_SERVER=<unset> AE_TMUX_SERVER_KIND=<unset> argc=7 <-S> </private/tmp/aelx/L-DISCRIM/D4-sigpipe-ability-to-fail/t/tmux-501/default> <select-pane> <-t> <%7> <-T> <ae events>
pid=99485 ppid=99320 AE_TMUX_SERVER=<unset> AE_TMUX_SERVER_KIND=<unset> argc=7 <-S> </private/tmp/aelx/L-DISCRIM/D4-sigpipe-ability-to-fail/t/tmux-501/default> <set-window-option> <-t> <cpign:ae-monitor> <pane-border-status> <top>
pid=99492 ppid=99320 AE_TMUX_SERVER=<unset> AE_TMUX_SERVER_KIND=<unset> argc=6 <-S> </private/tmp/aelx/L-DISCRIM/D4-sigpipe-ability-to-fail/t/tmux-501/default> <select-pane> <-t> <%7> <-d>
pid=99568 ppid=99565 AE_TMUX_SERVER=<unset> AE_TMUX_SERVER_KIND=<unset> argc=8 <-S> </private/tmp/aelx/L-DISCRIM/D4-sigpipe-ability-to-fail/t/tmux-501/default> <list-panes> <-s> <-t> <cpign> <-F> <#{pane_id} #{@ae_agent}>
pid=99578 ppid=99576 AE_TMUX_SERVER=<unset> AE_TMUX_SERVER_KIND=<unset> argc=8 <-S> </private/tmp/aelx/L-DISCRIM/D4-sigpipe-ability-to-fail/t/tmux-501/default> <list-panes> <-s> <-t> <cpign> <-F> <#{pane_id} #{@ae_agent}>
pid=99591 ppid=99589 AE_TMUX_SERVER=<unset> AE_TMUX_SERVER_KIND=<unset> argc=8 <-S> </private/tmp/aelx/L-DISCRIM/D4-sigpipe-ability-to-fail/t/tmux-501/default> <list-panes> <-s> <-t> <cpign> <-F> <#{pane_id} #{@ae_agent}>
pid=99600 ppid=99599 AE_TMUX_SERVER=<unset> AE_TMUX_SERVER_KIND=<unset> argc=11 <-S> </private/tmp/aelx/L-DISCRIM/D4-sigpipe-ability-to-fail/t/tmux-501/default> <split-window> <-v> <-b> <-t> <%7> <-P> <-F> <#{pane_id}> </tmp/aelx/L-DISCRIM/D4-sigpipe-ability-to-fail/h/.ae/sessions/cpign/watchdog _run>
pid=99606 ppid=99516 AE_TMUX_SERVER=<unset> AE_TMUX_SERVER_KIND=<unset> argc=8 <-S> </private/tmp/aelx/L-DISCRIM/D4-sigpipe-ability-to-fail/t/tmux-501/default> <set-option> <-p> <-t> <%8> <@ae_agent> <_watchdog>
pid=99609 ppid=99516 AE_TMUX_SERVER=<unset> AE_TMUX_SERVER_KIND=<unset> argc=7 <-S> </private/tmp/aelx/L-DISCRIM/D4-sigpipe-ability-to-fail/t/tmux-501/default> <select-pane> <-t> <%8> <-T> <ae watchdog>
pid=99624 ppid=99516 AE_TMUX_SERVER=<unset> AE_TMUX_SERVER_KIND=<unset> argc=6 <-S> </private/tmp/aelx/L-DISCRIM/D4-sigpipe-ability-to-fail/t/tmux-501/default> <select-pane> <-t> <%8> <-d>
pid=99655 ppid=97462 AE_TMUX_SERVER=<unset> AE_TMUX_SERVER_KIND=<unset> argc=3 <select-pane> <-t> <%6>
pid=99660 ppid=99658 AE_TMUX_SERVER=<unset> AE_TMUX_SERVER_KIND=<unset> argc=5 <-S> </private/tmp/aelx/L-DISCRIM/D4-sigpipe-ability-to-fail/t/tmux-501/default> <list-sessions> <-F> <#{session_id} #{session_name}>
pid=97462 ppid=97461 AE_TMUX_SERVER=<unset> AE_TMUX_SERVER_KIND=<unset> argc=3 <attach-session> <-t> <cpign>
pid=99666 ppid=99604 AE_TMUX_SERVER=<unset> AE_TMUX_SERVER_KIND=<unset> argc=7 <-S> </private/tmp/aelx/L-DISCRIM/D4-sigpipe-ability-to-fail/t/tmux-501/default> <set-option> <-t> <$2> <@ae_watchdog_status> <[watch ◌ starting]>
pid=99690 ppid=99688 AE_TMUX_SERVER=<unset> AE_TMUX_SERVER_KIND=<unset> argc=5 <-S> </private/tmp/aelx/L-DISCRIM/D4-sigpipe-ability-to-fail/t/tmux-501/default> <list-sessions> <-F> <#{session_id} #{session_name}>
pid=99696 ppid=99673 AE_TMUX_SERVER=<unset> AE_TMUX_SERVER_KIND=<unset> argc=7 <-S> </private/tmp/aelx/L-DISCRIM/D4-sigpipe-ability-to-fail/t/tmux-501/default> <set-option> <-t> <$2> <@ae_branch_name> <main>
pid=99717 ppid=99715 AE_TMUX_SERVER=<unset> AE_TMUX_SERVER_KIND=<unset> argc=5 <-S> </private/tmp/aelx/L-DISCRIM/D4-sigpipe-ability-to-fail/t/tmux-501/default> <list-sessions> <-F> <#{session_id} #{session_name}>
pid=99720 ppid=99604 AE_TMUX_SERVER=<unset> AE_TMUX_SERVER_KIND=<unset> argc=7 <-S> </private/tmp/aelx/L-DISCRIM/D4-sigpipe-ability-to-fail/t/tmux-501/default> <set-option> <-t> <$2> <@ae_branch_status> < main>
pid=99726 ppid=99604 AE_TMUX_SERVER=<unset> AE_TMUX_SERVER_KIND=<unset> argc=5 <-S> </private/tmp/aelx/L-DISCRIM/D4-sigpipe-ability-to-fail/t/tmux-501/default> <has-session> <-t> <cpign>
pid=99740 ppid=99604 AE_TMUX_SERVER=<unset> AE_TMUX_SERVER_KIND=<unset> argc=8 <-S> </private/tmp/aelx/L-DISCRIM/D4-sigpipe-ability-to-fail/t/tmux-501/default> <list-panes> <-s> <-t> <cpign> <-F> <#{pane_id}|#{@ae_agent}|#{pane_current_command}|#{pane_pid}>
pid=99747 ppid=99746 AE_TMUX_SERVER=<unset> AE_TMUX_SERVER_KIND=<unset> argc=7 <-S> </private/tmp/aelx/L-DISCRIM/D4-sigpipe-ability-to-fail/t/tmux-501/default> <display-message> <-p> <-t> <%6> <#{@ae_slot}>
pid=99755 ppid=99754 AE_TMUX_SERVER=<unset> AE_TMUX_SERVER_KIND=<unset> argc=11 <-S> </private/tmp/aelx/L-DISCRIM/D4-sigpipe-ability-to-fail/t/tmux-501/default> <capture-pane> <-p> <-J> <-S> <-40> <-E> <-> <-t> <%6>
pid=99817 ppid=99813 AE_TMUX_SERVER=<unset> AE_TMUX_SERVER_KIND=<unset> argc=5 <-S> </private/tmp/aelx/L-DISCRIM/D4-sigpipe-ability-to-fail/t/tmux-501/default> <list-sessions> <-F> <#{session_id} #{session_name}>
pid=99820 ppid=99604 AE_TMUX_SERVER=<unset> AE_TMUX_SERVER_KIND=<unset> argc=7 <-S> </private/tmp/aelx/L-DISCRIM/D4-sigpipe-ability-to-fail/t/tmux-501/default> <set-option> <-t> <$2> <@ae_watchdog_status> <[watch ● 1/1]>
pid=99836 ppid=99834 AE_TMUX_SERVER=<unset> AE_TMUX_SERVER_KIND=<unset> argc=5 <-S> </private/tmp/aelx/L-DISCRIM/D4-sigpipe-ability-to-fail/t/tmux-501/default> <list-sessions> <-F> <#{session_id} #{session_name}>
pid=99837 ppid=99823 AE_TMUX_SERVER=<unset> AE_TMUX_SERVER_KIND=<unset> argc=7 <-S> </private/tmp/aelx/L-DISCRIM/D4-sigpipe-ability-to-fail/t/tmux-501/default> <set-option> <-t> <$2> <@ae_branch_name> <main>
pid=99851 ppid=99849 AE_TMUX_SERVER=<unset> AE_TMUX_SERVER_KIND=<unset> argc=5 <-S> </private/tmp/aelx/L-DISCRIM/D4-sigpipe-ability-to-fail/t/tmux-501/default> <list-sessions> <-F> <#{session_id} #{session_name}>
pid=99853 ppid=99604 AE_TMUX_SERVER=<unset> AE_TMUX_SERVER_KIND=<unset> argc=7 <-S> </private/tmp/aelx/L-DISCRIM/D4-sigpipe-ability-to-fail/t/tmux-501/default> <set-option> <-t> <$2> <@ae_branch_status> < main>
pid=99864 ppid=99862 AE_TMUX_SERVER=<unset> AE_TMUX_SERVER_KIND=<unset> argc=5 <-S> </private/tmp/aelx/L-DISCRIM/D4-sigpipe-ability-to-fail/t/tmux-501/default> <list-sessions> <-F> <#{session_id} #{session_name}>
pid=99865 ppid=99604 AE_TMUX_SERVER=<unset> AE_TMUX_SERVER_KIND=<unset> argc=7 <-S> </private/tmp/aelx/L-DISCRIM/D4-sigpipe-ability-to-fail/t/tmux-501/default> <set-option> <-t> <$2> <@ae_agents_status> <grok●>
pid=99870 ppid=99869 AE_TMUX_SERVER=<unset> AE_TMUX_SERVER_KIND=<unset> argc=8 <-S> </private/tmp/aelx/L-DISCRIM/D4-sigpipe-ability-to-fail/t/tmux-501/default> <list-panes> <-s> <-t> <cpign> <-F> <#{pane_id}|#{window_id}|#{@ae_agent}>
pid=99872 ppid=99604 AE_TMUX_SERVER=<unset> AE_TMUX_SERVER_KIND=<unset> argc=8 <-S> </private/tmp/aelx/L-DISCRIM/D4-sigpipe-ability-to-fail/t/tmux-501/default> <set-option> <-w> <-t> <@4> <@ae_window_status> <●>
pid=99873 ppid=99604 AE_TMUX_SERVER=<unset> AE_TMUX_SERVER_KIND=<unset> argc=8 <-S> </private/tmp/aelx/L-DISCRIM/D4-sigpipe-ability-to-fail/t/tmux-501/default> <set-option> <-w> <-t> <@5> <@ae_window_status> <>
pid=99984 ppid=99954 AE_TMUX_SERVER=<unset> AE_TMUX_SERVER_KIND=<unset> argc=3 <has-session> <-t> <cpinherit>
pid=130 ppid=99954 AE_TMUX_SERVER=<unset> AE_TMUX_SERVER_KIND=<unset> argc=6 <new-session> <-d> <-s> <cpinherit> <-c> </private/tmp/aelx/L-DISCRIM/D4-sigpipe-ability-to-fail/w>
pid=141 ppid=99954 AE_TMUX_SERVER=<unset> AE_TMUX_SERVER_KIND=<unset> argc=5 <set-environment> <-t> <cpinherit> <-u> <CLAUDECODE>
pid=151 ppid=99954 AE_TMUX_SERVER=<unset> AE_TMUX_SERVER_KIND=<unset> argc=5 <set-environment> <-t> <cpinherit> <-u> <CLAUDE_CODE_SESSION>
pid=160 ppid=99954 AE_TMUX_SERVER=<unset> AE_TMUX_SERVER_KIND=<unset> argc=5 <set-environment> <-t> <cpinherit> <AE_SESSION> <1>
pid=168 ppid=99954 AE_TMUX_SERVER=<unset> AE_TMUX_SERVER_KIND=<unset> argc=5 <set-environment> <-t> <cpinherit> <AE_ORIGIN> </private/tmp/aelx/L-DISCRIM/D4-sigpipe-ability-to-fail/w>
pid=178 ppid=99954 AE_TMUX_SERVER=<unset> AE_TMUX_SERVER_KIND=<unset> argc=5 <set-environment> <-t> <cpinherit> <AE_DIR> </private/tmp/aelx/L-DISCRIM/D4-sigpipe-ability-to-fail/w>
pid=187 ppid=99954 AE_TMUX_SERVER=<unset> AE_TMUX_SERVER_KIND=<unset> argc=5 <set-environment> <-t> <cpinherit> <AE_MODE> <local>
pid=196 ppid=99954 AE_TMUX_SERVER=<unset> AE_TMUX_SERVER_KIND=<unset> argc=5 <set-environment> <-t> <cpinherit> <AE_HOME> </tmp/aelx/L-DISCRIM/D4-sigpipe-ability-to-fail/h/.ae>
pid=205 ppid=99954 AE_TMUX_SERVER=<unset> AE_TMUX_SERVER_KIND=<unset> argc=5 <set-option> <-t> <cpinherit> <mouse> <on>
pid=227 ppid=99954 AE_TMUX_SERVER=<unset> AE_TMUX_SERVER_KIND=<unset> argc=5 <set-option> <-t> <cpinherit> <focus-events> <on>
pid=237 ppid=99954 AE_TMUX_SERVER=<unset> AE_TMUX_SERVER_KIND=<unset> argc=5 <set-option> <-t> <cpinherit> <history-limit> <50000>
pid=247 ppid=99954 AE_TMUX_SERVER=<unset> AE_TMUX_SERVER_KIND=<unset> argc=5 <set-option> <-t> <cpinherit> <pane-border-status> <top>
pid=256 ppid=99954 AE_TMUX_SERVER=<unset> AE_TMUX_SERVER_KIND=<unset> argc=5 <set-option> <-t> <cpinherit> <pane-border-format> < #{@ae_agent} >
pid=265 ppid=99954 AE_TMUX_SERVER=<unset> AE_TMUX_SERVER_KIND=<unset> argc=3 <has-session> <-t> <cpinherit>
pid=276 ppid=275 AE_TMUX_SERVER=<unset> AE_TMUX_SERVER_KIND=<unset> argc=3 <list-sessions> <-F> <#{session_id} #{session_name}>
pid=298 ppid=99954 AE_TMUX_SERVER=<unset> AE_TMUX_SERVER_KIND=<unset> argc=5 <set-option> <-t> <$3> <status-left> <[ae cpinherit] >
pid=309 ppid=99954 AE_TMUX_SERVER=<unset> AE_TMUX_SERVER_KIND=<unset> argc=5 <set-option> <-t> <$3> <status-left-length> <40>
pid=317 ppid=99954 AE_TMUX_SERVER=<unset> AE_TMUX_SERVER_KIND=<unset> argc=5 <set-option> <-t> <$3> <status-right> <[…/L-DISCRIM/D4-sigpipe-ability-to-fail/w#{@ae_branch_status}] #{@ae_watchdog_status}>
pid=324 ppid=99954 AE_TMUX_SERVER=<unset> AE_TMUX_SERVER_KIND=<unset> argc=5 <set-option> <-t> <$3> <status-right-length> <100>
pid=331 ppid=99954 AE_TMUX_SERVER=<unset> AE_TMUX_SERVER_KIND=<unset> argc=5 <set-option> <-t> <$3> <status-interval> <5>
pid=338 ppid=99954 AE_TMUX_SERVER=<unset> AE_TMUX_SERVER_KIND=<unset> argc=5 <set-option> <-t> <$3> <status> <2>
pid=346 ppid=345 AE_TMUX_SERVER=<unset> AE_TMUX_SERVER_KIND=<unset> argc=3 <show-options> <-gv> <status-format[0]>
pid=351 ppid=99954 AE_TMUX_SERVER=<unset> AE_TMUX_SERVER_KIND=<unset> argc=5 <set-option> <-t> <$3> <status-format[0]> <#[align=left range=left #{E:status-left-style}]#[push-default]#{T;=/#{status-left-length}:status-left}#[pop-default]#[norange default]#[list=on align=#{status-justify}]#[list=left-marker]<#[list=right-marker]>#[list=on]#{W:#[range=window|#{window_index} #{E:window-status-style}#{?#{&&:#{window_last_flag},#{!=:#{E:window-status-last-style},default}}, #{E:window-status-last-style},}#{?#{&&:#{window_bell_flag},#{!=:#{E:window-status-bell-style},default}}, #{E:window-status-bell-style},#{?#{&&:#{||:#{window_activity_flag},#{window_silence_flag}},#{!=:#{E:window-status-activity-style},default}}, #{E:window-status-activity-style},}}]#[push-default]#{T:window-status-format}#[pop-default]#[norange default]#{?loop_last_flag,,#{E:window-status-separator}},#[range=window|#{window_index} list=focus #{?#{!=:#{E:window-status-current-style},default},#{E:window-status-current-style},#{E:window-status-style}}#{?#{&&:#{window_last_flag},#{!=:#{E:window-status-last-style},default}}, #{E:window-status-last-style},}#{?#{&&:#{window_bell_flag},#{!=:#{E:window-status-bell-style},default}}, #{E:window-status-bell-style},#{?#{&&:#{||:#{window_activity_flag},#{window_silence_flag}},#{!=:#{E:window-status-activity-style},default}}, #{E:window-status-activity-style},}}]#[push-default]#{T:window-status-current-format}#[pop-default]#[norange list=on default]#{?loop_last_flag,,#{E:window-status-separator}}}#[nolist align=right range=right #{E:status-right-style}]#[push-default]#{T;=/#{status-right-length}:status-right}#[pop-default]#[norange default]>
pid=352 ppid=99954 AE_TMUX_SERVER=<unset> AE_TMUX_SERVER_KIND=<unset> argc=5 <set-option> <-t> <$3> <status-format[1]> <#[align=left] #{@ae_agent}#[align=right]#{@ae_agents_status} >
pid=353 ppid=99954 AE_TMUX_SERVER=<unset> AE_TMUX_SERVER_KIND=<unset> argc=5 <set-option> <-t> <$3> <window-status-format> <#I:#W#{@ae_window_status}#F>
pid=354 ppid=99954 AE_TMUX_SERVER=<unset> AE_TMUX_SERVER_KIND=<unset> argc=5 <set-option> <-t> <$3> <window-status-current-format> <#I:#W#{@ae_window_status}#F>
pid=355 ppid=99954 AE_TMUX_SERVER=<unset> AE_TMUX_SERVER_KIND=<unset> argc=5 <set-option> <-t> <cpinherit> <automatic-rename> <off>
pid=357 ppid=99954 AE_TMUX_SERVER=<unset> AE_TMUX_SERVER_KIND=<unset> argc=4 <rename-window> <-t> <cpinherit> <cpinherit>
pid=358 ppid=99954 AE_TMUX_SERVER=<unset> AE_TMUX_SERVER_KIND=<unset> argc=5 <display-message> <-t> <cpinherit> <-p> <#{pane_id}>
pid=359 ppid=99954 AE_TMUX_SERVER=<unset> AE_TMUX_SERVER_KIND=<unset> argc=5 <select-pane> <-t> <%9> <-T> <ae:grok:grok>
pid=363 ppid=99954 AE_TMUX_SERVER=<unset> AE_TMUX_SERVER_KIND=<unset> argc=6 <set-option> <-p> <-t> <%9> <@ae_agent> <grok:grok>
pid=368 ppid=99954 AE_TMUX_SERVER=<unset> AE_TMUX_SERVER_KIND=<unset> argc=6 <set-option> <-p> <-t> <%9> <@ae_slot> <main>
pid=386 ppid=385 AE_TMUX_SERVER=<unset> AE_TMUX_SERVER_KIND=<unset> argc=3 <display-message> <-p> <#{socket_path}>
pid=472 ppid=99954 AE_TMUX_SERVER=<unset> AE_TMUX_SERVER_KIND=<unset> argc=6 <list-panes> <-s> <-t> <cpinherit> <-F> <#{pane_id}	#{@ae_agent}>
pid=493 ppid=492 AE_TMUX_SERVER=<unset> AE_TMUX_SERVER_KIND=<unset> argc=8 <-S> </private/tmp/aelx/L-DISCRIM/D4-sigpipe-ability-to-fail/t/tmux-501/default> <list-panes> <-s> <-t> <cpinherit> <-F> <#{pane_id}|#{@ae_slot}|#{@ae_agent}>
pid=601 ppid=594 AE_TMUX_SERVER=<unset> AE_TMUX_SERVER_KIND=<unset> argc=5 <display-message> <-p> <-t> <%9> <#{pane_current_command}>
pid=609 ppid=99954 AE_TMUX_SERVER=<unset> AE_TMUX_SERVER_KIND=<unset> argc=4 <load-buffer> <-b> <ae-ps-99954-%9> <->
pid=610 ppid=99954 AE_TMUX_SERVER=<unset> AE_TMUX_SERVER_KIND=<unset> argc=6 <paste-buffer> <-d> <-b> <ae-ps-99954-%9> <-t> <%9>
pid=643 ppid=99954 AE_TMUX_SERVER=<unset> AE_TMUX_SERVER_KIND=<unset> argc=4 <send-keys> <-t> <%9> <Enter>
pid=905 ppid=903 AE_TMUX_SERVER=<unset> AE_TMUX_SERVER_KIND=<unset> argc=8 <-S> </private/tmp/aelx/L-DISCRIM/D4-sigpipe-ability-to-fail/t/tmux-501/default> <list-panes> <-s> <-t> <cpinherit> <-F> <#{pane_id} #{@ae_agent}>
pid=907 ppid=906 AE_TMUX_SERVER=<unset> AE_TMUX_SERVER_KIND=<unset> argc=12 <-S> </private/tmp/aelx/L-DISCRIM/D4-sigpipe-ability-to-fail/t/tmux-501/default> <new-window> <-d> <-t> <cpinherit:99> <-n> <ae-monitor> <-P> <-F> <#{pane_id}> </tmp/aelx/L-DISCRIM/D4-sigpipe-ability-to-fail/h/.ae/sessions/cpinherit/events-tail>
pid=910 ppid=876 AE_TMUX_SERVER=<unset> AE_TMUX_SERVER_KIND=<unset> argc=8 <-S> </private/tmp/aelx/L-DISCRIM/D4-sigpipe-ability-to-fail/t/tmux-501/default> <set-option> <-p> <-t> <%10> <@ae_agent> <_events>
pid=911 ppid=876 AE_TMUX_SERVER=<unset> AE_TMUX_SERVER_KIND=<unset> argc=7 <-S> </private/tmp/aelx/L-DISCRIM/D4-sigpipe-ability-to-fail/t/tmux-501/default> <select-pane> <-t> <%10> <-T> <ae events>
pid=912 ppid=876 AE_TMUX_SERVER=<unset> AE_TMUX_SERVER_KIND=<unset> argc=7 <-S> </private/tmp/aelx/L-DISCRIM/D4-sigpipe-ability-to-fail/t/tmux-501/default> <set-window-option> <-t> <cpinherit:ae-monitor> <pane-border-status> <top>
pid=913 ppid=876 AE_TMUX_SERVER=<unset> AE_TMUX_SERVER_KIND=<unset> argc=6 <-S> </private/tmp/aelx/L-DISCRIM/D4-sigpipe-ability-to-fail/t/tmux-501/default> <select-pane> <-t> <%10> <-d>
pid=950 ppid=948 AE_TMUX_SERVER=<unset> AE_TMUX_SERVER_KIND=<unset> argc=8 <-S> </private/tmp/aelx/L-DISCRIM/D4-sigpipe-ability-to-fail/t/tmux-501/default> <list-panes> <-s> <-t> <cpinherit> <-F> <#{pane_id} #{@ae_agent}>
pid=955 ppid=953 AE_TMUX_SERVER=<unset> AE_TMUX_SERVER_KIND=<unset> argc=8 <-S> </private/tmp/aelx/L-DISCRIM/D4-sigpipe-ability-to-fail/t/tmux-501/default> <list-panes> <-s> <-t> <cpinherit> <-F> <#{pane_id} #{@ae_agent}>
pid=960 ppid=958 AE_TMUX_SERVER=<unset> AE_TMUX_SERVER_KIND=<unset> argc=8 <-S> </private/tmp/aelx/L-DISCRIM/D4-sigpipe-ability-to-fail/t/tmux-501/default> <list-panes> <-s> <-t> <cpinherit> <-F> <#{pane_id} #{@ae_agent}>
pid=966 ppid=963 AE_TMUX_SERVER=<unset> AE_TMUX_SERVER_KIND=<unset> argc=11 <-S> </private/tmp/aelx/L-DISCRIM/D4-sigpipe-ability-to-fail/t/tmux-501/default> <split-window> <-v> <-b> <-t> <%10> <-P> <-F> <#{pane_id}> </tmp/aelx/L-DISCRIM/D4-sigpipe-ability-to-fail/h/.ae/sessions/cpinherit/watchdog _run>
pid=968 ppid=920 AE_TMUX_SERVER=<unset> AE_TMUX_SERVER_KIND=<unset> argc=8 <-S> </private/tmp/aelx/L-DISCRIM/D4-sigpipe-ability-to-fail/t/tmux-501/default> <set-option> <-p> <-t> <%11> <@ae_agent> <_watchdog>
pid=969 ppid=920 AE_TMUX_SERVER=<unset> AE_TMUX_SERVER_KIND=<unset> argc=7 <-S> </private/tmp/aelx/L-DISCRIM/D4-sigpipe-ability-to-fail/t/tmux-501/default> <select-pane> <-t> <%11> <-T> <ae watchdog>
pid=979 ppid=920 AE_TMUX_SERVER=<unset> AE_TMUX_SERVER_KIND=<unset> argc=6 <-S> </private/tmp/aelx/L-DISCRIM/D4-sigpipe-ability-to-fail/t/tmux-501/default> <select-pane> <-t> <%11> <-d>
pid=1003 ppid=99954 AE_TMUX_SERVER=<unset> AE_TMUX_SERVER_KIND=<unset> argc=3 <select-pane> <-t> <%9>
pid=1008 ppid=1006 AE_TMUX_SERVER=<unset> AE_TMUX_SERVER_KIND=<unset> argc=5pid=99954 ppid=92260 AE_TMUX_SERVER=<unset> AE_TMUX_SERVER_KIND=<unset> argc=3 <-S> <attach-session> </private/tmp/aelx/L-DISCRIM/D4-sigpipe-ability-to-fail/t/tmux-501/default> <-t> <list-sessions> <cpinherit> <-F>
 <#{session_id} #{session_name}>
pid=1010 ppid=967 AE_TMUX_SERVER=<unset> AE_TMUX_SERVER_KIND=<unset> argc=7 <-S> </private/tmp/aelx/L-DISCRIM/D4-sigpipe-ability-to-fail/t/tmux-501/default> <set-option> <-t> <$3> <@ae_watchdog_status> <[watch ◌ starting]>
pid=1028 ppid=1026 AE_TMUX_SERVER=<unset> AE_TMUX_SERVER_KIND=<unset> argc=5 <-S> </private/tmp/aelx/L-DISCRIM/D4-sigpipe-ability-to-fail/t/tmux-501/default> <list-sessions> <-F> <#{session_id} #{session_name}>
pid=1029 ppid=1011 AE_TMUX_SERVER=<unset> AE_TMUX_SERVER_KIND=<unset> argc=7 <-S> </private/tmp/aelx/L-DISCRIM/D4-sigpipe-ability-to-fail/t/tmux-501/default> <set-option> <-t> <$3> <@ae_branch_name> <main>
pid=1043 ppid=1039 AE_TMUX_SERVER=<unset> AE_TMUX_SERVER_KIND=<unset> argc=5 <-S> </private/tmp/aelx/L-DISCRIM/D4-sigpipe-ability-to-fail/t/tmux-501/default> <list-sessions> <-F> <#{session_id} #{session_name}>
pid=1044 ppid=967 AE_TMUX_SERVER=<unset> AE_TMUX_SERVER_KIND=<unset> argc=7 <-S> </private/tmp/aelx/L-DISCRIM/D4-sigpipe-ability-to-fail/t/tmux-501/default> <set-option> <-t> <$3> <@ae_branch_status> < main>
pid=1045 ppid=967 AE_TMUX_SERVER=<unset> AE_TMUX_SERVER_KIND=<unset> argc=5 <-S> </private/tmp/aelx/L-DISCRIM/D4-sigpipe-ability-to-fail/t/tmux-501/default> <has-session> <-t> <cpinherit>
pid=1059 ppid=967 AE_TMUX_SERVER=<unset> AE_TMUX_SERVER_KIND=<unset> argc=8 <-S> </private/tmp/aelx/L-DISCRIM/D4-sigpipe-ability-to-fail/t/tmux-501/default> <list-panes> <-s> <-t> <cpinherit> <-F> <#{pane_id}|#{@ae_agent}|#{pane_current_command}|#{pane_pid}>
pid=1062 ppid=1061 AE_TMUX_SERVER=<unset> AE_TMUX_SERVER_KIND=<unset> argc=7 <-S> </private/tmp/aelx/L-DISCRIM/D4-sigpipe-ability-to-fail/t/tmux-501/default> <display-message> <-p> <-t> <%9> <#{@ae_slot}>
pid=1066 ppid=1064 AE_TMUX_SERVER=<unset> AE_TMUX_SERVER_KIND=<unset> argc=11 <-S> </private/tmp/aelx/L-DISCRIM/D4-sigpipe-ability-to-fail/t/tmux-501/default> <capture-pane> <-p> <-J> <-S> <-40> <-E> <-> <-t> <%9>
pid=1109 ppid=1104 AE_TMUX_SERVER=<unset> AE_TMUX_SERVER_KIND=<unset> argc=5 <-S> </private/tmp/aelx/L-DISCRIM/D4-sigpipe-ability-to-fail/t/tmux-501/default> <list-sessions> <-F> <#{session_id} #{session_name}>
pid=1110 ppid=967 AE_TMUX_SERVER=<unset> AE_TMUX_SERVER_KIND=<unset> argc=7 <-S> </private/tmp/aelx/L-DISCRIM/D4-sigpipe-ability-to-fail/t/tmux-501/default> <set-option> <-t> <$3> <@ae_watchdog_status> <[watch ● 1/1]>
pid=1125 ppid=1123 AE_TMUX_SERVER=<unset> AE_TMUX_SERVER_KIND=<unset> argc=5 <-S> </private/tmp/aelx/L-DISCRIM/D4-sigpipe-ability-to-fail/t/tmux-501/default> <list-sessions> <-F> <#{session_id} #{session_name}>
pid=1126 ppid=1111 AE_TMUX_SERVER=<unset> AE_TMUX_SERVER_KIND=<unset> argc=7 <-S> </private/tmp/aelx/L-DISCRIM/D4-sigpipe-ability-to-fail/t/tmux-501/default> <set-option> <-t> <$3> <@ae_branch_name> <main>
pid=1135 ppid=1133 AE_TMUX_SERVER=<unset> AE_TMUX_SERVER_KIND=<unset> argc=5 <-S> </private/tmp/aelx/L-DISCRIM/D4-sigpipe-ability-to-fail/t/tmux-501/default> <list-sessions> <-F> <#{session_id} #{session_name}>
pid=1137 ppid=967 AE_TMUX_SERVER=<unset> AE_TMUX_SERVER_KIND=<unset> argc=7 <-S> </private/tmp/aelx/L-DISCRIM/D4-sigpipe-ability-to-fail/t/tmux-501/default> <set-option> <-t> <$3> <@ae_branch_status> < main>
pid=1151 ppid=1149 AE_TMUX_SERVER=<unset> AE_TMUX_SERVER_KIND=<unset> argc=5 <-S> </private/tmp/aelx/L-DISCRIM/D4-sigpipe-ability-to-fail/t/tmux-501/default> <list-sessions> <-F> <#{session_id} #{session_name}>
pid=1152 ppid=967 AE_TMUX_SERVER=<unset> AE_TMUX_SERVER_KIND=<unset> argc=7 <-S> </private/tmp/aelx/L-DISCRIM/D4-sigpipe-ability-to-fail/t/tmux-501/default> <set-option> <-t> <$3> <@ae_agents_status> <grok●>
pid=1157 ppid=1156 AE_TMUX_SERVER=<unset> AE_TMUX_SERVER_KIND=<unset> argc=8 <-S> </private/tmp/aelx/L-DISCRIM/D4-sigpipe-ability-to-fail/t/tmux-501/default> <list-panes> <-s> <-t> <cpinherit> <-F> <#{pane_id}|#{window_id}|#{@ae_agent}>
pid=1160 ppid=967 AE_TMUX_SERVER=<unset> AE_TMUX_SERVER_KIND=<unset> argc=8 <-S> </private/tmp/aelx/L-DISCRIM/D4-sigpipe-ability-to-fail/t/tmux-501/default> <set-option> <-w> <-t> <@6> <@ae_window_status> <●>
pid=1162 ppid=967 AE_TMUX_SERVER=<unset> AE_TMUX_SERVER_KIND=<unset> argc=8 <-S> </private/tmp/aelx/L-DISCRIM/D4-sigpipe-ability-to-fail/t/tmux-501/default> <set-option> <-w> <-t> <@7> <@ae_window_status> <>
pid=1677 ppid=1666 AE_TMUX_SERVER=<unset> AE_TMUX_SERVER_KIND=<unset> argc=5 <-S> </private/tmp/aelx/L-DISCRIM/D4-sigpipe-ability-to-fail/t/tmux-501/default> <list-sessions> <-F> <#{session_id} #{session_name}>
pid=1693 ppid=1681 AE_TMUX_SERVER=<unset> AE_TMUX_SERVER_KIND=<unset> argc=6 <-S> </private/tmp/aelx/L-DISCRIM/D4-sigpipe-ability-to-fail/t/tmux-501/default> <show-environment> <-t> <$3> <AE_MODE>
pid=1706 ppid=1695 AE_TMUX_SERVER=<unset> AE_TMUX_SERVER_KIND=<unset> argc=6 <-S> </private/tmp/aelx/L-DISCRIM/D4-sigpipe-ability-to-fail/t/tmux-501/default> <show-environment> <-t> <$3> <AE_ORIGIN>
pid=1728 ppid=1712 AE_TMUX_SERVER=<unset> AE_TMUX_SERVER_KIND=<unset> argc=5 <-S> </private/tmp/aelx/L-DISCRIM/D4-sigpipe-ability-to-fail/t/tmux-501/default> <list-sessions> <-F> <#{session_id} #{session_name}>
pid=1743 ppid=1734 AE_TMUX_SERVER=<unset> AE_TMUX_SERVER_KIND=<unset> argc=6 <-S> </private/tmp/aelx/L-DISCRIM/D4-sigpipe-ability-to-fail/t/tmux-501/default> <show-environment> <-t> <$3> <AE_DIR>
pid=1762 ppid=1461 AE_TMUX_SERVER=<unset> AE_TMUX_SERVER_KIND=<unset> argc=5 <-S> </private/tmp/aelx/L-DISCRIM/D4-sigpipe-ability-to-fail/t/tmux-501/default> <kill-session> <-t> <$3>
pid=1778 ppid=1776 AE_TMUX_SERVER=<unset> AE_TMUX_SERVER_KIND=<unset> argc=5 <-S>pid=1775 ppid=1764 AE_TMUX_SERVER=<unset> AE_TMUX_SERVER_KIND=<unset> argc=5 </private/tmp/aelx/L-DISCRIM/D4-sigpipe-ability-to-fail/t/tmux-501/default> <list-sessions> <-S> <-F> </private/tmp/aelx/L-DISCRIM/D4-sigpipe-ability-to-fail/t/tmux-501/default> <#{session_id} #{session_name}> <list-sessions>
 <-F> <#{session_name}>
pid=2239 ppid=1461 AE_TMUX_SERVER=<unset> AE_TMUX_SERVER_KIND=<unset> argc=3 <has-session> <-t> <cpinherit>
pid=2248 ppid=1461 AE_TMUX_SERVER=<unset> AE_TMUX_SERVER_KIND=<unset> argc=3 <has-session> <-t> <cpinherit>
pid=2284 ppid=1461 AE_TMUX_SERVER=<unset> AE_TMUX_SERVER_KIND=<unset> argc=6 <new-session> <-d> <-s> <cpinherit> <-c> </private/tmp/aelx/L-DISCRIM/D4-sigpipe-ability-to-fail/w>
pid=2299 ppid=1461 AE_TMUX_SERVER=<unset> AE_TMUX_SERVER_KIND=<unset> argc=5 <set-environment> <-t> <cpinherit> <-u> <CLAUDECODE>
pid=2303 ppid=1461 AE_TMUX_SERVER=<unset> AE_TMUX_SERVER_KIND=<unset> argc=5 <set-environment> <-t> <cpinherit> <-u> <CLAUDE_CODE_SESSION>
pid=2304 ppid=1461 AE_TMUX_SERVER=<unset> AE_TMUX_SERVER_KIND=<unset> argc=5 <set-environment> <-t> <cpinherit> <AE_SESSION> <1>
pid=2312 ppid=1461 AE_TMUX_SERVER=<unset> AE_TMUX_SERVER_KIND=<unset> argc=5 <set-environment> <-t> <cpinherit> <AE_ORIGIN> </private/tmp/aelx/L-DISCRIM/D4-sigpipe-ability-to-fail/w>
pid=2314 ppid=1461 AE_TMUX_SERVER=<unset> AE_TMUX_SERVER_KIND=<unset> argc=5 <set-environment> <-t> <cpinherit> <AE_DIR> </private/tmp/aelx/L-DISCRIM/D4-sigpipe-ability-to-fail/w>
pid=2315 ppid=1461 AE_TMUX_SERVER=<unset> AE_TMUX_SERVER_KIND=<unset> argc=5 <set-environment> <-t> <cpinherit> <AE_MODE> <local>
pid=2322 ppid=1461 AE_TMUX_SERVER=<unset> AE_TMUX_SERVER_KIND=<unset> argc=5 <set-environment> <-t> <cpinherit> <AE_HOME> </tmp/aelx/L-DISCRIM/D4-sigpipe-ability-to-fail/h/.ae>
pid=2328 ppid=1461 AE_TMUX_SERVER=<unset> AE_TMUX_SERVER_KIND=<unset> argc=5 <set-option> <-t> <cpinherit> <mouse> <on>
pid=2334 ppid=1461 AE_TMUX_SERVER=<unset> AE_TMUX_SERVER_KIND=<unset> argc=5 <set-option> <-t> <cpinherit> <focus-events> <on>
pid=2338 ppid=1461 AE_TMUX_SERVER=<unset> AE_TMUX_SERVER_KIND=<unset> argc=5 <set-option> <-t> <cpinherit> <history-limit> <50000>
pid=2344 ppid=1461 AE_TMUX_SERVER=<unset> AE_TMUX_SERVER_KIND=<unset> argc=5 <set-option> <-t> <cpinherit> <pane-border-status> <top>
pid=2346 ppid=1461 AE_TMUX_SERVER=<unset> AE_TMUX_SERVER_KIND=<unset> argc=5 <set-option> <-t> <cpinherit> <pane-border-format> < #{@ae_agent} >
pid=2351 ppid=1461 AE_TMUX_SERVER=<unset> AE_TMUX_SERVER_KIND=<unset> argc=3 <has-session> <-t> <cpinherit>
pid=2358 ppid=2357 AE_TMUX_SERVER=<unset> AE_TMUX_SERVER_KIND=<unset> argc=3 <list-sessions> <-F> <#{session_id} #{session_name}>
pid=2385 ppid=1461 AE_TMUX_SERVER=<unset> AE_TMUX_SERVER_KIND=<unset> argc=5 <set-option> <-t> <$4> <status-left> <[ae cpinherit] >
pid=2400 ppid=1461 AE_TMUX_SERVER=<unset> AE_TMUX_SERVER_KIND=<unset> argc=5 <set-option> <-t> <$4> <status-left-length> <40>
pid=2403 ppid=1461 AE_TMUX_SERVER=<unset> AE_TMUX_SERVER_KIND=<unset> argc=5 <set-option> <-t> <$4> <status-right> <[…/L-DISCRIM/D4-sigpipe-ability-to-fail/w#{@ae_branch_status}] #{@ae_watchdog_status}>
pid=2415 ppid=1461 AE_TMUX_SERVER=<unset> AE_TMUX_SERVER_KIND=<unset> argc=5 <set-option> <-t> <$4> <status-right-length> <100>
pid=2417 ppid=1461 AE_TMUX_SERVER=<unset> AE_TMUX_SERVER_KIND=<unset> argc=5 <set-option> <-t> <$4> <status-interval> <5>
pid=2419 ppid=1461 AE_TMUX_SERVER=<unset> AE_TMUX_SERVER_KIND=<unset> argc=5 <set-option> <-t> <$4> <status> <2>
pid=2423 ppid=2422 AE_TMUX_SERVER=<unset> AE_TMUX_SERVER_KIND=<unset> argc=3 <show-options> <-gv> <status-format[0]>
pid=2428 ppid=1461 AE_TMUX_SERVER=<unset> AE_TMUX_SERVER_KIND=<unset> argc=5 <set-option> <-t> <$4> <status-format[0]> <#[align=left range=left #{E:status-left-style}]#[push-default]#{T;=/#{status-left-length}:status-left}#[pop-default]#[norange default]#[list=on align=#{status-justify}]#[list=left-marker]<#[list=right-marker]>#[list=on]#{W:#[range=window|#{window_index} #{E:window-status-style}#{?#{&&:#{window_last_flag},#{!=:#{E:window-status-last-style},default}}, #{E:window-status-last-style},}#{?#{&&:#{window_bell_flag},#{!=:#{E:window-status-bell-style},default}}, #{E:window-status-bell-style},#{?#{&&:#{||:#{window_activity_flag},#{window_silence_flag}},#{!=:#{E:window-status-activity-style},default}}, #{E:window-status-activity-style},}}]#[push-default]#{T:window-status-format}#[pop-default]#[norange default]#{?loop_last_flag,,#{E:window-status-separator}},#[range=window|#{window_index} list=focus #{?#{!=:#{E:window-status-current-style},default},#{E:window-status-current-style},#{E:window-status-style}}#{?#{&&:#{window_last_flag},#{!=:#{E:window-status-last-style},default}}, #{E:window-status-last-style},}#{?#{&&:#{window_bell_flag},#{!=:#{E:window-status-bell-style},default}}, #{E:window-status-bell-style},#{?#{&&:#{||:#{window_activity_flag},#{window_silence_flag}},#{!=:#{E:window-status-activity-style},default}}, #{E:window-status-activity-style},}}]#[push-default]#{T:window-status-current-format}#[pop-default]#[norange list=on default]#{?loop_last_flag,,#{E:window-status-separator}}}#[nolist align=right range=right #{E:status-right-style}]#[push-default]#{T;=/#{status-right-length}:status-right}#[pop-default]#[norange default]>
pid=2436 ppid=1461 AE_TMUX_SERVER=<unset> AE_TMUX_SERVER_KIND=<unset> argc=5 <set-option> <-t> <$4> <status-format[1]> <#[align=left] #{@ae_agent}#[align=right]#{@ae_agents_status} >
pid=2439 ppid=1461 AE_TMUX_SERVER=<unset> AE_TMUX_SERVER_KIND=<unset> argc=5 <set-option> <-t> <$4> <window-status-format> <#I:#W#{@ae_window_status}#F>
pid=2440 ppid=1461 AE_TMUX_SERVER=<unset> AE_TMUX_SERVER_KIND=<unset> argc=5 <set-option> <-t> <$4> <window-status-current-format> <#I:#W#{@ae_window_status}#F>
pid=2441 ppid=1461 AE_TMUX_SERVER=<unset> AE_TMUX_SERVER_KIND=<unset> argc=5 <set-option> <-t> <cpinherit> <automatic-rename> <off>
pid=2443 ppid=1461 AE_TMUX_SERVER=<unset> AE_TMUX_SERVER_KIND=<unset> argc=4 <rename-window> <-t> <cpinherit> <cpinherit>
pid=2444 ppid=1461 AE_TMUX_SERVER=<unset> AE_TMUX_SERVER_KIND=<unset> argc=5 <display-message> <-t> <cpinherit> <-p> <#{pane_id}>
pid=2445 ppid=1461 AE_TMUX_SERVER=<unset> AE_TMUX_SERVER_KIND=<unset> argc=5 <select-pane> <-t> <%12> <-T> <ae:grok:grok>
pid=2446 ppid=1461 AE_TMUX_SERVER=<unset> AE_TMUX_SERVER_KIND=<unset> argc=6 <set-option> <-p> <-t> <%12> <@ae_agent> <grok:grok>
pid=2447 ppid=1461 AE_TMUX_SERVER=<unset> AE_TMUX_SERVER_KIND=<unset> argc=6 <set-option> <-p> <-t> <%12> <@ae_slot> <main>
pid=2466 ppid=2465 AE_TMUX_SERVER=<unset> AE_TMUX_SERVER_KIND=<unset> argc=3 <display-message> <-p> <#{socket_path}>
pid=2836 ppid=1461 AE_TMUX_SERVER=<unset> AE_TMUX_SERVER_KIND=<unset> argc=6 <list-panes> <-s> <-t> <cpinherit> <-F> <#{pane_id}	#{@ae_agent}>
pid=2885 ppid=2884 AE_TMUX_SERVER=<unset> AE_TMUX_SERVER_KIND=<unset> argc=8 <-S> </private/tmp/aelx/L-DISCRIM/D4-sigpipe-ability-to-fail/t/tmux-501/default> <list-panes> <-s> <-t> <cpinherit> <-F> <#{pane_id}|#{@ae_slot}|#{@ae_agent}>
pid=2963 ppid=2962 AE_TMUX_SERVER=<unset> AE_TMUX_SERVER_KIND=<unset> argc=5 <display-message> <-p> <-t> <%12> <#{pane_current_command}>
pid=2965 ppid=1461 AE_TMUX_SERVER=<unset> AE_TMUX_SERVER_KIND=<unset> argc=4 <load-buffer> <-b> <ae-ps-1461-%12> <->
pid=2966 ppid=1461 AE_TMUX_SERVER=<unset> AE_TMUX_SERVER_KIND=<unset> argc=6 <paste-buffer> <-d> <-b> <ae-ps-1461-%12> <-t> <%12>
pid=2968 ppid=1461 AE_TMUX_SERVER=<unset> AE_TMUX_SERVER_KIND=<unset> argc=4 <send-keys> <-t> <%12> <Enter>
pid=3016 ppid=3014 AE_TMUX_SERVER=<unset> AE_TMUX_SERVER_KIND=<unset> argc=8 <-S> </private/tmp/aelx/L-DISCRIM/D4-sigpipe-ability-to-fail/t/tmux-501/default> <list-panes> <-s> <-t> <cpinherit> <-F> <#{pane_id} #{@ae_agent}>
pid=3019 ppid=3017 AE_TMUX_SERVER=<unset> AE_TMUX_SERVER_KIND=<unset> argc=12 <-S> </private/tmp/aelx/L-DISCRIM/D4-sigpipe-ability-to-fail/t/tmux-501/default> <new-window> <-d> <-t> <cpinherit:99> <-n> <ae-monitor> <-P> <-F> <#{pane_id}> </tmp/aelx/L-DISCRIM/D4-sigpipe-ability-to-fail/h/.ae/sessions/cpinherit/events-tail>
pid=3021 ppid=2988 AE_TMUX_SERVER=<unset> AE_TMUX_SERVER_KIND=<unset> argc=8 <-S> </private/tmp/aelx/L-DISCRIM/D4-sigpipe-ability-to-fail/t/tmux-501/default> <set-option> <-p> <-t> <%13> <@ae_agent> <_events>
pid=3024 ppid=2988 AE_TMUX_SERVER=<unset> AE_TMUX_SERVER_KIND=<unset> argc=7 <-S> </private/tmp/aelx/L-DISCRIM/D4-sigpipe-ability-to-fail/t/tmux-501/default> <select-pane> <-t> <%13> <-T> <ae events>
pid=3025 ppid=2988 AE_TMUX_SERVER=<unset> AE_TMUX_SERVER_KIND=<unset> argc=7 <-S> </private/tmp/aelx/L-DISCRIM/D4-sigpipe-ability-to-fail/t/tmux-501/default> <set-window-option> <-t> <cpinherit:ae-monitor> <pane-border-status> <top>
pid=3026 ppid=2988 AE_TMUX_SERVER=<unset> AE_TMUX_SERVER_KIND=<unset> argc=6 <-S> </private/tmp/aelx/L-DISCRIM/D4-sigpipe-ability-to-fail/t/tmux-501/default> <select-pane> <-t> <%13> <-d>
pid=3060 ppid=3058 AE_TMUX_SERVER=<unset> AE_TMUX_SERVER_KIND=<unset> argc=8 <-S> </private/tmp/aelx/L-DISCRIM/D4-sigpipe-ability-to-fail/t/tmux-501/default> <list-panes> <-s> <-t> <cpinherit> <-F> <#{pane_id} #{@ae_agent}>
pid=3065 ppid=3063 AE_TMUX_SERVER=<unset> AE_TMUX_SERVER_KIND=<unset> argc=8 <-S> </private/tmp/aelx/L-DISCRIM/D4-sigpipe-ability-to-fail/t/tmux-501/default> <list-panes> <-s> <-t> <cpinherit> <-F> <#{pane_id} #{@ae_agent}>
pid=3073 ppid=3071 AE_TMUX_SERVER=<unset> AE_TMUX_SERVER_KIND=<unset> argc=8 <-S> </private/tmp/aelx/L-DISCRIM/D4-sigpipe-ability-to-fail/t/tmux-501/default> <list-panes> <-s> <-t> <cpinherit> <-F> <#{pane_id} #{@ae_agent}>
pid=3075 ppid=3074 AE_TMUX_SERVER=<unset> AE_TMUX_SERVER_KIND=<unset> argc=11 <-S> </private/tmp/aelx/L-DISCRIM/D4-sigpipe-ability-to-fail/t/tmux-501/default> <split-window> <-v> <-b> <-t> <%13> <-P> <-F> <#{pane_id}> </tmp/aelx/L-DISCRIM/D4-sigpipe-ability-to-fail/h/.ae/sessions/cpinherit/watchdog _run>
pid=3077 ppid=3033 AE_TMUX_SERVER=<unset> AE_TMUX_SERVER_KIND=<unset> argc=8 <-S> </private/tmp/aelx/L-DISCRIM/D4-sigpipe-ability-to-fail/t/tmux-501/default> <set-option> <-p> <-t> <%14> <@ae_agent> <_watchdog>
pid=3078 ppid=3033 AE_TMUX_SERVER=<unset> AE_TMUX_SERVER_KIND=<unset> argc=7 <-S> </private/tmp/aelx/L-DISCRIM/D4-sigpipe-ability-to-fail/t/tmux-501/default> <select-pane> <-t> <%14> <-T> <ae watchdog>
pid=3088 ppid=3033 AE_TMUX_SERVER=<unset> AE_TMUX_SERVER_KIND=<unset> argc=6 <-S> </private/tmp/aelx/L-DISCRIM/D4-sigpipe-ability-to-fail/t/tmux-501/default> <select-pane> <-t> <%14> <-d>
pid=3109 ppid=1461 AE_TMUX_SERVER=<unset> AE_TMUX_SERVER_KIND=<unset> argc=3 <select-pane> <-t> <%12>
pid=3113 ppid=3111 AE_TMUX_SERVER=<unset> AE_TMUX_SERVER_KIND=<unset> argc=5 <-S> </private/tmp/aelx/L-DISCRIM/D4-sigpipe-ability-to-fail/t/tmux-501/default> <list-sessions> <-F> <#{session_id} #{session_name}>
pid=1461 ppid=1442 AE_TMUX_SERVER=<unset> AE_TMUX_SERVER_KIND=<unset> argc=3 <attach-session> <-t> <cpinherit>
pid=3114 ppid=3076 AE_TMUX_SERVER=<unset> AE_TMUX_SERVER_KIND=<unset> argc=7 <-S> </private/tmp/aelx/L-DISCRIM/D4-sigpipe-ability-to-fail/t/tmux-501/default> <set-option> <-t> <$4> <@ae_watchdog_status> <[watch ◌ starting]>
pid=3128 ppid=3126 AE_TMUX_SERVER=<unset> AE_TMUX_SERVER_KIND=<unset> argc=5 <-S> </private/tmp/aelx/L-DISCRIM/D4-sigpipe-ability-to-fail/t/tmux-501/default> <list-sessions> <-F> <#{session_id} #{session_name}>
pid=3129 ppid=3116 AE_TMUX_SERVER=<unset> AE_TMUX_SERVER_KIND=<unset> argc=7 <-S> </private/tmp/aelx/L-DISCRIM/D4-sigpipe-ability-to-fail/t/tmux-501/default> <set-option> <-t> <$4> <@ae_branch_name> <main>
pid=3137 ppid=3135 AE_TMUX_SERVER=<unset> AE_TMUX_SERVER_KIND=<unset> argc=5 <-S> </private/tmp/aelx/L-DISCRIM/D4-sigpipe-ability-to-fail/t/tmux-501/default> <list-sessions> <-F> <#{session_id} #{session_name}>
pid=3138 ppid=3076 AE_TMUX_SERVER=<unset> AE_TMUX_SERVER_KIND=<unset> argc=7 <-S> </private/tmp/aelx/L-DISCRIM/D4-sigpipe-ability-to-fail/t/tmux-501/default> <set-option> <-t> <$4> <@ae_branch_status> < main>
pid=3139 ppid=3076 AE_TMUX_SERVER=<unset> AE_TMUX_SERVER_KIND=<unset> argc=5 <-S> </private/tmp/aelx/L-DISCRIM/D4-sigpipe-ability-to-fail/t/tmux-501/default> <has-session> <-t> <cpinherit>
pid=3145 ppid=3076 AE_TMUX_SERVER=<unset> AE_TMUX_SERVER_KIND=<unset> argc=8 <-S> </private/tmp/aelx/L-DISCRIM/D4-sigpipe-ability-to-fail/t/tmux-501/default> <list-panes> <-s> <-t> <cpinherit> <-F> <#{pane_id}|#{@ae_agent}|#{pane_current_command}|#{pane_pid}>
pid=3147 ppid=3146 AE_TMUX_SERVER=<unset> AE_TMUX_SERVER_KIND=<unset> argc=7 <-S> </private/tmp/aelx/L-DISCRIM/D4-sigpipe-ability-to-fail/t/tmux-501/default> <display-message> <-p> <-t> <%12> <#{@ae_slot}>
pid=3150 ppid=3149 AE_TMUX_SERVER=<unset> AE_TMUX_SERVER_KIND=<unset> argc=11 <-S> </private/tmp/aelx/L-DISCRIM/D4-sigpipe-ability-to-fail/t/tmux-501/default> <capture-pane> <-p> <-J> <-S> <-40> <-E> <-> <-t> <%12>
pid=3181 ppid=3179 AE_TMUX_SERVER=<unset> AE_TMUX_SERVER_KIND=<unset> argc=5 <-S> </private/tmp/aelx/L-DISCRIM/D4-sigpipe-ability-to-fail/t/tmux-501/default> <list-sessions> <-F> <#{session_id} #{session_name}>
pid=3182 ppid=3076 AE_TMUX_SERVER=<unset> AE_TMUX_SERVER_KIND=<unset> argc=7 <-S> </private/tmp/aelx/L-DISCRIM/D4-sigpipe-ability-to-fail/t/tmux-501/default> <set-option> <-t> <$4> <@ae_watchdog_status> <[watch ● 1/1]>
pid=3195 ppid=3193 AE_TMUX_SERVER=<unset> AE_TMUX_SERVER_KIND=<unset> argc=5 <-S> </private/tmp/aelx/L-DISCRIM/D4-sigpipe-ability-to-fail/t/tmux-501/default> <list-sessions> <-F> <#{session_id} #{session_name}>
pid=3196 ppid=3183 AE_TMUX_SERVER=<unset> AE_TMUX_SERVER_KIND=<unset> argc=7 <-S> </private/tmp/aelx/L-DISCRIM/D4-sigpipe-ability-to-fail/t/tmux-501/default> <set-option> <-t> <$4> <@ae_branch_name> <main>
pid=3204 ppid=3202 AE_TMUX_SERVER=<unset> AE_TMUX_SERVER_KIND=<unset> argc=5 <-S> </private/tmp/aelx/L-DISCRIM/D4-sigpipe-ability-to-fail/t/tmux-501/default> <list-sessions> <-F> <#{session_id} #{session_name}>
pid=3206 ppid=3076 AE_TMUX_SERVER=<unset> AE_TMUX_SERVER_KIND=<unset> argc=7 <-S> </private/tmp/aelx/L-DISCRIM/D4-sigpipe-ability-to-fail/t/tmux-501/default> <set-option> <-t> <$4> <@ae_branch_status> < main>
pid=3218 ppid=3216 AE_TMUX_SERVER=<unset> AE_TMUX_SERVER_KIND=<unset> argc=5 <-S> </private/tmp/aelx/L-DISCRIM/D4-sigpipe-ability-to-fail/t/tmux-501/default> <list-sessions> <-F> <#{session_id} #{session_name}>
pid=3219 ppid=3076 AE_TMUX_SERVER=<unset> AE_TMUX_SERVER_KIND=<unset> argc=7 <-S> </private/tmp/aelx/L-DISCRIM/D4-sigpipe-ability-to-fail/t/tmux-501/default> <set-option> <-t> <$4> <@ae_agents_status> <grok●>
pid=3226 ppid=3225 AE_TMUX_SERVER=<unset> AE_TMUX_SERVER_KIND=<unset> argc=8 <-S> </private/tmp/aelx/L-DISCRIM/D4-sigpipe-ability-to-fail/t/tmux-501/default> <list-panes> <-s> <-t> <cpinherit> <-F> <#{pane_id}|#{window_id}|#{@ae_agent}>
pid=3228 ppid=3076 AE_TMUX_SERVER=<unset> AE_TMUX_SERVER_KIND=<unset> argc=8 <-S> </private/tmp/aelx/L-DISCRIM/D4-sigpipe-ability-to-fail/t/tmux-501/default> <set-option> <-w> <-t> <@8> <@ae_window_status> <●>
pid=3231 ppid=3076 AE_TMUX_SERVER=<unset> AE_TMUX_SERVER_KIND=<unset> argc=8 <-S> </private/tmp/aelx/L-DISCRIM/D4-sigpipe-ability-to-fail/t/tmux-501/default> <set-option> <-w> <-t> <@9> <@ae_window_status> <>
pid=4852 ppid=4846 AE_TMUX_SERVER=<unset> AE_TMUX_SERVER_KIND=<unset> argc=5 <-S> </private/tmp/aelx/L-DISCRIM/D4-sigpipe-ability-to-fail/t/tmux-501/default> <list-sessions> <-F> <#{session_id} #{session_name}>
pid=4850 ppid=4844 AE_TMUX_SERVER=<unset> AE_TMUX_SERVER_KIND=<unset> argc=5 <-S> </private/tmp/aelx/L-DISCRIM/D4-sigpipe-ability-to-fail/t/tmux-501/default> <list-sessions> <-F> <#{session_id} #{session_name}>pid=4851 ppid=4845 AE_TMUX_SERVER=<unset> AE_TMUX_SERVER_KIND=<unset> argc=5
 <-S> </private/tmp/aelx/L-DISCRIM/D4-sigpipe-ability-to-fail/t/tmux-501/default> <list-sessions> <-F> <#{session_id} #{session_name}>
