pid=18396 ppid=18381 AE_TMUX_SERVER=<unset> AE_TMUX_SERVER_KIND=<unset> argc=3 <has-session> <-t> <s1>
pid=18414 ppid=18381 AE_TMUX_SERVER=<unset> AE_TMUX_SERVER_KIND=<unset> argc=6 <new-session> <-d> <-s> <s1> <-c> </private/tmp/aelx/L-DISCRIM/D5a-supervisor-real-timing/w>
pid=18418 ppid=18381 AE_TMUX_SERVER=<unset> AE_TMUX_SERVER_KIND=<unset> argc=5 <set-environment> <-t> <s1> <-u> <CLAUDECODE>
pid=18420 ppid=18381 AE_TMUX_SERVER=<unset> AE_TMUX_SERVER_KIND=<unset> argc=5 <set-environment> <-t> <s1> <-u> <CLAUDE_CODE_SESSION>
pid=18421 ppid=18381 AE_TMUX_SERVER=<unset> AE_TMUX_SERVER_KIND=<unset> argc=5 <set-environment> <-t> <s1> <AE_SESSION> <1>
pid=18422 ppid=18381 AE_TMUX_SERVER=<unset> AE_TMUX_SERVER_KIND=<unset> argc=5 <set-environment> <-t> <s1> <AE_ORIGIN> </private/tmp/aelx/L-DISCRIM/D5a-supervisor-real-timing/w>
pid=18423 ppid=18381 AE_TMUX_SERVER=<unset> AE_TMUX_SERVER_KIND=<unset> argc=5 <set-environment> <-t> <s1> <AE_DIR> </private/tmp/aelx/L-DISCRIM/D5a-supervisor-real-timing/w>
pid=18424 ppid=18381 AE_TMUX_SERVER=<unset> AE_TMUX_SERVER_KIND=<unset> argc=5 <set-environment> <-t> <s1> <AE_MODE> <local>
pid=18425 ppid=18381 AE_TMUX_SERVER=<unset> AE_TMUX_SERVER_KIND=<unset> argc=5 <set-environment> <-t> <s1> <AE_HOME> </tmp/aelx/L-DISCRIM/D5a-supervisor-real-timing/h/.ae>
pid=18426 ppid=18381 AE_TMUX_SERVER=<unset> AE_TMUX_SERVER_KIND=<unset> argc=5 <set-option> <-t> <s1> <mouse> <on>
pid=18427 ppid=18381 AE_TMUX_SERVER=<unset> AE_TMUX_SERVER_KIND=<unset> argc=5 <set-option> <-t> <s1> <focus-events> <on>
pid=18428 ppid=18381 AE_TMUX_SERVER=<unset> AE_TMUX_SERVER_KIND=<unset> argc=5 <set-option> <-t> <s1> <history-limit> <50000>
pid=18429 ppid=18381 AE_TMUX_SERVER=<unset> AE_TMUX_SERVER_KIND=<unset> argc=5 <set-option> <-t> <s1> <pane-border-status> <top>
pid=18430 ppid=18381 AE_TMUX_SERVER=<unset> AE_TMUX_SERVER_KIND=<unset> argc=5 <set-option> <-t> <s1> <pane-border-format> < #{@ae_agent} >
pid=18431 ppid=18381 AE_TMUX_SERVER=<unset> AE_TMUX_SERVER_KIND=<unset> argc=3 <has-session> <-t> <s1>
pid=18433 ppid=18432 AE_TMUX_SERVER=<unset> AE_TMUX_SERVER_KIND=<unset> argc=3 <list-sessions> <-F> <#{session_id} #{session_name}>
pid=18442 ppid=18381 AE_TMUX_SERVER=<unset> AE_TMUX_SERVER_KIND=<unset> argc=5 <set-option> <-t> <$0> <status-left> <[ae s1] >
pid=18443 ppid=18381 AE_TMUX_SERVER=<unset> AE_TMUX_SERVER_KIND=<unset> argc=5 <set-option> <-t> <$0> <status-left-length> <40>
pid=18444 ppid=18381 AE_TMUX_SERVER=<unset> AE_TMUX_SERVER_KIND=<unset> argc=5 <set-option> <-t> <$0> <status-right> <[…/L-DISCRIM/D5a-supervisor-real-timing/w#{@ae_branch_status}] #{@ae_watchdog_status}>
pid=18445 ppid=18381 AE_TMUX_SERVER=<unset> AE_TMUX_SERVER_KIND=<unset> argc=5 <set-option> <-t> <$0> <status-right-length> <100>
pid=18446 ppid=18381 AE_TMUX_SERVER=<unset> AE_TMUX_SERVER_KIND=<unset> argc=5 <set-option> <-t> <$0> <status-interval> <5>
pid=18447 ppid=18381 AE_TMUX_SERVER=<unset> AE_TMUX_SERVER_KIND=<unset> argc=5 <set-option> <-t> <$0> <status> <2>
pid=18449 ppid=18448 AE_TMUX_SERVER=<unset> AE_TMUX_SERVER_KIND=<unset> argc=3 <show-options> <-gv> <status-format[0]>
pid=18450 ppid=18381 AE_TMUX_SERVER=<unset> AE_TMUX_SERVER_KIND=<unset> argc=5 <set-option> <-t> <$0> <status-format[0]> <#[align=left range=left #{E:status-left-style}]#[push-default]#{T;=/#{status-left-length}:status-left}#[pop-default]#[norange default]#[list=on align=#{status-justify}]#[list=left-marker]<#[list=right-marker]>#[list=on]#{W:#[range=window|#{window_index} #{E:window-status-style}#{?#{&&:#{window_last_flag},#{!=:#{E:window-status-last-style},default}}, #{E:window-status-last-style},}#{?#{&&:#{window_bell_flag},#{!=:#{E:window-status-bell-style},default}}, #{E:window-status-bell-style},#{?#{&&:#{||:#{window_activity_flag},#{window_silence_flag}},#{!=:#{E:window-status-activity-style},default}}, #{E:window-status-activity-style},}}]#[push-default]#{T:window-status-format}#[pop-default]#[norange default]#{?loop_last_flag,,#{E:window-status-separator}},#[range=window|#{window_index} list=focus #{?#{!=:#{E:window-status-current-style},default},#{E:window-status-current-style},#{E:window-status-style}}#{?#{&&:#{window_last_flag},#{!=:#{E:window-status-last-style},default}}, #{E:window-status-last-style},}#{?#{&&:#{window_bell_flag},#{!=:#{E:window-status-bell-style},default}}, #{E:window-status-bell-style},#{?#{&&:#{||:#{window_activity_flag},#{window_silence_flag}},#{!=:#{E:window-status-activity-style},default}}, #{E:window-status-activity-style},}}]#[push-default]#{T:window-status-current-format}#[pop-default]#[norange list=on default]#{?loop_last_flag,,#{E:window-status-separator}}}#[nolist align=right range=right #{E:status-right-style}]#[push-default]#{T;=/#{status-right-length}:status-right}#[pop-default]#[norange default]>
pid=18451 ppid=18381 AE_TMUX_SERVER=<unset> AE_TMUX_SERVER_KIND=<unset> argc=5 <set-option> <-t> <$0> <status-format[1]> <#[align=left] #{@ae_agent}#[align=right]#{@ae_agents_status} >
pid=18452 ppid=18381 AE_TMUX_SERVER=<unset> AE_TMUX_SERVER_KIND=<unset> argc=5 <set-option> <-t> <$0> <window-status-format> <#I:#W#{@ae_window_status}#F>
pid=18453 ppid=18381 AE_TMUX_SERVER=<unset> AE_TMUX_SERVER_KIND=<unset> argc=5 <set-option> <-t> <$0> <window-status-current-format> <#I:#W#{@ae_window_status}#F>
pid=18454 ppid=18381 AE_TMUX_SERVER=<unset> AE_TMUX_SERVER_KIND=<unset> argc=5 <set-option> <-t> <s1> <automatic-rename> <off>
pid=18456 ppid=18381 AE_TMUX_SERVER=<unset> AE_TMUX_SERVER_KIND=<unset> argc=4 <rename-window> <-t> <s1> <s1>
pid=18457 ppid=18381 AE_TMUX_SERVER=<unset> AE_TMUX_SERVER_KIND=<unset> argc=5 <display-message> <-t> <s1> <-p> <#{pane_id}>
pid=18458 ppid=18381 AE_TMUX_SERVER=<unset> AE_TMUX_SERVER_KIND=<unset> argc=5 <select-pane> <-t> <%0> <-T> <ae:grok:grok>
pid=18459 ppid=18381 AE_TMUX_SERVER=<unset> AE_TMUX_SERVER_KIND=<unset> argc=6 <set-option> <-p> <-t> <%0> <@ae_agent> <grok:grok>
pid=18460 ppid=18381 AE_TMUX_SERVER=<unset> AE_TMUX_SERVER_KIND=<unset> argc=6 <set-option> <-p> <-t> <%0> <@ae_slot> <main>
pid=18478 ppid=18477 AE_TMUX_SERVER=<unset> AE_TMUX_SERVER_KIND=<unset> argc=3 <display-message> <-p> <#{socket_path}>
pid=18565 ppid=18381 AE_TMUX_SERVER=<unset> AE_TMUX_SERVER_KIND=<unset> argc=6 <list-panes> <-s> <-t> <s1> <-F> <#{pane_id}	#{@ae_agent}>
pid=18586 ppid=18585 AE_TMUX_SERVER=<unset> AE_TMUX_SERVER_KIND=<unset> argc=8 <-S> </private/tmp/aelx/L-DISCRIM/D5a-supervisor-real-timing/t/tmux-501/default> <list-panes> <-s> <-t> <s1> <-F> <#{pane_id}|#{@ae_slot}|#{@ae_agent}>
pid=18669 ppid=18668 AE_TMUX_SERVER=<unset> AE_TMUX_SERVER_KIND=<unset> argc=5 <display-message> <-p> <-t> <%0> <#{pane_current_command}>
pid=18671 ppid=18381 AE_TMUX_SERVER=<unset> AE_TMUX_SERVER_KIND=<unset> argc=4 <load-buffer> <-b> <ae-ps-18381-%0> <->
pid=18672 ppid=18381 AE_TMUX_SERVER=<unset> AE_TMUX_SERVER_KIND=<unset> argc=6 <paste-buffer> <-d> <-b> <ae-ps-18381-%0> <-t> <%0>
pid=18674 ppid=18381 AE_TMUX_SERVER=<unset> AE_TMUX_SERVER_KIND=<unset> argc=4 <send-keys> <-t> <%0> <Enter>
pid=18785 ppid=18781 AE_TMUX_SERVER=<unset> AE_TMUX_SERVER_KIND=<unset> argc=8 <-S> </private/tmp/aelx/L-DISCRIM/D5a-supervisor-real-timing/t/tmux-501/default> <list-panes> <-s> <-t> <s1> <-F> <#{pane_id} #{@ae_agent}>
pid=18801 ppid=18800 AE_TMUX_SERVER=<unset> AE_TMUX_SERVER_KIND=<unset> argc=12 <-S> </private/tmp/aelx/L-DISCRIM/D5a-supervisor-real-timing/t/tmux-501/default> <new-window> <-d> <-t> <s1:99> <-n> <ae-monitor> <-P> <-F> <#{pane_id}> </tmp/aelx/L-DISCRIM/D5a-supervisor-real-timing/h/.ae/sessions/s1/events-tail>
pid=18820 ppid=18706 AE_TMUX_SERVER=<unset> AE_TMUX_SERVER_KIND=<unset> argc=8 <-S> </private/tmp/aelx/L-DISCRIM/D5a-supervisor-real-timing/t/tmux-501/default> <set-option> <-p> <-t> <%1> <@ae_agent> <_events>
pid=18837 ppid=18706 AE_TMUX_SERVER=<unset> AE_TMUX_SERVER_KIND=<unset> argc=7 <-S> </private/tmp/aelx/L-DISCRIM/D5a-supervisor-real-timing/t/tmux-501/default> <select-pane> <-t> <%1> <-T> <ae events>
pid=18853 ppid=18706 AE_TMUX_SERVER=<unset> AE_TMUX_SERVER_KIND=<unset> argc=7 <-S> </private/tmp/aelx/L-DISCRIM/D5a-supervisor-real-timing/t/tmux-501/default> <set-window-option> <-t> <s1:ae-monitor> <pane-border-status> <top>
pid=18864 ppid=18706 AE_TMUX_SERVER=<unset> AE_TMUX_SERVER_KIND=<unset> argc=6 <-S> </private/tmp/aelx/L-DISCRIM/D5a-supervisor-real-timing/t/tmux-501/default> <select-pane> <-t> <%1> <-d>
pid=18931 ppid=18929 AE_TMUX_SERVER=<unset> AE_TMUX_SERVER_KIND=<unset> argc=8 <-S> </private/tmp/aelx/L-DISCRIM/D5a-supervisor-real-timing/t/tmux-501/default> <list-panes> <-s> <-t> <s1> <-F> <#{pane_id} #{@ae_agent}>
pid=18946 ppid=18944 AE_TMUX_SERVER=<unset> AE_TMUX_SERVER_KIND=<unset> argc=8 <-S> </private/tmp/aelx/L-DISCRIM/D5a-supervisor-real-timing/t/tmux-501/default> <list-panes> <-s> <-t> <s1> <-F> <#{pane_id} #{@ae_agent}>
pid=18965 ppid=18963 AE_TMUX_SERVER=<unset> AE_TMUX_SERVER_KIND=<unset> argc=8 <-S> </private/tmp/aelx/L-DISCRIM/D5a-supervisor-real-timing/t/tmux-501/default> <list-panes> <-s> <-t> <s1> <-F> <#{pane_id} #{@ae_agent}>
pid=18973 ppid=18972 AE_TMUX_SERVER=<unset> AE_TMUX_SERVER_KIND=<unset> argc=11 <-S> </private/tmp/aelx/L-DISCRIM/D5a-supervisor-real-timing/t/tmux-501/default> <split-window> <-v> <-b> <-t> <%1> <-P> <-F> <#{pane_id}> </tmp/aelx/L-DISCRIM/D5a-supervisor-real-timing/h/.ae/sessions/s1/watchdog _run>
pid=18985 ppid=18883 AE_TMUX_SERVER=<unset> AE_TMUX_SERVER_KIND=<unset> argc=8 <-S> </private/tmp/aelx/L-DISCRIM/D5a-supervisor-real-timing/t/tmux-501/default> <set-option> <-p> <-t> <%2> <@ae_agent> <_watchdog>
pid=18996 ppid=18883 AE_TMUX_SERVER=<unset> AE_TMUX_SERVER_KIND=<unset> argc=7 <-S> </private/tmp/aelx/L-DISCRIM/D5a-supervisor-real-timing/t/tmux-501/default> <select-pane> <-t> <%2> <-T> <ae watchdog>
pid=19021 ppid=18883 AE_TMUX_SERVER=<unset> AE_TMUX_SERVER_KIND=<unset> argc=6 <-S> </private/tmp/aelx/L-DISCRIM/D5a-supervisor-real-timing/t/tmux-501/default> <select-pane> <-t> <%2> <-d>
pid=19044 ppid=19042 AE_TMUX_SERVER=<unset> AE_TMUX_SERVER_KIND=<unset> argc=5pid=19056 ppid=18381 AE_TMUX_SERVER=<unset> AE_TMUX_SERVER_KIND=<unset> argc=3 <-S> </private/tmp/aelx/L-DISCRIM/D5a-supervisor-real-timing/t/tmux-501/default> <select-pane> <list-sessions> <-t> <-F> <%0> <#{session_id} #{session_name}>

pid=18381 ppid=18334 AE_TMUX_SERVER=<unset> AE_TMUX_SERVER_KIND=<unset> argc=3 <attach-session> <-t>pid=19075 ppid=18983 AE_TMUX_SERVER=<unset> AE_TMUX_SERVER_KIND=<unset> argc=7 <s1>
 <-S> </private/tmp/aelx/L-DISCRIM/D5a-supervisor-real-timing/t/tmux-501/default> <set-option> <-t> <$0> <@ae_watchdog_status> <[watch ◌ starting]>
pid=19113 ppid=19110 AE_TMUX_SERVER=<unset> AE_TMUX_SERVER_KIND=<unset> argc=5 <-S> </private/tmp/aelx/L-DISCRIM/D5a-supervisor-real-timing/t/tmux-501/default> <list-sessions> <-F> <#{session_id} #{session_name}>
pid=19124 ppid=19084 AE_TMUX_SERVER=<unset> AE_TMUX_SERVER_KIND=<unset> argc=7 <-S> </private/tmp/aelx/L-DISCRIM/D5a-supervisor-real-timing/t/tmux-501/default> <set-option> <-t> <$0> <@ae_branch_name> <main>
pid=19145 ppid=19143 AE_TMUX_SERVER=<unset> AE_TMUX_SERVER_KIND=<unset> argc=5 <-S> </private/tmp/aelx/L-DISCRIM/D5a-supervisor-real-timing/t/tmux-501/default> <list-sessions> <-F> <#{session_id} #{session_name}>
pid=19155 ppid=18983 AE_TMUX_SERVER=<unset> AE_TMUX_SERVER_KIND=<unset> argc=7 <-S> </private/tmp/aelx/L-DISCRIM/D5a-supervisor-real-timing/t/tmux-501/default> <set-option> <-t> <$0> <@ae_branch_status> < main>
pid=19163 ppid=18983 AE_TMUX_SERVER=<unset> AE_TMUX_SERVER_KIND=<unset> argc=5 <-S> </private/tmp/aelx/L-DISCRIM/D5a-supervisor-real-timing/t/tmux-501/default> <has-session> <-t> <s1>
pid=19175 ppid=18983 AE_TMUX_SERVER=<unset> AE_TMUX_SERVER_KIND=<unset> argc=8 <-S> </private/tmp/aelx/L-DISCRIM/D5a-supervisor-real-timing/t/tmux-501/default> <list-panes> <-s> <-t> <s1> <-F> <#{pane_id}|#{@ae_agent}|#{pane_current_command}|#{pane_pid}>
pid=19177 ppid=19176 AE_TMUX_SERVER=<unset> AE_TMUX_SERVER_KIND=<unset> argc=7 <-S> </private/tmp/aelx/L-DISCRIM/D5a-supervisor-real-timing/t/tmux-501/default> <display-message> <-p> <-t> <%0> <#{@ae_slot}>
pid=19180 ppid=19179 AE_TMUX_SERVER=<unset> AE_TMUX_SERVER_KIND=<unset> argc=11 <-S> </private/tmp/aelx/L-DISCRIM/D5a-supervisor-real-timing/t/tmux-501/default> <capture-pane> <-p> <-J> <-S> <-40> <-E> <-> <-t> <%0>
pid=19217 ppid=19215 AE_TMUX_SERVER=<unset> AE_TMUX_SERVER_KIND=<unset> argc=5 <-S> </private/tmp/aelx/L-DISCRIM/D5a-supervisor-real-timing/t/tmux-501/default> <list-sessions> <-F> <#{session_id} #{session_name}>
pid=19219 ppid=18983 AE_TMUX_SERVER=<unset> AE_TMUX_SERVER_KIND=<unset> argc=7 <-S> </private/tmp/aelx/L-DISCRIM/D5a-supervisor-real-timing/t/tmux-501/default> <set-option> <-t> <$0> <@ae_watchdog_status> <[watch ● 1/1]>
pid=19232 ppid=19230 AE_TMUX_SERVER=<unset> AE_TMUX_SERVER_KIND=<unset> argc=5 <-S> </private/tmp/aelx/L-DISCRIM/D5a-supervisor-real-timing/t/tmux-501/default> <list-sessions> <-F> <#{session_id} #{session_name}>
pid=19233 ppid=19220 AE_TMUX_SERVER=<unset> AE_TMUX_SERVER_KIND=<unset> argc=7 <-S> </private/tmp/aelx/L-DISCRIM/D5a-supervisor-real-timing/t/tmux-501/default> <set-option> <-t> <$0> <@ae_branch_name> <main>
pid=19242 ppid=19239 AE_TMUX_SERVER=<unset> AE_TMUX_SERVER_KIND=<unset> argc=5 <-S> </private/tmp/aelx/L-DISCRIM/D5a-supervisor-real-timing/t/tmux-501/default> <list-sessions> <-F> <#{session_id} #{session_name}>
pid=19243 ppid=18983 AE_TMUX_SERVER=<unset> AE_TMUX_SERVER_KIND=<unset> argc=7 <-S> </private/tmp/aelx/L-DISCRIM/D5a-supervisor-real-timing/t/tmux-501/default> <set-option> <-t> <$0> <@ae_branch_status> < main>
pid=19254 ppid=19252 AE_TMUX_SERVER=<unset> AE_TMUX_SERVER_KIND=<unset> argc=5 <-S> </private/tmp/aelx/L-DISCRIM/D5a-supervisor-real-timing/t/tmux-501/default> <list-sessions> <-F> <#{session_id} #{session_name}>
pid=19258 ppid=18983 AE_TMUX_SERVER=<unset> AE_TMUX_SERVER_KIND=<unset> argc=7 <-S> </private/tmp/aelx/L-DISCRIM/D5a-supervisor-real-timing/t/tmux-501/default> <set-option> <-t> <$0> <@ae_agents_status> <grok●>
pid=19275 ppid=19273 AE_TMUX_SERVER=<unset> AE_TMUX_SERVER_KIND=<unset> argc=8 <-S> </private/tmp/aelx/L-DISCRIM/D5a-supervisor-real-timing/t/tmux-501/default> <list-panes> <-s> <-t> <s1> <-F> <#{pane_id}|#{window_id}|#{@ae_agent}>
pid=19277 ppid=18983 AE_TMUX_SERVER=<unset> AE_TMUX_SERVER_KIND=<unset> argc=8 <-S> </private/tmp/aelx/L-DISCRIM/D5a-supervisor-real-timing/t/tmux-501/default> <set-option> <-w> <-t> <@0> <@ae_window_status> <●>
pid=19278 ppid=18983 AE_TMUX_SERVER=<unset> AE_TMUX_SERVER_KIND=<unset> argc=8 <-S> </private/tmp/aelx/L-DISCRIM/D5a-supervisor-real-timing/t/tmux-501/default> <set-option> <-w> <-t> <@1> <@ae_window_status> <>
pid=20679 ppid=20677 AE_TMUX_SERVER=<unset> AE_TMUX_SERVER_KIND=<unset> argc=5 <-S> </private/tmp/aelx/L-DISCRIM/D5a-supervisor-real-timing/t/tmux-501/default> <list-sessions> <-F> <#{session_id} #{session_name}>
