[1;36m╭─ ae events — session: th8 ───────────────────────────────╮
│ date+time (UTC)  action   actor                  → target                 summary
╰──────────────────────────────────────────────────────────────────────────╯
[0m
08-21T00:00:01  memo     fake:lead                                       REPLAY-001-OF-30
08-21T00:00:02  memo     fake:lead                                       REPLAY-002-OF-30
08-21T00:00:03  memo     fake:lead                                       REPLAY-003-OF-30
08-21T00:00:04  memo     fake:lead                                       REPLAY-004-OF-30
08-21T00:00:05  memo     fake:lead                                       REPLAY-005-OF-30
08-21T00:00:06  memo     fake:lead                                       REPLAY-006-OF-30
08-21T00:00:07  memo     fake:lead                                       REPLAY-007-OF-30
08-21T00:00:08  memo     fake:lead                                       REPLAY-008-OF-30
08-21T00:00:09  memo     fake:lead                                       REPLAY-009-OF-30
08-21T00:00:10  memo     fake:lead                                       REPLAY-010-OF-30
08-21T00:00:11  memo     fake:lead                                       REPLAY-011-OF-30
08-21T00:00:12  memo     fake:lead                                       REPLAY-012-OF-30
08-21T00:00:13  memo     fake:lead                                       REPLAY-013-OF-30
08-21T00:00:14  memo     fake:lead                                       REPLAY-014-OF-30
08-21T00:00:15  memo     fake:lead                                       REPLAY-015-OF-30
08-21T00:00:16  memo     fake:lead                                       REPLAY-016-OF-30
08-21T00:00:17  memo     fake:lead                                       REPLAY-017-OF-30
08-21T00:00:18  memo     fake:lead                                       REPLAY-018-OF-30
08-21T00:00:19  memo     fake:lead                                       REPLAY-019-OF-30
08-21T00:00:20  memo     fake:lead                                       REPLAY-020-OF-30
08-21T00:00:21  memo     fake:lead                                       REPLAY-021-OF-30
08-21T00:00:22  memo     fake:lead                                       REPLAY-022-OF-30
08-21T00:00:23  memo     fake:lead                                       REPLAY-023-OF-30
08-21T00:00:24  memo     fake:lead                                       REPLAY-024-OF-30
08-21T00:00:25  memo     fake:lead                                       REPLAY-025-OF-30
08-21T00:00:26  memo     fake:lead                                       REPLAY-026-OF-30
08-21T00:00:27  memo     fake:lead                                       REPLAY-027-OF-30
08-21T00:00:28  memo     fake:lead                                       REPLAY-028-OF-30
08-21T00:00:29  memo     fake:lead                                       REPLAY-029-OF-30
08-21T00:00:30  memo     fake:lead                                       REPLAY-030-OF-30
08-21T00:00:01  memo     fake:lead                                       REPLAY-001-OF-31
08-21T00:00:02  memo     fake:lead                                       REPLAY-002-OF-31
08-21T00:00:03  memo     fake:lead                                       REPLAY-003-OF-31
08-21T00:00:04  memo     fake:lead                                       REPLAY-004-OF-31
08-21T00:00:05  memo     fake:lead                                       REPLAY-005-OF-31
08-21T00:00:06  memo     fake:lead                                       REPLAY-006-OF-31
08-21T00:00:07  memo     fake:lead                                       REPLAY-007-OF-31
08-21T00:00:08  memo     fake:lead                                       REPLAY-008-OF-31
08-21T00:00:09  memo     fake:lead                                       REPLAY-009-OF-31
08-21T00:00:10  memo     fake:lead                                       REPLAY-010-OF-31
08-21T00:00:11  memo     fake:lead                                       REPLAY-011-OF-31
08-21T00:00:12  memo     fake:lead                                       REPLAY-012-OF-31
08-21T00:00:13  memo     fake:lead                                       REPLAY-013-OF-31
08-21T00:00:14  memo     fake:lead                                       REPLAY-014-OF-31
08-21T00:00:15  memo     fake:lead                                       REPLAY-015-OF-31
08-21T00:00:16  memo     fake:lead                                       REPLAY-016-OF-31
08-21T00:00:17  memo     fake:lead                                       REPLAY-017-OF-31
08-21T00:00:18  memo     fake:lead                                       REPLAY-018-OF-31
08-21T00:00:19  memo     fake:lead                                       REPLAY-019-OF-31
08-21T00:00:20  memo     fake:lead                                       REPLAY-020-OF-31
08-21T00:00:21  memo     fake:lead                                       REPLAY-021-OF-31
08-21T00:00:22  memo     fake:lead                                       REPLAY-022-OF-31
08-21T00:00:23  memo     fake:lead                                       REPLAY-023-OF-31
08-21T00:00:24  memo     fake:lead                                       REPLAY-024-OF-31
08-21T00:00:25  memo     fake:lead                                       REPLAY-025-OF-31
08-21T00:00:26  memo     fake:lead                                       REPLAY-026-OF-31
08-21T00:00:27  memo     fake:lead                                       REPLAY-027-OF-31
08-21T00:00:28  memo     fake:lead                                       REPLAY-028-OF-31
08-21T00:00:29  memo     fake:lead                                       REPLAY-029-OF-31
08-21T00:00:30  memo     fake:lead                                       REPLAY-030-OF-31
08-21T00:00:31  memo     fake:lead                                       REPLAY-031-OF-31
08-21T00:00:01  memo     fake:lead                                       FOLLOW-FIRST
08-21T00:00:02  memo     fake:lead                                       FOLLOW-SECOND
08-21T00:00:01  memo     fake:lead                                       PARTIAL-BASE
08-21T00:00:05  memo     fake:lead                                       PARTIAL-HALFWRITTEN
08-21T00:00:01  memo     fake:lead                                       ARGV-IGNORED
