=== curl invocation 2026-08-20T15:42:07Z ===
argv: -sS -K -
stdin:
  silent
  fail-with-body
  url = https://api.telegram.org/botb0-fixture-not-a-real-token/sendMessage
  data-urlencode = chat_id=1234567890
  data-urlencode = text@/tmp/ae-telegram-msg.PtNS3c
text-file /tmp/ae-telegram-msg.PtNS3c:
  | [b0d7] send  dummy:dummy → dummy2:helper
  | ⟦ae:msg from unverified⟧ fixture settle probe=== curl invocation 2026-08-20T15:42:08Z ===
argv: -sS -K -
stdin:
  silent
  fail-with-body
  url = https://api.telegram.org/botb0-fixture-not-a-real-token/sendMessage
  data-urlencode = chat_id=1234567890
  data-urlencode = text@/tmp/ae-telegram-msg.FXlPE4
text-file /tmp/ae-telegram-msg.FXlPE4:
  | [b0d7] send  dummy:dummy → dummy2:helper
  | ⟦ae:msg from unverified⟧ fixture settle probe=== curl invocation 2026-08-20T15:42:08Z ===
argv: -sS -K -
stdin:
  silent
  fail-with-body
  url = https://api.telegram.org/botb0-fixture-not-a-real-token/sendMessage
  data-urlencode = chat_id=1234567890
  data-urlencode = text@/tmp/ae-telegram-msg.fDAYsb
text-file /tmp/ae-telegram-msg.fDAYsb:
  | [b0d7] send  dummy:dummy → dummy2:helper
  | ⟦ae:msg from unverified⟧ fixture settle probe=== curl invocation 2026-08-20T15:42:08Z ===
argv: -sS -K -
stdin:
  silent
  fail-with-body
  url = https://api.telegram.org/botb0-fixture-not-a-real-token/sendMessage
  data-urlencode = chat_id=1234567890
  data-urlencode = text@/tmp/ae-telegram-msg.600UcU
text-file /tmp/ae-telegram-msg.600UcU:
  | [b0d7] send  dummy:dummy → dummy2:helper
  | ⟦ae:msg from unverified⟧ fixture settle probe=== curl invocation 2026-08-20T15:42:08Z ===
argv: -sS -K -
stdin:
  silent
  fail-with-body
  url = https://api.telegram.org/botb0-fixture-not-a-real-token/sendMessage
  data-urlencode = chat_id=1234567890
  data-urlencode = text@/tmp/ae-telegram-msg.iWB5U3
text-file /tmp/ae-telegram-msg.iWB5U3:
  | [b0d7] send  dummy:dummy → dummy2:helper
  | ⟦ae:msg from unverified⟧ fixture settle probe=== curl invocation 2026-08-20T15:42:08Z ===
argv: -sS -K -
stdin:
  silent
  fail-with-body
  url = https://api.telegram.org/botb0-fixture-not-a-real-token/sendMessage
  data-urlencode = chat_id=1234567890
  data-urlencode = text@/tmp/ae-telegram-msg.Knkivt
text-file /tmp/ae-telegram-msg.Knkivt:
  | [b0d7] send  dummy:dummy → dummy2:helper
  | ⟦ae:msg from unverified⟧ fixture settle probe=== curl invocation 2026-08-20T15:42:08Z ===
argv: -sS -K -
stdin:
  silent
  fail-with-body
  url = https://api.telegram.org/botb0-fixture-not-a-real-token/sendMessage
  data-urlencode = chat_id=1234567890
  data-urlencode = text@/tmp/ae-telegram-msg.1uMNFr
text-file /tmp/ae-telegram-msg.1uMNFr:
  | [b0d7] send  dummy:dummy → dummy2:helper
  | ⟦ae:msg from unverified⟧ fixture settle probe=== curl invocation 2026-08-20T15:42:08Z ===
argv: -sS -K -
stdin:
  silent
  fail-with-body
  url = https://api.telegram.org/botb0-fixture-not-a-real-token/sendMessage
  data-urlencode = chat_id=1234567890
  data-urlencode = text@/tmp/ae-telegram-msg.BNUPKE
text-file /tmp/ae-telegram-msg.BNUPKE:
  | [b0d7] send  dummy:dummy → dummy2:helper
  | ⟦ae:msg from unverified⟧ fixture settle probe=== curl invocation 2026-08-20T15:42:08Z ===
argv: -sS -K -
stdin:
  silent
  fail-with-body
  url = https://api.telegram.org/botb0-fixture-not-a-real-token/sendMessage
  data-urlencode = chat_id=1234567890
  data-urlencode = text@/tmp/ae-telegram-msg.IOMuCN
text-file /tmp/ae-telegram-msg.IOMuCN:
  | [b0d7] send  dummy:dummy → dummy2:helper
  | ⟦ae:msg from unverified⟧ fixture settle probe=== curl invocation 2026-08-20T15:42:09Z ===
argv: -sS -K -
stdin:
  silent
  fail-with-body
  url = https://api.telegram.org/botb0-fixture-not-a-real-token/sendMessage
  data-urlencode = chat_id=1234567890
  data-urlencode = text@/tmp/ae-telegram-msg.PjXpeF
text-file /tmp/ae-telegram-msg.PjXpeF:
  | [b0d7] send  dummy:dummy → dummy2:helper
  | ⟦ae:msg from unverified⟧ fixture settle probe=== curl invocation 2026-08-20T15:42:09Z ===
argv: -sS -K -
stdin:
  silent
  fail-with-body
  url = https://api.telegram.org/botb0-fixture-not-a-real-token/sendMessage
  data-urlencode = chat_id=1234567890
  data-urlencode = text@/tmp/ae-telegram-msg.HM0FTA
text-file /tmp/ae-telegram-msg.HM0FTA:
  | [b0d7] send  dummy:dummy → dummy2:helper
  | ⟦ae:msg from unverified⟧ fixture settle probe=== curl invocation 2026-08-20T15:42:09Z ===
argv: -sS -K -
stdin:
  silent
  fail-with-body
  url = https://api.telegram.org/botb0-fixture-not-a-real-token/sendMessage
  data-urlencode = chat_id=1234567890
  data-urlencode = text@/tmp/ae-telegram-msg.mp3E0y
text-file /tmp/ae-telegram-msg.mp3E0y:
  | [b0d7] send  dummy:dummy → dummy2:helper
  | ⟦ae:msg from unverified⟧ fixture settle probe=== curl invocation 2026-08-20T15:42:09Z ===
argv: -sS -K -
stdin:
  silent
  fail-with-body
  url = https://api.telegram.org/botb0-fixture-not-a-real-token/sendMessage
  data-urlencode = chat_id=1234567890
  data-urlencode = text@/tmp/ae-telegram-msg.Ifryab
text-file /tmp/ae-telegram-msg.Ifryab:
  | [b0d7] send  dummy:dummy → dummy2:helper
  | ⟦ae:msg from unverified⟧ fixture settle probe=== curl invocation 2026-08-20T15:42:09Z ===
argv: -sS -K -
stdin:
  silent
  fail-with-body
  url = https://api.telegram.org/botb0-fixture-not-a-real-token/sendMessage
  data-urlencode = chat_id=1234567890
  data-urlencode = text@/tmp/ae-telegram-msg.QT2js4
text-file /tmp/ae-telegram-msg.QT2js4:
  | [b0d7] send  dummy:dummy → dummy2:helper
  | ⟦ae:msg from unverified⟧ fixture settle probe=== curl invocation 2026-08-20T15:42:10Z ===
argv: -sS -K -
stdin:
  silent
  fail-with-body
  url = https://api.telegram.org/botb0-fixture-not-a-real-token/sendMessage
  data-urlencode = chat_id=1234567890
  data-urlencode = text@/tmp/ae-telegram-msg.MMjnHb
text-file /tmp/ae-telegram-msg.MMjnHb:
  | [b0d7] send  dummy:dummy → dummy2:helper
  | ⟦ae:msg from unverified⟧ fixture settle probe=== curl invocation 2026-08-20T15:42:10Z ===
argv: -sS -K -
stdin:
  silent
  fail-with-body
  url = https://api.telegram.org/botb0-fixture-not-a-real-token/sendMessage
  data-urlencode = chat_id=1234567890
  data-urlencode = text@/tmp/ae-telegram-msg.S3E4CX
text-file /tmp/ae-telegram-msg.S3E4CX:
  | [b0d7] send  dummy:dummy → dummy2:helper
  | ⟦ae:msg from unverified⟧ fixture settle probe=== curl invocation 2026-08-20T15:42:10Z ===
argv: -sS -K -
stdin:
  silent
  fail-with-body
  url = https://api.telegram.org/botb0-fixture-not-a-real-token/sendMessage
  data-urlencode = chat_id=1234567890
  data-urlencode = text@/tmp/ae-telegram-msg.wkLreX
text-file /tmp/ae-telegram-msg.wkLreX:
  | [b0d7] send  dummy:dummy → dummy2:helper
  | ⟦ae:msg from unverified⟧ fixture settle probe=== curl invocation 2026-08-20T15:42:10Z ===
argv: -sS -K -
stdin:
  silent
  fail-with-body
  url = https://api.telegram.org/botb0-fixture-not-a-real-token/sendMessage
  data-urlencode = chat_id=1234567890
  data-urlencode = text@/tmp/ae-telegram-msg.g3yTKQ
text-file /tmp/ae-telegram-msg.g3yTKQ:
  | [b0d7] send  dummy:dummy → dummy2:helper
  | ⟦ae:msg from unverified⟧ fixture settle probe=== curl invocation 2026-08-20T15:42:11Z ===
argv: -sS -K -
stdin:
  silent
  fail-with-body
  url = https://api.telegram.org/botb0-fixture-not-a-real-token/sendMessage
  data-urlencode = chat_id=1234567890
  data-urlencode = text@/tmp/ae-telegram-msg.wyYMlK
text-file /tmp/ae-telegram-msg.wyYMlK:
  | [b0d7] send  dummy:dummy → dummy2:helper
  | ⟦ae:msg from unverified⟧ fixture settle probe=== curl invocation 2026-08-20T15:42:11Z ===
argv: -sS -K -
stdin:
  silent
  fail-with-body
  url = https://api.telegram.org/botb0-fixture-not-a-real-token/sendMessage
  data-urlencode = chat_id=1234567890
  data-urlencode = text@/tmp/ae-telegram-msg.9FAoob
text-file /tmp/ae-telegram-msg.9FAoob:
  | [b0d7] send  dummy:dummy → dummy2:helper
  | ⟦ae:msg from unverified⟧ fixture settle probe=== curl invocation 2026-08-20T15:42:11Z ===
argv: -sS -K -
stdin:
  silent
  fail-with-body
  url = https://api.telegram.org/botb0-fixture-not-a-real-token/sendMessage
  data-urlencode = chat_id=1234567890
  data-urlencode = text@/tmp/ae-telegram-msg.PC0r9a
text-file /tmp/ae-telegram-msg.PC0r9a:
  | [b0d7] send  dummy:dummy → dummy2:helper
  | ⟦ae:msg from unverified⟧ fixture settle probe=== curl invocation 2026-08-20T15:42:11Z ===
argv: -sS -K -
stdin:
  silent
  fail-with-body
  url = https://api.telegram.org/botb0-fixture-not-a-real-token/sendMessage
  data-urlencode = chat_id=1234567890
  data-urlencode = text@/tmp/ae-telegram-msg.AekCPF
text-file /tmp/ae-telegram-msg.AekCPF:
  | [b0d7] send  dummy:dummy → dummy2:helper
  | ⟦ae:msg from unverified⟧ fixture settle probe=== curl invocation 2026-08-20T15:42:11Z ===
argv: -sS -K -
stdin:
  silent
  fail-with-body
  url = https://api.telegram.org/botb0-fixture-not-a-real-token/sendMessage
  data-urlencode = chat_id=1234567890
  data-urlencode = text@/tmp/ae-telegram-msg.DTCUwj
text-file /tmp/ae-telegram-msg.DTCUwj:
  | [b0d7] send  dummy:dummy → dummy2:helper
  | ⟦ae:msg from unverified⟧ fixture settle probe=== curl invocation 2026-08-20T15:42:11Z ===
argv: -sS -K -
stdin:
  silent
  fail-with-body
  url = https://api.telegram.org/botb0-fixture-not-a-real-token/sendMessage
  data-urlencode = chat_id=1234567890
  data-urlencode = text@/tmp/ae-telegram-msg.cMiqmN
text-file /tmp/ae-telegram-msg.cMiqmN:
  | [b0d7] send  dummy:dummy → dummy2:helper
  | ⟦ae:msg from unverified⟧ fixture settle probe=== curl invocation 2026-08-20T15:42:11Z ===
argv: -sS -K -
stdin:
  silent
  fail-with-body
  url = https://api.telegram.org/botb0-fixture-not-a-real-token/sendMessage
  data-urlencode = chat_id=1234567890
  data-urlencode = text@/tmp/ae-telegram-msg.USQdWq
text-file /tmp/ae-telegram-msg.USQdWq:
  | [b0d7] send  dummy:dummy → dummy2:helper
  | ⟦ae:msg from unverified⟧ fixture settle probe=== curl invocation 2026-08-20T15:42:12Z ===
argv: -sS -K -
stdin:
  silent
  fail-with-body
  url = https://api.telegram.org/botb0-fixture-not-a-real-token/sendMessage
  data-urlencode = chat_id=1234567890
  data-urlencode = text@/tmp/ae-telegram-msg.kYig9B
text-file /tmp/ae-telegram-msg.kYig9B:
  | [b0d7] send  dummy:dummy → dummy2:helper
  | ⟦ae:msg from unverified⟧ fixture settle probe=== curl invocation 2026-08-20T15:42:12Z ===
argv: -sS -K -
stdin:
  silent
  fail-with-body
  url = https://api.telegram.org/botb0-fixture-not-a-real-token/sendMessage
  data-urlencode = chat_id=1234567890
  data-urlencode = text@/tmp/ae-telegram-msg.KT3aPf
text-file /tmp/ae-telegram-msg.KT3aPf:
  | [b0d7] send  dummy:dummy → dummy2:helper
  | ⟦ae:msg from unverified⟧ fixture settle probe=== curl invocation 2026-08-20T15:42:12Z ===
argv: -sS -K -
stdin:
  silent
  fail-with-body
  url = https://api.telegram.org/botb0-fixture-not-a-real-token/sendMessage
  data-urlencode = chat_id=1234567890
  data-urlencode = text@/tmp/ae-telegram-msg.S4KlgS
text-file /tmp/ae-telegram-msg.S4KlgS:
  | [b0d7] send  dummy:dummy → dummy2:helper
  | ⟦ae:msg from unverified⟧ fixture settle probe=== curl invocation 2026-08-20T15:42:12Z ===
argv: -sS -K -
stdin:
  silent
  fail-with-body
  url = https://api.telegram.org/botb0-fixture-not-a-real-token/sendMessage
  data-urlencode = chat_id=1234567890
  data-urlencode = text@/tmp/ae-telegram-msg.9rEfQK
text-file /tmp/ae-telegram-msg.9rEfQK:
  | [b0d7] send  dummy:dummy → dummy2:helper
  | ⟦ae:msg from unverified⟧ fixture settle probe=== curl invocation 2026-08-20T15:42:12Z ===
argv: -sS -K -
stdin:
  silent
  fail-with-body
  url = https://api.telegram.org/botb0-fixture-not-a-real-token/sendMessage
  data-urlencode = chat_id=1234567890
  data-urlencode = text@/tmp/ae-telegram-msg.KIoSQw
text-file /tmp/ae-telegram-msg.KIoSQw:
  | [b0d7] send  dummy:dummy → dummy2:helper
  | ⟦ae:msg from unverified⟧ fixture settle probe=== curl invocation 2026-08-20T15:42:12Z ===
argv: -sS -K -
stdin:
  silent
  fail-with-body
  url = https://api.telegram.org/botb0-fixture-not-a-real-token/sendMessage
  data-urlencode = chat_id=1234567890
  data-urlencode = text@/tmp/ae-telegram-msg.v6wT0T
text-file /tmp/ae-telegram-msg.v6wT0T:
  | [b0d7] send  dummy:dummy → dummy2:helper
  | ⟦ae:msg from unverified⟧ fixture settle probe=== curl invocation 2026-08-20T15:42:12Z ===
argv: -sS -K -
stdin:
  silent
  fail-with-body
  url = https://api.telegram.org/botb0-fixture-not-a-real-token/sendMessage
  data-urlencode = chat_id=1234567890
  data-urlencode = text@/tmp/ae-telegram-msg.A14m3O
text-file /tmp/ae-telegram-msg.A14m3O:
  | [b0d7] send  dummy:dummy → dummy2:helper
  | ⟦ae:msg from unverified⟧ fixture settle probe=== curl invocation 2026-08-20T15:42:12Z ===
argv: -sS -K -
stdin:
  silent
  fail-with-body
  url = https://api.telegram.org/botb0-fixture-not-a-real-token/sendMessage
  data-urlencode = chat_id=1234567890
  data-urlencode = text@/tmp/ae-telegram-msg.hyo5Jn
text-file /tmp/ae-telegram-msg.hyo5Jn:
  | [b0d7] send  dummy:dummy → dummy2:helper
  | ⟦ae:msg from unverified⟧ fixture settle probe=== curl invocation 2026-08-20T15:42:13Z ===
argv: -sS -K -
stdin:
  silent
  fail-with-body
  url = https://api.telegram.org/botb0-fixture-not-a-real-token/sendMessage
  data-urlencode = chat_id=1234567890
  data-urlencode = text@/tmp/ae-telegram-msg.BakjQ6
text-file /tmp/ae-telegram-msg.BakjQ6:
  | [b0d7] send  dummy:dummy → dummy2:helper
  | ⟦ae:msg from unverified⟧ fixture settle probe=== curl invocation 2026-08-20T15:42:13Z ===
argv: -sS -K -
stdin:
  silent
  fail-with-body
  url = https://api.telegram.org/botb0-fixture-not-a-real-token/sendMessage
  data-urlencode = chat_id=1234567890
  data-urlencode = text@/tmp/ae-telegram-msg.cDbYqx
text-file /tmp/ae-telegram-msg.cDbYqx:
  | [b0d7] send  dummy:dummy → dummy2:helper
  | ⟦ae:msg from unverified⟧ fixture settle probe=== curl invocation 2026-08-20T15:42:13Z ===
argv: -sS -K -
stdin:
  silent
  fail-with-body
  url = https://api.telegram.org/botb0-fixture-not-a-real-token/sendMessage
  data-urlencode = chat_id=1234567890
  data-urlencode = text@/tmp/ae-telegram-msg.13CCRK
text-file /tmp/ae-telegram-msg.13CCRK:
  | [b0d7] send  dummy:dummy → dummy2:helper
  | ⟦ae:msg from unverified⟧ fixture settle probe=== curl invocation 2026-08-20T15:42:13Z ===
argv: -sS -K -
stdin:
  silent
  fail-with-body
  url = https://api.telegram.org/botb0-fixture-not-a-real-token/sendMessage
  data-urlencode = chat_id=1234567890
  data-urlencode = text@/tmp/ae-telegram-msg.bbCYgb
text-file /tmp/ae-telegram-msg.bbCYgb:
  | [b0d7] send  dummy:dummy → dummy2:helper
  | ⟦ae:msg from unverified⟧ fixture settle probe=== curl invocation 2026-08-20T15:42:13Z ===
argv: -sS -K -
stdin:
  silent
  fail-with-body
  url = https://api.telegram.org/botb0-fixture-not-a-real-token/sendMessage
  data-urlencode = chat_id=1234567890
  data-urlencode = text@/tmp/ae-telegram-msg.21k1jV
text-file /tmp/ae-telegram-msg.21k1jV:
  | [b0d7] send  dummy:dummy → dummy2:helper
  | ⟦ae:msg from unverified⟧ fixture settle probe=== curl invocation 2026-08-20T15:42:13Z ===
argv: -sS -K -
stdin:
  silent
  fail-with-body
  url = https://api.telegram.org/botb0-fixture-not-a-real-token/sendMessage
  data-urlencode = chat_id=1234567890
  data-urlencode = text@/tmp/ae-telegram-msg.CNb2e5
text-file /tmp/ae-telegram-msg.CNb2e5:
  | [b0d7] send  dummy:dummy → dummy2:helper
  | ⟦ae:msg from unverified⟧ fixture settle probe=== curl invocation 2026-08-20T15:42:13Z ===
argv: -sS -K -
stdin:
  silent
  fail-with-body
  url = https://api.telegram.org/botb0-fixture-not-a-real-token/sendMessage
  data-urlencode = chat_id=1234567890
  data-urlencode = text@/tmp/ae-telegram-msg.cMQwve
text-file /tmp/ae-telegram-msg.cMQwve:
  | [b0d7] send  dummy:dummy → dummy2:helper
  | ⟦ae:msg from unverified⟧ fixture settle probe=== curl invocation 2026-08-20T15:42:14Z ===
argv: -sS -K -
stdin:
  silent
  fail-with-body
  url = https://api.telegram.org/botb0-fixture-not-a-real-token/sendMessage
  data-urlencode = chat_id=1234567890
  data-urlencode = text@/tmp/ae-telegram-msg.V9hg0F
text-file /tmp/ae-telegram-msg.V9hg0F:
  | [b0d7] send  dummy:dummy → dummy2:helper
  | ⟦ae:msg from unverified⟧ fixture settle probe