PASS red proof omitted SC-017m locus: rc=1
PASS red proof orphan obligation ID: rc=1
PASS red proof extra locus with valid ID: rc=1
PASS red proof missing generated_at VALUE record: rc=1
PASS red proof generated_at misclassified directional: rc=1
PASS red proof generated_at C17 pin: rc=1
PASS red proof blank directional-gap successor: rc=1
PASS red proof directional-gap arbitrary successor: rc=1
PASS red proof pane-association gap C12 pin: rc=1
PASS red proof partial corpus-locus C12 pin: rc=1
PASS red proof inventory locus count: rc=1
PASS red proof retained corpus locus count: rc=1
PASS red proof directional-gap nonzero locus count: rc=1
PASS red proof unpinned directional-gap reclassification: rc=1
PASS red proof input-carrier obligation mapping: rc=1
PASS red proof carrier reclassification: rc=1
PASS red proof extra input-carrier row: rc=1
PASS red proof input-carrier nonzero locus count: rc=1
PASS red proof directional obligation IDs: rc=1
PASS red proof omitted SC-509b relation: rc=1
PASS red proof omitted SC-509c relation: rc=1
PASS red proof SC-509b raw metadata loss: rc=1
PASS red proof SC-509c alert currency: rc=1
PASS red proof duplicate SC-509c session-and-agent key: rc=1
PASS red proof SC-509c state/alert carrier overlap: rc=1
PASS red proof SC-509c exclusion claiming selected carrier: rc=1
PASS red proof contract blob drift: rc=1
PASS red proof inventory header: rc=1
PASS red proof P1 population: rc=1
PASS red proof duplicate reconciliation key: rc=1
