pid=45178 ppid=45163 AE_TMUX_SERVER=<unset> AE_TMUX_SERVER_KIND=<unset> argc=3 <has-session> <-t> <proj>
pid=45295 ppid=45163 AE_TMUX_SERVER=<unset> AE_TMUX_SERVER_KIND=<unset> argc=6 <new-session> <-d> <-s> <proj> <-c> </private/tmp/aelx/L-832C/cut-dir-consumer-stop/w>
pid=45317 ppid=45163 AE_TMUX_SERVER=<unset> AE_TMUX_SERVER_KIND=<unset> argc=5 <set-environment> <-t> <proj> <-u> <CLAUDECODE>
pid=45330 ppid=45163 AE_TMUX_SERVER=<unset> AE_TMUX_SERVER_KIND=<unset> argc=5 <set-environment> <-t> <proj> <-u> <CLAUDE_CODE_SESSION>
pid=45339 ppid=45163 AE_TMUX_SERVER=<unset> AE_TMUX_SERVER_KIND=<unset> argc=5 <set-environment> <-t> <proj> <AE_SESSION> <1>
pid=45352 ppid=45163 AE_TMUX_SERVER=<unset> AE_TMUX_SERVER_KIND=<unset> argc=5 <set-environment> <-t> <proj> <AE_ORIGIN> </private/tmp/aelx/L-832C/cut-dir-consumer-stop/w>
pid=45361 ppid=45163 AE_TMUX_SERVER=<unset> AE_TMUX_SERVER_KIND=<unset> argc=5 <set-environment> <-t> <proj> <AE_DIR> </private/tmp/aelx/L-832C/cut-dir-consumer-stop/w>
pid=45369 ppid=45163 AE_TMUX_SERVER=<unset> AE_TMUX_SERVER_KIND=<unset> argc=5 <set-environment> <-t> <proj> <AE_MODE> <local>
pid=45378 ppid=45163 AE_TMUX_SERVER=<unset> AE_TMUX_SERVER_KIND=<unset> argc=5 <set-environment> <-t> <proj> <AE_HOME> </tmp/aelx/L-832C/cut-dir-consumer-stop/h/.ae>
pid=45386 ppid=45163 AE_TMUX_SERVER=<unset> AE_TMUX_SERVER_KIND=<unset> argc=5 <set-option> <-t> <proj> <mouse> <on>
pid=45395 ppid=45163 AE_TMUX_SERVER=<unset> AE_TMUX_SERVER_KIND=<unset> argc=5 <set-option> <-t> <proj> <focus-events> <on>
pid=45404 ppid=45163 AE_TMUX_SERVER=<unset> AE_TMUX_SERVER_KIND=<unset> argc=5 <set-option> <-t> <proj> <history-limit> <50000>
pid=45413 ppid=45163 AE_TMUX_SERVER=<unset> AE_TMUX_SERVER_KIND=<unset> argc=5 <set-option> <-t> <proj> <pane-border-status> <top>
pid=45422 ppid=45163 AE_TMUX_SERVER=<unset> AE_TMUX_SERVER_KIND=<unset> argc=5 <set-option> <-t> <proj> <pane-border-format> < #{@ae_agent} >
pid=45430 ppid=45163 AE_TMUX_SERVER=<unset> AE_TMUX_SERVER_KIND=<unset> argc=3 <has-session> <-t> <proj>
pid=45441 ppid=45440 AE_TMUX_SERVER=<unset> AE_TMUX_SERVER_KIND=<unset> argc=3 <list-sessions> <-F> <#{session_id} #{session_name}>
pid=45461 ppid=45163 AE_TMUX_SERVER=<unset> AE_TMUX_SERVER_KIND=<unset> argc=5 <set-option> <-t> <$0> <status-left> <[ae proj] >
pid=45471 ppid=45163 AE_TMUX_SERVER=<unset> AE_TMUX_SERVER_KIND=<unset> argc=5 <set-option> <-t> <$0> <status-left-length> <40>
pid=45479 ppid=45163 AE_TMUX_SERVER=<unset> AE_TMUX_SERVER_KIND=<unset> argc=5 <set-option> <-t> <$0> <status-right> <[…tmp/aelx/L-832C/cut-dir-consumer-stop/w#{@ae_branch_status}] #{@ae_watchdog_status}>
pid=45489 ppid=45163 AE_TMUX_SERVER=<unset> AE_TMUX_SERVER_KIND=<unset> argc=5 <set-option> <-t> <$0> <status-right-length> <100>
pid=45498 ppid=45163 AE_TMUX_SERVER=<unset> AE_TMUX_SERVER_KIND=<unset> argc=5 <set-option> <-t> <$0> <status-interval> <5>
pid=45506 ppid=45163 AE_TMUX_SERVER=<unset> AE_TMUX_SERVER_KIND=<unset> argc=5 <set-option> <-t> <$0> <status> <2>
pid=45514 ppid=45513 AE_TMUX_SERVER=<unset> AE_TMUX_SERVER_KIND=<unset> argc=3 <show-options> <-gv> <status-format[0]>
pid=45521 ppid=45163 AE_TMUX_SERVER=<unset> AE_TMUX_SERVER_KIND=<unset> argc=5 <set-option> <-t> <$0> <status-format[0]> <#[align=left range=left #{E:status-left-style}]#[push-default]#{T;=/#{status-left-length}:status-left}#[pop-default]#[norange default]#[list=on align=#{status-justify}]#[list=left-marker]<#[list=right-marker]>#[list=on]#{W:#[range=window|#{window_index} #{E:window-status-style}#{?#{&&:#{window_last_flag},#{!=:#{E:window-status-last-style},default}}, #{E:window-status-last-style},}#{?#{&&:#{window_bell_flag},#{!=:#{E:window-status-bell-style},default}}, #{E:window-status-bell-style},#{?#{&&:#{||:#{window_activity_flag},#{window_silence_flag}},#{!=:#{E:window-status-activity-style},default}}, #{E:window-status-activity-style},}}]#[push-default]#{T:window-status-format}#[pop-default]#[norange default]#{?loop_last_flag,,#{E:window-status-separator}},#[range=window|#{window_index} list=focus #{?#{!=:#{E:window-status-current-style},default},#{E:window-status-current-style},#{E:window-status-style}}#{?#{&&:#{window_last_flag},#{!=:#{E:window-status-last-style},default}}, #{E:window-status-last-style},}#{?#{&&:#{window_bell_flag},#{!=:#{E:window-status-bell-style},default}}, #{E:window-status-bell-style},#{?#{&&:#{||:#{window_activity_flag},#{window_silence_flag}},#{!=:#{E:window-status-activity-style},default}}, #{E:window-status-activity-style},}}]#[push-default]#{T:window-status-current-format}#[pop-default]#[norange list=on default]#{?loop_last_flag,,#{E:window-status-separator}}}#[nolist align=right range=right #{E:status-right-style}]#[push-default]#{T;=/#{status-right-length}:status-right}#[pop-default]#[norange default]>
pid=45528 ppid=45163 AE_TMUX_SERVER=<unset> AE_TMUX_SERVER_KIND=<unset> argc=5 <set-option> <-t> <$0> <status-format[1]> <#[align=left] #{@ae_agent}#[align=right]#{@ae_agents_status} >
pid=45534 ppid=45163 AE_TMUX_SERVER=<unset> AE_TMUX_SERVER_KIND=<unset> argc=5 <set-option> <-t> <$0> <window-status-format> <#I:#W#{@ae_window_status}#F>
pid=45543 ppid=45163 AE_TMUX_SERVER=<unset> AE_TMUX_SERVER_KIND=<unset> argc=5 <set-option> <-t> <$0> <window-status-current-format> <#I:#W#{@ae_window_status}#F>
pid=45544 ppid=45163 AE_TMUX_SERVER=<unset> AE_TMUX_SERVER_KIND=<unset> argc=5 <set-option> <-t> <proj> <automatic-rename> <off>
pid=45546 ppid=45163 AE_TMUX_SERVER=<unset> AE_TMUX_SERVER_KIND=<unset> argc=4 <rename-window> <-t> <proj> <proj>
pid=45547 ppid=45163 AE_TMUX_SERVER=<unset> AE_TMUX_SERVER_KIND=<unset> argc=5 <display-message> <-t> <proj> <-p> <#{pane_id}>
pid=45548 ppid=45163 AE_TMUX_SERVER=<unset> AE_TMUX_SERVER_KIND=<unset> argc=5 <select-pane> <-t> <%0> <-T> <ae:grok:grok>
pid=45549 ppid=45163 AE_TMUX_SERVER=<unset> AE_TMUX_SERVER_KIND=<unset> argc=6 <set-option> <-p> <-t> <%0> <@ae_agent> <grok:grok>
pid=45550 ppid=45163 AE_TMUX_SERVER=<unset> AE_TMUX_SERVER_KIND=<unset> argc=6 <set-option> <-p> <-t> <%0> <@ae_slot> <main>
pid=45575 ppid=45574 AE_TMUX_SERVER=<unset> AE_TMUX_SERVER_KIND=<unset> argc=3 <display-message> <-p> <#{socket_path}>
pid=45661 ppid=45163 AE_TMUX_SERVER=<unset> AE_TMUX_SERVER_KIND=<unset> argc=6 <list-panes> <-s> <-t> <proj> <-F> <#{pane_id}	#{@ae_agent}>
pid=45682 ppid=45681 AE_TMUX_SERVER=<unset> AE_TMUX_SERVER_KIND=<unset> argc=8 <-S> </private/tmp/aelx/L-832C/cut-dir-consumer-stop/t/tmux-501/default> <list-panes> <-s> <-t> <proj> <-F> <#{pane_id}|#{@ae_slot}|#{@ae_agent}>
pid=45744 ppid=45743 AE_TMUX_SERVER=<unset> AE_TMUX_SERVER_KIND=<unset> argc=5 <display-message> <-p> <-t> <%0> <#{pane_current_command}>
pid=45746 ppid=45163 AE_TMUX_SERVER=<unset> AE_TMUX_SERVER_KIND=<unset> argc=4 <load-buffer> <-b> <ae-ps-45163-%0> <->
pid=45747 ppid=45163 AE_TMUX_SERVER=<unset> AE_TMUX_SERVER_KIND=<unset> argc=6 <paste-buffer> <-d> <-b> <ae-ps-45163-%0> <-t> <%0>
pid=45749 ppid=45163 AE_TMUX_SERVER=<unset> AE_TMUX_SERVER_KIND=<unset> argc=4 <send-keys> <-t> <%0> <Enter>
pid=45982 ppid=45980 AE_TMUX_SERVER=<unset> AE_TMUX_SERVER_KIND=<unset> argc=8 <-S> </private/tmp/aelx/L-832C/cut-dir-consumer-stop/t/tmux-501/default> <list-panes> <-s> <-t> <proj> <-F> <#{pane_id} #{@ae_agent}>
pid=45984 ppid=45983 AE_TMUX_SERVER=<unset> AE_TMUX_SERVER_KIND=<unset> argc=12 <-S> </private/tmp/aelx/L-832C/cut-dir-consumer-stop/t/tmux-501/default> <new-window> <-d> <-t> <proj:99> <-n> <ae-monitor> <-P> <-F> <#{pane_id}> </tmp/aelx/L-832C/cut-dir-consumer-stop/h/.ae/sessions/proj/events-tail>
pid=45986 ppid=45947 AE_TMUX_SERVER=<unset> AE_TMUX_SERVER_KIND=<unset> argc=8 <-S> </private/tmp/aelx/L-832C/cut-dir-consumer-stop/t/tmux-501/default> <set-option> <-p> <-t> <%1> <@ae_agent> <_events>
pid=45987 ppid=45947 AE_TMUX_SERVER=<unset> AE_TMUX_SERVER_KIND=<unset> argc=7 <-S> </private/tmp/aelx/L-832C/cut-dir-consumer-stop/t/tmux-501/default> <select-pane> <-t> <%1> <-T> <ae events>
pid=45988 ppid=45947 AE_TMUX_SERVER=<unset> AE_TMUX_SERVER_KIND=<unset> argc=7 <-S> </private/tmp/aelx/L-832C/cut-dir-consumer-stop/t/tmux-501/default> <set-window-option> <-t> <proj:ae-monitor> <pane-border-status> <top>
pid=45989 ppid=45947 AE_TMUX_SERVER=<unset> AE_TMUX_SERVER_KIND=<unset> argc=6 <-S> </private/tmp/aelx/L-832C/cut-dir-consumer-stop/t/tmux-501/default> <select-pane> <-t> <%1> <-d>
pid=46023 ppid=46021 AE_TMUX_SERVER=<unset> AE_TMUX_SERVER_KIND=<unset> argc=8 <-S> </private/tmp/aelx/L-832C/cut-dir-consumer-stop/t/tmux-501/default> <list-panes> <-s> <-t> <proj> <-F> <#{pane_id} #{@ae_agent}>
pid=46028 ppid=46026 AE_TMUX_SERVER=<unset> AE_TMUX_SERVER_KIND=<unset> argc=8 <-S> </private/tmp/aelx/L-832C/cut-dir-consumer-stop/t/tmux-501/default> <list-panes> <-s> <-t> <proj> <-F> <#{pane_id} #{@ae_agent}>
pid=46033 ppid=46031 AE_TMUX_SERVER=<unset> AE_TMUX_SERVER_KIND=<unset> argc=8 <-S> </private/tmp/aelx/L-832C/cut-dir-consumer-stop/t/tmux-501/default> <list-panes> <-s> <-t> <proj> <-F> <#{pane_id} #{@ae_agent}>
pid=46037 ppid=46035 AE_TMUX_SERVER=<unset> AE_TMUX_SERVER_KIND=<unset> argc=11 <-S> </private/tmp/aelx/L-832C/cut-dir-consumer-stop/t/tmux-501/default> <split-window> <-v> <-b> <-t> <%1> <-P> <-F> <#{pane_id}> </tmp/aelx/L-832C/cut-dir-consumer-stop/h/.ae/sessions/proj/watchdog _run>
pid=46040 ppid=45996 AE_TMUX_SERVER=<unset> AE_TMUX_SERVER_KIND=<unset> argc=8 <-S> </private/tmp/aelx/L-832C/cut-dir-consumer-stop/t/tmux-501/default> <set-option> <-p> <-t> <%2> <@ae_agent> <_watchdog>
pid=46041 ppid=45996 AE_TMUX_SERVER=<unset> AE_TMUX_SERVER_KIND=<unset> argc=7 <-S> </private/tmp/aelx/L-832C/cut-dir-consumer-stop/t/tmux-501/default> <select-pane> <-t> <%2> <-T> <ae watchdog>
pid=46050 ppid=45996 AE_TMUX_SERVER=<unset> AE_TMUX_SERVER_KIND=<unset> argc=6 <-S> </private/tmp/aelx/L-832C/cut-dir-consumer-stop/t/tmux-501/default> <select-pane> <-t> <%2> <-d>
pid=46073 ppid=45163 AE_TMUX_SERVER=<unset> AE_TMUX_SERVER_KIND=<unset> argc=3 <select-pane> <-t> <%0>
pid=46077 ppid=46075 AE_TMUX_SERVER=<unset> AE_TMUX_SERVER_KIND=<unset> argc=5pid=45163 ppid=45115 AE_TMUX_SERVER=<unset> AE_TMUX_SERVER_KIND=<unset> argc=3 <-S> <attach-session> </private/tmp/aelx/L-832C/cut-dir-consumer-stop/t/tmux-501/default> <-t> <list-sessions> <proj> <-F>
 <#{session_id} #{session_name}>
pid=46080 ppid=46039 AE_TMUX_SERVER=<unset> AE_TMUX_SERVER_KIND=<unset> argc=7 <-S> </private/tmp/aelx/L-832C/cut-dir-consumer-stop/t/tmux-501/default> <set-option> <-t> <$0> <@ae_watchdog_status> <[watch ◌ starting]>
pid=46097 ppid=46095 AE_TMUX_SERVER=<unset> AE_TMUX_SERVER_KIND=<unset> argc=5 <-S> </private/tmp/aelx/L-832C/cut-dir-consumer-stop/t/tmux-501/default> <list-sessions> <-F> <#{session_id} #{session_name}>
pid=46099 ppid=46081 AE_TMUX_SERVER=<unset> AE_TMUX_SERVER_KIND=<unset> argc=7 <-S> </private/tmp/aelx/L-832C/cut-dir-consumer-stop/t/tmux-501/default> <set-option> <-t> <$0> <@ae_branch_name> <main>
pid=46107 ppid=46105 AE_TMUX_SERVER=<unset> AE_TMUX_SERVER_KIND=<unset> argc=5 <-S> </private/tmp/aelx/L-832C/cut-dir-consumer-stop/t/tmux-501/default> <list-sessions> <-F> <#{session_id} #{session_name}>
pid=46108 ppid=46039 AE_TMUX_SERVER=<unset> AE_TMUX_SERVER_KIND=<unset> argc=7 <-S> </private/tmp/aelx/L-832C/cut-dir-consumer-stop/t/tmux-501/default> <set-option> <-t> <$0> <@ae_branch_status> < main>
pid=46109 ppid=46039 AE_TMUX_SERVER=<unset> AE_TMUX_SERVER_KIND=<unset> argc=5 <-S> </private/tmp/aelx/L-832C/cut-dir-consumer-stop/t/tmux-501/default> <has-session> <-t> <proj>
pid=46115 ppid=46039 AE_TMUX_SERVER=<unset> AE_TMUX_SERVER_KIND=<unset> argc=8 <-S> </private/tmp/aelx/L-832C/cut-dir-consumer-stop/t/tmux-501/default> <list-panes> <-s> <-t> <proj> <-F> <#{pane_id}|#{@ae_agent}|#{pane_current_command}|#{pane_pid}>
pid=46117 ppid=46116 AE_TMUX_SERVER=<unset> AE_TMUX_SERVER_KIND=<unset> argc=7 <-S> </private/tmp/aelx/L-832C/cut-dir-consumer-stop/t/tmux-501/default> <display-message> <-p> <-t> <%0> <#{@ae_slot}>
pid=46120 ppid=46119 AE_TMUX_SERVER=<unset> AE_TMUX_SERVER_KIND=<unset> argc=11 <-S> </private/tmp/aelx/L-832C/cut-dir-consumer-stop/t/tmux-501/default> <capture-pane> <-p> <-J> <-S> <-40> <-E> <-> <-t> <%0>
pid=46152 ppid=46150 AE_TMUX_SERVER=<unset> AE_TMUX_SERVER_KIND=<unset> argc=5 <-S> </private/tmp/aelx/L-832C/cut-dir-consumer-stop/t/tmux-501/default> <list-sessions> <-F> <#{session_id} #{session_name}>
pid=46153 ppid=46039 AE_TMUX_SERVER=<unset> AE_TMUX_SERVER_KIND=<unset> argc=7 <-S> </private/tmp/aelx/L-832C/cut-dir-consumer-stop/t/tmux-501/default> <set-option> <-t> <$0> <@ae_watchdog_status> <[watch ● 1/1]>
pid=46166 ppid=46164 AE_TMUX_SERVER=<unset> AE_TMUX_SERVER_KIND=<unset> argc=5 <-S> </private/tmp/aelx/L-832C/cut-dir-consumer-stop/t/tmux-501/default> <list-sessions> <-F> <#{session_id} #{session_name}>
pid=46167 ppid=46154 AE_TMUX_SERVER=<unset> AE_TMUX_SERVER_KIND=<unset> argc=7 <-S> </private/tmp/aelx/L-832C/cut-dir-consumer-stop/t/tmux-501/default> <set-option> <-t> <$0> <@ae_branch_name> <main>
pid=46175 ppid=46173 AE_TMUX_SERVER=<unset> AE_TMUX_SERVER_KIND=<unset> argc=5 <-S> </private/tmp/aelx/L-832C/cut-dir-consumer-stop/t/tmux-501/default> <list-sessions> <-F> <#{session_id} #{session_name}>
pid=46176 ppid=46039 AE_TMUX_SERVER=<unset> AE_TMUX_SERVER_KIND=<unset> argc=7 <-S> </private/tmp/aelx/L-832C/cut-dir-consumer-stop/t/tmux-501/default> <set-option> <-t> <$0> <@ae_branch_status> < main>
pid=46187 ppid=46185 AE_TMUX_SERVER=<unset> AE_TMUX_SERVER_KIND=<unset> argc=5 <-S> </private/tmp/aelx/L-832C/cut-dir-consumer-stop/t/tmux-501/default> <list-sessions> <-F> <#{session_id} #{session_name}>
pid=46188 ppid=46039 AE_TMUX_SERVER=<unset> AE_TMUX_SERVER_KIND=<unset> argc=7 <-S> </private/tmp/aelx/L-832C/cut-dir-consumer-stop/t/tmux-501/default> <set-option> <-t> <$0> <@ae_agents_status> <grok●>
pid=46193 ppid=46192 AE_TMUX_SERVER=<unset> AE_TMUX_SERVER_KIND=<unset> argc=8 <-S> </private/tmp/aelx/L-832C/cut-dir-consumer-stop/t/tmux-501/default> <list-panes> <-s> <-t> <proj> <-F> <#{pane_id}|#{window_id}|#{@ae_agent}>
pid=46195 ppid=46039 AE_TMUX_SERVER=<unset> AE_TMUX_SERVER_KIND=<unset> argc=8 <-S> </private/tmp/aelx/L-832C/cut-dir-consumer-stop/t/tmux-501/default> <set-option> <-w> <-t> <@0> <@ae_window_status> <●>
pid=46196 ppid=46039 AE_TMUX_SERVER=<unset> AE_TMUX_SERVER_KIND=<unset> argc=8 <-S> </private/tmp/aelx/L-832C/cut-dir-consumer-stop/t/tmux-501/default> <set-option> <-w> <-t> <@1> <@ae_window_status> <>
pid=46223 ppid=46222 AE_TMUX_SERVER=<unset> AE_TMUX_SERVER_KIND=<unset> argc=3 <has-session> <-t> <projx>
pid=46244 ppid=46222 AE_TMUX_SERVER=<unset> AE_TMUX_SERVER_KIND=<unset> argc=6 <new-session> <-d> <-s> <projx> <-c> </private/tmp/aelx/L-832C/cut-dir-consumer-stop/w>
pid=46246 ppid=46222 AE_TMUX_SERVER=<unset> AE_TMUX_SERVER_KIND=<unset> argc=5 <set-environment> <-t> <projx> <-u> <CLAUDECODE>
pid=46248 ppid=46222 AE_TMUX_SERVER=<unset> AE_TMUX_SERVER_KIND=<unset> argc=5 <set-environment> <-t> <projx> <-u> <CLAUDE_CODE_SESSION>
pid=46249 ppid=46222 AE_TMUX_SERVER=<unset> AE_TMUX_SERVER_KIND=<unset> argc=5 <set-environment> <-t> <projx> <AE_SESSION> <1>
pid=46253 ppid=46222 AE_TMUX_SERVER=<unset> AE_TMUX_SERVER_KIND=<unset> argc=5 <set-environment> <-t> <projx> <AE_ORIGIN> </private/tmp/aelx/L-832C/cut-dir-consumer-stop/w>
pid=46254 ppid=46222 AE_TMUX_SERVER=<unset> AE_TMUX_SERVER_KIND=<unset> argc=5 <set-environment> <-t> <projx> <AE_DIR> </private/tmp/aelx/L-832C/cut-dir-consumer-stop/w>
pid=46255 ppid=46222 AE_TMUX_SERVER=<unset> AE_TMUX_SERVER_KIND=<unset> argc=5 <set-environment> <-t> <projx> <AE_MODE> <local>
pid=46257 ppid=46222 AE_TMUX_SERVER=<unset> AE_TMUX_SERVER_KIND=<unset> argc=5 <set-environment> <-t> <projx> <AE_HOME> </tmp/aelx/L-832C/cut-dir-consumer-stop/h/.ae>
pid=46259 ppid=46222 AE_TMUX_SERVER=<unset> AE_TMUX_SERVER_KIND=<unset> argc=5 <set-option> <-t> <projx> <mouse> <on>
pid=46261 ppid=46222 AE_TMUX_SERVER=<unset> AE_TMUX_SERVER_KIND=<unset> argc=5 <set-option> <-t> <projx> <focus-events> <on>
pid=46265 ppid=46222 AE_TMUX_SERVER=<unset> AE_TMUX_SERVER_KIND=<unset> argc=5 <set-option> <-t> <projx> <history-limit> <50000>
pid=46268 ppid=46222 AE_TMUX_SERVER=<unset> AE_TMUX_SERVER_KIND=<unset> argc=5 <set-option> <-t> <projx> <pane-border-status> <top>
pid=46269 ppid=46222 AE_TMUX_SERVER=<unset> AE_TMUX_SERVER_KIND=<unset> argc=5 <set-option> <-t> <projx> <pane-border-format> < #{@ae_agent} >
pid=46271 ppid=46222 AE_TMUX_SERVER=<unset> AE_TMUX_SERVER_KIND=<unset> argc=3 <has-session> <-t> <projx>
pid=46273 ppid=46272 AE_TMUX_SERVER=<unset> AE_TMUX_SERVER_KIND=<unset> argc=3 <list-sessions> <-F> <#{session_id} #{session_name}>
pid=46283 ppid=46222 AE_TMUX_SERVER=<unset> AE_TMUX_SERVER_KIND=<unset> argc=5 <set-option> <-t> <$1> <status-left> <[ae projx] >
pid=46284 ppid=46222 AE_TMUX_SERVER=<unset> AE_TMUX_SERVER_KIND=<unset> argc=5 <set-option> <-t> <$1> <status-left-length> <40>
pid=46285 ppid=46222 AE_TMUX_SERVER=<unset> AE_TMUX_SERVER_KIND=<unset> argc=5 <set-option> <-t> <$1> <status-right> <[…tmp/aelx/L-832C/cut-dir-consumer-stop/w#{@ae_branch_status}] #{@ae_watchdog_status}>
pid=46287 ppid=46222 AE_TMUX_SERVER=<unset> AE_TMUX_SERVER_KIND=<unset> argc=5 <set-option> <-t> <$1> <status-right-length> <100>
pid=46288 ppid=46222 AE_TMUX_SERVER=<unset> AE_TMUX_SERVER_KIND=<unset> argc=5 <set-option> <-t> <$1> <status-interval> <5>
pid=46292 ppid=46222 AE_TMUX_SERVER=<unset> AE_TMUX_SERVER_KIND=<unset> argc=5 <set-option> <-t> <$1> <status> <2>
pid=46294 ppid=46293 AE_TMUX_SERVER=<unset> AE_TMUX_SERVER_KIND=<unset> argc=3 <show-options> <-gv> <status-format[0]>
pid=46295 ppid=46222 AE_TMUX_SERVER=<unset> AE_TMUX_SERVER_KIND=<unset> argc=5 <set-option> <-t> <$1> <status-format[0]> <#[align=left range=left #{E:status-left-style}]#[push-default]#{T;=/#{status-left-length}:status-left}#[pop-default]#[norange default]#[list=on align=#{status-justify}]#[list=left-marker]<#[list=right-marker]>#[list=on]#{W:#[range=window|#{window_index} #{E:window-status-style}#{?#{&&:#{window_last_flag},#{!=:#{E:window-status-last-style},default}}, #{E:window-status-last-style},}#{?#{&&:#{window_bell_flag},#{!=:#{E:window-status-bell-style},default}}, #{E:window-status-bell-style},#{?#{&&:#{||:#{window_activity_flag},#{window_silence_flag}},#{!=:#{E:window-status-activity-style},default}}, #{E:window-status-activity-style},}}]#[push-default]#{T:window-status-format}#[pop-default]#[norange default]#{?loop_last_flag,,#{E:window-status-separator}},#[range=window|#{window_index} list=focus #{?#{!=:#{E:window-status-current-style},default},#{E:window-status-current-style},#{E:window-status-style}}#{?#{&&:#{window_last_flag},#{!=:#{E:window-status-last-style},default}}, #{E:window-status-last-style},}#{?#{&&:#{window_bell_flag},#{!=:#{E:window-status-bell-style},default}}, #{E:window-status-bell-style},#{?#{&&:#{||:#{window_activity_flag},#{window_silence_flag}},#{!=:#{E:window-status-activity-style},default}}, #{E:window-status-activity-style},}}]#[push-default]#{T:window-status-current-format}#[pop-default]#[norange list=on default]#{?loop_last_flag,,#{E:window-status-separator}}}#[nolist align=right range=right #{E:status-right-style}]#[push-default]#{T;=/#{status-right-length}:status-right}#[pop-default]#[norange default]>
pid=46297 ppid=46222 AE_TMUX_SERVER=<unset> AE_TMUX_SERVER_KIND=<unset> argc=5 <set-option> <-t> <$1> <status-format[1]> <#[align=left] #{@ae_agent}#[align=right]#{@ae_agents_status} >
pid=46298 ppid=46222 AE_TMUX_SERVER=<unset> AE_TMUX_SERVER_KIND=<unset> argc=5 <set-option> <-t> <$1> <window-status-format> <#I:#W#{@ae_window_status}#F>
pid=46300 ppid=46222 AE_TMUX_SERVER=<unset> AE_TMUX_SERVER_KIND=<unset> argc=5 <set-option> <-t> <$1> <window-status-current-format> <#I:#W#{@ae_window_status}#F>
pid=46301 ppid=46222 AE_TMUX_SERVER=<unset> AE_TMUX_SERVER_KIND=<unset> argc=5 <set-option> <-t> <projx> <automatic-rename> <off>
pid=46304 ppid=46222 AE_TMUX_SERVER=<unset> AE_TMUX_SERVER_KIND=<unset> argc=4 <rename-window> <-t> <projx> <projx>
pid=46305 ppid=46222 AE_TMUX_SERVER=<unset> AE_TMUX_SERVER_KIND=<unset> argc=5 <display-message> <-t> <projx> <-p> <#{pane_id}>
pid=46306 ppid=46222 AE_TMUX_SERVER=<unset> AE_TMUX_SERVER_KIND=<unset> argc=5 <select-pane> <-t> <%3> <-T> <ae:grok:grok>
pid=46308 ppid=46222 AE_TMUX_SERVER=<unset> AE_TMUX_SERVER_KIND=<unset> argc=6 <set-option> <-p> <-t> <%3> <@ae_agent> <grok:grok>
pid=46317 ppid=46222 AE_TMUX_SERVER=<unset> AE_TMUX_SERVER_KIND=<unset> argc=6 <set-option> <-p> <-t> <%3> <@ae_slot> <main>
pid=46342 ppid=46341 AE_TMUX_SERVER=<unset> AE_TMUX_SERVER_KIND=<unset> argc=3 <display-message> <-p> <#{socket_path}>
pid=46434 ppid=46222 AE_TMUX_SERVER=<unset> AE_TMUX_SERVER_KIND=<unset> argc=6 <list-panes> <-s> <-t> <projx> <-F> <#{pane_id}	#{@ae_agent}>
pid=46455 ppid=46454 AE_TMUX_SERVER=<unset> AE_TMUX_SERVER_KIND=<unset> argc=8 <-S> </private/tmp/aelx/L-832C/cut-dir-consumer-stop/t/tmux-501/default> <list-panes> <-s> <-t> <projx> <-F> <#{pane_id}|#{@ae_slot}|#{@ae_agent}>
pid=46758 ppid=46756 AE_TMUX_SERVER=<unset> AE_TMUX_SERVER_KIND=<unset> argc=5 <display-message> <-p> <-t> <%3> <#{pane_current_command}>
pid=46766 ppid=46222 AE_TMUX_SERVER=<unset> AE_TMUX_SERVER_KIND=<unset> argc=4 <load-buffer> <-b> <ae-ps-46222-%3> <->
pid=46775 ppid=46222 AE_TMUX_SERVER=<unset> AE_TMUX_SERVER_KIND=<unset> argc=6 <paste-buffer> <-d> <-b> <ae-ps-46222-%3> <-t> <%3>
pid=46841 ppid=46222 AE_TMUX_SERVER=<unset> AE_TMUX_SERVER_KIND=<unset> argc=4 <send-keys> <-t> <%3> <Enter>
pid=46886 ppid=46884 AE_TMUX_SERVER=<unset> AE_TMUX_SERVER_KIND=<unset> argc=8 <-S> </private/tmp/aelx/L-832C/cut-dir-consumer-stop/t/tmux-501/default> <list-panes> <-s> <-t> <projx> <-F> <#{pane_id} #{@ae_agent}>
pid=46888 ppid=46887 AE_TMUX_SERVER=<unset> AE_TMUX_SERVER_KIND=<unset> argc=12 <-S> </private/tmp/aelx/L-832C/cut-dir-consumer-stop/t/tmux-501/default> <new-window> <-d> <-t> <projx:99> <-n> <ae-monitor> <-P> <-F> <#{pane_id}> </tmp/aelx/L-832C/cut-dir-consumer-stop/h/.ae/sessions/projx/events-tail>
pid=46890 ppid=46859 AE_TMUX_SERVER=<unset> AE_TMUX_SERVER_KIND=<unset> argc=8 <-S> </private/tmp/aelx/L-832C/cut-dir-consumer-stop/t/tmux-501/default> <set-option> <-p> <-t> <%4> <@ae_agent> <_events>
pid=46891 ppid=46859 AE_TMUX_SERVER=<unset> AE_TMUX_SERVER_KIND=<unset> argc=7 <-S> </private/tmp/aelx/L-832C/cut-dir-consumer-stop/t/tmux-501/default> <select-pane> <-t> <%4> <-T> <ae events>
pid=46892 ppid=46859 AE_TMUX_SERVER=<unset> AE_TMUX_SERVER_KIND=<unset> argc=7 <-S> </private/tmp/aelx/L-832C/cut-dir-consumer-stop/t/tmux-501/default> <set-window-option> <-t> <projx:ae-monitor> <pane-border-status> <top>
pid=46893 ppid=46859 AE_TMUX_SERVER=<unset> AE_TMUX_SERVER_KIND=<unset> argc=6 <-S> </private/tmp/aelx/L-832C/cut-dir-consumer-stop/t/tmux-501/default> <select-pane> <-t> <%4> <-d>
pid=46929 ppid=46927 AE_TMUX_SERVER=<unset> AE_TMUX_SERVER_KIND=<unset> argc=8 <-S> </private/tmp/aelx/L-832C/cut-dir-consumer-stop/t/tmux-501/default> <list-panes> <-s> <-t> <projx> <-F> <#{pane_id} #{@ae_agent}>
pid=46934 ppid=46932 AE_TMUX_SERVER=<unset> AE_TMUX_SERVER_KIND=<unset> argc=8 <-S> </private/tmp/aelx/L-832C/cut-dir-consumer-stop/t/tmux-501/default> <list-panes> <-s> <-t> <projx> <-F> <#{pane_id} #{@ae_agent}>
pid=46939 ppid=46937 AE_TMUX_SERVER=<unset> AE_TMUX_SERVER_KIND=<unset> argc=8 <-S> </private/tmp/aelx/L-832C/cut-dir-consumer-stop/t/tmux-501/default> <list-panes> <-s> <-t> <projx> <-F> <#{pane_id} #{@ae_agent}>
pid=46944 ppid=46943 AE_TMUX_SERVER=<unset> AE_TMUX_SERVER_KIND=<unset> argc=11 <-S> </private/tmp/aelx/L-832C/cut-dir-consumer-stop/t/tmux-501/default> <split-window> <-v> <-b> <-t> <%4> <-P> <-F> <#{pane_id}> </tmp/aelx/L-832C/cut-dir-consumer-stop/h/.ae/sessions/projx/watchdog _run>
pid=46946 ppid=46900 AE_TMUX_SERVER=<unset> AE_TMUX_SERVER_KIND=<unset> argc=8 <-S> </private/tmp/aelx/L-832C/cut-dir-consumer-stop/t/tmux-501/default> <set-option> <-p> <-t> <%5> <@ae_agent> <_watchdog>
pid=46947 ppid=46900 AE_TMUX_SERVER=<unset> AE_TMUX_SERVER_KIND=<unset> argc=7 <-S> </private/tmp/aelx/L-832C/cut-dir-consumer-stop/t/tmux-501/default> <select-pane> <-t> <%5> <-T> <ae watchdog>
pid=46958 ppid=46900 AE_TMUX_SERVER=<unset> AE_TMUX_SERVER_KIND=<unset> argc=6 <-S> </private/tmp/aelx/L-832C/cut-dir-consumer-stop/t/tmux-501/default> <select-pane> <-t> <%5> <-d>
pid=46978 ppid=46222 AE_TMUX_SERVER=<unset> AE_TMUX_SERVER_KIND=<unset> argc=3 <select-pane> <-t> <%3>
pid=46982 ppid=46980 AE_TMUX_SERVER=<unset> AE_TMUX_SERVER_KIND=<unset> argc=5pid=46222 ppid=45115 AE_TMUX_SERVER=<unset> AE_TMUX_SERVER_KIND=<unset> argc=3 <-S> <attach-session> </private/tmp/aelx/L-832C/cut-dir-consumer-stop/t/tmux-501/default> <-t> <list-sessions> <projx> <-F>
 <#{session_id} #{session_name}>
pid=46984 ppid=46945 AE_TMUX_SERVER=<unset> AE_TMUX_SERVER_KIND=<unset> argc=7 <-S> </private/tmp/aelx/L-832C/cut-dir-consumer-stop/t/tmux-501/default> <set-option> <-t> <$1> <@ae_watchdog_status> <[watch ◌ starting]>
pid=46997 ppid=46995 AE_TMUX_SERVER=<unset> AE_TMUX_SERVER_KIND=<unset> argc=5 <-S> </private/tmp/aelx/L-832C/cut-dir-consumer-stop/t/tmux-501/default> <list-sessions> <-F> <#{session_id} #{session_name}>
pid=46998 ppid=46985 AE_TMUX_SERVER=<unset> AE_TMUX_SERVER_KIND=<unset> argc=7 <-S> </private/tmp/aelx/L-832C/cut-dir-consumer-stop/t/tmux-501/default> <set-option> <-t> <$1> <@ae_branch_name> <main>
pid=47006 ppid=47004 AE_TMUX_SERVER=<unset> AE_TMUX_SERVER_KIND=<unset> argc=5 <-S> </private/tmp/aelx/L-832C/cut-dir-consumer-stop/t/tmux-501/default> <list-sessions> <-F> <#{session_id} #{session_name}>
pid=47007 ppid=46945 AE_TMUX_SERVER=<unset> AE_TMUX_SERVER_KIND=<unset> argc=7 <-S> </private/tmp/aelx/L-832C/cut-dir-consumer-stop/t/tmux-501/default> <set-option> <-t> <$1> <@ae_branch_status> < main>
pid=47008 ppid=46945 AE_TMUX_SERVER=<unset> AE_TMUX_SERVER_KIND=<unset> argc=5 <-S> </private/tmp/aelx/L-832C/cut-dir-consumer-stop/t/tmux-501/default> <has-session> <-t> <projx>
pid=47014 ppid=46945 AE_TMUX_SERVER=<unset> AE_TMUX_SERVER_KIND=<unset> argc=8 <-S> </private/tmp/aelx/L-832C/cut-dir-consumer-stop/t/tmux-501/default> <list-panes> <-s> <-t> <projx> <-F> <#{pane_id}|#{@ae_agent}|#{pane_current_command}|#{pane_pid}>
pid=47016 ppid=47015 AE_TMUX_SERVER=<unset> AE_TMUX_SERVER_KIND=<unset> argc=7 <-S> </private/tmp/aelx/L-832C/cut-dir-consumer-stop/t/tmux-501/default> <display-message> <-p> <-t> <%3> <#{@ae_slot}>
pid=47019 ppid=47018 AE_TMUX_SERVER=<unset> AE_TMUX_SERVER_KIND=<unset> argc=11 <-S> </private/tmp/aelx/L-832C/cut-dir-consumer-stop/t/tmux-501/default> <capture-pane> <-p> <-J> <-S> <-40> <-E> <-> <-t> <%3>
pid=47056 ppid=47053 AE_TMUX_SERVER=<unset> AE_TMUX_SERVER_KIND=<unset> argc=5 <-S> </private/tmp/aelx/L-832C/cut-dir-consumer-stop/t/tmux-501/default> <list-sessions> <-F> <#{session_id} #{session_name}>
pid=47072 ppid=46945 AE_TMUX_SERVER=<unset> AE_TMUX_SERVER_KIND=<unset> argc=7 <-S> </private/tmp/aelx/L-832C/cut-dir-consumer-stop/t/tmux-501/default> <set-option> <-t> <$1> <@ae_watchdog_status> <[watch ● 1/1]>
pid=47125 ppid=47123 AE_TMUX_SERVER=<unset> AE_TMUX_SERVER_KIND=<unset> argc=5 <-S> </private/tmp/aelx/L-832C/cut-dir-consumer-stop/t/tmux-501/default> <list-sessions> <-F> <#{session_id} #{session_name}>
pid=47142 ppid=47093 AE_TMUX_SERVER=<unset> AE_TMUX_SERVER_KIND=<unset> argc=7 <-S> </private/tmp/aelx/L-832C/cut-dir-consumer-stop/t/tmux-501/default> <set-option> <-t> <$1> <@ae_branch_name> <main>
pid=47181 ppid=47177 AE_TMUX_SERVER=<unset> AE_TMUX_SERVER_KIND=<unset> argc=5 <-S> </private/tmp/aelx/L-832C/cut-dir-consumer-stop/t/tmux-501/default> <list-sessions> <-F> <#{session_id} #{session_name}>
pid=47191 ppid=46945 AE_TMUX_SERVER=<unset> AE_TMUX_SERVER_KIND=<unset> argc=7 <-S> </private/tmp/aelx/L-832C/cut-dir-consumer-stop/t/tmux-501/default> <set-option> <-t> <$1> <@ae_branch_status> < main>
pid=47215 ppid=47212 AE_TMUX_SERVER=<unset> AE_TMUX_SERVER_KIND=<unset> argc=5 <-S> </private/tmp/aelx/L-832C/cut-dir-consumer-stop/t/tmux-501/default> <list-sessions> <-F> <#{session_id} #{session_name}>
pid=47225 ppid=46945 AE_TMUX_SERVER=<unset> AE_TMUX_SERVER_KIND=<unset> argc=7 <-S> </private/tmp/aelx/L-832C/cut-dir-consumer-stop/t/tmux-501/default> <set-option> <-t> <$1> <@ae_agents_status> <grok●>
pid=47239 ppid=47238 AE_TMUX_SERVER=<unset> AE_TMUX_SERVER_KIND=<unset> argc=8 <-S> </private/tmp/aelx/L-832C/cut-dir-consumer-stop/t/tmux-501/default> <list-panes> <-s> <-t> <projx> <-F> <#{pane_id}|#{window_id}|#{@ae_agent}>
pid=47275 ppid=46945 AE_TMUX_SERVER=<unset> AE_TMUX_SERVER_KIND=<unset> argc=8 <-S> </private/tmp/aelx/L-832C/cut-dir-consumer-stop/t/tmux-501/default> <set-option> <-w> <-t> <@2> <@ae_window_status> <●>
pid=47285 ppid=46945 AE_TMUX_SERVER=<unset> AE_TMUX_SERVER_KIND=<unset> argc=8 <-S> </private/tmp/aelx/L-832C/cut-dir-consumer-stop/t/tmux-501/default> <set-option> <-w> <-t> <@3> <@ae_window_status> <>
pid=48093 ppid=48087 AE_TMUX_SERVER=<unset> AE_TMUX_SERVER_KIND=<unset> argc=3 <has-session> <-t> <proj>
pid=48094 ppid=48087 AE_TMUX_SERVER=<unset> AE_TMUX_SERVER_KIND=<unset> argc=3 <has-session> <-t> <proj2>
pid=48095 ppid=48087 AE_TMUX_SERVER=<unset> AE_TMUX_SERVER_KIND=<unset> argc=4 <rename-session> <-t> <proj> <proj2>
pid=48101 ppid=48087 AE_TMUX_SERVER=<unset> AE_TMUX_SERVER_KIND=<unset> argc=4 <rename-window> <-t> <proj2:0> <proj2>
pid=50598 ppid=50595 AE_TMUX_SERVER=<unset> AE_TMUX_SERVER_KIND=<unset> argc=5 <-S> </private/tmp/aelx/L-832C/cut-dir-consumer-stop/t/tmux-501/default> <list-sessions> <-F> <#{session_id} #{session_name}>
pid=52553 ppid=52551 AE_TMUX_SERVER=<unset> AE_TMUX_SERVER_KIND=<unset> argc=5 <-S> </private/tmp/aelx/L-832C/cut-dir-consumer-stop/t/tmux-501/default> <list-sessions> <-F> <#{session_id} #{session_name}>
