pid=51832 ppid=51731 AE_TMUX_SERVER=<unset> AE_TMUX_SERVER_KIND=<unset> argc=3 <has-session> <-t> <p1>
pid=51886 ppid=51731 AE_TMUX_SERVER=<unset> AE_TMUX_SERVER_KIND=<unset> argc=6 <new-session> <-d> <-s> <p1> <-c> </private/tmp/aelx/L-DISCRIM/D2-counts-survive-a-cycle/w>
pid=51894 ppid=51731 AE_TMUX_SERVER=<unset> AE_TMUX_SERVER_KIND=<unset> argc=5 <set-environment> <-t> <p1> <-u> <CLAUDECODE>
pid=51901 ppid=51731 AE_TMUX_SERVER=<unset> AE_TMUX_SERVER_KIND=<unset> argc=5 <set-environment> <-t> <p1> <-u> <CLAUDE_CODE_SESSION>
pid=51902 ppid=51731 AE_TMUX_SERVER=<unset> AE_TMUX_SERVER_KIND=<unset> argc=5 <set-environment> <-t> <p1> <AE_SESSION> <1>
pid=51906 ppid=51731 AE_TMUX_SERVER=<unset> AE_TMUX_SERVER_KIND=<unset> argc=5 <set-environment> <-t> <p1> <AE_ORIGIN> </private/tmp/aelx/L-DISCRIM/D2-counts-survive-a-cycle/w>
pid=51918 ppid=51731 AE_TMUX_SERVER=<unset> AE_TMUX_SERVER_KIND=<unset> argc=5 <set-environment> <-t> <p1> <AE_DIR> </private/tmp/aelx/L-DISCRIM/D2-counts-survive-a-cycle/w>
pid=51922 ppid=51731 AE_TMUX_SERVER=<unset> AE_TMUX_SERVER_KIND=<unset> argc=5 <set-environment> <-t> <p1> <AE_MODE> <local>
pid=51927 ppid=51731 AE_TMUX_SERVER=<unset> AE_TMUX_SERVER_KIND=<unset> argc=5 <set-environment> <-t> <p1> <AE_HOME> </tmp/aelx/L-DISCRIM/D2-counts-survive-a-cycle/h/.ae>
pid=51928 ppid=51731 AE_TMUX_SERVER=<unset> AE_TMUX_SERVER_KIND=<unset> argc=5 <set-option> <-t> <p1> <mouse> <on>
pid=51929 ppid=51731 AE_TMUX_SERVER=<unset> AE_TMUX_SERVER_KIND=<unset> argc=5 <set-option> <-t> <p1> <focus-events> <on>
pid=51930 ppid=51731 AE_TMUX_SERVER=<unset> AE_TMUX_SERVER_KIND=<unset> argc=5 <set-option> <-t> <p1> <history-limit> <50000>
pid=51931 ppid=51731 AE_TMUX_SERVER=<unset> AE_TMUX_SERVER_KIND=<unset> argc=5 <set-option> <-t> <p1> <pane-border-status> <top>
pid=51932 ppid=51731 AE_TMUX_SERVER=<unset> AE_TMUX_SERVER_KIND=<unset> argc=5 <set-option> <-t> <p1> <pane-border-format> < #{@ae_agent} >
pid=51933 ppid=51731 AE_TMUX_SERVER=<unset> AE_TMUX_SERVER_KIND=<unset> argc=3 <has-session> <-t> <p1>
pid=51935 ppid=51934 AE_TMUX_SERVER=<unset> AE_TMUX_SERVER_KIND=<unset> argc=3 <list-sessions> <-F> <#{session_id} #{session_name}>
pid=51944 ppid=51731 AE_TMUX_SERVER=<unset> AE_TMUX_SERVER_KIND=<unset> argc=5 <set-option> <-t> <$0> <status-left> <[ae p1] >
pid=51945 ppid=51731 AE_TMUX_SERVER=<unset> AE_TMUX_SERVER_KIND=<unset> argc=5 <set-option> <-t> <$0> <status-left-length> <40>
pid=51946 ppid=51731 AE_TMUX_SERVER=<unset> AE_TMUX_SERVER_KIND=<unset> argc=5 <set-option> <-t> <$0> <status-right> <[…x/L-DISCRIM/D2-counts-survive-a-cycle/w#{@ae_branch_status}] #{@ae_watchdog_status}>
pid=51947 ppid=51731 AE_TMUX_SERVER=<unset> AE_TMUX_SERVER_KIND=<unset> argc=5 <set-option> <-t> <$0> <status-right-length> <100>
pid=51948 ppid=51731 AE_TMUX_SERVER=<unset> AE_TMUX_SERVER_KIND=<unset> argc=5 <set-option> <-t> <$0> <status-interval> <5>
pid=51949 ppid=51731 AE_TMUX_SERVER=<unset> AE_TMUX_SERVER_KIND=<unset> argc=5 <set-option> <-t> <$0> <status> <2>
pid=51951 ppid=51950 AE_TMUX_SERVER=<unset> AE_TMUX_SERVER_KIND=<unset> argc=3 <show-options> <-gv> <status-format[0]>
pid=51952 ppid=51731 AE_TMUX_SERVER=<unset> AE_TMUX_SERVER_KIND=<unset> argc=5 <set-option> <-t> <$0> <status-format[0]> <#[align=left range=left #{E:status-left-style}]#[push-default]#{T;=/#{status-left-length}:status-left}#[pop-default]#[norange default]#[list=on align=#{status-justify}]#[list=left-marker]<#[list=right-marker]>#[list=on]#{W:#[range=window|#{window_index} #{E:window-status-style}#{?#{&&:#{window_last_flag},#{!=:#{E:window-status-last-style},default}}, #{E:window-status-last-style},}#{?#{&&:#{window_bell_flag},#{!=:#{E:window-status-bell-style},default}}, #{E:window-status-bell-style},#{?#{&&:#{||:#{window_activity_flag},#{window_silence_flag}},#{!=:#{E:window-status-activity-style},default}}, #{E:window-status-activity-style},}}]#[push-default]#{T:window-status-format}#[pop-default]#[norange default]#{?loop_last_flag,,#{E:window-status-separator}},#[range=window|#{window_index} list=focus #{?#{!=:#{E:window-status-current-style},default},#{E:window-status-current-style},#{E:window-status-style}}#{?#{&&:#{window_last_flag},#{!=:#{E:window-status-last-style},default}}, #{E:window-status-last-style},}#{?#{&&:#{window_bell_flag},#{!=:#{E:window-status-bell-style},default}}, #{E:window-status-bell-style},#{?#{&&:#{||:#{window_activity_flag},#{window_silence_flag}},#{!=:#{E:window-status-activity-style},default}}, #{E:window-status-activity-style},}}]#[push-default]#{T:window-status-current-format}#[pop-default]#[norange list=on default]#{?loop_last_flag,,#{E:window-status-separator}}}#[nolist align=right range=right #{E:status-right-style}]#[push-default]#{T;=/#{status-right-length}:status-right}#[pop-default]#[norange default]>
pid=51954 ppid=51731 AE_TMUX_SERVER=<unset> AE_TMUX_SERVER_KIND=<unset> argc=5 <set-option> <-t> <$0> <status-format[1]> <#[align=left] #{@ae_agent}#[align=right]#{@ae_agents_status} >
pid=51955 ppid=51731 AE_TMUX_SERVER=<unset> AE_TMUX_SERVER_KIND=<unset> argc=5 <set-option> <-t> <$0> <window-status-format> <#I:#W#{@ae_window_status}#F>
pid=51956 ppid=51731 AE_TMUX_SERVER=<unset> AE_TMUX_SERVER_KIND=<unset> argc=5 <set-option> <-t> <$0> <window-status-current-format> <#I:#W#{@ae_window_status}#F>
pid=51957 ppid=51731 AE_TMUX_SERVER=<unset> AE_TMUX_SERVER_KIND=<unset> argc=5 <set-option> <-t> <p1> <automatic-rename> <off>
pid=51959 ppid=51731 AE_TMUX_SERVER=<unset> AE_TMUX_SERVER_KIND=<unset> argc=4 <rename-window> <-t> <p1> <p1>
pid=51960 ppid=51731 AE_TMUX_SERVER=<unset> AE_TMUX_SERVER_KIND=<unset> argc=5 <display-message> <-t> <p1> <-p> <#{pane_id}>
pid=51961 ppid=51731 AE_TMUX_SERVER=<unset> AE_TMUX_SERVER_KIND=<unset> argc=5 <select-pane> <-t> <%0> <-T> <ae:grok:grok>
pid=51962 ppid=51731 AE_TMUX_SERVER=<unset> AE_TMUX_SERVER_KIND=<unset> argc=6 <set-option> <-p> <-t> <%0> <@ae_agent> <grok:grok>
pid=51963 ppid=51731 AE_TMUX_SERVER=<unset> AE_TMUX_SERVER_KIND=<unset> argc=6 <set-option> <-p> <-t> <%0> <@ae_slot> <main>
pid=51981 ppid=51980 AE_TMUX_SERVER=<unset> AE_TMUX_SERVER_KIND=<unset> argc=3 <display-message> <-p> <#{socket_path}>
pid=52095 ppid=51731 AE_TMUX_SERVER=<unset> AE_TMUX_SERVER_KIND=<unset> argc=6 <list-panes> <-s> <-t> <p1> <-F> <#{pane_id}	#{@ae_agent}>
pid=52116 ppid=52115 AE_TMUX_SERVER=<unset> AE_TMUX_SERVER_KIND=<unset> argc=8 <-S> </private/tmp/aelx/L-DISCRIM/D2-counts-survive-a-cycle/t/tmux-501/default> <list-panes> <-s> <-t> <p1> <-F> <#{pane_id}|#{@ae_slot}|#{@ae_agent}>
pid=52199 ppid=52197 AE_TMUX_SERVER=<unset> AE_TMUX_SERVER_KIND=<unset> argc=5 <display-message> <-p> <-t> <%0> <#{pane_current_command}>
pid=52209 ppid=51731 AE_TMUX_SERVER=<unset> AE_TMUX_SERVER_KIND=<unset> argc=4 <load-buffer> <-b> <ae-ps-51731-%0> <->
pid=52213 ppid=51731 AE_TMUX_SERVER=<unset> AE_TMUX_SERVER_KIND=<unset> argc=6 <paste-buffer> <-d> <-b> <ae-ps-51731-%0> <-t> <%0>
pid=52234 ppid=51731 AE_TMUX_SERVER=<unset> AE_TMUX_SERVER_KIND=<unset> argc=4 <send-keys> <-t> <%0> <Enter>
pid=52289 ppid=52287 AE_TMUX_SERVER=<unset> AE_TMUX_SERVER_KIND=<unset> argc=8 <-S> </private/tmp/aelx/L-DISCRIM/D2-counts-survive-a-cycle/t/tmux-501/default> <list-panes> <-s> <-t> <p1> <-F> <#{pane_id} #{@ae_agent}>
pid=52291 ppid=52290 AE_TMUX_SERVER=<unset> AE_TMUX_SERVER_KIND=<unset> argc=12 <-S> </private/tmp/aelx/L-DISCRIM/D2-counts-survive-a-cycle/t/tmux-501/default> <new-window> <-d> <-t> <p1:99> <-n> <ae-monitor> <-P> <-F> <#{pane_id}> </tmp/aelx/L-DISCRIM/D2-counts-survive-a-cycle/h/.ae/sessions/p1/events-tail>
pid=52293 ppid=52253 AE_TMUX_SERVER=<unset> AE_TMUX_SERVER_KIND=<unset> argc=8 <-S> </private/tmp/aelx/L-DISCRIM/D2-counts-survive-a-cycle/t/tmux-501/default> <set-option> <-p> <-t> <%1> <@ae_agent> <_events>
pid=52294 ppid=52253 AE_TMUX_SERVER=<unset> AE_TMUX_SERVER_KIND=<unset> argc=7 <-S> </private/tmp/aelx/L-DISCRIM/D2-counts-survive-a-cycle/t/tmux-501/default> <select-pane> <-t> <%1> <-T> <ae events>
pid=52295 ppid=52253 AE_TMUX_SERVER=<unset> AE_TMUX_SERVER_KIND=<unset> argc=7 <-S> </private/tmp/aelx/L-DISCRIM/D2-counts-survive-a-cycle/t/tmux-501/default> <set-window-option> <-t> <p1:ae-monitor> <pane-border-status> <top>
pid=52296 ppid=52253 AE_TMUX_SERVER=<unset> AE_TMUX_SERVER_KIND=<unset> argc=6 <-S> </private/tmp/aelx/L-DISCRIM/D2-counts-survive-a-cycle/t/tmux-501/default> <select-pane> <-t> <%1> <-d>
pid=52330 ppid=52328 AE_TMUX_SERVER=<unset> AE_TMUX_SERVER_KIND=<unset> argc=8 <-S> </private/tmp/aelx/L-DISCRIM/D2-counts-survive-a-cycle/t/tmux-501/default> <list-panes> <-s> <-t> <p1> <-F> <#{pane_id} #{@ae_agent}>
pid=52335 ppid=52333 AE_TMUX_SERVER=<unset> AE_TMUX_SERVER_KIND=<unset> argc=8 <-S> </private/tmp/aelx/L-DISCRIM/D2-counts-survive-a-cycle/t/tmux-501/default> <list-panes> <-s> <-t> <p1> <-F> <#{pane_id} #{@ae_agent}>
pid=52340 ppid=52338 AE_TMUX_SERVER=<unset> AE_TMUX_SERVER_KIND=<unset> argc=8 <-S> </private/tmp/aelx/L-DISCRIM/D2-counts-survive-a-cycle/t/tmux-501/default> <list-panes> <-s> <-t> <p1> <-F> <#{pane_id} #{@ae_agent}>
pid=52345 ppid=52344 AE_TMUX_SERVER=<unset> AE_TMUX_SERVER_KIND=<unset> argc=11 <-S> </private/tmp/aelx/L-DISCRIM/D2-counts-survive-a-cycle/t/tmux-501/default> <split-window> <-v> <-b> <-t> <%1> <-P> <-F> <#{pane_id}> </tmp/aelx/L-DISCRIM/D2-counts-survive-a-cycle/h/.ae/sessions/p1/watchdog _run>
pid=52347 ppid=52303 AE_TMUX_SERVER=<unset> AE_TMUX_SERVER_KIND=<unset> argc=8 <-S> </private/tmp/aelx/L-DISCRIM/D2-counts-survive-a-cycle/t/tmux-501/default> <set-option> <-p> <-t> <%2> <@ae_agent> <_watchdog>
pid=52348 ppid=52303 AE_TMUX_SERVER=<unset> AE_TMUX_SERVER_KIND=<unset> argc=7 <-S> </private/tmp/aelx/L-DISCRIM/D2-counts-survive-a-cycle/t/tmux-501/default> <select-pane> <-t> <%2> <-T> <ae watchdog>
pid=52357 ppid=52303 AE_TMUX_SERVER=<unset> AE_TMUX_SERVER_KIND=<unset> argc=6 <-S> </private/tmp/aelx/L-DISCRIM/D2-counts-survive-a-cycle/t/tmux-501/default> <select-pane> <-t> <%2> <-d>
pid=52380 ppid=51731 AE_TMUX_SERVER=<unset> AE_TMUX_SERVER_KIND=<unset> argc=3 <select-pane> <-t> <%0>
pid=52384 ppid=52382 AE_TMUX_SERVER=<unset> AE_TMUX_SERVER_KIND=<unset> argc=5 <-S> </private/tmp/aelx/L-DISCRIM/D2-counts-survive-a-cycle/t/tmux-501/default> <list-sessions> <-F> <#{session_id} #{session_name}>
pid=51731 ppid=51324 AE_TMUX_SERVER=<unset> AE_TMUX_SERVER_KIND=<unset> argc=3 <attach-session> <-t> <p1>
pid=52385 ppid=52346 AE_TMUX_SERVER=<unset> AE_TMUX_SERVER_KIND=<unset> argc=7 <-S> </private/tmp/aelx/L-DISCRIM/D2-counts-survive-a-cycle/t/tmux-501/default> <set-option> <-t> <$0> <@ae_watchdog_status> <[watch ◌ starting]>
pid=52400 ppid=52398 AE_TMUX_SERVER=<unset> AE_TMUX_SERVER_KIND=<unset> argc=5 <-S> </private/tmp/aelx/L-DISCRIM/D2-counts-survive-a-cycle/t/tmux-501/default> <list-sessions> <-F> <#{session_id} #{session_name}>
pid=52401 ppid=52387 AE_TMUX_SERVER=<unset> AE_TMUX_SERVER_KIND=<unset> argc=7 <-S> </private/tmp/aelx/L-DISCRIM/D2-counts-survive-a-cycle/t/tmux-501/default> <set-option> <-t> <$0> <@ae_branch_name> <main>
pid=52409 ppid=52407 AE_TMUX_SERVER=<unset> AE_TMUX_SERVER_KIND=<unset> argc=5 <-S> </private/tmp/aelx/L-DISCRIM/D2-counts-survive-a-cycle/t/tmux-501/default> <list-sessions> <-F> <#{session_id} #{session_name}>
pid=52410 ppid=52346 AE_TMUX_SERVER=<unset> AE_TMUX_SERVER_KIND=<unset> argc=7 <-S> </private/tmp/aelx/L-DISCRIM/D2-counts-survive-a-cycle/t/tmux-501/default> <set-option> <-t> <$0> <@ae_branch_status> < main>
pid=52411 ppid=52346 AE_TMUX_SERVER=<unset> AE_TMUX_SERVER_KIND=<unset> argc=5 <-S> </private/tmp/aelx/L-DISCRIM/D2-counts-survive-a-cycle/t/tmux-501/default> <has-session> <-t> <p1>
pid=52417 ppid=52346 AE_TMUX_SERVER=<unset> AE_TMUX_SERVER_KIND=<unset> argc=8 <-S> </private/tmp/aelx/L-DISCRIM/D2-counts-survive-a-cycle/t/tmux-501/default> <list-panes> <-s> <-t> <p1> <-F> <#{pane_id}|#{@ae_agent}|#{pane_current_command}|#{pane_pid}>
pid=52419 ppid=52418 AE_TMUX_SERVER=<unset> AE_TMUX_SERVER_KIND=<unset> argc=7 <-S> </private/tmp/aelx/L-DISCRIM/D2-counts-survive-a-cycle/t/tmux-501/default> <display-message> <-p> <-t> <%0> <#{@ae_slot}>
pid=52422 ppid=52421 AE_TMUX_SERVER=<unset> AE_TMUX_SERVER_KIND=<unset> argc=11 <-S> </private/tmp/aelx/L-DISCRIM/D2-counts-survive-a-cycle/t/tmux-501/default> <capture-pane> <-p> <-J> <-S> <-40> <-E> <-> <-t> <%0>
pid=52454 ppid=52452 AE_TMUX_SERVER=<unset> AE_TMUX_SERVER_KIND=<unset> argc=5 <-S> </private/tmp/aelx/L-DISCRIM/D2-counts-survive-a-cycle/t/tmux-501/default> <list-sessions> <-F> <#{session_id} #{session_name}>
pid=52455 ppid=52346 AE_TMUX_SERVER=<unset> AE_TMUX_SERVER_KIND=<unset> argc=7 <-S> </private/tmp/aelx/L-DISCRIM/D2-counts-survive-a-cycle/t/tmux-501/default> <set-option> <-t> <$0> <@ae_watchdog_status> <[watch ● 1/1]>
pid=52468 ppid=52466 AE_TMUX_SERVER=<unset> AE_TMUX_SERVER_KIND=<unset> argc=5 <-S> </private/tmp/aelx/L-DISCRIM/D2-counts-survive-a-cycle/t/tmux-501/default> <list-sessions> <-F> <#{session_id} #{session_name}>
pid=52469 ppid=52456 AE_TMUX_SERVER=<unset> AE_TMUX_SERVER_KIND=<unset> argc=7 <-S> </private/tmp/aelx/L-DISCRIM/D2-counts-survive-a-cycle/t/tmux-501/default> <set-option> <-t> <$0> <@ae_branch_name> <main>
pid=52477 ppid=52475 AE_TMUX_SERVER=<unset> AE_TMUX_SERVER_KIND=<unset> argc=5 <-S> </private/tmp/aelx/L-DISCRIM/D2-counts-survive-a-cycle/t/tmux-501/default> <list-sessions> <-F> <#{session_id} #{session_name}>
pid=52478 ppid=52346 AE_TMUX_SERVER=<unset> AE_TMUX_SERVER_KIND=<unset> argc=7 <-S> </private/tmp/aelx/L-DISCRIM/D2-counts-survive-a-cycle/t/tmux-501/default> <set-option> <-t> <$0> <@ae_branch_status> < main>
pid=52489 ppid=52487 AE_TMUX_SERVER=<unset> AE_TMUX_SERVER_KIND=<unset> argc=5 <-S> </private/tmp/aelx/L-DISCRIM/D2-counts-survive-a-cycle/t/tmux-501/default> <list-sessions> <-F> <#{session_id} #{session_name}>
pid=52490 ppid=52346 AE_TMUX_SERVER=<unset> AE_TMUX_SERVER_KIND=<unset> argc=7 <-S> </private/tmp/aelx/L-DISCRIM/D2-counts-survive-a-cycle/t/tmux-501/default> <set-option> <-t> <$0> <@ae_agents_status> <grok●>
pid=52495 ppid=52494 AE_TMUX_SERVER=<unset> AE_TMUX_SERVER_KIND=<unset> argc=8 <-S> </private/tmp/aelx/L-DISCRIM/D2-counts-survive-a-cycle/t/tmux-501/default> <list-panes> <-s> <-t> <p1> <-F> <#{pane_id}|#{window_id}|#{@ae_agent}>
pid=52497 ppid=52346 AE_TMUX_SERVER=<unset> AE_TMUX_SERVER_KIND=<unset> argc=8 <-S> </private/tmp/aelx/L-DISCRIM/D2-counts-survive-a-cycle/t/tmux-501/default> <set-option> <-w> <-t> <@0> <@ae_window_status> <●>
pid=52498 ppid=52346 AE_TMUX_SERVER=<unset> AE_TMUX_SERVER_KIND=<unset> argc=8 <-S> </private/tmp/aelx/L-DISCRIM/D2-counts-survive-a-cycle/t/tmux-501/default> <set-option> <-w> <-t> <@1> <@ae_window_status> <>
pid=54479 ppid=54463 AE_TMUX_SERVER=<unset> AE_TMUX_SERVER_KIND=<unset> argc=5 <-S> </private/tmp/aelx/L-DISCRIM/D2-counts-survive-a-cycle/t/tmux-501/default> <list-sessions> <-F> <#{session_id} #{session_name}>
pid=54522 ppid=54506 AE_TMUX_SERVER=<unset> AE_TMUX_SERVER_KIND=<unset> argc=5 <-S> </private/tmp/aelx/L-DISCRIM/D2-counts-survive-a-cycle/t/tmux-501/default> <list-sessions> <-F> <#{session_id} #{session_name}>
pid=54552 ppid=54537 AE_TMUX_SERVER=<unset> AE_TMUX_SERVER_KIND=<unset> argc=6 <-S> </private/tmp/aelx/L-DISCRIM/D2-counts-survive-a-cycle/t/tmux-501/default> <show-environment> <-t> <$0> <AE_MODE>
pid=54572 ppid=54562 AE_TMUX_SERVER=<unset> AE_TMUX_SERVER_KIND=<unset> argc=6 <-S> </private/tmp/aelx/L-DISCRIM/D2-counts-survive-a-cycle/t/tmux-501/default> <show-environment> <-t> <$0> <AE_ORIGIN>
pid=54593 ppid=54584 AE_TMUX_SERVER=<unset> AE_TMUX_SERVER_KIND=<unset> argc=5 <-S> </private/tmp/aelx/L-DISCRIM/D2-counts-survive-a-cycle/t/tmux-501/default> <list-sessions> <-F> <#{session_id} #{session_name}>
pid=54612 ppid=54602 AE_TMUX_SERVER=<unset> AE_TMUX_SERVER_KIND=<unset> argc=6 <-S> </private/tmp/aelx/L-DISCRIM/D2-counts-survive-a-cycle/t/tmux-501/default> <show-environment> <-t> <$0> <AE_DIR>
pid=54637 ppid=54454 AE_TMUX_SERVER=<unset> AE_TMUX_SERVER_KIND=<unset> argc=5 <-S> </private/tmp/aelx/L-DISCRIM/D2-counts-survive-a-cycle/t/tmux-501/default> <kill-session> <-t> <$0>
pid=54655 ppid=54653 AE_TMUX_SERVER=<unset> AE_TMUX_SERVER_KIND=<unset> argc=5pid=54652 ppid=54639 AE_TMUX_SERVER=<unset> AE_TMUX_SERVER_KIND=<unset> argc=5 <-S> </private/tmp/aelx/L-DISCRIM/D2-counts-survive-a-cycle/t/tmux-501/default> <-S> <list-sessions> </private/tmp/aelx/L-DISCRIM/D2-counts-survive-a-cycle/t/tmux-501/default> <-F> <list-sessions> <#{session_id} #{session_name}> <-F> <#{session_name}>

pid=56224 ppid=56163 AE_TMUX_SERVER=<unset> AE_TMUX_SERVER_KIND=<unset> argc=3 <has-session> <-t> <child>
pid=56225 ppid=56163 AE_TMUX_SERVER=<unset> AE_TMUX_SERVER_KIND=<unset> argc=3 <has-session> <-t> <child>
pid=56243 ppid=56163 AE_TMUX_SERVER=<unset> AE_TMUX_SERVER_KIND=<unset> argc=6 <new-session> <-d> <-s> <child> <-c> </private/tmp/aelx/L-DISCRIM/D2-counts-survive-a-cycle/w>
pid=56247 ppid=56163 AE_TMUX_SERVER=<unset> AE_TMUX_SERVER_KIND=<unset> argc=5 <set-environment> <-t> <child> <-u> <CLAUDECODE>
pid=56249 ppid=56163 AE_TMUX_SERVER=<unset> AE_TMUX_SERVER_KIND=<unset> argc=5 <set-environment> <-t> <child> <-u> <CLAUDE_CODE_SESSION>
pid=56250 ppid=56163 AE_TMUX_SERVER=<unset> AE_TMUX_SERVER_KIND=<unset> argc=5 <set-environment> <-t> <child> <AE_SESSION> <1>
pid=56251 ppid=56163 AE_TMUX_SERVER=<unset> AE_TMUX_SERVER_KIND=<unset> argc=5 <set-environment> <-t> <child> <AE_ORIGIN> </private/tmp/aelx/L-DISCRIM/D2-counts-survive-a-cycle/w>
pid=56252 ppid=56163 AE_TMUX_SERVER=<unset> AE_TMUX_SERVER_KIND=<unset> argc=5 <set-environment> <-t> <child> <AE_DIR> </private/tmp/aelx/L-DISCRIM/D2-counts-survive-a-cycle/w>
pid=56253 ppid=56163 AE_TMUX_SERVER=<unset> AE_TMUX_SERVER_KIND=<unset> argc=5 <set-environment> <-t> <child> <AE_MODE> <local>
pid=56254 ppid=56163 AE_TMUX_SERVER=<unset> AE_TMUX_SERVER_KIND=<unset> argc=5 <set-environment> <-t> <child> <AE_HOME> </tmp/aelx/L-DISCRIM/D2-counts-survive-a-cycle/h/.ae>
pid=56255 ppid=56163 AE_TMUX_SERVER=<unset> AE_TMUX_SERVER_KIND=<unset> argc=5 <set-option> <-t> <child> <mouse> <on>
pid=56256 ppid=56163 AE_TMUX_SERVER=<unset> AE_TMUX_SERVER_KIND=<unset> argc=5 <set-option> <-t> <child> <focus-events> <on>
pid=56257 ppid=56163 AE_TMUX_SERVER=<unset> AE_TMUX_SERVER_KIND=<unset> argc=5 <set-option> <-t> <child> <history-limit> <50000>
pid=56259 ppid=56163 AE_TMUX_SERVER=<unset> AE_TMUX_SERVER_KIND=<unset> argc=5 <set-option> <-t> <child> <pane-border-status> <top>
pid=56260 ppid=56163 AE_TMUX_SERVER=<unset> AE_TMUX_SERVER_KIND=<unset> argc=5 <set-option> <-t> <child> <pane-border-format> < #{@ae_agent} >
pid=56261 ppid=56163 AE_TMUX_SERVER=<unset> AE_TMUX_SERVER_KIND=<unset> argc=3 <has-session> <-t> <child>
pid=56263 ppid=56262 AE_TMUX_SERVER=<unset> AE_TMUX_SERVER_KIND=<unset> argc=3 <list-sessions> <-F> <#{session_id} #{session_name}>
pid=56272 ppid=56163 AE_TMUX_SERVER=<unset> AE_TMUX_SERVER_KIND=<unset> argc=5 <set-option> <-t> <$0> <status-left> <[ae child] >
pid=56273 ppid=56163 AE_TMUX_SERVER=<unset> AE_TMUX_SERVER_KIND=<unset> argc=5 <set-option> <-t> <$0> <status-left-length> <40>
pid=56274 ppid=56163 AE_TMUX_SERVER=<unset> AE_TMUX_SERVER_KIND=<unset> argc=5 <set-option> <-t> <$0> <status-right> <[…x/L-DISCRIM/D2-counts-survive-a-cycle/w#{@ae_branch_status}] #{@ae_watchdog_status}>
pid=56280 ppid=56163 AE_TMUX_SERVER=<unset> AE_TMUX_SERVER_KIND=<unset> argc=5 <set-option> <-t> <$0> <status-right-length> <100>
pid=56288 ppid=56163 AE_TMUX_SERVER=<unset> AE_TMUX_SERVER_KIND=<unset> argc=5 <set-option> <-t> <$0> <status-interval> <5>
pid=56289 ppid=56163 AE_TMUX_SERVER=<unset> AE_TMUX_SERVER_KIND=<unset> argc=5 <set-option> <-t> <$0> <status> <2>
pid=56291 ppid=56290 AE_TMUX_SERVER=<unset> AE_TMUX_SERVER_KIND=<unset> argc=3 <show-options> <-gv> <status-format[0]>
pid=56292 ppid=56163 AE_TMUX_SERVER=<unset> AE_TMUX_SERVER_KIND=<unset> argc=5 <set-option> <-t> <$0> <status-format[0]> <#[align=left range=left #{E:status-left-style}]#[push-default]#{T;=/#{status-left-length}:status-left}#[pop-default]#[norange default]#[list=on align=#{status-justify}]#[list=left-marker]<#[list=right-marker]>#[list=on]#{W:#[range=window|#{window_index} #{E:window-status-style}#{?#{&&:#{window_last_flag},#{!=:#{E:window-status-last-style},default}}, #{E:window-status-last-style},}#{?#{&&:#{window_bell_flag},#{!=:#{E:window-status-bell-style},default}}, #{E:window-status-bell-style},#{?#{&&:#{||:#{window_activity_flag},#{window_silence_flag}},#{!=:#{E:window-status-activity-style},default}}, #{E:window-status-activity-style},}}]#[push-default]#{T:window-status-format}#[pop-default]#[norange default]#{?loop_last_flag,,#{E:window-status-separator}},#[range=window|#{window_index} list=focus #{?#{!=:#{E:window-status-current-style},default},#{E:window-status-current-style},#{E:window-status-style}}#{?#{&&:#{window_last_flag},#{!=:#{E:window-status-last-style},default}}, #{E:window-status-last-style},}#{?#{&&:#{window_bell_flag},#{!=:#{E:window-status-bell-style},default}}, #{E:window-status-bell-style},#{?#{&&:#{||:#{window_activity_flag},#{window_silence_flag}},#{!=:#{E:window-status-activity-style},default}}, #{E:window-status-activity-style},}}]#[push-default]#{T:window-status-current-format}#[pop-default]#[norange list=on default]#{?loop_last_flag,,#{E:window-status-separator}}}#[nolist align=right range=right #{E:status-right-style}]#[push-default]#{T;=/#{status-right-length}:status-right}#[pop-default]#[norange default]>
pid=56293 ppid=56163 AE_TMUX_SERVER=<unset> AE_TMUX_SERVER_KIND=<unset> argc=5 <set-option> <-t> <$0> <status-format[1]> <#[align=left] #{@ae_agent}#[align=right]#{@ae_agents_status} >
pid=56294 ppid=56163 AE_TMUX_SERVER=<unset> AE_TMUX_SERVER_KIND=<unset> argc=5 <set-option> <-t> <$0> <window-status-format> <#I:#W#{@ae_window_status}#F>
pid=56295 ppid=56163 AE_TMUX_SERVER=<unset> AE_TMUX_SERVER_KIND=<unset> argc=5 <set-option> <-t> <$0> <window-status-current-format> <#I:#W#{@ae_window_status}#F>
pid=56296 ppid=56163 AE_TMUX_SERVER=<unset> AE_TMUX_SERVER_KIND=<unset> argc=5 <set-option> <-t> <child> <automatic-rename> <off>
pid=56299 ppid=56163 AE_TMUX_SERVER=<unset> AE_TMUX_SERVER_KIND=<unset> argc=4 <rename-window> <-t> <child> <child>
pid=56300 ppid=56163 AE_TMUX_SERVER=<unset> AE_TMUX_SERVER_KIND=<unset> argc=5 <display-message> <-t> <child> <-p> <#{pane_id}>
pid=56301 ppid=56163 AE_TMUX_SERVER=<unset> AE_TMUX_SERVER_KIND=<unset> argc=5 <select-pane> <-t> <%0> <-T> <ae:grok:grok>
pid=56310 ppid=56163 AE_TMUX_SERVER=<unset> AE_TMUX_SERVER_KIND=<unset> argc=6 <set-option> <-p> <-t> <%0> <@ae_agent> <grok:grok>
pid=56315 ppid=56163 AE_TMUX_SERVER=<unset> AE_TMUX_SERVER_KIND=<unset> argc=6 <set-option> <-p> <-t> <%0> <@ae_slot> <main>
pid=56346 ppid=56345 AE_TMUX_SERVER=<unset> AE_TMUX_SERVER_KIND=<unset> argc=3 <display-message> <-p> <#{socket_path}>
pid=56604 ppid=56163 AE_TMUX_SERVER=<unset> AE_TMUX_SERVER_KIND=<unset> argc=6 <list-panes> <-s> <-t> <child> <-F> <#{pane_id}	#{@ae_agent}>
pid=56668 ppid=56665 AE_TMUX_SERVER=<unset> AE_TMUX_SERVER_KIND=<unset> argc=8 <-S> </private/tmp/aelx/L-DISCRIM/D2-counts-survive-a-cycle/t/tmux-501/default> <list-panes> <-s> <-t> <child> <-F> <#{pane_id}|#{@ae_slot}|#{@ae_agent}>
pid=56919 ppid=56918 AE_TMUX_SERVER=<unset> AE_TMUX_SERVER_KIND=<unset> argc=5 <display-message> <-p> <-t> <%0> <#{pane_current_command}>
pid=56925 ppid=56163 AE_TMUX_SERVER=<unset> AE_TMUX_SERVER_KIND=<unset> argc=4 <load-buffer> <-b> <ae-ps-56163-%0> <->
pid=56931 ppid=56163 AE_TMUX_SERVER=<unset> AE_TMUX_SERVER_KIND=<unset> argc=6 <paste-buffer> <-d> <-b> <ae-ps-56163-%0> <-t> <%0>
pid=56970 ppid=56163 AE_TMUX_SERVER=<unset> AE_TMUX_SERVER_KIND=<unset> argc=4 <send-keys> <-t> <%0> <Enter>
pid=57033 ppid=57031 AE_TMUX_SERVER=<unset> AE_TMUX_SERVER_KIND=<unset> argc=8 <-S> </private/tmp/aelx/L-DISCRIM/D2-counts-survive-a-cycle/t/tmux-501/default> <list-panes> <-s> <-t> <child> <-F> <#{pane_id} #{@ae_agent}>
pid=57036 ppid=57035 AE_TMUX_SERVER=<unset> AE_TMUX_SERVER_KIND=<unset> argc=12 <-S> </private/tmp/aelx/L-DISCRIM/D2-counts-survive-a-cycle/t/tmux-501/default> <new-window> <-d> <-t> <child:99> <-n> <ae-monitor> <-P> <-F> <#{pane_id}> </tmp/aelx/L-DISCRIM/D2-counts-survive-a-cycle/h/.ae/sessions/child/events-tail>
pid=57038 ppid=56991 AE_TMUX_SERVER=<unset> AE_TMUX_SERVER_KIND=<unset> argc=8 <-S> </private/tmp/aelx/L-DISCRIM/D2-counts-survive-a-cycle/t/tmux-501/default> <set-option> <-p> <-t> <%1> <@ae_agent> <_events>
pid=57039 ppid=56991 AE_TMUX_SERVER=<unset> AE_TMUX_SERVER_KIND=<unset> argc=7 <-S> </private/tmp/aelx/L-DISCRIM/D2-counts-survive-a-cycle/t/tmux-501/default> <select-pane> <-t> <%1> <-T> <ae events>
pid=57040 ppid=56991 AE_TMUX_SERVER=<unset> AE_TMUX_SERVER_KIND=<unset> argc=7 <-S> </private/tmp/aelx/L-DISCRIM/D2-counts-survive-a-cycle/t/tmux-501/default> <set-window-option> <-t> <child:ae-monitor> <pane-border-status> <top>
pid=57041 ppid=56991 AE_TMUX_SERVER=<unset> AE_TMUX_SERVER_KIND=<unset> argc=6 <-S> </private/tmp/aelx/L-DISCRIM/D2-counts-survive-a-cycle/t/tmux-501/default> <select-pane> <-t> <%1> <-d>
pid=57075 ppid=57073 AE_TMUX_SERVER=<unset> AE_TMUX_SERVER_KIND=<unset> argc=8 <-S> </private/tmp/aelx/L-DISCRIM/D2-counts-survive-a-cycle/t/tmux-501/default> <list-panes> <-s> <-t> <child> <-F> <#{pane_id} #{@ae_agent}>
pid=57080 ppid=57078 AE_TMUX_SERVER=<unset> AE_TMUX_SERVER_KIND=<unset> argc=8 <-S> </private/tmp/aelx/L-DISCRIM/D2-counts-survive-a-cycle/t/tmux-501/default> <list-panes> <-s> <-t> <child> <-F> <#{pane_id} #{@ae_agent}>
pid=57085 ppid=57083 AE_TMUX_SERVER=<unset> AE_TMUX_SERVER_KIND=<unset> argc=8 <-S> </private/tmp/aelx/L-DISCRIM/D2-counts-survive-a-cycle/t/tmux-501/default> <list-panes> <-s> <-t> <child> <-F> <#{pane_id} #{@ae_agent}>
pid=57090 ppid=57089 AE_TMUX_SERVER=<unset> AE_TMUX_SERVER_KIND=<unset> argc=11 <-S> </private/tmp/aelx/L-DISCRIM/D2-counts-survive-a-cycle/t/tmux-501/default> <split-window> <-v> <-b> <-t> <%1> <-P> <-F> <#{pane_id}> </tmp/aelx/L-DISCRIM/D2-counts-survive-a-cycle/h/.ae/sessions/child/watchdog _run>
pid=57092 ppid=57048 AE_TMUX_SERVER=<unset> AE_TMUX_SERVER_KIND=<unset> argc=8 <-S> </private/tmp/aelx/L-DISCRIM/D2-counts-survive-a-cycle/t/tmux-501/default> <set-option> <-p> <-t> <%2> <@ae_agent> <_watchdog>
pid=57093 ppid=57048 AE_TMUX_SERVER=<unset> AE_TMUX_SERVER_KIND=<unset> argc=7 <-S> </private/tmp/aelx/L-DISCRIM/D2-counts-survive-a-cycle/t/tmux-501/default> <select-pane> <-t> <%2> <-T> <ae watchdog>
pid=57103 ppid=57048 AE_TMUX_SERVER=<unset> AE_TMUX_SERVER_KIND=<unset> argc=6 <-S> </private/tmp/aelx/L-DISCRIM/D2-counts-survive-a-cycle/t/tmux-501/default> <select-pane> <-t> <%2> <-d>
pid=57125 ppid=56163 AE_TMUX_SERVER=<unset> AE_TMUX_SERVER_KIND=<unset> argc=3 <select-pane> <-t> <%0>
pid=57129 ppid=57127 AE_TMUX_SERVER=<unset> AE_TMUX_SERVER_KIND=<unset> argc=5 <-S> </private/tmp/aelx/L-DISCRIM/D2-counts-survive-a-cycle/t/tmux-501/default> <list-sessions> <-F> <#{session_id} #{session_name}>
pid=56163 ppid=51324 AE_TMUX_SERVER=<unset> AE_TMUX_SERVER_KIND=<unset> argc=3 <attach-session> <-t> <child>
pid=57130 ppid=57091 AE_TMUX_SERVER=<unset> AE_TMUX_SERVER_KIND=<unset> argc=7 <-S> </private/tmp/aelx/L-DISCRIM/D2-counts-survive-a-cycle/t/tmux-501/default> <set-option> <-t> <$0> <@ae_watchdog_status> <[watch ◌ starting]>
pid=57144 ppid=57142 AE_TMUX_SERVER=<unset> AE_TMUX_SERVER_KIND=<unset> argc=5 <-S> </private/tmp/aelx/L-DISCRIM/D2-counts-survive-a-cycle/t/tmux-501/default> <list-sessions> <-F> <#{session_id} #{session_name}>
pid=57145 ppid=57132 AE_TMUX_SERVER=<unset> AE_TMUX_SERVER_KIND=<unset> argc=7 <-S> </private/tmp/aelx/L-DISCRIM/D2-counts-survive-a-cycle/t/tmux-501/default> <set-option> <-t> <$0> <@ae_branch_name> <main>
pid=57153 ppid=57151 AE_TMUX_SERVER=<unset> AE_TMUX_SERVER_KIND=<unset> argc=5 <-S> </private/tmp/aelx/L-DISCRIM/D2-counts-survive-a-cycle/t/tmux-501/default> <list-sessions> <-F> <#{session_id} #{session_name}>
pid=57154 ppid=57091 AE_TMUX_SERVER=<unset> AE_TMUX_SERVER_KIND=<unset> argc=7 <-S> </private/tmp/aelx/L-DISCRIM/D2-counts-survive-a-cycle/t/tmux-501/default> <set-option> <-t> <$0> <@ae_branch_status> < main>
pid=57155 ppid=57091 AE_TMUX_SERVER=<unset> AE_TMUX_SERVER_KIND=<unset> argc=5 <-S> </private/tmp/aelx/L-DISCRIM/D2-counts-survive-a-cycle/t/tmux-501/default> <has-session> <-t> <child>
pid=57161 ppid=57091 AE_TMUX_SERVER=<unset> AE_TMUX_SERVER_KIND=<unset> argc=8 <-S> </private/tmp/aelx/L-DISCRIM/D2-counts-survive-a-cycle/t/tmux-501/default> <list-panes> <-s> <-t> <child> <-F> <#{pane_id}|#{@ae_agent}|#{pane_current_command}|#{pane_pid}>
pid=57163 ppid=57162 AE_TMUX_SERVER=<unset> AE_TMUX_SERVER_KIND=<unset> argc=7 <-S> </private/tmp/aelx/L-DISCRIM/D2-counts-survive-a-cycle/t/tmux-501/default> <display-message> <-p> <-t> <%0> <#{@ae_slot}>
pid=57166 ppid=57165 AE_TMUX_SERVER=<unset> AE_TMUX_SERVER_KIND=<unset> argc=11 <-S> </private/tmp/aelx/L-DISCRIM/D2-counts-survive-a-cycle/t/tmux-501/default> <capture-pane> <-p> <-J> <-S> <-40> <-E> <-> <-t> <%0>
pid=57198 ppid=57196 AE_TMUX_SERVER=<unset> AE_TMUX_SERVER_KIND=<unset> argc=5 <-S> </private/tmp/aelx/L-DISCRIM/D2-counts-survive-a-cycle/t/tmux-501/default> <list-sessions> <-F> <#{session_id} #{session_name}>
pid=57200 ppid=57091 AE_TMUX_SERVER=<unset> AE_TMUX_SERVER_KIND=<unset> argc=7 <-S> </private/tmp/aelx/L-DISCRIM/D2-counts-survive-a-cycle/t/tmux-501/default> <set-option> <-t> <$0> <@ae_watchdog_status> <[watch ● 1/1]>
pid=57217 ppid=57215 AE_TMUX_SERVER=<unset> AE_TMUX_SERVER_KIND=<unset> argc=5 <-S> </private/tmp/aelx/L-DISCRIM/D2-counts-survive-a-cycle/t/tmux-501/default> <list-sessions> <-F> <#{session_id} #{session_name}>
pid=57219 ppid=57201 AE_TMUX_SERVER=<unset> AE_TMUX_SERVER_KIND=<unset> argc=7 <-S> </private/tmp/aelx/L-DISCRIM/D2-counts-survive-a-cycle/t/tmux-501/default> <set-option> <-t> <$0> <@ae_branch_name> <main>
pid=57227 ppid=57225 AE_TMUX_SERVER=<unset> AE_TMUX_SERVER_KIND=<unset> argc=5 <-S> </private/tmp/aelx/L-DISCRIM/D2-counts-survive-a-cycle/t/tmux-501/default> <list-sessions> <-F> <#{session_id} #{session_name}>
pid=57228 ppid=57091 AE_TMUX_SERVER=<unset> AE_TMUX_SERVER_KIND=<unset> argc=7 <-S> </private/tmp/aelx/L-DISCRIM/D2-counts-survive-a-cycle/t/tmux-501/default> <set-option> <-t> <$0> <@ae_branch_status> < main>
pid=57239 ppid=57237 AE_TMUX_SERVER=<unset> AE_TMUX_SERVER_KIND=<unset> argc=5 <-S> </private/tmp/aelx/L-DISCRIM/D2-counts-survive-a-cycle/t/tmux-501/default> <list-sessions> <-F> <#{session_id} #{session_name}>
pid=57240 ppid=57091 AE_TMUX_SERVER=<unset> AE_TMUX_SERVER_KIND=<unset> argc=7 <-S> </private/tmp/aelx/L-DISCRIM/D2-counts-survive-a-cycle/t/tmux-501/default> <set-option> <-t> <$0> <@ae_agents_status> <grok●>
pid=57245 ppid=57244 AE_TMUX_SERVER=<unset> AE_TMUX_SERVER_KIND=<unset> argc=8 <-S> </private/tmp/aelx/L-DISCRIM/D2-counts-survive-a-cycle/t/tmux-501/default> <list-panes> <-s> <-t> <child> <-F> <#{pane_id}|#{window_id}|#{@ae_agent}>
pid=57247 ppid=57091 AE_TMUX_SERVER=<unset> AE_TMUX_SERVER_KIND=<unset> argc=8 <-S> </private/tmp/aelx/L-DISCRIM/D2-counts-survive-a-cycle/t/tmux-501/default> <set-option> <-w> <-t> <@0> <@ae_window_status> <●>
pid=57248 ppid=57091 AE_TMUX_SERVER=<unset> AE_TMUX_SERVER_KIND=<unset> argc=8 <-S> </private/tmp/aelx/L-DISCRIM/D2-counts-survive-a-cycle/t/tmux-501/default> <set-option> <-w> <-t> <@1> <@ae_window_status> <>
pid=57484 ppid=57472 AE_TMUX_SERVER=<unset> AE_TMUX_SERVER_KIND=<unset> argc=5 <-S> </private/tmp/aelx/L-DISCRIM/D2-counts-survive-a-cycle/t/tmux-501/default> <list-sessions> <-F> <#{session_id} #{session_name}>
pid=57507 ppid=57438 AE_TMUX_SERVER=<unset> AE_TMUX_SERVER_KIND=<unset> argc=5 <-S> </private/tmp/aelx/L-DISCRIM/D2-counts-survive-a-cycle/t/tmux-501/default> <kill-session> <-t> <$0>
pid=57535 ppid=57533 AE_TMUX_SERVER=<unset> AE_TMUX_SERVER_KIND=<unset> argc=5 <-S>pid=57531 ppid=57516 AE_TMUX_SERVER=<unset> AE_TMUX_SERVER_KIND=<unset> argc=5 </private/tmp/aelx/L-DISCRIM/D2-counts-survive-a-cycle/t/tmux-501/default> <list-sessions> <-S> <-F> </private/tmp/aelx/L-DISCRIM/D2-counts-survive-a-cycle/t/tmux-501/default> <#{session_id} #{session_name}> <list-sessions>
 <-F> <#{session_name}>
pid=58051 ppid=58050 AE_TMUX_SERVER=<unset> AE_TMUX_SERVER_KIND=<unset> argc=3 <has-session> <-t> <child>
pid=58073 ppid=58050 AE_TMUX_SERVER=<unset> AE_TMUX_SERVER_KIND=<unset> argc=6 <new-session> <-d> <-s> <child> <-c> </private/tmp/aelx/L-DISCRIM/D2-counts-survive-a-cycle/w>
pid=58077 ppid=58050 AE_TMUX_SERVER=<unset> AE_TMUX_SERVER_KIND=<unset> argc=5 <set-environment> <-t> <child> <-u> <CLAUDECODE>
pid=58079 ppid=58050 AE_TMUX_SERVER=<unset> AE_TMUX_SERVER_KIND=<unset> argc=5 <set-environment> <-t> <child> <-u> <CLAUDE_CODE_SESSION>
pid=58080 ppid=58050 AE_TMUX_SERVER=<unset> AE_TMUX_SERVER_KIND=<unset> argc=5 <set-environment> <-t> <child> <AE_SESSION> <1>
pid=58081 ppid=58050 AE_TMUX_SERVER=<unset> AE_TMUX_SERVER_KIND=<unset> argc=5 <set-environment> <-t> <child> <AE_ORIGIN> </private/tmp/aelx/L-DISCRIM/D2-counts-survive-a-cycle/w>
pid=58082 ppid=58050 AE_TMUX_SERVER=<unset> AE_TMUX_SERVER_KIND=<unset> argc=5 <set-environment> <-t> <child> <AE_DIR> </private/tmp/aelx/L-DISCRIM/D2-counts-survive-a-cycle/w>
pid=58083 ppid=58050 AE_TMUX_SERVER=<unset> AE_TMUX_SERVER_KIND=<unset> argc=5 <set-environment> <-t> <child> <AE_MODE> <local>
pid=58084 ppid=58050 AE_TMUX_SERVER=<unset> AE_TMUX_SERVER_KIND=<unset> argc=5 <set-environment> <-t> <child> <AE_HOME> </tmp/aelx/L-DISCRIM/D2-counts-survive-a-cycle/h/.ae>
pid=58085 ppid=58050 AE_TMUX_SERVER=<unset> AE_TMUX_SERVER_KIND=<unset> argc=5 <set-option> <-t> <child> <mouse> <on>
pid=58086 ppid=58050 AE_TMUX_SERVER=<unset> AE_TMUX_SERVER_KIND=<unset> argc=5 <set-option> <-t> <child> <focus-events> <on>
pid=58087 ppid=58050 AE_TMUX_SERVER=<unset> AE_TMUX_SERVER_KIND=<unset> argc=5 <set-option> <-t> <child> <history-limit> <50000>
pid=58088 ppid=58050 AE_TMUX_SERVER=<unset> AE_TMUX_SERVER_KIND=<unset> argc=5 <set-option> <-t> <child> <pane-border-status> <top>
pid=58089 ppid=58050 AE_TMUX_SERVER=<unset> AE_TMUX_SERVER_KIND=<unset> argc=5 <set-option> <-t> <child> <pane-border-format> < #{@ae_agent} >
pid=58091 ppid=58050 AE_TMUX_SERVER=<unset> AE_TMUX_SERVER_KIND=<unset> argc=3 <has-session> <-t> <child>
pid=58093 ppid=58092 AE_TMUX_SERVER=<unset> AE_TMUX_SERVER_KIND=<unset> argc=3 <list-sessions> <-F> <#{session_id} #{session_name}>
pid=58102 ppid=58050 AE_TMUX_SERVER=<unset> AE_TMUX_SERVER_KIND=<unset> argc=5 <set-option> <-t> <$0> <status-left> <[ae child] >
pid=58112 ppid=58050 AE_TMUX_SERVER=<unset> AE_TMUX_SERVER_KIND=<unset> argc=5 <set-option> <-t> <$0> <status-left-length> <40>
pid=58117 ppid=58050 AE_TMUX_SERVER=<unset> AE_TMUX_SERVER_KIND=<unset> argc=5 <set-option> <-t> <$0> <status-right> <[…x/L-DISCRIM/D2-counts-survive-a-cycle/w#{@ae_branch_status}] #{@ae_watchdog_status}>
pid=58120 ppid=58050 AE_TMUX_SERVER=<unset> AE_TMUX_SERVER_KIND=<unset> argc=5 <set-option> <-t> <$0> <status-right-length> <100>
pid=58123 ppid=58050 AE_TMUX_SERVER=<unset> AE_TMUX_SERVER_KIND=<unset> argc=5 <set-option> <-t> <$0> <status-interval> <5>
pid=58125 ppid=58050 AE_TMUX_SERVER=<unset> AE_TMUX_SERVER_KIND=<unset> argc=5 <set-option> <-t> <$0> <status> <2>
pid=58127 ppid=58126 AE_TMUX_SERVER=<unset> AE_TMUX_SERVER_KIND=<unset> argc=3 <show-options> <-gv> <status-format[0]>
pid=58128 ppid=58050 AE_TMUX_SERVER=<unset> AE_TMUX_SERVER_KIND=<unset> argc=5 <set-option> <-t> <$0> <status-format[0]> <#[align=left range=left #{E:status-left-style}]#[push-default]#{T;=/#{status-left-length}:status-left}#[pop-default]#[norange default]#[list=on align=#{status-justify}]#[list=left-marker]<#[list=right-marker]>#[list=on]#{W:#[range=window|#{window_index} #{E:window-status-style}#{?#{&&:#{window_last_flag},#{!=:#{E:window-status-last-style},default}}, #{E:window-status-last-style},}#{?#{&&:#{window_bell_flag},#{!=:#{E:window-status-bell-style},default}}, #{E:window-status-bell-style},#{?#{&&:#{||:#{window_activity_flag},#{window_silence_flag}},#{!=:#{E:window-status-activity-style},default}}, #{E:window-status-activity-style},}}]#[push-default]#{T:window-status-format}#[pop-default]#[norange default]#{?loop_last_flag,,#{E:window-status-separator}},#[range=window|#{window_index} list=focus #{?#{!=:#{E:window-status-current-style},default},#{E:window-status-current-style},#{E:window-status-style}}#{?#{&&:#{window_last_flag},#{!=:#{E:window-status-last-style},default}}, #{E:window-status-last-style},}#{?#{&&:#{window_bell_flag},#{!=:#{E:window-status-bell-style},default}}, #{E:window-status-bell-style},#{?#{&&:#{||:#{window_activity_flag},#{window_silence_flag}},#{!=:#{E:window-status-activity-style},default}}, #{E:window-status-activity-style},}}]#[push-default]#{T:window-status-current-format}#[pop-default]#[norange list=on default]#{?loop_last_flag,,#{E:window-status-separator}}}#[nolist align=right range=right #{E:status-right-style}]#[push-default]#{T;=/#{status-right-length}:status-right}#[pop-default]#[norange default]>
pid=58129 ppid=58050 AE_TMUX_SERVER=<unset> AE_TMUX_SERVER_KIND=<unset> argc=5 <set-option> <-t> <$0> <status-format[1]> <#[align=left] #{@ae_agent}#[align=right]#{@ae_agents_status} >
pid=58132 ppid=58050 AE_TMUX_SERVER=<unset> AE_TMUX_SERVER_KIND=<unset> argc=5 <set-option> <-t> <$0> <window-status-format> <#I:#W#{@ae_window_status}#F>
pid=58139 ppid=58050 AE_TMUX_SERVER=<unset> AE_TMUX_SERVER_KIND=<unset> argc=5 <set-option> <-t> <$0> <window-status-current-format> <#I:#W#{@ae_window_status}#F>
pid=58144 ppid=58050 AE_TMUX_SERVER=<unset> AE_TMUX_SERVER_KIND=<unset> argc=5 <set-option> <-t> <child> <automatic-rename> <off>
pid=58146 ppid=58050 AE_TMUX_SERVER=<unset> AE_TMUX_SERVER_KIND=<unset> argc=4 <rename-window> <-t> <child> <child>
pid=58147 ppid=58050 AE_TMUX_SERVER=<unset> AE_TMUX_SERVER_KIND=<unset> argc=5 <display-message> <-t> <child> <-p> <#{pane_id}>
pid=58148 ppid=58050 AE_TMUX_SERVER=<unset> AE_TMUX_SERVER_KIND=<unset> argc=5 <select-pane> <-t> <%0> <-T> <ae:grok:grok>
pid=58149 ppid=58050 AE_TMUX_SERVER=<unset> AE_TMUX_SERVER_KIND=<unset> argc=6 <set-option> <-p> <-t> <%0> <@ae_agent> <grok:grok>
pid=58150 ppid=58050 AE_TMUX_SERVER=<unset> AE_TMUX_SERVER_KIND=<unset> argc=6 <set-option> <-p> <-t> <%0> <@ae_slot> <main>
pid=58198 ppid=58197 AE_TMUX_SERVER=<unset> AE_TMUX_SERVER_KIND=<unset> argc=3 <display-message> <-p> <#{socket_path}>
pid=58284 ppid=58050 AE_TMUX_SERVER=<unset> AE_TMUX_SERVER_KIND=<unset> argc=6 <list-panes> <-s> <-t> <child> <-F> <#{pane_id}	#{@ae_agent}>
pid=58315 ppid=58314 AE_TMUX_SERVER=<unset> AE_TMUX_SERVER_KIND=<unset> argc=8 <-S> </private/tmp/aelx/L-DISCRIM/D2-counts-survive-a-cycle/t/tmux-501/default> <list-panes> <-s> <-t> <child> <-F> <#{pane_id}|#{@ae_slot}|#{@ae_agent}>
pid=58424 ppid=58423 AE_TMUX_SERVER=<unset> AE_TMUX_SERVER_KIND=<unset> argc=5 <display-message> <-p> <-t> <%0> <#{pane_current_command}>
pid=58427 ppid=58050 AE_TMUX_SERVER=<unset> AE_TMUX_SERVER_KIND=<unset> argc=4 <load-buffer> <-b> <ae-ps-58050-%0> <->
pid=58428 ppid=58050 AE_TMUX_SERVER=<unset> AE_TMUX_SERVER_KIND=<unset> argc=6 <paste-buffer> <-d> <-b> <ae-ps-58050-%0> <-t> <%0>
pid=58441 ppid=58050 AE_TMUX_SERVER=<unset> AE_TMUX_SERVER_KIND=<unset> argc=4 <send-keys> <-t> <%0> <Enter>
pid=58578 ppid=58576 AE_TMUX_SERVER=<unset> AE_TMUX_SERVER_KIND=<unset> argc=8 <-S> </private/tmp/aelx/L-DISCRIM/D2-counts-survive-a-cycle/t/tmux-501/default> <list-panes> <-s> <-t> <child> <-F> <#{pane_id} #{@ae_agent}>
pid=58580 ppid=58579 AE_TMUX_SERVER=<unset> AE_TMUX_SERVER_KIND=<unset> argc=12 <-S> </private/tmp/aelx/L-DISCRIM/D2-counts-survive-a-cycle/t/tmux-501/default> <new-window> <-d> <-t> <child:99> <-n> <ae-monitor> <-P> <-F> <#{pane_id}> </tmp/aelx/L-DISCRIM/D2-counts-survive-a-cycle/h/.ae/sessions/child/events-tail>
pid=58584 ppid=58456 AE_TMUX_SERVER=<unset> AE_TMUX_SERVER_KIND=<unset> argc=8 <-S> </private/tmp/aelx/L-DISCRIM/D2-counts-survive-a-cycle/t/tmux-501/default> <set-option> <-p> <-t> <%1> <@ae_agent> <_events>
pid=58590 ppid=58456 AE_TMUX_SERVER=<unset> AE_TMUX_SERVER_KIND=<unset> argc=7 <-S> </private/tmp/aelx/L-DISCRIM/D2-counts-survive-a-cycle/t/tmux-501/default> <select-pane> <-t> <%1> <-T> <ae events>
pid=58600 ppid=58456 AE_TMUX_SERVER=<unset> AE_TMUX_SERVER_KIND=<unset> argc=7 <-S> </private/tmp/aelx/L-DISCRIM/D2-counts-survive-a-cycle/t/tmux-501/default> <set-window-option> <-t> <child:ae-monitor> <pane-border-status> <top>
pid=58605 ppid=58456 AE_TMUX_SERVER=<unset> AE_TMUX_SERVER_KIND=<unset> argc=6 <-S> </private/tmp/aelx/L-DISCRIM/D2-counts-survive-a-cycle/t/tmux-501/default> <select-pane> <-t> <%1> <-d>
pid=58665 ppid=58663 AE_TMUX_SERVER=<unset> AE_TMUX_SERVER_KIND=<unset> argc=8 <-S> </private/tmp/aelx/L-DISCRIM/D2-counts-survive-a-cycle/t/tmux-501/default> <list-panes> <-s> <-t> <child> <-F> <#{pane_id} #{@ae_agent}>
pid=58672 ppid=58670 AE_TMUX_SERVER=<unset> AE_TMUX_SERVER_KIND=<unset> argc=8 <-S> </private/tmp/aelx/L-DISCRIM/D2-counts-survive-a-cycle/t/tmux-501/default> <list-panes> <-s> <-t> <child> <-F> <#{pane_id} #{@ae_agent}>
pid=58690 ppid=58686 AE_TMUX_SERVER=<unset> AE_TMUX_SERVER_KIND=<unset> argc=8 <-S> </private/tmp/aelx/L-DISCRIM/D2-counts-survive-a-cycle/t/tmux-501/default> <list-panes> <-s> <-t> <child> <-F> <#{pane_id} #{@ae_agent}>
pid=58704 ppid=58703 AE_TMUX_SERVER=<unset> AE_TMUX_SERVER_KIND=<unset> argc=11 <-S> </private/tmp/aelx/L-DISCRIM/D2-counts-survive-a-cycle/t/tmux-501/default> <split-window> <-v> <-b> <-t> <%1> <-P> <-F> <#{pane_id}> </tmp/aelx/L-DISCRIM/D2-counts-survive-a-cycle/h/.ae/sessions/child/watchdog _run>
pid=58711 ppid=58616 AE_TMUX_SERVER=<unset> AE_TMUX_SERVER_KIND=<unset> argc=8 <-S> </private/tmp/aelx/L-DISCRIM/D2-counts-survive-a-cycle/t/tmux-501/default> <set-option> <-p> <-t> <%2> <@ae_agent> <_watchdog>
pid=58712 ppid=58616 AE_TMUX_SERVER=<unset> AE_TMUX_SERVER_KIND=<unset> argc=7 <-S> </private/tmp/aelx/L-DISCRIM/D2-counts-survive-a-cycle/t/tmux-501/default> <select-pane> <-t> <%2> <-T> <ae watchdog>
pid=58723 ppid=58616 AE_TMUX_SERVER=<unset> AE_TMUX_SERVER_KIND=<unset> argc=6 <-S> </private/tmp/aelx/L-DISCRIM/D2-counts-survive-a-cycle/t/tmux-501/default> <select-pane> <-t> <%2> <-d>
pid=58758 ppid=58050 AE_TMUX_SERVER=<unset> AE_TMUX_SERVER_KIND=<unset> argc=3 <select-pane> <-t> <%0>
pid=58763 ppid=58761 AE_TMUX_SERVER=<unset> AE_TMUX_SERVER_KIND=<unset> argc=5 <-S> </private/tmp/aelx/L-DISCRIM/D2-counts-survive-a-cycle/t/tmux-501/default> <list-sessions> <-F> <#{session_id} #{session_name}>
pid=58050 ppid=51324 AE_TMUX_SERVER=<unset> AE_TMUX_SERVER_KIND=<unset> argc=3 <attach-session> <-t> <child>
pid=58771 ppid=58710 AE_TMUX_SERVER=<unset> AE_TMUX_SERVER_KIND=<unset> argc=7 <-S> </private/tmp/aelx/L-DISCRIM/D2-counts-survive-a-cycle/t/tmux-501/default> <set-option> <-t> <$0> <@ae_watchdog_status> <[watch ◌ starting]>
pid=58795 ppid=58793 AE_TMUX_SERVER=<unset> AE_TMUX_SERVER_KIND=<unset> argc=5 <-S> </private/tmp/aelx/L-DISCRIM/D2-counts-survive-a-cycle/t/tmux-501/default> <list-sessions> <-F> <#{session_id} #{session_name}>
pid=58802 ppid=58778 AE_TMUX_SERVER=<unset> AE_TMUX_SERVER_KIND=<unset> argc=7 <-S> </private/tmp/aelx/L-DISCRIM/D2-counts-survive-a-cycle/t/tmux-501/default> <set-option> <-t> <$0> <@ae_branch_name> <main>
pid=58844 ppid=58842 AE_TMUX_SERVER=<unset> AE_TMUX_SERVER_KIND=<unset> argc=5 <-S> </private/tmp/aelx/L-DISCRIM/D2-counts-survive-a-cycle/t/tmux-501/default> <list-sessions> <-F> <#{session_id} #{session_name}>
pid=58854 ppid=58710 AE_TMUX_SERVER=<unset> AE_TMUX_SERVER_KIND=<unset> argc=7 <-S> </private/tmp/aelx/L-DISCRIM/D2-counts-survive-a-cycle/t/tmux-501/default> <set-option> <-t> <$0> <@ae_branch_status> < main>
pid=58868 ppid=58710 AE_TMUX_SERVER=<unset> AE_TMUX_SERVER_KIND=<unset> argc=5 <-S> </private/tmp/aelx/L-DISCRIM/D2-counts-survive-a-cycle/t/tmux-501/default> <has-session> <-t> <child>
pid=58893 ppid=58710 AE_TMUX_SERVER=<unset> AE_TMUX_SERVER_KIND=<unset> argc=8 <-S> </private/tmp/aelx/L-DISCRIM/D2-counts-survive-a-cycle/t/tmux-501/default> <list-panes> <-s> <-t> <child> <-F> <#{pane_id}|#{@ae_agent}|#{pane_current_command}|#{pane_pid}>
pid=58907 ppid=58906 AE_TMUX_SERVER=<unset> AE_TMUX_SERVER_KIND=<unset> argc=7 <-S> </private/tmp/aelx/L-DISCRIM/D2-counts-survive-a-cycle/t/tmux-501/default> <display-message> <-p> <-t> <%0> <#{@ae_slot}>
pid=58919 ppid=58917 AE_TMUX_SERVER=<unset> AE_TMUX_SERVER_KIND=<unset> argc=11 <-S> </private/tmp/aelx/L-DISCRIM/D2-counts-survive-a-cycle/t/tmux-501/default> <capture-pane> <-p> <-J> <-S> <-40> <-E> <-> <-t> <%0>
pid=58982 ppid=58980 AE_TMUX_SERVER=<unset> AE_TMUX_SERVER_KIND=<unset> argc=5 <-S> </private/tmp/aelx/L-DISCRIM/D2-counts-survive-a-cycle/t/tmux-501/default> <list-sessions> <-F> <#{session_id} #{session_name}>
pid=58987 ppid=58710 AE_TMUX_SERVER=<unset> AE_TMUX_SERVER_KIND=<unset> argc=7 <-S> </private/tmp/aelx/L-DISCRIM/D2-counts-survive-a-cycle/t/tmux-501/default> <set-option> <-t> <$0> <@ae_watchdog_status> <[watch ● 1/1]>
pid=59020 ppid=59018 AE_TMUX_SERVER=<unset> AE_TMUX_SERVER_KIND=<unset> argc=5 <-S> </private/tmp/aelx/L-DISCRIM/D2-counts-survive-a-cycle/t/tmux-501/default> <list-sessions> <-F> <#{session_id} #{session_name}>
pid=59022 ppid=58993 AE_TMUX_SERVER=<unset> AE_TMUX_SERVER_KIND=<unset> argc=7 <-S> </private/tmp/aelx/L-DISCRIM/D2-counts-survive-a-cycle/t/tmux-501/default> <set-option> <-t> <$0> <@ae_branch_name> <main>
pid=59039 ppid=59037 AE_TMUX_SERVER=<unset> AE_TMUX_SERVER_KIND=<unset> argc=5 <-S> </private/tmp/aelx/L-DISCRIM/D2-counts-survive-a-cycle/t/tmux-501/default> <list-sessions> <-F> <#{session_id} #{session_name}>
pid=59041 ppid=58710 AE_TMUX_SERVER=<unset> AE_TMUX_SERVER_KIND=<unset> argc=7 <-S> </private/tmp/aelx/L-DISCRIM/D2-counts-survive-a-cycle/t/tmux-501/default> <set-option> <-t> <$0> <@ae_branch_status> < main>
pid=59053 ppid=59051 AE_TMUX_SERVER=<unset> AE_TMUX_SERVER_KIND=<unset> argc=5 <-S> </private/tmp/aelx/L-DISCRIM/D2-counts-survive-a-cycle/t/tmux-501/default> <list-sessions> <-F> <#{session_id} #{session_name}>
pid=59054 ppid=58710 AE_TMUX_SERVER=<unset> AE_TMUX_SERVER_KIND=<unset> argc=7 <-S> </private/tmp/aelx/L-DISCRIM/D2-counts-survive-a-cycle/t/tmux-501/default> <set-option> <-t> <$0> <@ae_agents_status> <grok●>
pid=59059 ppid=59058 AE_TMUX_SERVER=<unset> AE_TMUX_SERVER_KIND=<unset> argc=8 <-S> </private/tmp/aelx/L-DISCRIM/D2-counts-survive-a-cycle/t/tmux-501/default> <list-panes> <-s> <-t> <child> <-F> <#{pane_id}|#{window_id}|#{@ae_agent}>
pid=59061 ppid=58710 AE_TMUX_SERVER=<unset> AE_TMUX_SERVER_KIND=<unset> argc=8 <-S> </private/tmp/aelx/L-DISCRIM/D2-counts-survive-a-cycle/t/tmux-501/default> <set-option> <-w> <-t> <@0> <@ae_window_status> <●>
pid=59062 ppid=58710 AE_TMUX_SERVER=<unset> AE_TMUX_SERVER_KIND=<unset> argc=8 <-S> </private/tmp/aelx/L-DISCRIM/D2-counts-survive-a-cycle/t/tmux-501/default> <set-option> <-w> <-t> <@1> <@ae_window_status> <>
pid=60963 ppid=60961 AE_TMUX_SERVER=<unset> AE_TMUX_SERVER_KIND=<unset> argc=5 <-S> </private/tmp/aelx/L-DISCRIM/D2-counts-survive-a-cycle/t/tmux-501/default> <list-sessions> <-F> <#{session_id} #{session_name}>
