pid=28060 ppid=28059 AE_TMUX_SERVER=<unset> AE_TMUX_SERVER_KIND=<unset> argc=3 <has-session> <-t> <proj>
pid=28078 ppid=28059 AE_TMUX_SERVER=<unset> AE_TMUX_SERVER_KIND=<unset> argc=6 <new-session> <-d> <-s> <proj> <-c> </private/tmp/aelx/L-832C/cut-dir-consumer-list/w>
pid=28082 ppid=28059 AE_TMUX_SERVER=<unset> AE_TMUX_SERVER_KIND=<unset> argc=5 <set-environment> <-t> <proj> <-u> <CLAUDECODE>
pid=28084 ppid=28059 AE_TMUX_SERVER=<unset> AE_TMUX_SERVER_KIND=<unset> argc=5 <set-environment> <-t> <proj> <-u> <CLAUDE_CODE_SESSION>
pid=28085 ppid=28059 AE_TMUX_SERVER=<unset> AE_TMUX_SERVER_KIND=<unset> argc=5 <set-environment> <-t> <proj> <AE_SESSION> <1>
pid=28086 ppid=28059 AE_TMUX_SERVER=<unset> AE_TMUX_SERVER_KIND=<unset> argc=5 <set-environment> <-t> <proj> <AE_ORIGIN> </private/tmp/aelx/L-832C/cut-dir-consumer-list/w>
pid=28087 ppid=28059 AE_TMUX_SERVER=<unset> AE_TMUX_SERVER_KIND=<unset> argc=5 <set-environment> <-t> <proj> <AE_DIR> </private/tmp/aelx/L-832C/cut-dir-consumer-list/w>
pid=28088 ppid=28059 AE_TMUX_SERVER=<unset> AE_TMUX_SERVER_KIND=<unset> argc=5 <set-environment> <-t> <proj> <AE_MODE> <local>
pid=28089 ppid=28059 AE_TMUX_SERVER=<unset> AE_TMUX_SERVER_KIND=<unset> argc=5 <set-environment> <-t> <proj> <AE_HOME> </tmp/aelx/L-832C/cut-dir-consumer-list/h/.ae>
pid=28090 ppid=28059 AE_TMUX_SERVER=<unset> AE_TMUX_SERVER_KIND=<unset> argc=5 <set-option> <-t> <proj> <mouse> <on>
pid=28091 ppid=28059 AE_TMUX_SERVER=<unset> AE_TMUX_SERVER_KIND=<unset> argc=5 <set-option> <-t> <proj> <focus-events> <on>
pid=28092 ppid=28059 AE_TMUX_SERVER=<unset> AE_TMUX_SERVER_KIND=<unset> argc=5 <set-option> <-t> <proj> <history-limit> <50000>
pid=28093 ppid=28059 AE_TMUX_SERVER=<unset> AE_TMUX_SERVER_KIND=<unset> argc=5 <set-option> <-t> <proj> <pane-border-status> <top>
pid=28094 ppid=28059 AE_TMUX_SERVER=<unset> AE_TMUX_SERVER_KIND=<unset> argc=5 <set-option> <-t> <proj> <pane-border-format> < #{@ae_agent} >
pid=28095 ppid=28059 AE_TMUX_SERVER=<unset> AE_TMUX_SERVER_KIND=<unset> argc=3 <has-session> <-t> <proj>
pid=28097 ppid=28096 AE_TMUX_SERVER=<unset> AE_TMUX_SERVER_KIND=<unset> argc=3 <list-sessions> <-F> <#{session_id} #{session_name}>
pid=28106 ppid=28059 AE_TMUX_SERVER=<unset> AE_TMUX_SERVER_KIND=<unset> argc=5 <set-option> <-t> <$0> <status-left> <[ae proj] >
pid=28108 ppid=28059 AE_TMUX_SERVER=<unset> AE_TMUX_SERVER_KIND=<unset> argc=5 <set-option> <-t> <$0> <status-left-length> <40>
pid=28109 ppid=28059 AE_TMUX_SERVER=<unset> AE_TMUX_SERVER_KIND=<unset> argc=5 <set-option> <-t> <$0> <status-right> <[…tmp/aelx/L-832C/cut-dir-consumer-list/w#{@ae_branch_status}] #{@ae_watchdog_status}>
pid=28110 ppid=28059 AE_TMUX_SERVER=<unset> AE_TMUX_SERVER_KIND=<unset> argc=5 <set-option> <-t> <$0> <status-right-length> <100>
pid=28112 ppid=28059 AE_TMUX_SERVER=<unset> AE_TMUX_SERVER_KIND=<unset> argc=5 <set-option> <-t> <$0> <status-interval> <5>
pid=28113 ppid=28059 AE_TMUX_SERVER=<unset> AE_TMUX_SERVER_KIND=<unset> argc=5 <set-option> <-t> <$0> <status> <2>
pid=28116 ppid=28115 AE_TMUX_SERVER=<unset> AE_TMUX_SERVER_KIND=<unset> argc=3 <show-options> <-gv> <status-format[0]>
pid=28120 ppid=28059 AE_TMUX_SERVER=<unset> AE_TMUX_SERVER_KIND=<unset> argc=5 <set-option> <-t> <$0> <status-format[0]> <#[align=left range=left #{E:status-left-style}]#[push-default]#{T;=/#{status-left-length}:status-left}#[pop-default]#[norange default]#[list=on align=#{status-justify}]#[list=left-marker]<#[list=right-marker]>#[list=on]#{W:#[range=window|#{window_index} #{E:window-status-style}#{?#{&&:#{window_last_flag},#{!=:#{E:window-status-last-style},default}}, #{E:window-status-last-style},}#{?#{&&:#{window_bell_flag},#{!=:#{E:window-status-bell-style},default}}, #{E:window-status-bell-style},#{?#{&&:#{||:#{window_activity_flag},#{window_silence_flag}},#{!=:#{E:window-status-activity-style},default}}, #{E:window-status-activity-style},}}]#[push-default]#{T:window-status-format}#[pop-default]#[norange default]#{?loop_last_flag,,#{E:window-status-separator}},#[range=window|#{window_index} list=focus #{?#{!=:#{E:window-status-current-style},default},#{E:window-status-current-style},#{E:window-status-style}}#{?#{&&:#{window_last_flag},#{!=:#{E:window-status-last-style},default}}, #{E:window-status-last-style},}#{?#{&&:#{window_bell_flag},#{!=:#{E:window-status-bell-style},default}}, #{E:window-status-bell-style},#{?#{&&:#{||:#{window_activity_flag},#{window_silence_flag}},#{!=:#{E:window-status-activity-style},default}}, #{E:window-status-activity-style},}}]#[push-default]#{T:window-status-current-format}#[pop-default]#[norange list=on default]#{?loop_last_flag,,#{E:window-status-separator}}}#[nolist align=right range=right #{E:status-right-style}]#[push-default]#{T;=/#{status-right-length}:status-right}#[pop-default]#[norange default]>
pid=28122 ppid=28059 AE_TMUX_SERVER=<unset> AE_TMUX_SERVER_KIND=<unset> argc=5 <set-option> <-t> <$0> <status-format[1]> <#[align=left] #{@ae_agent}#[align=right]#{@ae_agents_status} >
pid=28123 ppid=28059 AE_TMUX_SERVER=<unset> AE_TMUX_SERVER_KIND=<unset> argc=5 <set-option> <-t> <$0> <window-status-format> <#I:#W#{@ae_window_status}#F>
pid=28124 ppid=28059 AE_TMUX_SERVER=<unset> AE_TMUX_SERVER_KIND=<unset> argc=5 <set-option> <-t> <$0> <window-status-current-format> <#I:#W#{@ae_window_status}#F>
pid=28125 ppid=28059 AE_TMUX_SERVER=<unset> AE_TMUX_SERVER_KIND=<unset> argc=5 <set-option> <-t> <proj> <automatic-rename> <off>
pid=28127 ppid=28059 AE_TMUX_SERVER=<unset> AE_TMUX_SERVER_KIND=<unset> argc=4 <rename-window> <-t> <proj> <proj>
pid=28128 ppid=28059 AE_TMUX_SERVER=<unset> AE_TMUX_SERVER_KIND=<unset> argc=5 <display-message> <-t> <proj> <-p> <#{pane_id}>
pid=28129 ppid=28059 AE_TMUX_SERVER=<unset> AE_TMUX_SERVER_KIND=<unset> argc=5 <select-pane> <-t> <%0> <-T> <ae:grok:grok>
pid=28130 ppid=28059 AE_TMUX_SERVER=<unset> AE_TMUX_SERVER_KIND=<unset> argc=6 <set-option> <-p> <-t> <%0> <@ae_agent> <grok:grok>
pid=28131 ppid=28059 AE_TMUX_SERVER=<unset> AE_TMUX_SERVER_KIND=<unset> argc=6 <set-option> <-p> <-t> <%0> <@ae_slot> <main>
pid=28149 ppid=28148 AE_TMUX_SERVER=<unset> AE_TMUX_SERVER_KIND=<unset> argc=3 <display-message> <-p> <#{socket_path}>
pid=28235 ppid=28059 AE_TMUX_SERVER=<unset> AE_TMUX_SERVER_KIND=<unset> argc=6 <list-panes> <-s> <-t> <proj> <-F> <#{pane_id}	#{@ae_agent}>
pid=28256 ppid=28255 AE_TMUX_SERVER=<unset> AE_TMUX_SERVER_KIND=<unset> argc=8 <-S> </private/tmp/aelx/L-832C/cut-dir-consumer-list/t/tmux-501/default> <list-panes> <-s> <-t> <proj> <-F> <#{pane_id}|#{@ae_slot}|#{@ae_agent}>
pid=28318 ppid=28317 AE_TMUX_SERVER=<unset> AE_TMUX_SERVER_KIND=<unset> argc=5 <display-message> <-p> <-t> <%0> <#{pane_current_command}>
pid=28320 ppid=28059 AE_TMUX_SERVER=<unset> AE_TMUX_SERVER_KIND=<unset> argc=4 <load-buffer> <-b> <ae-ps-28059-%0> <->
pid=28321 ppid=28059 AE_TMUX_SERVER=<unset> AE_TMUX_SERVER_KIND=<unset> argc=6 <paste-buffer> <-d> <-b> <ae-ps-28059-%0> <-t> <%0>
pid=28330 ppid=28059 AE_TMUX_SERVER=<unset> AE_TMUX_SERVER_KIND=<unset> argc=4 <send-keys> <-t> <%0> <Enter>
pid=28374 ppid=28372 AE_TMUX_SERVER=<unset> AE_TMUX_SERVER_KIND=<unset> argc=8 <-S> </private/tmp/aelx/L-832C/cut-dir-consumer-list/t/tmux-501/default> <list-panes> <-s> <-t> <proj> <-F> <#{pane_id} #{@ae_agent}>
pid=28376 ppid=28375 AE_TMUX_SERVER=<unset> AE_TMUX_SERVER_KIND=<unset> argc=12 <-S> </private/tmp/aelx/L-832C/cut-dir-consumer-list/t/tmux-501/default> <new-window> <-d> <-t> <proj:99> <-n> <ae-monitor> <-P> <-F> <#{pane_id}> </tmp/aelx/L-832C/cut-dir-consumer-list/h/.ae/sessions/proj/events-tail>
pid=28378 ppid=28339 AE_TMUX_SERVER=<unset> AE_TMUX_SERVER_KIND=<unset> argc=8 <-S> </private/tmp/aelx/L-832C/cut-dir-consumer-list/t/tmux-501/default> <set-option> <-p> <-t> <%1> <@ae_agent> <_events>
pid=28379 ppid=28339 AE_TMUX_SERVER=<unset> AE_TMUX_SERVER_KIND=<unset> argc=7 <-S> </private/tmp/aelx/L-832C/cut-dir-consumer-list/t/tmux-501/default> <select-pane> <-t> <%1> <-T> <ae events>
pid=28380 ppid=28339 AE_TMUX_SERVER=<unset> AE_TMUX_SERVER_KIND=<unset> argc=7 <-S> </private/tmp/aelx/L-832C/cut-dir-consumer-list/t/tmux-501/default> <set-window-option> <-t> <proj:ae-monitor> <pane-border-status> <top>
pid=28381 ppid=28339 AE_TMUX_SERVER=<unset> AE_TMUX_SERVER_KIND=<unset> argc=6 <-S> </private/tmp/aelx/L-832C/cut-dir-consumer-list/t/tmux-501/default> <select-pane> <-t> <%1> <-d>
pid=28415 ppid=28413 AE_TMUX_SERVER=<unset> AE_TMUX_SERVER_KIND=<unset> argc=8 <-S> </private/tmp/aelx/L-832C/cut-dir-consumer-list/t/tmux-501/default> <list-panes> <-s> <-t> <proj> <-F> <#{pane_id} #{@ae_agent}>
pid=28420 ppid=28418 AE_TMUX_SERVER=<unset> AE_TMUX_SERVER_KIND=<unset> argc=8 <-S> </private/tmp/aelx/L-832C/cut-dir-consumer-list/t/tmux-501/default> <list-panes> <-s> <-t> <proj> <-F> <#{pane_id} #{@ae_agent}>
pid=28428 ppid=28425 AE_TMUX_SERVER=<unset> AE_TMUX_SERVER_KIND=<unset> argc=8 <-S> </private/tmp/aelx/L-832C/cut-dir-consumer-list/t/tmux-501/default> <list-panes> <-s> <-t> <proj> <-F> <#{pane_id} #{@ae_agent}>
pid=28430 ppid=28429 AE_TMUX_SERVER=<unset> AE_TMUX_SERVER_KIND=<unset> argc=11 <-S> </private/tmp/aelx/L-832C/cut-dir-consumer-list/t/tmux-501/default> <split-window> <-v> <-b> <-t> <%1> <-P> <-F> <#{pane_id}> </tmp/aelx/L-832C/cut-dir-consumer-list/h/.ae/sessions/proj/watchdog _run>
pid=28432 ppid=28388 AE_TMUX_SERVER=<unset> AE_TMUX_SERVER_KIND=<unset> argc=8 <-S> </private/tmp/aelx/L-832C/cut-dir-consumer-list/t/tmux-501/default> <set-option> <-p> <-t> <%2> <@ae_agent> <_watchdog>
pid=28433 ppid=28388 AE_TMUX_SERVER=<unset> AE_TMUX_SERVER_KIND=<unset> argc=7 <-S> </private/tmp/aelx/L-832C/cut-dir-consumer-list/t/tmux-501/default> <select-pane> <-t> <%2> <-T> <ae watchdog>
pid=28442 ppid=28388 AE_TMUX_SERVER=<unset> AE_TMUX_SERVER_KIND=<unset> argc=6 <-S> </private/tmp/aelx/L-832C/cut-dir-consumer-list/t/tmux-501/default> <select-pane> <-t> <%2> <-d>
pid=28464 ppid=28059 AE_TMUX_SERVER=<unset> AE_TMUX_SERVER_KIND=<unset> argc=3 <select-pane> <-t> <%0>
pid=28468 ppid=28466 AE_TMUX_SERVER=<unset> AE_TMUX_SERVER_KIND=<unset> argc=5 <-S> </private/tmp/aelx/L-832C/cut-dir-consumer-list/t/tmux-501/default> <list-sessions> <-F> <#{session_id} #{session_name}>
pid=28059 ppid=20778 AE_TMUX_SERVER=<unset> AE_TMUX_SERVER_KIND=<unset> argc=3 <attach-session> <-t> <proj>
pid=28469 ppid=28431 AE_TMUX_SERVER=<unset> AE_TMUX_SERVER_KIND=<unset> argc=7 <-S> </private/tmp/aelx/L-832C/cut-dir-consumer-list/t/tmux-501/default> <set-option> <-t> <$0> <@ae_watchdog_status> <[watch ◌ starting]>
pid=28483 ppid=28481 AE_TMUX_SERVER=<unset> AE_TMUX_SERVER_KIND=<unset> argc=5 <-S> </private/tmp/aelx/L-832C/cut-dir-consumer-list/t/tmux-501/default> <list-sessions> <-F> <#{session_id} #{session_name}>
pid=28484 ppid=28471 AE_TMUX_SERVER=<unset> AE_TMUX_SERVER_KIND=<unset> argc=7 <-S> </private/tmp/aelx/L-832C/cut-dir-consumer-list/t/tmux-501/default> <set-option> <-t> <$0> <@ae_branch_name> <main>
pid=28492 ppid=28490 AE_TMUX_SERVER=<unset> AE_TMUX_SERVER_KIND=<unset> argc=5 <-S> </private/tmp/aelx/L-832C/cut-dir-consumer-list/t/tmux-501/default> <list-sessions> <-F> <#{session_id} #{session_name}>
pid=28493 ppid=28431 AE_TMUX_SERVER=<unset> AE_TMUX_SERVER_KIND=<unset> argc=7 <-S> </private/tmp/aelx/L-832C/cut-dir-consumer-list/t/tmux-501/default> <set-option> <-t> <$0> <@ae_branch_status> < main>
pid=28494 ppid=28431 AE_TMUX_SERVER=<unset> AE_TMUX_SERVER_KIND=<unset> argc=5 <-S> </private/tmp/aelx/L-832C/cut-dir-consumer-list/t/tmux-501/default> <has-session> <-t> <proj>
pid=28500 ppid=28431 AE_TMUX_SERVER=<unset> AE_TMUX_SERVER_KIND=<unset> argc=8 <-S> </private/tmp/aelx/L-832C/cut-dir-consumer-list/t/tmux-501/default> <list-panes> <-s> <-t> <proj> <-F> <#{pane_id}|#{@ae_agent}|#{pane_current_command}|#{pane_pid}>
pid=28502 ppid=28501 AE_TMUX_SERVER=<unset> AE_TMUX_SERVER_KIND=<unset> argc=7 <-S> </private/tmp/aelx/L-832C/cut-dir-consumer-list/t/tmux-501/default> <display-message> <-p> <-t> <%0> <#{@ae_slot}>
pid=28505 ppid=28504 AE_TMUX_SERVER=<unset> AE_TMUX_SERVER_KIND=<unset> argc=11 <-S> </private/tmp/aelx/L-832C/cut-dir-consumer-list/t/tmux-501/default> <capture-pane> <-p> <-J> <-S> <-40> <-E> <-> <-t> <%0>
pid=28598 ppid=28596 AE_TMUX_SERVER=<unset> AE_TMUX_SERVER_KIND=<unset> argc=5 <-S> </private/tmp/aelx/L-832C/cut-dir-consumer-list/t/tmux-501/default> <list-sessions> <-F> <#{session_id} #{session_name}>
pid=28616 ppid=28431 AE_TMUX_SERVER=<unset> AE_TMUX_SERVER_KIND=<unset> argc=7 <-S> </private/tmp/aelx/L-832C/cut-dir-consumer-list/t/tmux-501/default> <set-option> <-t> <$0> <@ae_watchdog_status> <[watch ● 1/1]>
pid=28664 ppid=28662 AE_TMUX_SERVER=<unset> AE_TMUX_SERVER_KIND=<unset> argc=5 <-S> </private/tmp/aelx/L-832C/cut-dir-consumer-list/t/tmux-501/default> <list-sessions> <-F> <#{session_id} #{session_name}>
pid=28674 ppid=28633 AE_TMUX_SERVER=<unset> AE_TMUX_SERVER_KIND=<unset> argc=7 <-S> </private/tmp/aelx/L-832C/cut-dir-consumer-list/t/tmux-501/default> <set-option> <-t> <$0> <@ae_branch_name> <main>
pid=28699 ppid=28696 AE_TMUX_SERVER=<unset> AE_TMUX_SERVER_KIND=<unset> argc=5 <-S> </private/tmp/aelx/L-832C/cut-dir-consumer-list/t/tmux-501/default> <list-sessions> <-F> <#{session_id} #{session_name}>
pid=28709 ppid=28431 AE_TMUX_SERVER=<unset> AE_TMUX_SERVER_KIND=<unset> argc=7 <-S> </private/tmp/aelx/L-832C/cut-dir-consumer-list/t/tmux-501/default> <set-option> <-t> <$0> <@ae_branch_status> < main>
pid=28733 ppid=28731 AE_TMUX_SERVER=<unset> AE_TMUX_SERVER_KIND=<unset> argc=5 <-S> </private/tmp/aelx/L-832C/cut-dir-consumer-list/t/tmux-501/default> <list-sessions> <-F> <#{session_id} #{session_name}>
pid=28743 ppid=28431 AE_TMUX_SERVER=<unset> AE_TMUX_SERVER_KIND=<unset> argc=7 <-S> </private/tmp/aelx/L-832C/cut-dir-consumer-list/t/tmux-501/default> <set-option> <-t> <$0> <@ae_agents_status> <grok●>
pid=28758 ppid=28756 AE_TMUX_SERVER=<unset> AE_TMUX_SERVER_KIND=<unset> argc=8 <-S> </private/tmp/aelx/L-832C/cut-dir-consumer-list/t/tmux-501/default> <list-panes> <-s> <-t> <proj> <-F> <#{pane_id}|#{window_id}|#{@ae_agent}>
pid=28769 ppid=28431 AE_TMUX_SERVER=<unset> AE_TMUX_SERVER_KIND=<unset> argc=8 <-S> </private/tmp/aelx/L-832C/cut-dir-consumer-list/t/tmux-501/default> <set-option> <-w> <-t> <@0> <@ae_window_status> <●>
pid=28778 ppid=28431 AE_TMUX_SERVER=<unset> AE_TMUX_SERVER_KIND=<unset> argc=8 <-S> </private/tmp/aelx/L-832C/cut-dir-consumer-list/t/tmux-501/default> <set-option> <-w> <-t> <@1> <@ae_window_status> <>
pid=29088 ppid=29087 AE_TMUX_SERVER=<unset> AE_TMUX_SERVER_KIND=<unset> argc=3 <has-session> <-t> <projx>
pid=29106 ppid=29087 AE_TMUX_SERVER=<unset> AE_TMUX_SERVER_KIND=<unset> argc=6 <new-session> <-d> <-s> <projx> <-c> </private/tmp/aelx/L-832C/cut-dir-consumer-list/w>
pid=29108 ppid=29087 AE_TMUX_SERVER=<unset> AE_TMUX_SERVER_KIND=<unset> argc=5 <set-environment> <-t> <projx> <-u> <CLAUDECODE>
pid=29110 ppid=29087 AE_TMUX_SERVER=<unset> AE_TMUX_SERVER_KIND=<unset> argc=5 <set-environment> <-t> <projx> <-u> <CLAUDE_CODE_SESSION>
pid=29111 ppid=29087 AE_TMUX_SERVER=<unset> AE_TMUX_SERVER_KIND=<unset> argc=5 <set-environment> <-t> <projx> <AE_SESSION> <1>
pid=29112 ppid=29087 AE_TMUX_SERVER=<unset> AE_TMUX_SERVER_KIND=<unset> argc=5 <set-environment> <-t> <projx> <AE_ORIGIN> </private/tmp/aelx/L-832C/cut-dir-consumer-list/w>
pid=29113 ppid=29087 AE_TMUX_SERVER=<unset> AE_TMUX_SERVER_KIND=<unset> argc=5 <set-environment> <-t> <projx> <AE_DIR> </private/tmp/aelx/L-832C/cut-dir-consumer-list/w>
pid=29114 ppid=29087 AE_TMUX_SERVER=<unset> AE_TMUX_SERVER_KIND=<unset> argc=5 <set-environment> <-t> <projx> <AE_MODE> <local>
pid=29115 ppid=29087 AE_TMUX_SERVER=<unset> AE_TMUX_SERVER_KIND=<unset> argc=5 <set-environment> <-t> <projx> <AE_HOME> </tmp/aelx/L-832C/cut-dir-consumer-list/h/.ae>
pid=29116 ppid=29087 AE_TMUX_SERVER=<unset> AE_TMUX_SERVER_KIND=<unset> argc=5 <set-option> <-t> <projx> <mouse> <on>
pid=29117 ppid=29087 AE_TMUX_SERVER=<unset> AE_TMUX_SERVER_KIND=<unset> argc=5 <set-option> <-t> <projx> <focus-events> <on>
pid=29118 ppid=29087 AE_TMUX_SERVER=<unset> AE_TMUX_SERVER_KIND=<unset> argc=5 <set-option> <-t> <projx> <history-limit> <50000>
pid=29119 ppid=29087 AE_TMUX_SERVER=<unset> AE_TMUX_SERVER_KIND=<unset> argc=5 <set-option> <-t> <projx> <pane-border-status> <top>
pid=29120 ppid=29087 AE_TMUX_SERVER=<unset> AE_TMUX_SERVER_KIND=<unset> argc=5 <set-option> <-t> <projx> <pane-border-format> < #{@ae_agent} >
pid=29121 ppid=29087 AE_TMUX_SERVER=<unset> AE_TMUX_SERVER_KIND=<unset> argc=3 <has-session> <-t> <projx>
pid=29123 ppid=29122 AE_TMUX_SERVER=<unset> AE_TMUX_SERVER_KIND=<unset> argc=3 <list-sessions> <-F> <#{session_id} #{session_name}>
pid=29132 ppid=29087 AE_TMUX_SERVER=<unset> AE_TMUX_SERVER_KIND=<unset> argc=5 <set-option> <-t> <$1> <status-left> <[ae projx] >
pid=29133 ppid=29087 AE_TMUX_SERVER=<unset> AE_TMUX_SERVER_KIND=<unset> argc=5 <set-option> <-t> <$1> <status-left-length> <40>
pid=29134 ppid=29087 AE_TMUX_SERVER=<unset> AE_TMUX_SERVER_KIND=<unset> argc=5 <set-option> <-t> <$1> <status-right> <[…tmp/aelx/L-832C/cut-dir-consumer-list/w#{@ae_branch_status}] #{@ae_watchdog_status}>
pid=29135 ppid=29087 AE_TMUX_SERVER=<unset> AE_TMUX_SERVER_KIND=<unset> argc=5 <set-option> <-t> <$1> <status-right-length> <100>
pid=29136 ppid=29087 AE_TMUX_SERVER=<unset> AE_TMUX_SERVER_KIND=<unset> argc=5 <set-option> <-t> <$1> <status-interval> <5>
pid=29137 ppid=29087 AE_TMUX_SERVER=<unset> AE_TMUX_SERVER_KIND=<unset> argc=5 <set-option> <-t> <$1> <status> <2>
pid=29139 ppid=29138 AE_TMUX_SERVER=<unset> AE_TMUX_SERVER_KIND=<unset> argc=3 <show-options> <-gv> <status-format[0]>
pid=29140 ppid=29087 AE_TMUX_SERVER=<unset> AE_TMUX_SERVER_KIND=<unset> argc=5 <set-option> <-t> <$1> <status-format[0]> <#[align=left range=left #{E:status-left-style}]#[push-default]#{T;=/#{status-left-length}:status-left}#[pop-default]#[norange default]#[list=on align=#{status-justify}]#[list=left-marker]<#[list=right-marker]>#[list=on]#{W:#[range=window|#{window_index} #{E:window-status-style}#{?#{&&:#{window_last_flag},#{!=:#{E:window-status-last-style},default}}, #{E:window-status-last-style},}#{?#{&&:#{window_bell_flag},#{!=:#{E:window-status-bell-style},default}}, #{E:window-status-bell-style},#{?#{&&:#{||:#{window_activity_flag},#{window_silence_flag}},#{!=:#{E:window-status-activity-style},default}}, #{E:window-status-activity-style},}}]#[push-default]#{T:window-status-format}#[pop-default]#[norange default]#{?loop_last_flag,,#{E:window-status-separator}},#[range=window|#{window_index} list=focus #{?#{!=:#{E:window-status-current-style},default},#{E:window-status-current-style},#{E:window-status-style}}#{?#{&&:#{window_last_flag},#{!=:#{E:window-status-last-style},default}}, #{E:window-status-last-style},}#{?#{&&:#{window_bell_flag},#{!=:#{E:window-status-bell-style},default}}, #{E:window-status-bell-style},#{?#{&&:#{||:#{window_activity_flag},#{window_silence_flag}},#{!=:#{E:window-status-activity-style},default}}, #{E:window-status-activity-style},}}]#[push-default]#{T:window-status-current-format}#[pop-default]#[norange list=on default]#{?loop_last_flag,,#{E:window-status-separator}}}#[nolist align=right range=right #{E:status-right-style}]#[push-default]#{T;=/#{status-right-length}:status-right}#[pop-default]#[norange default]>
pid=29141 ppid=29087 AE_TMUX_SERVER=<unset> AE_TMUX_SERVER_KIND=<unset> argc=5 <set-option> <-t> <$1> <status-format[1]> <#[align=left] #{@ae_agent}#[align=right]#{@ae_agents_status} >
pid=29142 ppid=29087 AE_TMUX_SERVER=<unset> AE_TMUX_SERVER_KIND=<unset> argc=5 <set-option> <-t> <$1> <window-status-format> <#I:#W#{@ae_window_status}#F>
pid=29143 ppid=29087 AE_TMUX_SERVER=<unset> AE_TMUX_SERVER_KIND=<unset> argc=5 <set-option> <-t> <$1> <window-status-current-format> <#I:#W#{@ae_window_status}#F>
pid=29144 ppid=29087 AE_TMUX_SERVER=<unset> AE_TMUX_SERVER_KIND=<unset> argc=5 <set-option> <-t> <projx> <automatic-rename> <off>
pid=29146 ppid=29087 AE_TMUX_SERVER=<unset> AE_TMUX_SERVER_KIND=<unset> argc=4 <rename-window> <-t> <projx> <projx>
pid=29147 ppid=29087 AE_TMUX_SERVER=<unset> AE_TMUX_SERVER_KIND=<unset> argc=5 <display-message> <-t> <projx> <-p> <#{pane_id}>
pid=29148 ppid=29087 AE_TMUX_SERVER=<unset> AE_TMUX_SERVER_KIND=<unset> argc=5 <select-pane> <-t> <%3> <-T> <ae:grok:grok>
pid=29149 ppid=29087 AE_TMUX_SERVER=<unset> AE_TMUX_SERVER_KIND=<unset> argc=6 <set-option> <-p> <-t> <%3> <@ae_agent> <grok:grok>
pid=29150 ppid=29087 AE_TMUX_SERVER=<unset> AE_TMUX_SERVER_KIND=<unset> argc=6 <set-option> <-p> <-t> <%3> <@ae_slot> <main>
pid=29168 ppid=29167 AE_TMUX_SERVER=<unset> AE_TMUX_SERVER_KIND=<unset> argc=3 <display-message> <-p> <#{socket_path}>
pid=29257 ppid=29087 AE_TMUX_SERVER=<unset> AE_TMUX_SERVER_KIND=<unset> argc=6 <list-panes> <-s> <-t> <projx> <-F> <#{pane_id}	#{@ae_agent}>
pid=29278 ppid=29277 AE_TMUX_SERVER=<unset> AE_TMUX_SERVER_KIND=<unset> argc=8 <-S> </private/tmp/aelx/L-832C/cut-dir-consumer-list/t/tmux-501/default> <list-panes> <-s> <-t> <projx> <-F> <#{pane_id}|#{@ae_slot}|#{@ae_agent}>
pid=29341 ppid=29340 AE_TMUX_SERVER=<unset> AE_TMUX_SERVER_KIND=<unset> argc=5 <display-message> <-p> <-t> <%3> <#{pane_current_command}>
pid=29343 ppid=29087 AE_TMUX_SERVER=<unset> AE_TMUX_SERVER_KIND=<unset> argc=4 <load-buffer> <-b> <ae-ps-29087-%3> <->
pid=29344 ppid=29087 AE_TMUX_SERVER=<unset> AE_TMUX_SERVER_KIND=<unset> argc=6 <paste-buffer> <-d> <-b> <ae-ps-29087-%3> <-t> <%3>
pid=29346 ppid=29087 AE_TMUX_SERVER=<unset> AE_TMUX_SERVER_KIND=<unset> argc=4 <send-keys> <-t> <%3> <Enter>
pid=29397 ppid=29395 AE_TMUX_SERVER=<unset> AE_TMUX_SERVER_KIND=<unset> argc=8 <-S> </private/tmp/aelx/L-832C/cut-dir-consumer-list/t/tmux-501/default> <list-panes> <-s> <-t> <projx> <-F> <#{pane_id} #{@ae_agent}>
pid=29399 ppid=29398 AE_TMUX_SERVER=<unset> AE_TMUX_SERVER_KIND=<unset> argc=12 <-S> </private/tmp/aelx/L-832C/cut-dir-consumer-list/t/tmux-501/default> <new-window> <-d> <-t> <projx:99> <-n> <ae-monitor> <-P> <-F> <#{pane_id}> </tmp/aelx/L-832C/cut-dir-consumer-list/h/.ae/sessions/projx/events-tail>
pid=29401 ppid=29370 AE_TMUX_SERVER=<unset> AE_TMUX_SERVER_KIND=<unset> argc=8 <-S> </private/tmp/aelx/L-832C/cut-dir-consumer-list/t/tmux-501/default> <set-option> <-p> <-t> <%4> <@ae_agent> <_events>
pid=29402 ppid=29370 AE_TMUX_SERVER=<unset> AE_TMUX_SERVER_KIND=<unset> argc=7 <-S> </private/tmp/aelx/L-832C/cut-dir-consumer-list/t/tmux-501/default> <select-pane> <-t> <%4> <-T> <ae events>
pid=29403 ppid=29370 AE_TMUX_SERVER=<unset> AE_TMUX_SERVER_KIND=<unset> argc=7 <-S> </private/tmp/aelx/L-832C/cut-dir-consumer-list/t/tmux-501/default> <set-window-option> <-t> <projx:ae-monitor> <pane-border-status> <top>
pid=29404 ppid=29370 AE_TMUX_SERVER=<unset> AE_TMUX_SERVER_KIND=<unset> argc=6 <-S> </private/tmp/aelx/L-832C/cut-dir-consumer-list/t/tmux-501/default> <select-pane> <-t> <%4> <-d>
pid=29438 ppid=29436 AE_TMUX_SERVER=<unset> AE_TMUX_SERVER_KIND=<unset> argc=8 <-S> </private/tmp/aelx/L-832C/cut-dir-consumer-list/t/tmux-501/default> <list-panes> <-s> <-t> <projx> <-F> <#{pane_id} #{@ae_agent}>
pid=29443 ppid=29441 AE_TMUX_SERVER=<unset> AE_TMUX_SERVER_KIND=<unset> argc=8 <-S> </private/tmp/aelx/L-832C/cut-dir-consumer-list/t/tmux-501/default> <list-panes> <-s> <-t> <projx> <-F> <#{pane_id} #{@ae_agent}>
pid=29449 ppid=29446 AE_TMUX_SERVER=<unset> AE_TMUX_SERVER_KIND=<unset> argc=8 <-S> </private/tmp/aelx/L-832C/cut-dir-consumer-list/t/tmux-501/default> <list-panes> <-s> <-t> <projx> <-F> <#{pane_id} #{@ae_agent}>
pid=29453 ppid=29452 AE_TMUX_SERVER=<unset> AE_TMUX_SERVER_KIND=<unset> argc=11 <-S> </private/tmp/aelx/L-832C/cut-dir-consumer-list/t/tmux-501/default> <split-window> <-v> <-b> <-t> <%4> <-P> <-F> <#{pane_id}> </tmp/aelx/L-832C/cut-dir-consumer-list/h/.ae/sessions/projx/watchdog _run>
pid=29456 ppid=29411 AE_TMUX_SERVER=<unset> AE_TMUX_SERVER_KIND=<unset> argc=8 <-S> </private/tmp/aelx/L-832C/cut-dir-consumer-list/t/tmux-501/default> <set-option> <-p> <-t> <%5> <@ae_agent> <_watchdog>
pid=29457 ppid=29411 AE_TMUX_SERVER=<unset> AE_TMUX_SERVER_KIND=<unset> argc=7 <-S> </private/tmp/aelx/L-832C/cut-dir-consumer-list/t/tmux-501/default> <select-pane> <-t> <%5> <-T> <ae watchdog>
pid=29467 ppid=29411 AE_TMUX_SERVER=<unset> AE_TMUX_SERVER_KIND=<unset> argc=6 <-S> </private/tmp/aelx/L-832C/cut-dir-consumer-list/t/tmux-501/default> <select-pane> <-t> <%5> <-d>
pid=29488 ppid=29087 AE_TMUX_SERVER=<unset> AE_TMUX_SERVER_KIND=<unset> argc=3 <select-pane> <-t> <%3>
pid=29087 ppid=20778 AE_TMUX_SERVER=<unset> AE_TMUX_SERVER_KIND=<unset> argc=3 <attach-session> <-t>pid=29494 ppid=29490 AE_TMUX_SERVER=<unset> AE_TMUX_SERVER_KIND=<unset> argc=5 <projx>
 <-S> </private/tmp/aelx/L-832C/cut-dir-consumer-list/t/tmux-501/default> <list-sessions> <-F> <#{session_id} #{session_name}>
pid=29496 ppid=29455 AE_TMUX_SERVER=<unset> AE_TMUX_SERVER_KIND=<unset> argc=7 <-S> </private/tmp/aelx/L-832C/cut-dir-consumer-list/t/tmux-501/default> <set-option> <-t> <$1> <@ae_watchdog_status> <[watch ◌ starting]>
pid=29509 ppid=29507 AE_TMUX_SERVER=<unset> AE_TMUX_SERVER_KIND=<unset> argc=5 <-S> </private/tmp/aelx/L-832C/cut-dir-consumer-list/t/tmux-501/default> <list-sessions> <-F> <#{session_id} #{session_name}>
pid=29510 ppid=29497 AE_TMUX_SERVER=<unset> AE_TMUX_SERVER_KIND=<unset> argc=7 <-S> </private/tmp/aelx/L-832C/cut-dir-consumer-list/t/tmux-501/default> <set-option> <-t> <$1> <@ae_branch_name> <main>
pid=29518 ppid=29516 AE_TMUX_SERVER=<unset> AE_TMUX_SERVER_KIND=<unset> argc=5 <-S> </private/tmp/aelx/L-832C/cut-dir-consumer-list/t/tmux-501/default> <list-sessions> <-F> <#{session_id} #{session_name}>
pid=29519 ppid=29455 AE_TMUX_SERVER=<unset> AE_TMUX_SERVER_KIND=<unset> argc=7 <-S> </private/tmp/aelx/L-832C/cut-dir-consumer-list/t/tmux-501/default> <set-option> <-t> <$1> <@ae_branch_status> < main>
pid=29520 ppid=29455 AE_TMUX_SERVER=<unset> AE_TMUX_SERVER_KIND=<unset> argc=5 <-S> </private/tmp/aelx/L-832C/cut-dir-consumer-list/t/tmux-501/default> <has-session> <-t> <projx>
pid=29533 ppid=29455 AE_TMUX_SERVER=<unset> AE_TMUX_SERVER_KIND=<unset> argc=8 <-S> </private/tmp/aelx/L-832C/cut-dir-consumer-list/t/tmux-501/default> <list-panes> <-s> <-t> <projx> <-F> <#{pane_id}|#{@ae_agent}|#{pane_current_command}|#{pane_pid}>
pid=29535 ppid=29534 AE_TMUX_SERVER=<unset> AE_TMUX_SERVER_KIND=<unset> argc=7 <-S> </private/tmp/aelx/L-832C/cut-dir-consumer-list/t/tmux-501/default> <display-message> <-p> <-t> <%3> <#{@ae_slot}>
pid=29538 ppid=29537 AE_TMUX_SERVER=<unset> AE_TMUX_SERVER_KIND=<unset> argc=11 <-S> </private/tmp/aelx/L-832C/cut-dir-consumer-list/t/tmux-501/default> <capture-pane> <-p> <-J> <-S> <-40> <-E> <-> <-t> <%3>
pid=29569 ppid=29567 AE_TMUX_SERVER=<unset> AE_TMUX_SERVER_KIND=<unset> argc=5 <-S> </private/tmp/aelx/L-832C/cut-dir-consumer-list/t/tmux-501/default> <list-sessions> <-F> <#{session_id} #{session_name}>
pid=29570 ppid=29455 AE_TMUX_SERVER=<unset> AE_TMUX_SERVER_KIND=<unset> argc=7 <-S> </private/tmp/aelx/L-832C/cut-dir-consumer-list/t/tmux-501/default> <set-option> <-t> <$1> <@ae_watchdog_status> <[watch ● 1/1]>
pid=29583 ppid=29581 AE_TMUX_SERVER=<unset> AE_TMUX_SERVER_KIND=<unset> argc=5 <-S> </private/tmp/aelx/L-832C/cut-dir-consumer-list/t/tmux-501/default> <list-sessions> <-F> <#{session_id} #{session_name}>
pid=29584 ppid=29571 AE_TMUX_SERVER=<unset> AE_TMUX_SERVER_KIND=<unset> argc=7 <-S> </private/tmp/aelx/L-832C/cut-dir-consumer-list/t/tmux-501/default> <set-option> <-t> <$1> <@ae_branch_name> <main>
pid=29592 ppid=29590 AE_TMUX_SERVER=<unset> AE_TMUX_SERVER_KIND=<unset> argc=5 <-S> </private/tmp/aelx/L-832C/cut-dir-consumer-list/t/tmux-501/default> <list-sessions> <-F> <#{session_id} #{session_name}>
pid=29593 ppid=29455 AE_TMUX_SERVER=<unset> AE_TMUX_SERVER_KIND=<unset> argc=7 <-S> </private/tmp/aelx/L-832C/cut-dir-consumer-list/t/tmux-501/default> <set-option> <-t> <$1> <@ae_branch_status> < main>
pid=29604 ppid=29602 AE_TMUX_SERVER=<unset> AE_TMUX_SERVER_KIND=<unset> argc=5 <-S> </private/tmp/aelx/L-832C/cut-dir-consumer-list/t/tmux-501/default> <list-sessions> <-F> <#{session_id} #{session_name}>
pid=29605 ppid=29455 AE_TMUX_SERVER=<unset> AE_TMUX_SERVER_KIND=<unset> argc=7 <-S> </private/tmp/aelx/L-832C/cut-dir-consumer-list/t/tmux-501/default> <set-option> <-t> <$1> <@ae_agents_status> <grok●>
pid=29610 ppid=29609 AE_TMUX_SERVER=<unset> AE_TMUX_SERVER_KIND=<unset> argc=8 <-S> </private/tmp/aelx/L-832C/cut-dir-consumer-list/t/tmux-501/default> <list-panes> <-s> <-t> <projx> <-F> <#{pane_id}|#{window_id}|#{@ae_agent}>
pid=29612 ppid=29455 AE_TMUX_SERVER=<unset> AE_TMUX_SERVER_KIND=<unset> argc=8 <-S> </private/tmp/aelx/L-832C/cut-dir-consumer-list/t/tmux-501/default> <set-option> <-w> <-t> <@2> <@ae_window_status> <●>
pid=29613 ppid=29455 AE_TMUX_SERVER=<unset> AE_TMUX_SERVER_KIND=<unset> argc=8 <-S> </private/tmp/aelx/L-832C/cut-dir-consumer-list/t/tmux-501/default> <set-option> <-w> <-t> <@3> <@ae_window_status> <>
pid=31200 ppid=31182 AE_TMUX_SERVER=<unset> AE_TMUX_SERVER_KIND=<unset> argc=3 <has-session> <-t> <proj>
pid=31202 ppid=31182 AE_TMUX_SERVER=<unset> AE_TMUX_SERVER_KIND=<unset> argc=3 <has-session> <-t> <proj2>
pid=31204 ppid=31182 AE_TMUX_SERVER=<unset> AE_TMUX_SERVER_KIND=<unset> argc=4 <rename-session> <-t> <proj> <proj2>
pid=31219 ppid=31182 AE_TMUX_SERVER=<unset> AE_TMUX_SERVER_KIND=<unset> argc=4 <rename-window> <-t> <proj2:0> <proj2>
pid=35841 ppid=35839 AE_TMUX_SERVER=<unset> AE_TMUX_SERVER_KIND=<unset> argc=5 <-S> </private/tmp/aelx/L-832C/cut-dir-consumer-list/t/tmux-501/default> <list-sessions> <-F> <#{session_id} #{session_name}>
pid=35848 ppid=35846 AE_TMUX_SERVER=<unset> AE_TMUX_SERVER_KIND=<unset> argc=5 <-S> </private/tmp/aelx/L-832C/cut-dir-consumer-list/t/tmux-501/default> <list-sessions> <-F> <#{session_id} #{session_name}>
