=== curl invocation 2026-08-20T15:38:05Z ===
argv: -sS -K -
stdin:
  silent
  fail-with-body
  url = https://api.telegram.org/botb0-fixture-not-a-real-token/sendMessage
  data-urlencode = chat_id=1234567890
  data-urlencode = text@/tmp/ae-telegram-msg.aI3jw8
text-file /tmp/ae-telegram-msg.aI3jw8:
  | [b0d7] send  dummy:dummy → dummy2:helper
  | ⟦ae:msg from unverified⟧ fixture settle probe=== curl invocation 2026-08-20T15:38:05Z ===
argv: -sS -K -
stdin:
  silent
  fail-with-body
  url = https://api.telegram.org/botb0-fixture-not-a-real-token/sendMessage
  data-urlencode = chat_id=1234567890
  data-urlencode = text@/tmp/ae-telegram-msg.8OCTpq
text-file /tmp/ae-telegram-msg.8OCTpq:
  | [b0d7] send  dummy:dummy → dummy2:helper
  | ⟦ae:msg from unverified⟧ fixture settle probe=== curl invocation 2026-08-20T15:38:05Z ===
argv: -sS -K -
stdin:
  silent
  fail-with-body
  url = https://api.telegram.org/botb0-fixture-not-a-real-token/sendMessage
  data-urlencode = chat_id=1234567890
  data-urlencode = text@/tmp/ae-telegram-msg.T2Jb93
text-file /tmp/ae-telegram-msg.T2Jb93:
  | [b0d7] send  dummy:dummy → dummy2:helper
  | ⟦ae:msg from unverified⟧ fixture settle probe=== curl invocation 2026-08-20T15:38:05Z ===
argv: -sS -K -
stdin:
  silent
  fail-with-body
  url = https://api.telegram.org/botb0-fixture-not-a-real-token/sendMessage
  data-urlencode = chat_id=1234567890
  data-urlencode = text@/tmp/ae-telegram-msg.YbroMg
text-file /tmp/ae-telegram-msg.YbroMg:
  | [b0d7] send  dummy:dummy → dummy2:helper
  | ⟦ae:msg from unverified⟧ fixture settle probe=== curl invocation 2026-08-20T15:38:05Z ===
argv: -sS -K -
stdin:
  silent
  fail-with-body
  url = https://api.telegram.org/botb0-fixture-not-a-real-token/sendMessage
  data-urlencode = chat_id=1234567890
  data-urlencode = text@/tmp/ae-telegram-msg.pjMwQG
text-file /tmp/ae-telegram-msg.pjMwQG:
  | [b0d7] send  dummy:dummy → dummy2:helper
  | ⟦ae:msg from unverified⟧ fixture settle probe=== curl invocation 2026-08-20T15:38:05Z ===
argv: -sS -K -
stdin:
  silent
  fail-with-body
  url = https://api.telegram.org/botb0-fixture-not-a-real-token/sendMessage
  data-urlencode = chat_id=1234567890
  data-urlencode = text@/tmp/ae-telegram-msg.9JMbo3
text-file /tmp/ae-telegram-msg.9JMbo3:
  | [b0d7] send  dummy:dummy → dummy2:helper
  | ⟦ae:msg from unverified⟧ fixture settle probe=== curl invocation 2026-08-20T15:38:05Z ===
argv: -sS -K -
stdin:
  silent
  fail-with-body
  url = https://api.telegram.org/botb0-fixture-not-a-real-token/sendMessage
  data-urlencode = chat_id=1234567890
  data-urlencode = text@/tmp/ae-telegram-msg.u54B4p
text-file /tmp/ae-telegram-msg.u54B4p:
  | [b0d7] send  dummy:dummy → dummy2:helper
  | ⟦ae:msg from unverified⟧ fixture settle probe=== curl invocation 2026-08-20T15:38:05Z ===
argv: -sS -K -
stdin:
  silent
  fail-with-body
  url = https://api.telegram.org/botb0-fixture-not-a-real-token/sendMessage
  data-urlencode = chat_id=1234567890
  data-urlencode = text@/tmp/ae-telegram-msg.6LBCAu
text-file /tmp/ae-telegram-msg.6LBCAu:
  | [b0d7] send  dummy:dummy → dummy2:helper
  | ⟦ae:msg from unverified⟧ fixture settle probe=== curl invocation 2026-08-20T15:38:06Z ===
argv: -sS -K -
stdin:
  silent
  fail-with-body
  url = https://api.telegram.org/botb0-fixture-not-a-real-token/sendMessage
  data-urlencode = chat_id=1234567890
  data-urlencode = text@/tmp/ae-telegram-msg.cPhh2u
text-file /tmp/ae-telegram-msg.cPhh2u:
  | [b0d7] send  dummy:dummy → dummy2:helper
  | ⟦ae:msg from unverified⟧ fixture settle probe=== curl invocation 2026-08-20T15:38:06Z ===
argv: -sS -K -
stdin:
  silent
  fail-with-body
  url = https://api.telegram.org/botb0-fixture-not-a-real-token/sendMessage
  data-urlencode = chat_id=1234567890
  data-urlencode = text@/tmp/ae-telegram-msg.zPq2yW
text-file /tmp/ae-telegram-msg.zPq2yW:
  | [b0d7] send  dummy:dummy → dummy2:helper
  | ⟦ae:msg from unverified⟧ fixture settle probe=== curl invocation 2026-08-20T15:38:06Z ===
argv: -sS -K -
stdin:
  silent
  fail-with-body
  url = https://api.telegram.org/botb0-fixture-not-a-real-token/sendMessage
  data-urlencode = chat_id=1234567890
  data-urlencode = text@/tmp/ae-telegram-msg.Bmy0Py
text-file /tmp/ae-telegram-msg.Bmy0Py:
  | [b0d7] send  dummy:dummy → dummy2:helper
  | ⟦ae:msg from unverified⟧ fixture settle probe=== curl invocation 2026-08-20T15:38:06Z ===
argv: -sS -K -
stdin:
  silent
  fail-with-body
  url = https://api.telegram.org/botb0-fixture-not-a-real-token/sendMessage
  data-urlencode = chat_id=1234567890
  data-urlencode = text@/tmp/ae-telegram-msg.zT9BPQ
text-file /tmp/ae-telegram-msg.zT9BPQ:
  | [b0d7] send  dummy:dummy → dummy2:helper
  | ⟦ae:msg from unverified⟧ fixture settle probe=== curl invocation 2026-08-20T15:38:06Z ===
argv: -sS -K -
stdin:
  silent
  fail-with-body
  url = https://api.telegram.org/botb0-fixture-not-a-real-token/sendMessage
  data-urlencode = chat_id=1234567890
  data-urlencode = text@/tmp/ae-telegram-msg.lAvixu
text-file /tmp/ae-telegram-msg.lAvixu:
  | [b0d7] send  dummy:dummy → dummy2:helper
  | ⟦ae:msg from unverified⟧ fixture settle probe=== curl invocation 2026-08-20T15:38:06Z ===
argv: -sS -K -
stdin:
  silent
  fail-with-body
  url = https://api.telegram.org/botb0-fixture-not-a-real-token/sendMessage
  data-urlencode = chat_id=1234567890
  data-urlencode = text@/tmp/ae-telegram-msg.EHVDw7
text-file /tmp/ae-telegram-msg.EHVDw7:
  | [b0d7] send  dummy:dummy → dummy2:helper
  | ⟦ae:msg from unverified⟧ fixture settle probe=== curl invocation 2026-08-20T15:38:06Z ===
argv: -sS -K -
stdin:
  silent
  fail-with-body
  url = https://api.telegram.org/botb0-fixture-not-a-real-token/sendMessage
  data-urlencode = chat_id=1234567890
  data-urlencode = text@/tmp/ae-telegram-msg.RoJLwY
text-file /tmp/ae-telegram-msg.RoJLwY:
  | [b0d7] send  dummy:dummy → dummy2:helper
  | ⟦ae:msg from unverified⟧ fixture settle probe=== curl invocation 2026-08-20T15:38:07Z ===
argv: -sS -K -
stdin:
  silent
  fail-with-body
  url = https://api.telegram.org/botb0-fixture-not-a-real-token/sendMessage
  data-urlencode = chat_id=1234567890
  data-urlencode = text@/tmp/ae-telegram-msg.KJTMiv
text-file /tmp/ae-telegram-msg.KJTMiv:
  | [b0d7] send  dummy:dummy → dummy2:helper
  | ⟦ae:msg from unverified⟧ fixture settle probe=== curl invocation 2026-08-20T15:38:07Z ===
argv: -sS -K -
stdin:
  silent
  fail-with-body
  url = https://api.telegram.org/botb0-fixture-not-a-real-token/sendMessage
  data-urlencode = chat_id=1234567890
  data-urlencode = text@/tmp/ae-telegram-msg.kWroNU
text-file /tmp/ae-telegram-msg.kWroNU:
  | [b0d7] send  dummy:dummy → dummy2:helper
  | ⟦ae:msg from unverified⟧ fixture settle probe=== curl invocation 2026-08-20T15:38:07Z ===
argv: -sS -K -
stdin:
  silent
  fail-with-body
  url = https://api.telegram.org/botb0-fixture-not-a-real-token/sendMessage
  data-urlencode = chat_id=1234567890
  data-urlencode = text@/tmp/ae-telegram-msg.JKb3Rp
text-file /tmp/ae-telegram-msg.JKb3Rp:
  | [b0d7] send  dummy:dummy → dummy2:helper
  | ⟦ae:msg from unverified⟧ fixture settle probe=== curl invocation 2026-08-20T15:38:07Z ===
argv: -sS -K -
stdin:
  silent
  fail-with-body
  url = https://api.telegram.org/botb0-fixture-not-a-real-token/sendMessage
  data-urlencode = chat_id=1234567890
  data-urlencode = text@/tmp/ae-telegram-msg.2Qozv7
text-file /tmp/ae-telegram-msg.2Qozv7:
  | [b0d7] send  dummy:dummy → dummy2:helper
  | ⟦ae:msg from unverified⟧ fixture settle probe=== curl invocation 2026-08-20T15:38:07Z ===
argv: -sS -K -
stdin:
  silent
  fail-with-body
  url = https://api.telegram.org/botb0-fixture-not-a-real-token/sendMessage
  data-urlencode = chat_id=1234567890
  data-urlencode = text@/tmp/ae-telegram-msg.aDcJ4Z
text-file /tmp/ae-telegram-msg.aDcJ4Z:
  | [b0d7] send  dummy:dummy → dummy2:helper
  | ⟦ae:msg from unverified⟧ fixture settle probe=== curl invocation 2026-08-20T15:38:07Z ===
argv: -sS -K -
stdin:
  silent
  fail-with-body
  url = https://api.telegram.org/botb0-fixture-not-a-real-token/sendMessage
  data-urlencode = chat_id=1234567890
  data-urlencode = text@/tmp/ae-telegram-msg.lPSMwU
text-file /tmp/ae-telegram-msg.lPSMwU:
  | [b0d7] send  dummy:dummy → dummy2:helper
  | ⟦ae:msg from unverified⟧ fixture settle probe=== curl invocation 2026-08-20T15:38:07Z ===
argv: -sS -K -
stdin:
  silent
  fail-with-body
  url = https://api.telegram.org/botb0-fixture-not-a-real-token/sendMessage
  data-urlencode = chat_id=1234567890
  data-urlencode = text@/tmp/ae-telegram-msg.2EsUix
text-file /tmp/ae-telegram-msg.2EsUix:
  | [b0d7] send  dummy:dummy → dummy2:helper
  | ⟦ae:msg from unverified⟧ fixture settle probe=== curl invocation 2026-08-20T15:38:08Z ===
argv: -sS -K -
stdin:
  silent
  fail-with-body
  url = https://api.telegram.org/botb0-fixture-not-a-real-token/sendMessage
  data-urlencode = chat_id=1234567890
  data-urlencode = text@/tmp/ae-telegram-msg.Tufm3t
text-file /tmp/ae-telegram-msg.Tufm3t:
  | [b0d7] send  dummy:dummy → dummy2:helper
  | ⟦ae:msg from unverified⟧ fixture settle probe=== curl invocation 2026-08-20T15:38:08Z ===
argv: -sS -K -
stdin:
  silent
  fail-with-body
  url = https://api.telegram.org/botb0-fixture-not-a-real-token/sendMessage
  data-urlencode = chat_id=1234567890
  data-urlencode = text@/tmp/ae-telegram-msg.V6UPpj
text-file /tmp/ae-telegram-msg.V6UPpj:
  | [b0d7] send  dummy:dummy → dummy2:helper
  | ⟦ae:msg from unverified⟧ fixture settle probe=== curl invocation 2026-08-20T15:38:08Z ===
argv: -sS -K -
stdin:
  silent
  fail-with-body
  url = https://api.telegram.org/botb0-fixture-not-a-real-token/sendMessage
  data-urlencode = chat_id=1234567890
  data-urlencode = text@/tmp/ae-telegram-msg.qXHPsg
text-file /tmp/ae-telegram-msg.qXHPsg:
  | [b0d7] send  dummy:dummy → dummy2:helper
  | ⟦ae:msg from unverified⟧ fixture settle probe=== curl invocation 2026-08-20T15:38:08Z ===
argv: -sS -K -
stdin:
  silent
  fail-with-body
  url = https://api.telegram.org/botb0-fixture-not-a-real-token/sendMessage
  data-urlencode = chat_id=1234567890
  data-urlencode = text@/tmp/ae-telegram-msg.jbyKfn
text-file /tmp/ae-telegram-msg.jbyKfn:
  | [b0d7] send  dummy:dummy → dummy2:helper
  | ⟦ae:msg from unverified⟧ fixture settle probe=== curl invocation 2026-08-20T15:38:08Z ===
argv: -sS -K -
stdin:
  silent
  fail-with-body
  url = https://api.telegram.org/botb0-fixture-not-a-real-token/sendMessage
  data-urlencode = chat_id=1234567890
  data-urlencode = text@/tmp/ae-telegram-msg.NeaWxM
text-file /tmp/ae-telegram-msg.NeaWxM:
  | [b0d7] send  dummy:dummy → dummy2:helper
  | ⟦ae:msg from unverified⟧ fixture settle probe=== curl invocation 2026-08-20T15:38:08Z ===
argv: -sS -K -
stdin:
  silent
  fail-with-body
  url = https://api.telegram.org/botb0-fixture-not-a-real-token/sendMessage
  data-urlencode = chat_id=1234567890
  data-urlencode = text@/tmp/ae-telegram-msg.atxZiO
text-file /tmp/ae-telegram-msg.atxZiO:
  | [b0d7] send  dummy:dummy → dummy2:helper
  | ⟦ae:msg from unverified⟧ fixture settle probe=== curl invocation 2026-08-20T15:38:08Z ===
argv: -sS -K -
stdin:
  silent
  fail-with-body
  url = https://api.telegram.org/botb0-fixture-not-a-real-token/sendMessage
  data-urlencode = chat_id=1234567890
  data-urlencode = text@/tmp/ae-telegram-msg.Me2P1Q
text-file /tmp/ae-telegram-msg.Me2P1Q:
  | [b0d7] send  dummy:dummy → dummy2:helper
  | ⟦ae:msg from unverified⟧ fixture settle probe=== curl invocation 2026-08-20T15:38:08Z ===
argv: -sS -K -
stdin:
  silent
  fail-with-body
  url = https://api.telegram.org/botb0-fixture-not-a-real-token/sendMessage
  data-urlencode = chat_id=1234567890
  data-urlencode = text@/tmp/ae-telegram-msg.enRk1E
text-file /tmp/ae-telegram-msg.enRk1E:
  | [b0d7] send  dummy:dummy → dummy2:helper
  | ⟦ae:msg from unverified⟧ fixture settle probe=== curl invocation 2026-08-20T15:38:09Z ===
argv: -sS -K -
stdin:
  silent
  fail-with-body
  url = https://api.telegram.org/botb0-fixture-not-a-real-token/sendMessage
  data-urlencode = chat_id=1234567890
  data-urlencode = text@/tmp/ae-telegram-msg.kuHaL1
text-file /tmp/ae-telegram-msg.kuHaL1:
  | [b0d7] send  dummy:dummy → dummy2:helper
  | ⟦ae:msg from unverified⟧ fixture settle probe=== curl invocation 2026-08-20T15:38:09Z ===
argv: -sS -K -
stdin:
  silent
  fail-with-body
  url = https://api.telegram.org/botb0-fixture-not-a-real-token/sendMessage
  data-urlencode = chat_id=1234567890
  data-urlencode = text@/tmp/ae-telegram-msg.C8vGf0
text-file /tmp/ae-telegram-msg.C8vGf0:
  | [b0d7] send  dummy:dummy → dummy2:helper
  | ⟦ae:msg from unverified⟧ fixture settle probe=== curl invocation 2026-08-20T15:38:09Z ===
argv: -sS -K -
stdin:
  silent
  fail-with-body
  url = https://api.telegram.org/botb0-fixture-not-a-real-token/sendMessage
  data-urlencode = chat_id=1234567890
  data-urlencode = text@/tmp/ae-telegram-msg.p12Bmn
text-file /tmp/ae-telegram-msg.p12Bmn:
  | [b0d7] send  dummy:dummy → dummy2:helper
  | ⟦ae:msg from unverified⟧ fixture settle probe=== curl invocation 2026-08-20T15:38:09Z ===
argv: -sS -K -
stdin:
  silent
  fail-with-body
  url = https://api.telegram.org/botb0-fixture-not-a-real-token/sendMessage
  data-urlencode = chat_id=1234567890
  data-urlencode = text@/tmp/ae-telegram-msg.uoD0iX
text-file /tmp/ae-telegram-msg.uoD0iX:
  | [b0d7] send  dummy:dummy → dummy2:helper
  | ⟦ae:msg from unverified⟧ fixture settle probe=== curl invocation 2026-08-20T15:38:09Z ===
argv: -sS -K -
stdin:
  silent
  fail-with-body
  url = https://api.telegram.org/botb0-fixture-not-a-real-token/sendMessage
  data-urlencode = chat_id=1234567890
  data-urlencode = text@/tmp/ae-telegram-msg.vRjKa2
text-file /tmp/ae-telegram-msg.vRjKa2:
  | [b0d7] send  dummy:dummy → dummy2:helper
  | ⟦ae:msg from unverified⟧ fixture settle probe=== curl invocation 2026-08-20T15:38:09Z ===
argv: -sS -K -
stdin:
  silent
  fail-with-body
  url = https://api.telegram.org/botb0-fixture-not-a-real-token/sendMessage
  data-urlencode = chat_id=1234567890
  data-urlencode = text@/tmp/ae-telegram-msg.7dNmCo
text-file /tmp/ae-telegram-msg.7dNmCo:
  | [b0d7] send  dummy:dummy → dummy2:helper
  | ⟦ae:msg from unverified⟧ fixture settle probe=== curl invocation 2026-08-20T15:38:09Z ===
argv: -sS -K -
stdin:
  silent
  fail-with-body
  url = https://api.telegram.org/botb0-fixture-not-a-real-token/sendMessage
  data-urlencode = chat_id=1234567890
  data-urlencode = text@/tmp/ae-telegram-msg.u5Hv2T
text-file /tmp/ae-telegram-msg.u5Hv2T:
  | [b0d7] send  dummy:dummy → dummy2:helper
  | ⟦ae:msg from unverified⟧ fixture settle probe=== curl invocation 2026-08-20T15:38:10Z ===
argv: -sS -K -
stdin:
  silent
  fail-with-body
  url = https://api.telegram.org/botb0-fixture-not-a-real-token/sendMessage
  data-urlencode = chat_id=1234567890
  data-urlencode = text@/tmp/ae-telegram-msg.RdvtxM
text-file /tmp/ae-telegram-msg.RdvtxM:
  | [b0d7] send  dummy:dummy → dummy2:helper
  | ⟦ae:msg from unverified⟧ fixture settle probe=== curl invocation 2026-08-20T15:38:10Z ===
argv: -sS -K -
stdin:
  silent
  fail-with-body
  url = https://api.telegram.org/botb0-fixture-not-a-real-token/sendMessage
  data-urlencode = chat_id=1234567890
  data-urlencode = text@/tmp/ae-telegram-msg.KFRXXv
text-file /tmp/ae-telegram-msg.KFRXXv:
  | [b0d7] send  dummy:dummy → dummy2:helper
  | ⟦ae:msg from unverified⟧ fixture settle probe=== curl invocation 2026-08-20T15:38:10Z ===
argv: -sS -K -
stdin:
  silent
  fail-with-body
  url = https://api.telegram.org/botb0-fixture-not-a-real-token/sendMessage
  data-urlencode = chat_id=1234567890
  data-urlencode = text@/tmp/ae-telegram-msg.TtJE55
text-file /tmp/ae-telegram-msg.TtJE55:
  | [b0d7] send  dummy:dummy → dummy2:helper
  | ⟦ae:msg from unverified⟧ fixture settle probe=== curl invocation 2026-08-20T15:38:10Z ===
argv: -sS -K -
stdin:
  silent
  fail-with-body
  url = https://api.telegram.org/botb0-fixture-not-a-real-token/sendMessage
  data-urlencode = chat_id=1234567890
  data-urlencode = text@/tmp/ae-telegram-msg.FgLkhp
text-file /tmp/ae-telegram-msg.FgLkhp:
  | [b0d7] send  dummy:dummy → dummy2:helper
  | ⟦ae:msg from unverified⟧ fixture settle probe=== curl invocation 2026-08-20T15:38:10Z ===
argv: -sS -K -
stdin:
  silent
  fail-with-body
  url = https://api.telegram.org/botb0-fixture-not-a-real-token/sendMessage
  data-urlencode = chat_id=1234567890
  data-urlencode = text@/tmp/ae-telegram-msg.ENRD0Z
text-file /tmp/ae-telegram-msg.ENRD0Z:
  | [b0d7] send  dummy:dummy → dummy2:helper
  | ⟦ae:msg from unverified⟧ fixture settle probe=== curl invocation 2026-08-20T15:38:10Z ===
argv: -sS -K -
stdin:
  silent
  fail-with-body
  url = https://api.telegram.org/botb0-fixture-not-a-real-token/sendMessage
  data-urlencode = chat_id=1234567890
  data-urlencode = text@/tmp/ae-telegram-msg.KnFqHv
text-file /tmp/ae-telegram-msg.KnFqHv:
  | [b0d7] send  dummy:dummy → dummy2:helper
  | ⟦ae:msg from unverified⟧ fixture settle probe=== curl invocation 2026-08-20T15:38:10Z ===
argv: -sS -K -
stdin:
  silent
  fail-with-body
  url = https://api.telegram.org/botb0-fixture-not-a-real-token/sendMessage
  data-urlencode = chat_id=1234567890
  data-urlencode = text@/tmp/ae-telegram-msg.Ezpu9s
text-file /tmp/ae-telegram-msg.Ezpu9s:
  | [b0d7] send  dummy:dummy → dummy2:helper
  | ⟦ae:msg from unverified⟧ fixture settle probe