SESSION                   STATUS    MODE        ORIGIN
tg1                       running   local       /tmp/aecx/tpl/g1/work
  goal (30m ago): healthy fixture session goal · git:master · ae 0.2.1 · active 15m ago
  fake:lead               -         working       
  fake:worker             -         done          
tg2b                      running   local       /tmp/aecx/tpl/g2b/work
  git:master · ae 0.2.1 · active >7d · attn:waiting-user
  fake:lead               -         waiting-user  
  fake:bravo              -         -             
  fake:charlie            -         -             
tg2wu                     running   local       /tmp/aecx/tpl/g2wu/work
  git:master · ae 0.2.1 · active >7d · attn:waiting-user
  fake:lead               -         working       
  fake:worker             -         waiting-user  
twda1                     running   local       /tmp/aecx/twd/a1/work
  git:master · ae 0.2.1 · active >7d · attn:dead
  fake:probe              -         -             
tg2bl                     stopped   local       /tmp/aecx/tpl/g2bl/work
  git:master · ae 0.2.1 · active >7d
  fake:lead               -
  fake:worker             -
tg2un                     stopped   local       /tmp/aecx/tpl/g2un/work
  git:master · ae 0.2.1 · active >7d
  fake:lead               -
  fake:worker             -
tg6a                      stopped   local       /tmp/aecx/tpl/g6a/work
  git:master · ae 0.2.1 · active >7d
  fake:lead               -
  fake:worker             -
tg6b                      stopped   local       /tmp/aecx/tpl/g6b/work
  git:master · ae 0.2.1 · active >7d
  fake:lead               -
  fake:worker             -
twda2                     stopped   local       /tmp/aecx/twd/a2/work
  git:master · ae 0.2.1 · active >7d
  fake:probe              -
twda3                     stopped   local       /tmp/aecx/twd/a3/work
  git:master · ae 0.2.1 · active >7d
  fake:probe              -
