pid=11996 ppid=11995 AE_TMUX_SERVER=<unset> AE_TMUX_SERVER_KIND=<unset> argc=3 <has-session> <-t> <proj>
pid=12015 ppid=11995 AE_TMUX_SERVER=<unset> AE_TMUX_SERVER_KIND=<unset> argc=6 <new-session> <-d> <-s> <proj> <-c> </private/tmp/aelx/L-832C/cut-tmux-consumer-stop/w>
pid=12019 ppid=11995 AE_TMUX_SERVER=<unset> AE_TMUX_SERVER_KIND=<unset> argc=5 <set-environment> <-t> <proj> <-u> <CLAUDECODE>
pid=12021 ppid=11995 AE_TMUX_SERVER=<unset> AE_TMUX_SERVER_KIND=<unset> argc=5 <set-environment> <-t> <proj> <-u> <CLAUDE_CODE_SESSION>
pid=12022 ppid=11995 AE_TMUX_SERVER=<unset> AE_TMUX_SERVER_KIND=<unset> argc=5 <set-environment> <-t> <proj> <AE_SESSION> <1>
pid=12023 ppid=11995 AE_TMUX_SERVER=<unset> AE_TMUX_SERVER_KIND=<unset> argc=5 <set-environment> <-t> <proj> <AE_ORIGIN> </private/tmp/aelx/L-832C/cut-tmux-consumer-stop/w>
pid=12024 ppid=11995 AE_TMUX_SERVER=<unset> AE_TMUX_SERVER_KIND=<unset> argc=5 <set-environment> <-t> <proj> <AE_DIR> </private/tmp/aelx/L-832C/cut-tmux-consumer-stop/w>
pid=12025 ppid=11995 AE_TMUX_SERVER=<unset> AE_TMUX_SERVER_KIND=<unset> argc=5 <set-environment> <-t> <proj> <AE_MODE> <local>
pid=12026 ppid=11995 AE_TMUX_SERVER=<unset> AE_TMUX_SERVER_KIND=<unset> argc=5 <set-environment> <-t> <proj> <AE_HOME> </tmp/aelx/L-832C/cut-tmux-consumer-stop/h/.ae>
pid=12027 ppid=11995 AE_TMUX_SERVER=<unset> AE_TMUX_SERVER_KIND=<unset> argc=5 <set-option> <-t> <proj> <mouse> <on>
pid=12028 ppid=11995 AE_TMUX_SERVER=<unset> AE_TMUX_SERVER_KIND=<unset> argc=5 <set-option> <-t> <proj> <focus-events> <on>
pid=12029 ppid=11995 AE_TMUX_SERVER=<unset> AE_TMUX_SERVER_KIND=<unset> argc=5 <set-option> <-t> <proj> <history-limit> <50000>
pid=12030 ppid=11995 AE_TMUX_SERVER=<unset> AE_TMUX_SERVER_KIND=<unset> argc=5 <set-option> <-t> <proj> <pane-border-status> <top>
pid=12031 ppid=11995 AE_TMUX_SERVER=<unset> AE_TMUX_SERVER_KIND=<unset> argc=5 <set-option> <-t> <proj> <pane-border-format> < #{@ae_agent} >
pid=12032 ppid=11995 AE_TMUX_SERVER=<unset> AE_TMUX_SERVER_KIND=<unset> argc=3 <has-session> <-t> <proj>
pid=12034 ppid=12033 AE_TMUX_SERVER=<unset> AE_TMUX_SERVER_KIND=<unset> argc=3 <list-sessions> <-F> <#{session_id} #{session_name}>
pid=12043 ppid=11995 AE_TMUX_SERVER=<unset> AE_TMUX_SERVER_KIND=<unset> argc=5 <set-option> <-t> <$0> <status-left> <[ae proj] >
pid=12044 ppid=11995 AE_TMUX_SERVER=<unset> AE_TMUX_SERVER_KIND=<unset> argc=5 <set-option> <-t> <$0> <status-left-length> <40>
pid=12045 ppid=11995 AE_TMUX_SERVER=<unset> AE_TMUX_SERVER_KIND=<unset> argc=5 <set-option> <-t> <$0> <status-right> <[…mp/aelx/L-832C/cut-tmux-consumer-stop/w#{@ae_branch_status}] #{@ae_watchdog_status}>
pid=12046 ppid=11995 AE_TMUX_SERVER=<unset> AE_TMUX_SERVER_KIND=<unset> argc=5 <set-option> <-t> <$0> <status-right-length> <100>
pid=12047 ppid=11995 AE_TMUX_SERVER=<unset> AE_TMUX_SERVER_KIND=<unset> argc=5 <set-option> <-t> <$0> <status-interval> <5>
pid=12048 ppid=11995 AE_TMUX_SERVER=<unset> AE_TMUX_SERVER_KIND=<unset> argc=5 <set-option> <-t> <$0> <status> <2>
pid=12050 ppid=12049 AE_TMUX_SERVER=<unset> AE_TMUX_SERVER_KIND=<unset> argc=3 <show-options> <-gv> <status-format[0]>
pid=12051 ppid=11995 AE_TMUX_SERVER=<unset> AE_TMUX_SERVER_KIND=<unset> argc=5 <set-option> <-t> <$0> <status-format[0]> <#[align=left range=left #{E:status-left-style}]#[push-default]#{T;=/#{status-left-length}:status-left}#[pop-default]#[norange default]#[list=on align=#{status-justify}]#[list=left-marker]<#[list=right-marker]>#[list=on]#{W:#[range=window|#{window_index} #{E:window-status-style}#{?#{&&:#{window_last_flag},#{!=:#{E:window-status-last-style},default}}, #{E:window-status-last-style},}#{?#{&&:#{window_bell_flag},#{!=:#{E:window-status-bell-style},default}}, #{E:window-status-bell-style},#{?#{&&:#{||:#{window_activity_flag},#{window_silence_flag}},#{!=:#{E:window-status-activity-style},default}}, #{E:window-status-activity-style},}}]#[push-default]#{T:window-status-format}#[pop-default]#[norange default]#{?loop_last_flag,,#{E:window-status-separator}},#[range=window|#{window_index} list=focus #{?#{!=:#{E:window-status-current-style},default},#{E:window-status-current-style},#{E:window-status-style}}#{?#{&&:#{window_last_flag},#{!=:#{E:window-status-last-style},default}}, #{E:window-status-last-style},}#{?#{&&:#{window_bell_flag},#{!=:#{E:window-status-bell-style},default}}, #{E:window-status-bell-style},#{?#{&&:#{||:#{window_activity_flag},#{window_silence_flag}},#{!=:#{E:window-status-activity-style},default}}, #{E:window-status-activity-style},}}]#[push-default]#{T:window-status-current-format}#[pop-default]#[norange list=on default]#{?loop_last_flag,,#{E:window-status-separator}}}#[nolist align=right range=right #{E:status-right-style}]#[push-default]#{T;=/#{status-right-length}:status-right}#[pop-default]#[norange default]>
pid=12052 ppid=11995 AE_TMUX_SERVER=<unset> AE_TMUX_SERVER_KIND=<unset> argc=5 <set-option> <-t> <$0> <status-format[1]> <#[align=left] #{@ae_agent}#[align=right]#{@ae_agents_status} >
pid=12053 ppid=11995 AE_TMUX_SERVER=<unset> AE_TMUX_SERVER_KIND=<unset> argc=5 <set-option> <-t> <$0> <window-status-format> <#I:#W#{@ae_window_status}#F>
pid=12054 ppid=11995 AE_TMUX_SERVER=<unset> AE_TMUX_SERVER_KIND=<unset> argc=5 <set-option> <-t> <$0> <window-status-current-format> <#I:#W#{@ae_window_status}#F>
pid=12055 ppid=11995 AE_TMUX_SERVER=<unset> AE_TMUX_SERVER_KIND=<unset> argc=5 <set-option> <-t> <proj> <automatic-rename> <off>
pid=12057 ppid=11995 AE_TMUX_SERVER=<unset> AE_TMUX_SERVER_KIND=<unset> argc=4 <rename-window> <-t> <proj> <proj>
pid=12058 ppid=11995 AE_TMUX_SERVER=<unset> AE_TMUX_SERVER_KIND=<unset> argc=5 <display-message> <-t> <proj> <-p> <#{pane_id}>
pid=12059 ppid=11995 AE_TMUX_SERVER=<unset> AE_TMUX_SERVER_KIND=<unset> argc=5 <select-pane> <-t> <%0> <-T> <ae:grok:grok>
pid=12060 ppid=11995 AE_TMUX_SERVER=<unset> AE_TMUX_SERVER_KIND=<unset> argc=6 <set-option> <-p> <-t> <%0> <@ae_agent> <grok:grok>
pid=12061 ppid=11995 AE_TMUX_SERVER=<unset> AE_TMUX_SERVER_KIND=<unset> argc=6 <set-option> <-p> <-t> <%0> <@ae_slot> <main>
pid=12080 ppid=12079 AE_TMUX_SERVER=<unset> AE_TMUX_SERVER_KIND=<unset> argc=3 <display-message> <-p> <#{socket_path}>
pid=12294 ppid=11995 AE_TMUX_SERVER=<unset> AE_TMUX_SERVER_KIND=<unset> argc=6 <list-panes> <-s> <-t> <proj> <-F> <#{pane_id}	#{@ae_agent}>
pid=12335 ppid=12333 AE_TMUX_SERVER=<unset> AE_TMUX_SERVER_KIND=<unset> argc=8 <-S> </private/tmp/aelx/L-832C/cut-tmux-consumer-stop/t/tmux-501/default> <list-panes> <-s> <-t> <proj> <-F> <#{pane_id}|#{@ae_slot}|#{@ae_agent}>
pid=12449 ppid=12448 AE_TMUX_SERVER=<unset> AE_TMUX_SERVER_KIND=<unset> argc=5 <display-message> <-p> <-t> <%0> <#{pane_current_command}>
pid=12451 ppid=11995 AE_TMUX_SERVER=<unset> AE_TMUX_SERVER_KIND=<unset> argc=4 <load-buffer> <-b> <ae-ps-11995-%0> <->
pid=12452 ppid=11995 AE_TMUX_SERVER=<unset> AE_TMUX_SERVER_KIND=<unset> argc=6 <paste-buffer> <-d> <-b> <ae-ps-11995-%0> <-t> <%0>
pid=12454 ppid=11995 AE_TMUX_SERVER=<unset> AE_TMUX_SERVER_KIND=<unset> argc=4 <send-keys> <-t> <%0> <Enter>
pid=12570 ppid=12568 AE_TMUX_SERVER=<unset> AE_TMUX_SERVER_KIND=<unset> argc=8 <-S> </private/tmp/aelx/L-832C/cut-tmux-consumer-stop/t/tmux-501/default> <list-panes> <-s> <-t> <proj> <-F> <#{pane_id} #{@ae_agent}>
pid=12572 ppid=12571 AE_TMUX_SERVER=<unset> AE_TMUX_SERVER_KIND=<unset> argc=12 <-S> </private/tmp/aelx/L-832C/cut-tmux-consumer-stop/t/tmux-501/default> <new-window> <-d> <-t> <proj:99> <-n> <ae-monitor> <-P> <-F> <#{pane_id}> </tmp/aelx/L-832C/cut-tmux-consumer-stop/h/.ae/sessions/proj/events-tail>
pid=12574 ppid=12513 AE_TMUX_SERVER=<unset> AE_TMUX_SERVER_KIND=<unset> argc=8 <-S> </private/tmp/aelx/L-832C/cut-tmux-consumer-stop/t/tmux-501/default> <set-option> <-p> <-t> <%1> <@ae_agent> <_events>
pid=12575 ppid=12513 AE_TMUX_SERVER=<unset> AE_TMUX_SERVER_KIND=<unset> argc=7 <-S> </private/tmp/aelx/L-832C/cut-tmux-consumer-stop/t/tmux-501/default> <select-pane> <-t> <%1> <-T> <ae events>
pid=12576 ppid=12513 AE_TMUX_SERVER=<unset> AE_TMUX_SERVER_KIND=<unset> argc=7 <-S> </private/tmp/aelx/L-832C/cut-tmux-consumer-stop/t/tmux-501/default> <set-window-option> <-t> <proj:ae-monitor> <pane-border-status> <top>
pid=12577 ppid=12513 AE_TMUX_SERVER=<unset> AE_TMUX_SERVER_KIND=<unset> argc=6 <-S> </private/tmp/aelx/L-832C/cut-tmux-consumer-stop/t/tmux-501/default> <select-pane> <-t> <%1> <-d>
pid=12611 ppid=12609 AE_TMUX_SERVER=<unset> AE_TMUX_SERVER_KIND=<unset> argc=8 <-S> </private/tmp/aelx/L-832C/cut-tmux-consumer-stop/t/tmux-501/default> <list-panes> <-s> <-t> <proj> <-F> <#{pane_id} #{@ae_agent}>
pid=12616 ppid=12614 AE_TMUX_SERVER=<unset> AE_TMUX_SERVER_KIND=<unset> argc=8 <-S> </private/tmp/aelx/L-832C/cut-tmux-consumer-stop/t/tmux-501/default> <list-panes> <-s> <-t> <proj> <-F> <#{pane_id} #{@ae_agent}>
pid=12621 ppid=12619 AE_TMUX_SERVER=<unset> AE_TMUX_SERVER_KIND=<unset> argc=8 <-S> </private/tmp/aelx/L-832C/cut-tmux-consumer-stop/t/tmux-501/default> <list-panes> <-s> <-t> <proj> <-F> <#{pane_id} #{@ae_agent}>
pid=12626 ppid=12625 AE_TMUX_SERVER=<unset> AE_TMUX_SERVER_KIND=<unset> argc=11 <-S> </private/tmp/aelx/L-832C/cut-tmux-consumer-stop/t/tmux-501/default> <split-window> <-v> <-b> <-t> <%1> <-P> <-F> <#{pane_id}> </tmp/aelx/L-832C/cut-tmux-consumer-stop/h/.ae/sessions/proj/watchdog _run>
pid=12628 ppid=12584 AE_TMUX_SERVER=<unset> AE_TMUX_SERVER_KIND=<unset> argc=8 <-S> </private/tmp/aelx/L-832C/cut-tmux-consumer-stop/t/tmux-501/default> <set-option> <-p> <-t> <%2> <@ae_agent> <_watchdog>
pid=12629 ppid=12584 AE_TMUX_SERVER=<unset> AE_TMUX_SERVER_KIND=<unset> argc=7 <-S> </private/tmp/aelx/L-832C/cut-tmux-consumer-stop/t/tmux-501/default> <select-pane> <-t> <%2> <-T> <ae watchdog>
pid=12640 ppid=12584 AE_TMUX_SERVER=<unset> AE_TMUX_SERVER_KIND=<unset> argc=6 <-S> </private/tmp/aelx/L-832C/cut-tmux-consumer-stop/t/tmux-501/default> <select-pane> <-t> <%2> <-d>
pid=12660 ppid=11995 AE_TMUX_SERVER=<unset> AE_TMUX_SERVER_KIND=<unset> argc=3 <select-pane> <-t> <%0>
pid=12664 ppid=12662 AE_TMUX_SERVER=<unset> AE_TMUX_SERVER_KIND=<unset> argc=5 <-S> </private/tmp/aelx/L-832C/cut-tmux-consumer-stop/t/tmux-501/default> <list-sessions> <-F> <#{session_id} #{session_name}>
pid=11995 ppid=95774 AE_TMUX_SERVER=<unset> AE_TMUX_SERVER_KIND=<unset> argc=3 <attach-session> <-t> <proj>
pid=12665 ppid=12627 AE_TMUX_SERVER=<unset> AE_TMUX_SERVER_KIND=<unset> argc=7 <-S> </private/tmp/aelx/L-832C/cut-tmux-consumer-stop/t/tmux-501/default> <set-option> <-t> <$0> <@ae_watchdog_status> <[watch ◌ starting]>
pid=12679 ppid=12677 AE_TMUX_SERVER=<unset> AE_TMUX_SERVER_KIND=<unset> argc=5 <-S> </private/tmp/aelx/L-832C/cut-tmux-consumer-stop/t/tmux-501/default> <list-sessions> <-F> <#{session_id} #{session_name}>
pid=12680 ppid=12667 AE_TMUX_SERVER=<unset> AE_TMUX_SERVER_KIND=<unset> argc=7 <-S> </private/tmp/aelx/L-832C/cut-tmux-consumer-stop/t/tmux-501/default> <set-option> <-t> <$0> <@ae_branch_name> <main>
pid=12688 ppid=12686 AE_TMUX_SERVER=<unset> AE_TMUX_SERVER_KIND=<unset> argc=5 <-S> </private/tmp/aelx/L-832C/cut-tmux-consumer-stop/t/tmux-501/default> <list-sessions> <-F> <#{session_id} #{session_name}>
pid=12691 ppid=12627 AE_TMUX_SERVER=<unset> AE_TMUX_SERVER_KIND=<unset> argc=7 <-S> </private/tmp/aelx/L-832C/cut-tmux-consumer-stop/t/tmux-501/default> <set-option> <-t> <$0> <@ae_branch_status> < main>
pid=12693 ppid=12627 AE_TMUX_SERVER=<unset> AE_TMUX_SERVER_KIND=<unset> argc=5 <-S> </private/tmp/aelx/L-832C/cut-tmux-consumer-stop/t/tmux-501/default> <has-session> <-t> <proj>
pid=12702 ppid=12627 AE_TMUX_SERVER=<unset> AE_TMUX_SERVER_KIND=<unset> argc=8 <-S> </private/tmp/aelx/L-832C/cut-tmux-consumer-stop/t/tmux-501/default> <list-panes> <-s> <-t> <proj> <-F> <#{pane_id}|#{@ae_agent}|#{pane_current_command}|#{pane_pid}>
pid=12704 ppid=12703 AE_TMUX_SERVER=<unset> AE_TMUX_SERVER_KIND=<unset> argc=7 <-S> </private/tmp/aelx/L-832C/cut-tmux-consumer-stop/t/tmux-501/default> <display-message> <-p> <-t> <%0> <#{@ae_slot}>
pid=12707 ppid=12706 AE_TMUX_SERVER=<unset> AE_TMUX_SERVER_KIND=<unset> argc=11 <-S> </private/tmp/aelx/L-832C/cut-tmux-consumer-stop/t/tmux-501/default> <capture-pane> <-p> <-J> <-S> <-40> <-E> <-> <-t> <%0>
pid=12738 ppid=12736 AE_TMUX_SERVER=<unset> AE_TMUX_SERVER_KIND=<unset> argc=5 <-S> </private/tmp/aelx/L-832C/cut-tmux-consumer-stop/t/tmux-501/default> <list-sessions> <-F> <#{session_id} #{session_name}>
pid=12739 ppid=12627 AE_TMUX_SERVER=<unset> AE_TMUX_SERVER_KIND=<unset> argc=7 <-S> </private/tmp/aelx/L-832C/cut-tmux-consumer-stop/t/tmux-501/default> <set-option> <-t> <$0> <@ae_watchdog_status> <[watch ● 1/1]>
pid=12752 ppid=12750 AE_TMUX_SERVER=<unset> AE_TMUX_SERVER_KIND=<unset> argc=5 <-S> </private/tmp/aelx/L-832C/cut-tmux-consumer-stop/t/tmux-501/default> <list-sessions> <-F> <#{session_id} #{session_name}>
pid=12753 ppid=12740 AE_TMUX_SERVER=<unset> AE_TMUX_SERVER_KIND=<unset> argc=7 <-S> </private/tmp/aelx/L-832C/cut-tmux-consumer-stop/t/tmux-501/default> <set-option> <-t> <$0> <@ae_branch_name> <main>
pid=12761 ppid=12759 AE_TMUX_SERVER=<unset> AE_TMUX_SERVER_KIND=<unset> argc=5 <-S> </private/tmp/aelx/L-832C/cut-tmux-consumer-stop/t/tmux-501/default> <list-sessions> <-F> <#{session_id} #{session_name}>
pid=12762 ppid=12627 AE_TMUX_SERVER=<unset> AE_TMUX_SERVER_KIND=<unset> argc=7 <-S> </private/tmp/aelx/L-832C/cut-tmux-consumer-stop/t/tmux-501/default> <set-option> <-t> <$0> <@ae_branch_status> < main>
pid=12773 ppid=12771 AE_TMUX_SERVER=<unset> AE_TMUX_SERVER_KIND=<unset> argc=5 <-S> </private/tmp/aelx/L-832C/cut-tmux-consumer-stop/t/tmux-501/default> <list-sessions> <-F> <#{session_id} #{session_name}>
pid=12774 ppid=12627 AE_TMUX_SERVER=<unset> AE_TMUX_SERVER_KIND=<unset> argc=7 <-S> </private/tmp/aelx/L-832C/cut-tmux-consumer-stop/t/tmux-501/default> <set-option> <-t> <$0> <@ae_agents_status> <grok●>
pid=12779 ppid=12778 AE_TMUX_SERVER=<unset> AE_TMUX_SERVER_KIND=<unset> argc=8 <-S> </private/tmp/aelx/L-832C/cut-tmux-consumer-stop/t/tmux-501/default> <list-panes> <-s> <-t> <proj> <-F> <#{pane_id}|#{window_id}|#{@ae_agent}>
pid=12781 ppid=12627 AE_TMUX_SERVER=<unset> AE_TMUX_SERVER_KIND=<unset> argc=8 <-S> </private/tmp/aelx/L-832C/cut-tmux-consumer-stop/t/tmux-501/default> <set-option> <-w> <-t> <@0> <@ae_window_status> <●>
pid=12782 ppid=12627 AE_TMUX_SERVER=<unset> AE_TMUX_SERVER_KIND=<unset> argc=8 <-S> </private/tmp/aelx/L-832C/cut-tmux-consumer-stop/t/tmux-501/default> <set-option> <-w> <-t> <@1> <@ae_window_status> <>
pid=13029 ppid=13013 AE_TMUX_SERVER=<unset> AE_TMUX_SERVER_KIND=<unset> argc=3 <has-session> <-t> <projx>
pid=13065 ppid=13013 AE_TMUX_SERVER=<unset> AE_TMUX_SERVER_KIND=<unset> argc=6 <new-session> <-d> <-s> <projx> <-c> </private/tmp/aelx/L-832C/cut-tmux-consumer-stop/w>
pid=13077 ppid=13013 AE_TMUX_SERVER=<unset> AE_TMUX_SERVER_KIND=<unset> argc=5 <set-environment> <-t> <projx> <-u> <CLAUDECODE>
pid=13087 ppid=13013 AE_TMUX_SERVER=<unset> AE_TMUX_SERVER_KIND=<unset> argc=5 <set-environment> <-t> <projx> <-u> <CLAUDE_CODE_SESSION>
pid=13096 ppid=13013 AE_TMUX_SERVER=<unset> AE_TMUX_SERVER_KIND=<unset> argc=5 <set-environment> <-t> <projx> <AE_SESSION> <1>
pid=13106 ppid=13013 AE_TMUX_SERVER=<unset> AE_TMUX_SERVER_KIND=<unset> argc=5 <set-environment> <-t> <projx> <AE_ORIGIN> </private/tmp/aelx/L-832C/cut-tmux-consumer-stop/w>
pid=13112 ppid=13013 AE_TMUX_SERVER=<unset> AE_TMUX_SERVER_KIND=<unset> argc=5 <set-environment> <-t> <projx> <AE_DIR> </private/tmp/aelx/L-832C/cut-tmux-consumer-stop/w>
pid=13119 ppid=13013 AE_TMUX_SERVER=<unset> AE_TMUX_SERVER_KIND=<unset> argc=5 <set-environment> <-t> <projx> <AE_MODE> <local>
pid=13126 ppid=13013 AE_TMUX_SERVER=<unset> AE_TMUX_SERVER_KIND=<unset> argc=5 <set-environment> <-t> <projx> <AE_HOME> </tmp/aelx/L-832C/cut-tmux-consumer-stop/h/.ae>
pid=13133 ppid=13013 AE_TMUX_SERVER=<unset> AE_TMUX_SERVER_KIND=<unset> argc=5 <set-option> <-t> <projx> <mouse> <on>
pid=13139 ppid=13013 AE_TMUX_SERVER=<unset> AE_TMUX_SERVER_KIND=<unset> argc=5 <set-option> <-t> <projx> <focus-events> <on>
pid=13144 ppid=13013 AE_TMUX_SERVER=<unset> AE_TMUX_SERVER_KIND=<unset> argc=5 <set-option> <-t> <projx> <history-limit> <50000>
pid=13145 ppid=13013 AE_TMUX_SERVER=<unset> AE_TMUX_SERVER_KIND=<unset> argc=5 <set-option> <-t> <projx> <pane-border-status> <top>
pid=13146 ppid=13013 AE_TMUX_SERVER=<unset> AE_TMUX_SERVER_KIND=<unset> argc=5 <set-option> <-t> <projx> <pane-border-format> < #{@ae_agent} >
pid=13147 ppid=13013 AE_TMUX_SERVER=<unset> AE_TMUX_SERVER_KIND=<unset> argc=3 <has-session> <-t> <projx>
pid=13149 ppid=13148 AE_TMUX_SERVER=<unset> AE_TMUX_SERVER_KIND=<unset> argc=3 <list-sessions> <-F> <#{session_id} #{session_name}>
pid=13158 ppid=13013 AE_TMUX_SERVER=<unset> AE_TMUX_SERVER_KIND=<unset> argc=5 <set-option> <-t> <$1> <status-left> <[ae projx] >
pid=13159 ppid=13013 AE_TMUX_SERVER=<unset> AE_TMUX_SERVER_KIND=<unset> argc=5 <set-option> <-t> <$1> <status-left-length> <40>
pid=13160 ppid=13013 AE_TMUX_SERVER=<unset> AE_TMUX_SERVER_KIND=<unset> argc=5 <set-option> <-t> <$1> <status-right> <[…mp/aelx/L-832C/cut-tmux-consumer-stop/w#{@ae_branch_status}] #{@ae_watchdog_status}>
pid=13168 ppid=13013 AE_TMUX_SERVER=<unset> AE_TMUX_SERVER_KIND=<unset> argc=5 <set-option> <-t> <$1> <status-right-length> <100>
pid=13169 ppid=13013 AE_TMUX_SERVER=<unset> AE_TMUX_SERVER_KIND=<unset> argc=5 <set-option> <-t> <$1> <status-interval> <5>
pid=13170 ppid=13013 AE_TMUX_SERVER=<unset> AE_TMUX_SERVER_KIND=<unset> argc=5 <set-option> <-t> <$1> <status> <2>
pid=13172 ppid=13171 AE_TMUX_SERVER=<unset> AE_TMUX_SERVER_KIND=<unset> argc=3 <show-options> <-gv> <status-format[0]>
pid=13173 ppid=13013 AE_TMUX_SERVER=<unset> AE_TMUX_SERVER_KIND=<unset> argc=5 <set-option> <-t> <$1> <status-format[0]> <#[align=left range=left #{E:status-left-style}]#[push-default]#{T;=/#{status-left-length}:status-left}#[pop-default]#[norange default]#[list=on align=#{status-justify}]#[list=left-marker]<#[list=right-marker]>#[list=on]#{W:#[range=window|#{window_index} #{E:window-status-style}#{?#{&&:#{window_last_flag},#{!=:#{E:window-status-last-style},default}}, #{E:window-status-last-style},}#{?#{&&:#{window_bell_flag},#{!=:#{E:window-status-bell-style},default}}, #{E:window-status-bell-style},#{?#{&&:#{||:#{window_activity_flag},#{window_silence_flag}},#{!=:#{E:window-status-activity-style},default}}, #{E:window-status-activity-style},}}]#[push-default]#{T:window-status-format}#[pop-default]#[norange default]#{?loop_last_flag,,#{E:window-status-separator}},#[range=window|#{window_index} list=focus #{?#{!=:#{E:window-status-current-style},default},#{E:window-status-current-style},#{E:window-status-style}}#{?#{&&:#{window_last_flag},#{!=:#{E:window-status-last-style},default}}, #{E:window-status-last-style},}#{?#{&&:#{window_bell_flag},#{!=:#{E:window-status-bell-style},default}}, #{E:window-status-bell-style},#{?#{&&:#{||:#{window_activity_flag},#{window_silence_flag}},#{!=:#{E:window-status-activity-style},default}}, #{E:window-status-activity-style},}}]#[push-default]#{T:window-status-current-format}#[pop-default]#[norange list=on default]#{?loop_last_flag,,#{E:window-status-separator}}}#[nolist align=right range=right #{E:status-right-style}]#[push-default]#{T;=/#{status-right-length}:status-right}#[pop-default]#[norange default]>
pid=13174 ppid=13013 AE_TMUX_SERVER=<unset> AE_TMUX_SERVER_KIND=<unset> argc=5 <set-option> <-t> <$1> <status-format[1]> <#[align=left] #{@ae_agent}#[align=right]#{@ae_agents_status} >
pid=13175 ppid=13013 AE_TMUX_SERVER=<unset> AE_TMUX_SERVER_KIND=<unset> argc=5 <set-option> <-t> <$1> <window-status-format> <#I:#W#{@ae_window_status}#F>
pid=13176 ppid=13013 AE_TMUX_SERVER=<unset> AE_TMUX_SERVER_KIND=<unset> argc=5 <set-option> <-t> <$1> <window-status-current-format> <#I:#W#{@ae_window_status}#F>
pid=13177 ppid=13013 AE_TMUX_SERVER=<unset> AE_TMUX_SERVER_KIND=<unset> argc=5 <set-option> <-t> <projx> <automatic-rename> <off>
pid=13179 ppid=13013 AE_TMUX_SERVER=<unset> AE_TMUX_SERVER_KIND=<unset> argc=4 <rename-window> <-t> <projx> <projx>
pid=13180 ppid=13013 AE_TMUX_SERVER=<unset> AE_TMUX_SERVER_KIND=<unset> argc=5 <display-message> <-t> <projx> <-p> <#{pane_id}>
pid=13181 ppid=13013 AE_TMUX_SERVER=<unset> AE_TMUX_SERVER_KIND=<unset> argc=5 <select-pane> <-t> <%3> <-T> <ae:grok:grok>
pid=13182 ppid=13013 AE_TMUX_SERVER=<unset> AE_TMUX_SERVER_KIND=<unset> argc=6 <set-option> <-p> <-t> <%3> <@ae_agent> <grok:grok>
pid=13183 ppid=13013 AE_TMUX_SERVER=<unset> AE_TMUX_SERVER_KIND=<unset> argc=6 <set-option> <-p> <-t> <%3> <@ae_slot> <main>
pid=13201 ppid=13200 AE_TMUX_SERVER=<unset> AE_TMUX_SERVER_KIND=<unset> argc=3 <display-message> <-p> <#{socket_path}>
pid=13287 ppid=13013 AE_TMUX_SERVER=<unset> AE_TMUX_SERVER_KIND=<unset> argc=6 <list-panes> <-s> <-t> <projx> <-F> <#{pane_id}	#{@ae_agent}>
pid=13308 ppid=13307 AE_TMUX_SERVER=<unset> AE_TMUX_SERVER_KIND=<unset> argc=8 <-S> </private/tmp/aelx/L-832C/cut-tmux-consumer-stop/t/tmux-501/default> <list-panes> <-s> <-t> <projx> <-F> <#{pane_id}|#{@ae_slot}|#{@ae_agent}>
pid=13371 ppid=13370 AE_TMUX_SERVER=<unset> AE_TMUX_SERVER_KIND=<unset> argc=5 <display-message> <-p> <-t> <%3> <#{pane_current_command}>
pid=13373 ppid=13013 AE_TMUX_SERVER=<unset> AE_TMUX_SERVER_KIND=<unset> argc=4 <load-buffer> <-b> <ae-ps-13013-%3> <->
pid=13377 ppid=13013 AE_TMUX_SERVER=<unset> AE_TMUX_SERVER_KIND=<unset> argc=6 <paste-buffer> <-d> <-b> <ae-ps-13013-%3> <-t> <%3>
pid=13456 ppid=13013 AE_TMUX_SERVER=<unset> AE_TMUX_SERVER_KIND=<unset> argc=4 <send-keys> <-t> <%3> <Enter>
pid=13618 ppid=13616 AE_TMUX_SERVER=<unset> AE_TMUX_SERVER_KIND=<unset> argc=8 <-S> </private/tmp/aelx/L-832C/cut-tmux-consumer-stop/t/tmux-501/default> <list-panes> <-s> <-t> <projx> <-F> <#{pane_id} #{@ae_agent}>
pid=13620 ppid=13619 AE_TMUX_SERVER=<unset> AE_TMUX_SERVER_KIND=<unset> argc=12 <-S> </private/tmp/aelx/L-832C/cut-tmux-consumer-stop/t/tmux-501/default> <new-window> <-d> <-t> <projx:99> <-n> <ae-monitor> <-P> <-F> <#{pane_id}> </tmp/aelx/L-832C/cut-tmux-consumer-stop/h/.ae/sessions/projx/events-tail>
pid=13623 ppid=13591 AE_TMUX_SERVER=<unset> AE_TMUX_SERVER_KIND=<unset> argc=8 <-S> </private/tmp/aelx/L-832C/cut-tmux-consumer-stop/t/tmux-501/default> <set-option> <-p> <-t> <%4> <@ae_agent> <_events>
pid=13624 ppid=13591 AE_TMUX_SERVER=<unset> AE_TMUX_SERVER_KIND=<unset> argc=7 <-S> </private/tmp/aelx/L-832C/cut-tmux-consumer-stop/t/tmux-501/default> <select-pane> <-t> <%4> <-T> <ae events>
pid=13625 ppid=13591 AE_TMUX_SERVER=<unset> AE_TMUX_SERVER_KIND=<unset> argc=7 <-S> </private/tmp/aelx/L-832C/cut-tmux-consumer-stop/t/tmux-501/default> <set-window-option> <-t> <projx:ae-monitor> <pane-border-status> <top>
pid=13626 ppid=13591 AE_TMUX_SERVER=<unset> AE_TMUX_SERVER_KIND=<unset> argc=6 <-S> </private/tmp/aelx/L-832C/cut-tmux-consumer-stop/t/tmux-501/default> <select-pane> <-t> <%4> <-d>
pid=13660 ppid=13658 AE_TMUX_SERVER=<unset> AE_TMUX_SERVER_KIND=<unset> argc=8 <-S> </private/tmp/aelx/L-832C/cut-tmux-consumer-stop/t/tmux-501/default> <list-panes> <-s> <-t> <projx> <-F> <#{pane_id} #{@ae_agent}>
pid=13665 ppid=13663 AE_TMUX_SERVER=<unset> AE_TMUX_SERVER_KIND=<unset> argc=8 <-S> </private/tmp/aelx/L-832C/cut-tmux-consumer-stop/t/tmux-501/default> <list-panes> <-s> <-t> <projx> <-F> <#{pane_id} #{@ae_agent}>
pid=13673 ppid=13671 AE_TMUX_SERVER=<unset> AE_TMUX_SERVER_KIND=<unset> argc=8 <-S> </private/tmp/aelx/L-832C/cut-tmux-consumer-stop/t/tmux-501/default> <list-panes> <-s> <-t> <projx> <-F> <#{pane_id} #{@ae_agent}>
pid=13675 ppid=13674 AE_TMUX_SERVER=<unset> AE_TMUX_SERVER_KIND=<unset> argc=11 <-S> </private/tmp/aelx/L-832C/cut-tmux-consumer-stop/t/tmux-501/default> <split-window> <-v> <-b> <-t> <%4> <-P> <-F> <#{pane_id}> </tmp/aelx/L-832C/cut-tmux-consumer-stop/h/.ae/sessions/projx/watchdog _run>
pid=13677 ppid=13633 AE_TMUX_SERVER=<unset> AE_TMUX_SERVER_KIND=<unset> argc=8 <-S> </private/tmp/aelx/L-832C/cut-tmux-consumer-stop/t/tmux-501/default> <set-option> <-p> <-t> <%5> <@ae_agent> <_watchdog>
pid=13680 ppid=13633 AE_TMUX_SERVER=<unset> AE_TMUX_SERVER_KIND=<unset> argc=7 <-S> </private/tmp/aelx/L-832C/cut-tmux-consumer-stop/t/tmux-501/default> <select-pane> <-t> <%5> <-T> <ae watchdog>
pid=13692 ppid=13633 AE_TMUX_SERVER=<unset> AE_TMUX_SERVER_KIND=<unset> argc=6 <-S> </private/tmp/aelx/L-832C/cut-tmux-consumer-stop/t/tmux-501/default> <select-pane> <-t> <%5> <-d>
pid=13708 ppid=13706 AE_TMUX_SERVER=<unset> AE_TMUX_SERVER_KIND=<unset> argc=5 <-S> </private/tmp/aelx/L-832C/cut-tmux-consumer-stop/t/tmux-501/default> <list-sessions> <-F> <#{session_id} #{session_name}>
pid=13713 ppid=13013 AE_TMUX_SERVER=<unset> AE_TMUX_SERVER_KIND=<unset> argc=3 <select-pane> <-t> <%3>
pid=13714 ppid=13676 AE_TMUX_SERVER=<unset> AE_TMUX_SERVER_KIND=<unset> argc=7 <-S> </private/tmp/aelx/L-832C/cut-tmux-consumer-stop/t/tmux-501/default> <set-option> <-t> <$1> <@ae_watchdog_status> <[watch ◌ starting]>
pid=13013 ppid=95774 AE_TMUX_SERVER=<unset> AE_TMUX_SERVER_KIND=<unset> argc=3 <attach-session> <-t> <projx>
pid=13728 ppid=13726 AE_TMUX_SERVER=<unset> AE_TMUX_SERVER_KIND=<unset> argc=5 <-S> </private/tmp/aelx/L-832C/cut-tmux-consumer-stop/t/tmux-501/default> <list-sessions> <-F> <#{session_id} #{session_name}>
pid=13729 ppid=13715 AE_TMUX_SERVER=<unset> AE_TMUX_SERVER_KIND=<unset> argc=7 <-S> </private/tmp/aelx/L-832C/cut-tmux-consumer-stop/t/tmux-501/default> <set-option> <-t> <$1> <@ae_branch_name> <main>
pid=13737 ppid=13735 AE_TMUX_SERVER=<unset> AE_TMUX_SERVER_KIND=<unset> argc=5 <-S> </private/tmp/aelx/L-832C/cut-tmux-consumer-stop/t/tmux-501/default> <list-sessions> <-F> <#{session_id} #{session_name}>
pid=13738 ppid=13676 AE_TMUX_SERVER=<unset> AE_TMUX_SERVER_KIND=<unset> argc=7 <-S> </private/tmp/aelx/L-832C/cut-tmux-consumer-stop/t/tmux-501/default> <set-option> <-t> <$1> <@ae_branch_status> < main>
pid=13739 ppid=13676 AE_TMUX_SERVER=<unset> AE_TMUX_SERVER_KIND=<unset> argc=5 <-S> </private/tmp/aelx/L-832C/cut-tmux-consumer-stop/t/tmux-501/default> <has-session> <-t> <projx>
pid=13745 ppid=13676 AE_TMUX_SERVER=<unset> AE_TMUX_SERVER_KIND=<unset> argc=8 <-S> </private/tmp/aelx/L-832C/cut-tmux-consumer-stop/t/tmux-501/default> <list-panes> <-s> <-t> <projx> <-F> <#{pane_id}|#{@ae_agent}|#{pane_current_command}|#{pane_pid}>
pid=13748 ppid=13747 AE_TMUX_SERVER=<unset> AE_TMUX_SERVER_KIND=<unset> argc=7 <-S> </private/tmp/aelx/L-832C/cut-tmux-consumer-stop/t/tmux-501/default> <display-message> <-p> <-t> <%3> <#{@ae_slot}>
pid=13751 ppid=13750 AE_TMUX_SERVER=<unset> AE_TMUX_SERVER_KIND=<unset> argc=11 <-S> </private/tmp/aelx/L-832C/cut-tmux-consumer-stop/t/tmux-501/default> <capture-pane> <-p> <-J> <-S> <-40> <-E> <-> <-t> <%3>
pid=13782 ppid=13780 AE_TMUX_SERVER=<unset> AE_TMUX_SERVER_KIND=<unset> argc=5 <-S> </private/tmp/aelx/L-832C/cut-tmux-consumer-stop/t/tmux-501/default> <list-sessions> <-F> <#{session_id} #{session_name}>
pid=13783 ppid=13676 AE_TMUX_SERVER=<unset> AE_TMUX_SERVER_KIND=<unset> argc=7 <-S> </private/tmp/aelx/L-832C/cut-tmux-consumer-stop/t/tmux-501/default> <set-option> <-t> <$1> <@ae_watchdog_status> <[watch ● 1/1]>
pid=13796 ppid=13794 AE_TMUX_SERVER=<unset> AE_TMUX_SERVER_KIND=<unset> argc=5 <-S> </private/tmp/aelx/L-832C/cut-tmux-consumer-stop/t/tmux-501/default> <list-sessions> <-F> <#{session_id} #{session_name}>
pid=13797 ppid=13784 AE_TMUX_SERVER=<unset> AE_TMUX_SERVER_KIND=<unset> argc=7 <-S> </private/tmp/aelx/L-832C/cut-tmux-consumer-stop/t/tmux-501/default> <set-option> <-t> <$1> <@ae_branch_name> <main>
pid=13805 ppid=13803 AE_TMUX_SERVER=<unset> AE_TMUX_SERVER_KIND=<unset> argc=5 <-S> </private/tmp/aelx/L-832C/cut-tmux-consumer-stop/t/tmux-501/default> <list-sessions> <-F> <#{session_id} #{session_name}>
pid=13806 ppid=13676 AE_TMUX_SERVER=<unset> AE_TMUX_SERVER_KIND=<unset> argc=7 <-S> </private/tmp/aelx/L-832C/cut-tmux-consumer-stop/t/tmux-501/default> <set-option> <-t> <$1> <@ae_branch_status> < main>
pid=13817 ppid=13815 AE_TMUX_SERVER=<unset> AE_TMUX_SERVER_KIND=<unset> argc=5 <-S> </private/tmp/aelx/L-832C/cut-tmux-consumer-stop/t/tmux-501/default> <list-sessions> <-F> <#{session_id} #{session_name}>
pid=13818 ppid=13676 AE_TMUX_SERVER=<unset> AE_TMUX_SERVER_KIND=<unset> argc=7 <-S> </private/tmp/aelx/L-832C/cut-tmux-consumer-stop/t/tmux-501/default> <set-option> <-t> <$1> <@ae_agents_status> <grok●>
pid=13823 ppid=13822 AE_TMUX_SERVER=<unset> AE_TMUX_SERVER_KIND=<unset> argc=8 <-S> </private/tmp/aelx/L-832C/cut-tmux-consumer-stop/t/tmux-501/default> <list-panes> <-s> <-t> <projx> <-F> <#{pane_id}|#{window_id}|#{@ae_agent}>
pid=13825 ppid=13676 AE_TMUX_SERVER=<unset> AE_TMUX_SERVER_KIND=<unset> argc=8 <-S> </private/tmp/aelx/L-832C/cut-tmux-consumer-stop/t/tmux-501/default> <set-option> <-w> <-t> <@2> <@ae_window_status> <●>
pid=13826 ppid=13676 AE_TMUX_SERVER=<unset> AE_TMUX_SERVER_KIND=<unset> argc=8 <-S> </private/tmp/aelx/L-832C/cut-tmux-consumer-stop/t/tmux-501/default> <set-option> <-w> <-t> <@3> <@ae_window_status> <>
pid=15100 ppid=15094 AE_TMUX_SERVER=<unset> AE_TMUX_SERVER_KIND=<unset> argc=3 <has-session> <-t> <proj>
pid=15101 ppid=15094 AE_TMUX_SERVER=<unset> AE_TMUX_SERVER_KIND=<unset> argc=3 <has-session> <-t> <proj2>
pid=15102 ppid=15094 AE_TMUX_SERVER=<unset> AE_TMUX_SERVER_KIND=<unset> argc=4 <rename-session> <-t> <proj> <proj2>
pid=15108 ppid=15094 AE_TMUX_SERVER=<unset> AE_TMUX_SERVER_KIND=<unset> argc=4 <rename-window> <-t> <proj2:0> <proj2>
pid=19648 ppid=19643 AE_TMUX_SERVER=<unset> AE_TMUX_SERVER_KIND=<unset> argc=5 <-S>pid=19649 ppid=19644 AE_TMUX_SERVER=<unset> AE_TMUX_SERVER_KIND=<unset> argc=5 </private/tmp/aelx/L-832C/cut-tmux-consumer-stop/t/tmux-501/default> <list-sessions> <-S> <-F> </private/tmp/aelx/L-832C/cut-tmux-consumer-stop/t/tmux-501/default> <#{session_id} #{session_name}> <list-sessions>
 <-F> <#{session_id} #{session_name}>
